﻿
  [30;42;1m PASS [39;49;22m[39m Tests\Unit\ExampleTest[39m
  [32;1mÔ£ô[39;22m[90m [39m[90mthat true is true[39m

  [39;41;1m FAIL [39;49;22m[39m Tests\Feature\Auth\AuthenticationTest[39m
  [31;1mÔ¿»[39;22m[90m [39m[90mlogin screen can be rendered[39m[90m                                       [39m [90m20.34s[39m  
  [32;1mÔ£ô[39;22m[90m [39m[90musers can authenticate using the login screen[39m[90m                       [39m [90m1.88s[39m  
  [32;1mÔ£ô[39;22m[90m [39m[90musers can not authenticate with invalid password[39m[90m                    [39m [90m0.09s[39m  
  [32;1mÔ£ô[39;22m[90m [39m[90musers with two factor enabled are redirected to two factor challeng[39m[90mÔÇª[39m [90m0.08s[39m  
  [32;1mÔ£ô[39;22m[90m [39m[90musers can logout[39m[90m                                                    [39m [90m0.07s[39m  

  [39;41;1m FAIL [39;49;22m[39m Tests\Feature\Auth\EmailVerificationTest[39m
  [31;1mÔ¿»[39;22m[90m [39m[90memail verification screen can be rendered[39m[90m                           [39m [90m1.82s[39m  
  [32;1mÔ£ô[39;22m[90m [39m[90memail can be verified[39m[90m                                               [39m [90m0.13s[39m  
  [32;1mÔ£ô[39;22m[90m [39m[90memail is not verified with invalid hash[39m[90m                             [39m [90m0.15s[39m  
  [32;1mÔ£ô[39;22m[90m [39m[90malready verified user visiting verification link is redirected with[39m[90mÔÇª[39m [90m0.03s[39m  

  [39;41;1m FAIL [39;49;22m[39m Tests\Feature\Auth\PasswordConfirmationTest[39m
  [31;1mÔ¿»[39;22m[90m [39m[90mconfirm password screen can be rendered[39m[90m                             [39m [90m1.76s[39m  

  [39;41;1m FAIL [39;49;22m[39m Tests\Feature\Auth\PasswordResetTest[39m
  [31;1mÔ¿»[39;22m[90m [39m[90mreset password link screen can be rendered[39m[90m                          [39m [90m1.75s[39m  
  [32;1mÔ£ô[39;22m[90m [39m[90mreset password link can be requested[39m[90m                                [39m [90m1.24s[39m  
  [31;1mÔ¿»[39;22m[90m [39m[90mreset password screen can be rendered[39m[90m                               [39m [90m2.21s[39m  
  [32;1mÔ£ô[39;22m[90m [39m[90mpassword can be reset with valid token[39m[90m                              [39m [90m0.40s[39m  

  [39;41;1m FAIL [39;49;22m[39m Tests\Feature\Auth\RegistrationTest[39m
  [31;1mÔ¿»[39;22m[90m [39m[90mregistration screen can be rendered[39m[90m                                 [39m [90m2.07s[39m  
  [32;1mÔ£ô[39;22m[90m [39m[90mnew users can register[39m[90m                                              [39m [90m0.23s[39m  

  [30;42;1m PASS [39;49;22m[39m Tests\Feature\Auth\TwoFactorChallengeTest[39m
  [32;1mÔ£ô[39;22m[90m [39m[90mtwo factor challenge redirects to login when not authenticated[39m[90m      [39m [90m0.08s[39m  
  [32;1mÔ£ô[39;22m[90m [39m[90mtwo factor challenge can be rendered[39m[90m                                [39m [90m0.03s[39m  

  [39;41;1m FAIL [39;49;22m[39m Tests\Feature\DashboardTest[39m
  [32;1mÔ£ô[39;22m[90m [39m[90mguests are redirected to the login page[39m[90m                             [39m [90m0.04s[39m  
  [31;1mÔ¿»[39;22m[90m [39m[90mauthenticated users can visit the dashboard[39m[90m                         [39m [90m1.70s[39m  

  [39;41;1m FAIL [39;49;22m[39m Tests\Feature\ExampleTest[39m
  [31;1mÔ¿»[39;22m[90m [39m[90mreturns a successful response[39m[90m                                       [39m [90m0.14s[39m  

  [39;41;1m FAIL [39;49;22m[39m Tests\Feature\Settings\ProfileUpdateTest[39m
  [31;1mÔ¿»[39;22m[90m [39m[90mprofile page is displayed[39m[90m                                           [39m [90m4.52s[39m  
  [32;1mÔ£ô[39;22m[90m [39m[90mprofile information can be updated[39m[90m                                  [39m [90m0.82s[39m  
  [32;1mÔ£ô[39;22m[90m [39m[90memail verification status is unchanged when email address is unchan[39m[90mÔÇª[39m [90m0.14s[39m  
  [32;1mÔ£ô[39;22m[90m [39m[90muser can delete their account[39m[90m                                       [39m [90m0.10s[39m  
  [32;1mÔ£ô[39;22m[90m [39m[90mcorrect password must be provided to delete account[39m[90m                 [39m [90m0.16s[39m  

  [39;41;1m FAIL [39;49;22m[39m Tests\Feature\Settings\SecurityTest[39m
  [31;1mÔ¿»[39;22m[90m [39m[90msecurity settings page can be rendered[39m[90m                              [39m [90m3.65s[39m  
  [32;1mÔ£ô[39;22m[90m [39m[90msecurity settings page requires password confirmation when enabled[39m[90m  [39m [90m0.03s[39m  
  [31;1mÔ¿»[39;22m[90m [39m[90msecurity settings page renders without two factor when feature is d[39m[90mÔÇª[39m [90m1.25s[39m  
  [32;1mÔ£ô[39;22m[90m [39m[90mtwo factor authentication disabled when confirmation abandoned betw[39m[90mÔÇª[39m [90m0.13s[39m  
  [32;1mÔ£ô[39;22m[90m [39m[90mpassword can be updated[39m[90m                                             [39m [90m0.20s[39m  
  [32;1mÔ£ô[39;22m[90m [39m[90mcorrect password must be provided to update password[39m[90m                [39m [90m0.20s[39m  

  [30;42;1m PASS [39;49;22m[39m Tests\Feature\Teams\TeamInvitationTest[39m
  [32;1mÔ£ô[39;22m[90m [39m[90mteam invitations can be created[39m[90m                                     [39m [90m1.42s[39m  
  [32;1mÔ£ô[39;22m[90m [39m[90mteam invitations cannot be created by members[39m[90m                       [39m [90m0.08s[39m  
  [32;1mÔ£ô[39;22m[90m [39m[90mteam invitations can be cancelled by owner[39m[90m                          [39m [90m0.47s[39m  
  [32;1mÔ£ô[39;22m[90m [39m[90mteam invitations can be accepted[39m[90m                                    [39m [90m0.08s[39m  
  [32;1mÔ£ô[39;22m[90m [39m[90mteam invitations cannot be accepted by user that wasnt invited[39m[90m      [39m [90m0.05s[39m  
  [32;1mÔ£ô[39;22m[90m [39m[90mexpired invitations cannot be accepted[39m[90m                              [39m [90m0.03s[39m  

  [30;42;1m PASS [39;49;22m[39m Tests\Feature\Teams\TeamMemberTest[39m
  [32;1mÔ£ô[39;22m[90m [39m[90mteam member role can be updated by owner[39m[90m                            [39m [90m4.46s[39m  
  [32;1mÔ£ô[39;22m[90m [39m[90mteam member role cannot be updated by non owner[39m[90m                     [39m [90m0.10s[39m  
  [32;1mÔ£ô[39;22m[90m [39m[90mteam member can be removed by owner[39m[90m                                 [39m [90m0.05s[39m  
  [32;1mÔ£ô[39;22m[90m [39m[90mteam member cannot be removed by non owners[39m[90m                         [39m [90m0.06s[39m  
  [32;1mÔ£ô[39;22m[90m [39m[90mremoved members current team is set to personal team[39m[90m                [39m [90m0.06s[39m  

  [39;41;1m FAIL [39;49;22m[39m Tests\Feature\Teams\TeamTest[39m
  [31;1mÔ¿»[39;22m[90m [39m[90mteams index page can be rendered[39m[90m                                    [39m [90m2.47s[39m  
  [32;1mÔ£ô[39;22m[90m [39m[90mteams can be created[39m[90m                                                [39m [90m0.11s[39m  
  [32;1mÔ£ô[39;22m[90m [39m[90mteam slug uses next available suffix[39m[90m                                [39m [90m0.10s[39m  
  [31;1mÔ¿»[39;22m[90m [39m[90mteam edit page can be rendered[39m[90m                                      [39m [90m1.34s[39m  
  [32;1mÔ£ô[39;22m[90m [39m[90mteams can be updated by owners[39m[90m                                      [39m [90m0.15s[39m  
  [32;1mÔ£ô[39;22m[90m [39m[90mteams cannot be updated by members[39m[90m                                  [39m [90m0.07s[39m  
  [32;1mÔ£ô[39;22m[90m [39m[90mteams can be deleted by owners[39m[90m                                      [39m [90m0.06s[39m  
  [32;1mÔ£ô[39;22m[90m [39m[90mteam deletion requires name confirmation[39m[90m                            [39m [90m0.07s[39m  
  [32;1mÔ£ô[39;22m[90m [39m[90mdeleting current team switches to alphabetically first remaining te[39m[90mÔÇª[39m [90m0.07s[39m  
  [32;1mÔ£ô[39;22m[90m [39m[90mdeleting current team falls back to personal team when alphabetical[39m[90mÔÇª[39m [90m0.07s[39m  
  [32;1mÔ£ô[39;22m[90m [39m[90mdeleting non current team leaves current team unchanged[39m[90m             [39m [90m0.07s[39m  
  [32;1mÔ£ô[39;22m[90m [39m[90mdeleting team switches other affected users to their personal team[39m[90m  [39m [90m0.07s[39m  
  [32;1mÔ£ô[39;22m[90m [39m[90mpersonal teams cannot be deleted[39m[90m                                    [39m [90m0.06s[39m  
  [32;1mÔ£ô[39;22m[90m [39m[90mteams cannot be deleted by non owners[39m[90m                               [39m [90m0.06s[39m  
  [32;1mÔ£ô[39;22m[90m [39m[90mguests cannot access teams[39m[90m                                          [39m [90m0.02s[39m  
  [31mÔöÇÔöÇÔöÇÔöÇÔöÇÔöÇÔöÇÔöÇÔöÇÔöÇÔöÇÔöÇÔöÇÔöÇÔöÇÔöÇÔöÇÔöÇÔöÇÔöÇÔöÇÔöÇÔöÇÔöÇÔöÇÔöÇÔöÇÔöÇÔöÇÔöÇÔöÇÔöÇÔöÇÔöÇÔöÇÔöÇÔöÇÔöÇÔöÇÔöÇÔöÇÔöÇÔöÇÔöÇÔöÇÔöÇÔöÇÔöÇÔöÇÔöÇÔöÇÔöÇÔöÇÔöÇÔöÇÔöÇÔöÇÔöÇÔöÇÔöÇÔöÇÔöÇÔöÇÔöÇÔöÇÔöÇÔöÇÔöÇÔöÇÔöÇÔöÇÔöÇÔöÇÔöÇÔöÇÔöÇ[39m  
  [41;1m FAILED [49;22m [1mTests\Feature\Auth\AuthenticationTest[22m [90m>[39m login screen can be rendeÔÇª   
[39;1m  Expected response status code [200] but received 500.
Failed asserting that 500 is identical to 200.

The following exception occurred during the last request:

Illuminate\Foundation\ViteManifestNotFoundException: Vite manifest not found at: C:\xampp\htdocs\site_iuhm\public\build/manifest.json in C:\xampp\htdocs\site_iuhm\vendor\laravel\framework\src\Illuminate\Foundation\Vite.php:946
Stack trace:
#0 C:\xampp\htdocs\site_iuhm\vendor\laravel\framework\src\Illuminate\Foundation\Vite.php(384): Illuminate\Foundation\Vite->manifest('build')
#1 C:\xampp\htdocs\site_iuhm\storage\framework\views\5fd94fc7a115eb01cf68443e349dcd01.php(16): Illuminate\Foundation\Vite->__invoke(Object(Illuminate\Support\Collection))
#2 C:\xampp\htdocs\site_iuhm\vendor\laravel\framework\src\Illuminate\Filesystem\Filesystem.php(123): require('C:\\xampp\\htdocs...')
#3 C:\xampp\htdocs\site_iuhm\vendor\laravel\framework\src\Illuminate\Filesystem\Filesystem.php(124): Illuminate\Filesystem\Filesystem::{closure:Illuminate\Filesystem\Filesystem::getRequire():120}()
#4 C:\xampp\htdocs\site_iuhm\vendor\laravel\framework\src\Illuminate\View\Engines\PhpEngine.php(57): Illuminate\Filesystem\Filesystem->getRequire('C:\\xampp\\htdocs...', Array)
#5 C:\xampp\htdocs\site_iuhm\vendor\livewire\livewire\src\Mechanisms\ExtendBlade\ExtendedCompilerEngine.php(22): Illuminate\View\Engines\PhpEngine->evaluatePath('C:\\xampp\\htdocs...', Array)
#6 C:\xampp\htdocs\site_iuhm\vendor\laravel\framework\src\Illuminate\View\Engines\CompilerEngine.php(76): Livewire\Mechanisms\ExtendBlade\ExtendedCompilerEngine->evaluatePath('C:\\xampp\\htdocs...', Array)
#7 C:\xampp\htdocs\site_iuhm\vendor\livewire\livewire\src\Mechanisms\ExtendBlade\ExtendedCompilerEngine.php(10): Illuminate\View\Engines\CompilerEngine->get('C:\\xampp\\htdocs...', Array)
#8 C:\xampp\htdocs\site_iuhm\vendor\laravel\framework\src\Illuminate\View\View.php(208): Livewire\Mechanisms\ExtendBlade\ExtendedCompilerEngine->get('C:\\xampp\\htdocs...', Array)
#9 C:\xampp\htdocs\site_iuhm\vendor\laravel\framework\src\Illuminate\View\View.php(191): Illuminate\View\View->getContents()
#10 C:\xampp\htdocs\site_iuhm\vendor\laravel\framework\src\Illuminate\View\View.php(160): Illuminate\View\View->renderContents()
#11 C:\xampp\htdocs\site_iuhm\storage\framework\views\9f512d4add5423159fffe52151bd4fe8.php(4): Illuminate\View\View->render()
#12 C:\xampp\htdocs\site_iuhm\vendor\laravel\framework\src\Illuminate\Filesystem\Filesystem.php(123): require('C:\\xampp\\htdocs...')
#13 C:\xampp\htdocs\site_iuhm\vendor\laravel\framework\src\Illuminate\Filesystem\Filesystem.php(124): Illuminate\Filesystem\Filesystem::{closure:Illuminate\Filesystem\Filesystem::getRequire():120}()
#14 C:\xampp\htdocs\site_iuhm\vendor\laravel\framework\src\Illuminate\View\Engines\PhpEngine.php(57): Illuminate\Filesystem\Filesystem->getRequire('C:\\xampp\\htdocs...', Array)
#15 C:\xampp\htdocs\site_iuhm\vendor\livewire\livewire\src\Mechanisms\ExtendBlade\ExtendedCompilerEngine.php(22): Illuminate\View\Engines\PhpEngine->evaluatePath('C:\\xampp\\htdocs...', Array)
#16 C:\xampp\htdocs\site_iuhm\vendor\laravel\framework\src\Illuminate\View\Engines\CompilerEngine.php(76): Livewire\Mechanisms\ExtendBlade\ExtendedCompilerEngine->evaluatePath('C:\\xampp\\htdocs...', Array)
#17 C:\xampp\htdocs\site_iuhm\vendor\livewire\livewire\src\Mechanisms\ExtendBlade\ExtendedCompilerEngine.php(10): Illuminate\View\Engines\CompilerEngine->get('C:\\xampp\\htdocs...', Array)
#18 C:\xampp\htdocs\site_iuhm\vendor\laravel\framework\src\Illuminate\View\View.php(208): Livewire\Mechanisms\ExtendBlade\ExtendedCompilerEngine->get('C:\\xampp\\htdocs...', Array)
#19 C:\xampp\htdocs\site_iuhm\vendor\laravel\framework\src\Illuminate\View\View.php(191): Illuminate\View\View->getContents()
#20 C:\xampp\htdocs\site_iuhm\vendor\laravel\framework\src\Illuminate\View\View.php(160): Illuminate\View\View->renderContents()
#21 C:\xampp\htdocs\site_iuhm\vendor\laravel\framework\src\Illuminate\View\Concerns\ManagesComponents.php(103): Illuminate\View\View->render()
#22 C:\xampp\htdocs\site_iuhm\storage\framework\views\77efdc9d6b730fc9d8b06a63d669eb13.php(15): Illuminate\View\Factory->renderComponent()
#23 C:\xampp\htdocs\site_iuhm\vendor\laravel\framework\src\Illuminate\Filesystem\Filesystem.php(123): require('C:\\xampp\\htdocs...')
#24 C:\xampp\htdocs\site_iuhm\vendor\laravel\framework\src\Illuminate\Filesystem\Filesystem.php(124): Illuminate\Filesystem\Filesystem::{closure:Illuminate\Filesystem\Filesystem::getRequire():120}()
#25 C:\xampp\htdocs\site_iuhm\vendor\laravel\framework\src\Illuminate\View\Engines\PhpEngine.php(57): Illuminate\Filesystem\Filesystem->getRequire('C:\\xampp\\htdocs...', Array)
#26 C:\xampp\htdocs\site_iuhm\vendor\livewire\livewire\src\Mechanisms\ExtendBlade\ExtendedCompilerEngine.php(22): Illuminate\View\Engines\PhpEngine->evaluatePath('C:\\xampp\\htdocs...', Array)
#27 C:\xampp\htdocs\site_iuhm\vendor\laravel\framework\src\Illuminate\View\Engines\CompilerEngine.php(76): Livewire\Mechanisms\ExtendBlade\ExtendedCompilerEngine->evaluatePath('C:\\xampp\\htdocs...', Array)
#28 C:\xampp\htdocs\site_iuhm\vendor\livewire\livewire\src\Mechanisms\ExtendBlade\ExtendedCompilerEngine.php(10): Illuminate\View\Engines\CompilerEngine->get('C:\\xampp\\htdocs...', Array)
#29 C:\xampp\htdocs\site_iuhm\vendor\laravel\framework\src\Illuminate\View\View.php(208): Livewire\Mechanisms\ExtendBlade\ExtendedCompilerEngine->get('C:\\xampp\\htdocs...', Array)
#30 C:\xampp\htdocs\site_iuhm\vendor\laravel\framework\src\Illuminate\View\View.php(191): Illuminate\View\View->getContents()
#31 C:\xampp\htdocs\site_iuhm\vendor\laravel\framework\src\Illuminate\View\View.php(160): Illuminate\View\View->renderContents()
#32 C:\xampp\htdocs\site_iuhm\vendor\laravel\framework\src\Illuminate\View\Concerns\ManagesComponents.php(103): Illuminate\View\View->render()
#33 C:\xampp\htdocs\site_iuhm\storage\framework\views\0f2665a87bc166cc03767a44863d41f8.php(220): Illuminate\View\Factory->renderComponent()
#34 C:\xampp\htdocs\site_iuhm\vendor\laravel\framework\src\Illuminate\Filesystem\Filesystem.php(123): require('C:\\xampp\\htdocs...')
#35 C:\xampp\htdocs\site_iuhm\vendor\laravel\framework\src\Illuminate\Filesystem\Filesystem.php(124): Illuminate\Filesystem\Filesystem::{closure:Illuminate\Filesystem\Filesystem::getRequire():120}()
#36 C:\xampp\htdocs\site_iuhm\vendor\laravel\framework\src\Illuminate\View\Engines\PhpEngine.php(57): Illuminate\Filesystem\Filesystem->getRequire('C:\\xampp\\htdocs...', Array)
#37 C:\xampp\htdocs\site_iuhm\vendor\livewire\livewire\src\Mechanisms\ExtendBlade\ExtendedCompilerEngine.php(22): Illuminate\View\Engines\PhpEngine->evaluatePath('C:\\xampp\\htdocs...', Array)
#38 C:\xampp\htdocs\site_iuhm\vendor\laravel\framework\src\Illuminate\View\Engines\CompilerEngine.php(76): Livewire\Mechanisms\ExtendBlade\ExtendedCompilerEngine->evaluatePath('C:\\xampp\\htdocs...', Array)
#39 C:\xampp\htdocs\site_iuhm\vendor\livewire\livewire\src\Mechanisms\ExtendBlade\ExtendedCompilerEngine.php(10): Illuminate\View\Engines\CompilerEngine->get('C:\\xampp\\htdocs...', Array)
#40 C:\xampp\htdocs\site_iuhm\vendor\laravel\framework\src\Illuminate\View\View.php(208): Livewire\Mechanisms\ExtendBlade\ExtendedCompilerEngine->get('C:\\xampp\\htdocs...', Array)
#41 C:\xampp\htdocs\site_iuhm\vendor\laravel\framework\src\Illuminate\View\View.php(191): Illuminate\View\View->getContents()
#42 C:\xampp\htdocs\site_iuhm\vendor\laravel\framework\src\Illuminate\View\View.php(160): Illuminate\View\View->renderContents()
#43 C:\xampp\htdocs\site_iuhm\vendor\laravel\framework\src\Illuminate\Http\Response.php(78): Illuminate\View\View->render()
#44 C:\xampp\htdocs\site_iuhm\vendor\laravel\framework\src\Illuminate\Http\Response.php(34): Illuminate\Http\Response->setContent(Object(Illuminate\View\View))
#45 C:\xampp\htdocs\site_iuhm\vendor\laravel\framework\src\Illuminate\Routing\Router.php(939): Illuminate\Http\Response->__construct(Object(Illuminate\View\View), 200, Array)
#46 C:\xampp\htdocs\site_iuhm\vendor\laravel\framework\src\Illuminate\Routing\Router.php(906): Illuminate\Routing\Router::toResponse(Object(Illuminate\Http\Request), Object(Illuminate\View\View))
#47 C:\xampp\htdocs\site_iuhm\vendor\laravel\framework\src\Illuminate\Routing\Router.php(821): Illuminate\Routing\Router->prepareResponse(Object(Illuminate\Http\Request), Object(Laravel\Fortify\Http\Responses\SimpleViewResponse))
#48 C:\xampp\htdocs\site_iuhm\vendor\laravel\framework\src\Illuminate\Pipeline\Pipeline.php(180): Illuminate\Routing\Router->{closure:Illuminate\Routing\Router::runRouteWithinStack():821}(Object(Illuminate\Http\Request))
#49 C:\xampp\htdocs\site_iuhm\vendor\laravel\framework\src\Illuminate\Auth\Middleware\RedirectIfAuthenticated.php(47): Illuminate\Pipeline\Pipeline->{closure:Illuminate\Pipeline\Pipeline::prepareDestination():178}(Object(Illuminate\Http\Request))
#50 C:\xampp\htdocs\site_iuhm\vendor\laravel\framework\src\Illuminate\Pipeline\Pipeline.php(219): Illuminate\Auth\Middleware\RedirectIfAuthenticated->handle(Object(Illuminate\Http\Request), Object(Closure), 'web')
#51 C:\xampp\htdocs\site_iuhm\app\Http\Middleware\SetTeamUrlDefaults.php(26): Illuminate\Pipeline\Pipeline->{closure:{closure:Illuminate\Pipeline\Pipeline::carry():194}:195}(Object(Illuminate\Http\Request))
#52 C:\xampp\htdocs\site_iuhm\vendor\laravel\framework\src\Illuminate\Pipeline\Pipeline.php(219): App\Http\Middleware\SetTeamUrlDefaults->handle(Object(Illuminate\Http\Request), Object(Closure))
#53 C:\xampp\htdocs\site_iuhm\app\Http\Middleware\SetLocale.php(28): Illuminate\Pipeline\Pipeline->{closure:{closure:Illuminate\Pipeline\Pipeline::carry():194}:195}(Object(Illuminate\Http\Request))
#54 C:\xampp\htdocs\site_iuhm\vendor\laravel\framework\src\Illuminate\Pipeline\Pipeline.php(219): App\Http\Middleware\SetLocale->handle(Object(Illuminate\Http\Request), Object(Closure))
#55 C:\xampp\htdocs\site_iuhm\vendor\laravel\framework\src\Illuminate\Routing\Middleware\SubstituteBindings.php(52): Illuminate\Pipeline\Pipeline->{closure:{closure:Illuminate\Pipeline\Pipeline::carry():194}:195}(Object(Illuminate\Http\Request))
#56 C:\xampp\htdocs\site_iuhm\vendor\laravel\framework\src\Illuminate\Pipeline\Pipeline.php(219): Illuminate\Routing\Middleware\SubstituteBindings->handle(Object(Illuminate\Http\Request), Object(Closure))
#57 C:\xampp\htdocs\site_iuhm\vendor\laravel\framework\src\Illuminate\Foundation\Http\Middleware\PreventRequestForgery.php(104): Illuminate\Pipeline\Pipeline->{closure:{closure:Illuminate\Pipeline\Pipeline::carry():194}:195}(Object(Illuminate\Http\Request))
#58 C:\xampp\htdocs\site_iuhm\vendor\laravel\framework\src\Illuminate\Pipeline\Pipeline.php(219): Illuminate\Foundation\Http\Middleware\PreventRequestForgery->handle(Object(Illuminate\Http\Request), Object(Closure))
#59 C:\xampp\htdocs\site_iuhm\vendor\laravel\framework\src\Illuminate\View\Middleware\ShareErrorsFromSession.php(48): Illuminate\Pipeline\Pipeline->{closure:{closure:Illuminate\Pipeline\Pipeline::carry():194}:195}(Object(Illuminate\Http\Request))
#60 C:\xampp\htdocs\site_iuhm\vendor\laravel\framework\src\Illuminate\Pipeline\Pipeline.php(219): Illuminate\View\Middleware\ShareErrorsFromSession->handle(Object(Illuminate\Http\Request), Object(Closure))
#61 C:\xampp\htdocs\site_iuhm\vendor\laravel\framework\src\Illuminate\Session\Middleware\StartSession.php(120): Illuminate\Pipeline\Pipeline->{closure:{closure:Illuminate\Pipeline\Pipeline::carry():194}:195}(Object(Illuminate\Http\Request))
#62 C:\xampp\htdocs\site_iuhm\vendor\laravel\framework\src\Illuminate\Session\Middleware\StartSession.php(63): Illuminate\Session\Middleware\StartSession->handleStatefulRequest(Object(Illuminate\Http\Request), Object(Illuminate\Session\Store), Object(Closure))
#63 C:\xampp\htdocs\site_iuhm\vendor\laravel\framework\src\Illuminate\Pipeline\Pipeline.php(219): Illuminate\Session\Middleware\StartSession->handle(Object(Illuminate\Http\Request), Object(Closure))
#64 C:\xampp\htdocs\site_iuhm\vendor\laravel\framework\src\Illuminate\Cookie\Middleware\AddQueuedCookiesToResponse.php(36): Illuminate\Pipeline\Pipeline->{closure:{closure:Illuminate\Pipeline\Pipeline::carry():194}:195}(Object(Illuminate\Http\Request))
#65 C:\xampp\htdocs\site_iuhm\vendor\laravel\framework\src\Illuminate\Pipeline\Pipeline.php(219): Illuminate\Cookie\Middleware\AddQueuedCookiesToResponse->handle(Object(Illuminate\Http\Request), Object(Closure))
#66 C:\xampp\htdocs\site_iuhm\vendor\laravel\framework\src\Illuminate\Cookie\Middleware\EncryptCookies.php(74): Illuminate\Pipeline\Pipeline->{closure:{closure:Illuminate\Pipeline\Pipeline::carry():194}:195}(Object(Illuminate\Http\Request))
#67 C:\xampp\htdocs\site_iuhm\vendor\laravel\framework\src\Illuminate\Pipeline\Pipeline.php(219): Illuminate\Cookie\Middleware\EncryptCookies->handle(Object(Illuminate\Http\Request), Object(Closure))
#68 C:\xampp\htdocs\site_iuhm\vendor\laravel\framework\src\Illuminate\Pipeline\Pipeline.php(137): Illuminate\Pipeline\Pipeline->{closure:{closure:Illuminate\Pipeline\Pipeline::carry():194}:195}(Object(Illuminate\Http\Request))
#69 C:\xampp\htdocs\site_iuhm\vendor\laravel\framework\src\Illuminate\Routing\Router.php(821): Illuminate\Pipeline\Pipeline->then(Object(Closure))
#70 C:\xampp\htdocs\site_iuhm\vendor\laravel\framework\src\Illuminate\Routing\Router.php(800): Illuminate\Routing\Router->runRouteWithinStack(Object(Illuminate\Routing\Route), Object(Illuminate\Http\Request))
#71 C:\xampp\htdocs\site_iuhm\vendor\laravel\framework\src\Illuminate\Routing\Router.php(764): Illuminate\Routing\Router->runRoute(Object(Illuminate\Http\Request), Object(Illuminate\Routing\Route))
#72 C:\xampp\htdocs\site_iuhm\vendor\laravel\framework\src\Illuminate\Routing\Router.php(753): Illuminate\Routing\Router->dispatchToRoute(Object(Illuminate\Http\Request))
#73 C:\xampp\htdocs\site_iuhm\vendor\laravel\framework\src\Illuminate\Foundation\Http\Kernel.php(200): Illuminate\Routing\Router->dispatch(Object(Illuminate\Http\Request))
#74 C:\xampp\htdocs\site_iuhm\vendor\laravel\framework\src\Illuminate\Pipeline\Pipeline.php(180): Illuminate\Foundation\Http\Kernel->{closure:Illuminate\Foundation\Http\Kernel::dispatchToRouter():197}(Object(Illuminate\Http\Request))
#75 C:\xampp\htdocs\site_iuhm\vendor\livewire\livewire\src\Features\SupportDisablingBackButtonCache\DisableBackButtonCacheMiddleware.php(19): Illuminate\Pipeline\Pipeline->{closure:Illuminate\Pipeline\Pipeline::prepareDestination():178}(Object(Illuminate\Http\Request))
#76 C:\xampp\htdocs\site_iuhm\vendor\laravel\framework\src\Illuminate\Pipeline\Pipeline.php(219): Livewire\Features\SupportDisablingBackButtonCache\DisableBackButtonCacheMiddleware->handle(Object(Illuminate\Http\Request), Object(Closure))
#77 C:\xampp\htdocs\site_iuhm\vendor\laravel\framework\src\Illuminate\Foundation\Http\Middleware\TransformsRequest.php(21): Illuminate\Pipeline\Pipeline->{closure:{closure:Illuminate\Pipeline\Pipeline::carry():194}:195}(Object(Illuminate\Http\Request))
#78 C:\xampp\htdocs\site_iuhm\vendor\laravel\framework\src\Illuminate\Foundation\Http\Middleware\ConvertEmptyStringsToNull.php(31): Illuminate\Foundation\Http\Middleware\TransformsRequest->handle(Object(Illuminate\Http\Request), Object(Closure))
#79 C:\xampp\htdocs\site_iuhm\vendor\laravel\framework\src\Illuminate\Pipeline\Pipeline.php(219): Illuminate\Foundation\Http\Middleware\ConvertEmptyStringsToNull->handle(Object(Illuminate\Http\Request), Object(Closure))
#80 C:\xampp\htdocs\site_iuhm\vendor\laravel\framework\src\Illuminate\Foundation\Http\Middleware\TransformsRequest.php(21): Illuminate\Pipeline\Pipeline->{closure:{closure:Illuminate\Pipeline\Pipeline::carry():194}:195}(Object(Illuminate\Http\Request))
#81 C:\xampp\htdocs\site_iuhm\vendor\laravel\framework\src\Illuminate\Foundation\Http\Middleware\TrimStrings.php(51): Illuminate\Foundation\Http\Middleware\TransformsRequest->handle(Object(Illuminate\Http\Request), Object(Closure))
#82 C:\xampp\htdocs\site_iuhm\vendor\laravel\framework\src\Illuminate\Pipeline\Pipeline.php(219): Illuminate\Foundation\Http\Middleware\TrimStrings->handle(Object(Illuminate\Http\Request), Object(Closure))
#83 C:\xampp\htdocs\site_iuhm\vendor\laravel\framework\src\Illuminate\Http\Middleware\ValidatePostSize.php(27): Illuminate\Pipeline\Pipeline->{closure:{closure:Illuminate\Pipeline\Pipeline::carry():194}:195}(Object(Illuminate\Http\Request))
#84 C:\xampp\htdocs\site_iuhm\vendor\laravel\framework\src\Illuminate\Pipeline\Pipeline.php(219): Illuminate\Http\Middleware\ValidatePostSize->handle(Object(Illuminate\Http\Request), Object(Closure))
#85 C:\xampp\htdocs\site_iuhm\vendor\laravel\framework\src\Illuminate\Foundation\Http\Middleware\PreventRequestsDuringMaintenance.php(109): Illuminate\Pipeline\Pipeline->{closure:{closure:Illuminate\Pipeline\Pipeline::carry():194}:195}(Object(Illuminate\Http\Request))
#86 C:\xampp\htdocs\site_iuhm\vendor\laravel\framework\src\Illuminate\Pipeline\Pipeline.php(219): Illuminate\Foundation\Http\Middleware\PreventRequestsDuringMaintenance->handle(Object(Illuminate\Http\Request), Object(Closure))
#87 C:\xampp\htdocs\site_iuhm\vendor\laravel\framework\src\Illuminate\Http\Middleware\HandleCors.php(61): Illuminate\Pipeline\Pipeline->{closure:{closure:Illuminate\Pipeline\Pipeline::carry():194}:195}(Object(Illuminate\Http\Request))
#88 C:\xampp\htdocs\site_iuhm\vendor\laravel\framework\src\Illuminate\Pipeline\Pipeline.php(219): Illuminate\Http\Middleware\HandleCors->handle(Object(Illuminate\Http\Request), Object(Closure))
#89 C:\xampp\htdocs\site_iuhm\vendor\laravel\framework\src\Illuminate\Http\Middleware\TrustProxies.php(58): Illuminate\Pipeline\Pipeline->{closure:{closure:Illuminate\Pipeline\Pipeline::carry():194}:195}(Object(Illuminate\Http\Request))
#90 C:\xampp\htdocs\site_iuhm\vendor\laravel\framework\src\Illuminate\Pipeline\Pipeline.php(219): Illuminate\Http\Middleware\TrustProxies->handle(Object(Illuminate\Http\Request), Object(Closure))
#91 C:\xampp\htdocs\site_iuhm\vendor\laravel\framework\src\Illuminate\Foundation\Http\Middleware\InvokeDeferredCallbacks.php(22): Illuminate\Pipeline\Pipeline->{closure:{closure:Illuminate\Pipeline\Pipeline::carry():194}:195}(Object(Illuminate\Http\Request))
#92 C:\xampp\htdocs\site_iuhm\vendor\laravel\framework\src\Illuminate\Pipeline\Pipeline.php(219): Illuminate\Foundation\Http\Middleware\InvokeDeferredCallbacks->handle(Object(Illuminate\Http\Request), Object(Closure))
#93 C:\xampp\htdocs\site_iuhm\vendor\laravel\framework\src\Illuminate\Http\Middleware\ValidatePathEncoding.php(28): Illuminate\Pipeline\Pipeline->{closure:{closure:Illuminate\Pipeline\Pipeline::carry():194}:195}(Object(Illuminate\Http\Request))
#94 C:\xampp\htdocs\site_iuhm\vendor\laravel\framework\src\Illuminate\Pipeline\Pipeline.php(219): Illuminate\Http\Middleware\ValidatePathEncoding->handle(Object(Illuminate\Http\Request), Object(Closure))
#95 C:\xampp\htdocs\site_iuhm\vendor\laravel\framework\src\Illuminate\Pipeline\Pipeline.php(137): Illuminate\Pipeline\Pipeline->{closure:{closure:Illuminate\Pipeline\Pipeline::carry():194}:195}(Object(Illuminate\Http\Request))
#96 C:\xampp\htdocs\site_iuhm\vendor\laravel\framework\src\Illuminate\Foundation\Http\Kernel.php(175): Illuminate\Pipeline\Pipeline->then(Object(Closure))
#97 C:\xampp\htdocs\site_iuhm\vendor\laravel\framework\src\Illuminate\Foundation\Http\Kernel.php(144): Illuminate\Foundation\Http\Kernel->sendRequestThroughRouter(Object(Illuminate\Http\Request))
#98 C:\xampp\htdocs\site_iuhm\vendor\laravel\framework\src\Illuminate\Foundation\Testing\Concerns\MakesHttpRequests.php(607): Illuminate\Foundation\Http\Kernel->handle(Object(Illuminate\Http\Request))
#99 C:\xampp\htdocs\site_iuhm\vendor\laravel\framework\src\Illuminate\Foundation\Testing\Concerns\MakesHttpRequests.php(368): Illuminate\Foundation\Testing\TestCase->call('GET', 'http://localhos...', Array, Array, Array, Array)
#100 C:\xampp\htdocs\site_iuhm\tests\Feature\Auth\AuthenticationTest.php(16): Illuminate\Foundation\Testing\TestCase->get('http://localhos...')
#101 C:\xampp\htdocs\site_iuhm\vendor\phpunit\phpunit\src\Framework\TestCase.php(1335): Tests\Feature\Auth\AuthenticationTest->test_login_screen_can_be_rendered()
#102 C:\xampp\htdocs\site_iuhm\vendor\phpunit\phpunit\src\Framework\TestCase.php(519): PHPUnit\Framework\TestCase->runTest()
#103 C:\xampp\htdocs\site_iuhm\vendor\phpunit\phpunit\src\Framework\TestRunner\TestRunner.php(99): PHPUnit\Framework\TestCase->runBare()
#104 C:\xampp\htdocs\site_iuhm\vendor\phpunit\phpunit\src\Framework\TestCase.php(359): PHPUnit\Framework\TestRunner->run(Object(Tests\Feature\Auth\AuthenticationTest))
#105 C:\xampp\htdocs\site_iuhm\vendor\phpunit\phpunit\src\Framework\TestSuite.php(374): PHPUnit\Framework\TestCase->run()
#106 C:\xampp\htdocs\site_iuhm\vendor\phpunit\phpunit\src\Framework\TestSuite.php(374): PHPUnit\Framework\TestSuite->run()
#107 C:\xampp\htdocs\site_iuhm\vendor\phpunit\phpunit\src\Framework\TestSuite.php(374): PHPUnit\Framework\TestSuite->run()
#108 C:\xampp\htdocs\site_iuhm\vendor\phpunit\phpunit\src\TextUI\TestRunner.php(64): PHPUnit\Framework\TestSuite->run()
#109 C:\xampp\htdocs\site_iuhm\vendor\phpunit\phpunit\src\TextUI\Application.php(229): PHPUnit\TextUI\TestRunner->run(Object(PHPUnit\TextUI\Configuration\Configuration), Object(PHPUnit\Runner\ResultCache\DefaultResultCache), Object(PHPUnit\Framework\TestSuite))
#110 C:\xampp\htdocs\site_iuhm\vendor\phpunit\phpunit\phpunit(104): PHPUnit\TextUI\Application->run(Array)
#111 {main}

Next Illuminate\View\ViewException: Vite manifest not found at: C:\xampp\htdocs\site_iuhm\public\build/manifest.json (View: C:\xampp\htdocs\site_iuhm\resources\views\partials\head.blade.php) in C:\xampp\htdocs\site_iuhm\vendor\laravel\framework\src\Illuminate\Foundation\Vite.php:946
Stack trace:
#0 C:\xampp\htdocs\site_iuhm\vendor\livewire\livewire\src\Mechanisms\ExtendBlade\ExtendedCompilerEngine.php(58): Illuminate\View\Engines\CompilerEngine->handleViewException(Object(Illuminate\Foundation\ViteManifestNotFoundException), 4)
#1 C:\xampp\htdocs\site_iuhm\vendor\laravel\framework\src\Illuminate\View\Engines\PhpEngine.php(59): Livewire\Mechanisms\ExtendBlade\ExtendedCompilerEngine->handleViewException(Object(Illuminate\Foundation\ViteManifestNotFoundException), 4)
#2 C:\xampp\htdocs\site_iuhm\vendor\livewire\livewire\src\Mechanisms\ExtendBlade\ExtendedCompilerEngine.php(22): Illuminate\View\Engines\PhpEngine->evaluatePath('C:\\xampp\\htdocs...', Array)
#3 C:\xampp\htdocs\site_iuhm\vendor\laravel\framework\src\Illuminate\View\Engines\CompilerEngine.php(76): Livewire\Mechanisms\ExtendBlade\ExtendedCompilerEngine->evaluatePath('C:\\xampp\\htdocs...', Array)
#4 C:\xampp\htdocs\site_iuhm\vendor\livewire\livewire\src\Mechanisms\ExtendBlade\ExtendedCompilerEngine.php(10): Illuminate\View\Engines\CompilerEngine->get('C:\\xampp\\htdocs...', Array)
#5 C:\xampp\htdocs\site_iuhm\vendor\laravel\framework\src\Illuminate\View\View.php(208): Livewire\Mechanisms\ExtendBlade\ExtendedCompilerEngine->get('C:\\xampp\\htdocs...', Array)
#6 C:\xampp\htdocs\site_iuhm\vendor\laravel\framework\src\Illuminate\View\View.php(191): Illuminate\View\View->getContents()
#7 C:\xampp\htdocs\site_iuhm\vendor\laravel\framework\src\Illuminate\View\View.php(160): Illuminate\View\View->renderContents()
#8 C:\xampp\htdocs\site_iuhm\storage\framework\views\9f512d4add5423159fffe52151bd4fe8.php(4): Illuminate\View\View->render()
#9 C:\xampp\htdocs\site_iuhm\vendor\laravel\framework\src\Illuminate\Filesystem\Filesystem.php(123): require('C:\\xampp\\htdocs...')
#10 C:\xampp\htdocs\site_iuhm\vendor\laravel\framework\src\Illuminate\Filesystem\Filesystem.php(124): Illuminate\Filesystem\Filesystem::{closure:Illuminate\Filesystem\Filesystem::getRequire():120}()
#11 C:\xampp\htdocs\site_iuhm\vendor\laravel\framework\src\Illuminate\View\Engines\PhpEngine.php(57): Illuminate\Filesystem\Filesystem->getRequire('C:\\xampp\\htdocs...', Array)
#12 C:\xampp\htdocs\site_iuhm\vendor\livewire\livewire\src\Mechanisms\ExtendBlade\ExtendedCompilerEngine.php(22): Illuminate\View\Engines\PhpEngine->evaluatePath('C:\\xampp\\htdocs...', Array)
#13 C:\xampp\htdocs\site_iuhm\vendor\laravel\framework\src\Illuminate\View\Engines\CompilerEngine.php(76): Livewire\Mechanisms\ExtendBlade\ExtendedCompilerEngine->evaluatePath('C:\\xampp\\htdocs...', Array)
#14 C:\xampp\htdocs\site_iuhm\vendor\livewire\livewire\src\Mechanisms\ExtendBlade\ExtendedCompilerEngine.php(10): Illuminate\View\Engines\CompilerEngine->get('C:\\xampp\\htdocs...', Array)
#15 C:\xampp\htdocs\site_iuhm\vendor\laravel\framework\src\Illuminate\View\View.php(208): Livewire\Mechanisms\ExtendBlade\ExtendedCompilerEngine->get('C:\\xampp\\htdocs...', Array)
#16 C:\xampp\htdocs\site_iuhm\vendor\laravel\framework\src\Illuminate\View\View.php(191): Illuminate\View\View->getContents()
#17 C:\xampp\htdocs\site_iuhm\vendor\laravel\framework\src\Illuminate\View\View.php(160): Illuminate\View\View->renderContents()
#18 C:\xampp\htdocs\site_iuhm\vendor\laravel\framework\src\Illuminate\View\Concerns\ManagesComponents.php(103): Illuminate\View\View->render()
#19 C:\xampp\htdocs\site_iuhm\storage\framework\views\77efdc9d6b730fc9d8b06a63d669eb13.php(15): Illuminate\View\Factory->renderComponent()
#20 C:\xampp\htdocs\site_iuhm\vendor\laravel\framework\src\Illuminate\Filesystem\Filesystem.php(123): require('C:\\xampp\\htdocs...')
#21 C:\xampp\htdocs\site_iuhm\vendor\laravel\framework\src\Illuminate\Filesystem\Filesystem.php(124): Illuminate\Filesystem\Filesystem::{closure:Illuminate\Filesystem\Filesystem::getRequire():120}()
#22 C:\xampp\htdocs\site_iuhm\vendor\laravel\framework\src\Illuminate\View\Engines\PhpEngine.php(57): Illuminate\Filesystem\Filesystem->getRequire('C:\\xampp\\htdocs...', Array)
#23 C:\xampp\htdocs\site_iuhm\vendor\livewire\livewire\src\Mechanisms\ExtendBlade\ExtendedCompilerEngine.php(22): Illuminate\View\Engines\PhpEngine->evaluatePath('C:\\xampp\\htdocs...', Array)
#24 C:\xampp\htdocs\site_iuhm\vendor\laravel\framework\src\Illuminate\View\Engines\CompilerEngine.php(76): Livewire\Mechanisms\ExtendBlade\ExtendedCompilerEngine->evaluatePath('C:\\xampp\\htdocs...', Array)
#25 C:\xampp\htdocs\site_iuhm\vendor\livewire\livewire\src\Mechanisms\ExtendBlade\ExtendedCompilerEngine.php(10): Illuminate\View\Engines\CompilerEngine->get('C:\\xampp\\htdocs...', Array)
#26 C:\xampp\htdocs\site_iuhm\vendor\laravel\framework\src\Illuminate\View\View.php(208): Livewire\Mechanisms\ExtendBlade\ExtendedCompilerEngine->get('C:\\xampp\\htdocs...', Array)
#27 C:\xampp\htdocs\site_iuhm\vendor\laravel\framework\src\Illuminate\View\View.php(191): Illuminate\View\View->getContents()
#28 C:\xampp\htdocs\site_iuhm\vendor\laravel\framework\src\Illuminate\View\View.php(160): Illuminate\View\View->renderContents()
#29 C:\xampp\htdocs\site_iuhm\vendor\laravel\framework\src\Illuminate\View\Concerns\ManagesComponents.php(103): Illuminate\View\View->render()
#30 C:\xampp\htdocs\site_iuhm\storage\framework\views\0f2665a87bc166cc03767a44863d41f8.php(220): Illuminate\View\Factory->renderComponent()
#31 C:\xampp\htdocs\site_iuhm\vendor\laravel\framework\src\Illuminate\Filesystem\Filesystem.php(123): require('C:\\xampp\\htdocs...')
#32 C:\xampp\htdocs\site_iuhm\vendor\laravel\framework\src\Illuminate\Filesystem\Filesystem.php(124): Illuminate\Filesystem\Filesystem::{closure:Illuminate\Filesystem\Filesystem::getRequire():120}()
#33 C:\xampp\htdocs\site_iuhm\vendor\laravel\framework\src\Illuminate\View\Engines\PhpEngine.php(57): Illuminate\Filesystem\Filesystem->getRequire('C:\\xampp\\htdocs...', Array)
#34 C:\xampp\htdocs\site_iuhm\vendor\livewire\livewire\src\Mechanisms\ExtendBlade\ExtendedCompilerEngine.php(22): Illuminate\View\Engines\PhpEngine->evaluatePath('C:\\xampp\\htdocs...', Array)
#35 C:\xampp\htdocs\site_iuhm\vendor\laravel\framework\src\Illuminate\View\Engines\CompilerEngine.php(76): Livewire\Mechanisms\ExtendBlade\ExtendedCompilerEngine->evaluatePath('C:\\xampp\\htdocs...', Array)
#36 C:\xampp\htdocs\site_iuhm\vendor\livewire\livewire\src\Mechanisms\ExtendBlade\ExtendedCompilerEngine.php(10): Illuminate\View\Engines\CompilerEngine->get('C:\\xampp\\htdocs...', Array)
#37 C:\xampp\htdocs\site_iuhm\vendor\laravel\framework\src\Illuminate\View\View.php(208): Livewire\Mechanisms\ExtendBlade\ExtendedCompilerEngine->get('C:\\xampp\\htdocs...', Array)
#38 C:\xampp\htdocs\site_iuhm\vendor\laravel\framework\src\Illuminate\View\View.php(191): Illuminate\View\View->getContents()
#39 C:\xampp\htdocs\site_iuhm\vendor\laravel\framework\src\Illuminate\View\View.php(160): Illuminate\View\View->renderContents()
#40 C:\xampp\htdocs\site_iuhm\vendor\laravel\framework\src\Illuminate\Http\Response.php(78): Illuminate\View\View->render()
#41 C:\xampp\htdocs\site_iuhm\vendor\laravel\framework\src\Illuminate\Http\Response.php(34): Illuminate\Http\Response->setContent(Object(Illuminate\View\View))
#42 C:\xampp\htdocs\site_iuhm\vendor\laravel\framework\src\Illuminate\Routing\Router.php(939): Illuminate\Http\Response->__construct(Object(Illuminate\View\View), 200, Array)
#43 C:\xampp\htdocs\site_iuhm\vendor\laravel\framework\src\Illuminate\Routing\Router.php(906): Illuminate\Routing\Router::toResponse(Object(Illuminate\Http\Request), Object(Illuminate\View\View))
#44 C:\xampp\htdocs\site_iuhm\vendor\laravel\framework\src\Illuminate\Routing\Router.php(821): Illuminate\Routing\Router->prepareResponse(Object(Illuminate\Http\Request), Object(Laravel\Fortify\Http\Responses\SimpleViewResponse))
#45 C:\xampp\htdocs\site_iuhm\vendor\laravel\framework\src\Illuminate\Pipeline\Pipeline.php(180): Illuminate\Routing\Router->{closure:Illuminate\Routing\Router::runRouteWithinStack():821}(Object(Illuminate\Http\Request))
#46 C:\xampp\htdocs\site_iuhm\vendor\laravel\framework\src\Illuminate\Auth\Middleware\RedirectIfAuthenticated.php(47): Illuminate\Pipeline\Pipeline->{closure:Illuminate\Pipeline\Pipeline::prepareDestination():178}(Object(Illuminate\Http\Request))
#47 C:\xampp\htdocs\site_iuhm\vendor\laravel\framework\src\Illuminate\Pipeline\Pipeline.php(219): Illuminate\Auth\Middleware\RedirectIfAuthenticated->handle(Object(Illuminate\Http\Request), Object(Closure), 'web')
#48 C:\xampp\htdocs\site_iuhm\app\Http\Middleware\SetTeamUrlDefaults.php(26): Illuminate\Pipeline\Pipeline->{closure:{closure:Illuminate\Pipeline\Pipeline::carry():194}:195}(Object(Illuminate\Http\Request))
#49 C:\xampp\htdocs\site_iuhm\vendor\laravel\framework\src\Illuminate\Pipeline\Pipeline.php(219): App\Http\Middleware\SetTeamUrlDefaults->handle(Object(Illuminate\Http\Request), Object(Closure))
#50 C:\xampp\htdocs\site_iuhm\app\Http\Middleware\SetLocale.php(28): Illuminate\Pipeline\Pipeline->{closure:{closure:Illuminate\Pipeline\Pipeline::carry():194}:195}(Object(Illuminate\Http\Request))
#51 C:\xampp\htdocs\site_iuhm\vendor\laravel\framework\src\Illuminate\Pipeline\Pipeline.php(219): App\Http\Middleware\SetLocale->handle(Object(Illuminate\Http\Request), Object(Closure))
#52 C:\xampp\htdocs\site_iuhm\vendor\laravel\framework\src\Illuminate\Routing\Middleware\SubstituteBindings.php(52): Illuminate\Pipeline\Pipeline->{closure:{closure:Illuminate\Pipeline\Pipeline::carry():194}:195}(Object(Illuminate\Http\Request))
#53 C:\xampp\htdocs\site_iuhm\vendor\laravel\framework\src\Illuminate\Pipeline\Pipeline.php(219): Illuminate\Routing\Middleware\SubstituteBindings->handle(Object(Illuminate\Http\Request), Object(Closure))
#54 C:\xampp\htdocs\site_iuhm\vendor\laravel\framework\src\Illuminate\Foundation\Http\Middleware\PreventRequestForgery.php(104): Illuminate\Pipeline\Pipeline->{closure:{closure:Illuminate\Pipeline\Pipeline::carry():194}:195}(Object(Illuminate\Http\Request))
#55 C:\xampp\htdocs\site_iuhm\vendor\laravel\framework\src\Illuminate\Pipeline\Pipeline.php(219): Illuminate\Foundation\Http\Middleware\PreventRequestForgery->handle(Object(Illuminate\Http\Request), Object(Closure))
#56 C:\xampp\htdocs\site_iuhm\vendor\laravel\framework\src\Illuminate\View\Middleware\ShareErrorsFromSession.php(48): Illuminate\Pipeline\Pipeline->{closure:{closure:Illuminate\Pipeline\Pipeline::carry():194}:195}(Object(Illuminate\Http\Request))
#57 C:\xampp\htdocs\site_iuhm\vendor\laravel\framework\src\Illuminate\Pipeline\Pipeline.php(219): Illuminate\View\Middleware\ShareErrorsFromSession->handle(Object(Illuminate\Http\Request), Object(Closure))
#58 C:\xampp\htdocs\site_iuhm\vendor\laravel\framework\src\Illuminate\Session\Middleware\StartSession.php(120): Illuminate\Pipeline\Pipeline->{closure:{closure:Illuminate\Pipeline\Pipeline::carry():194}:195}(Object(Illuminate\Http\Request))
#59 C:\xampp\htdocs\site_iuhm\vendor\laravel\framework\src\Illuminate\Session\Middleware\StartSession.php(63): Illuminate\Session\Middleware\StartSession->handleStatefulRequest(Object(Illuminate\Http\Request), Object(Illuminate\Session\Store), Object(Closure))
#60 C:\xampp\htdocs\site_iuhm\vendor\laravel\framework\src\Illuminate\Pipeline\Pipeline.php(219): Illuminate\Session\Middleware\StartSession->handle(Object(Illuminate\Http\Request), Object(Closure))
#61 C:\xampp\htdocs\site_iuhm\vendor\laravel\framework\src\Illuminate\Cookie\Middleware\AddQueuedCookiesToResponse.php(36): Illuminate\Pipeline\Pipeline->{closure:{closure:Illuminate\Pipeline\Pipeline::carry():194}:195}(Object(Illuminate\Http\Request))
#62 C:\xampp\htdocs\site_iuhm\vendor\laravel\framework\src\Illuminate\Pipeline\Pipeline.php(219): Illuminate\Cookie\Middleware\AddQueuedCookiesToResponse->handle(Object(Illuminate\Http\Request), Object(Closure))
#63 C:\xampp\htdocs\site_iuhm\vendor\laravel\framework\src\Illuminate\Cookie\Middleware\EncryptCookies.php(74): Illuminate\Pipeline\Pipeline->{closure:{closure:Illuminate\Pipeline\Pipeline::carry():194}:195}(Object(Illuminate\Http\Request))
#64 C:\xampp\htdocs\site_iuhm\vendor\laravel\framework\src\Illuminate\Pipeline\Pipeline.php(219): Illuminate\Cookie\Middleware\EncryptCookies->handle(Object(Illuminate\Http\Request), Object(Closure))
#65 C:\xampp\htdocs\site_iuhm\vendor\laravel\framework\src\Illuminate\Pipeline\Pipeline.php(137): Illuminate\Pipeline\Pipeline->{closure:{closure:Illuminate\Pipeline\Pipeline::carry():194}:195}(Object(Illuminate\Http\Request))
#66 C:\xampp\htdocs\site_iuhm\vendor\laravel\framework\src\Illuminate\Routing\Router.php(821): Illuminate\Pipeline\Pipeline->then(Object(Closure))
#67 C:\xampp\htdocs\site_iuhm\vendor\laravel\framework\src\Illuminate\Routing\Router.php(800): Illuminate\Routing\Router->runRouteWithinStack(Object(Illuminate\Routing\Route), Object(Illuminate\Http\Request))
#68 C:\xampp\htdocs\site_iuhm\vendor\laravel\framework\src\Illuminate\Routing\Router.php(764): Illuminate\Routing\Router->runRoute(Object(Illuminate\Http\Request), Object(Illuminate\Routing\Route))
#69 C:\xampp\htdocs\site_iuhm\vendor\laravel\framework\src\Illuminate\Routing\Router.php(753): Illuminate\Routing\Router->dispatchToRoute(Object(Illuminate\Http\Request))
#70 C:\xampp\htdocs\site_iuhm\vendor\laravel\framework\src\Illuminate\Foundation\Http\Kernel.php(200): Illuminate\Routing\Router->dispatch(Object(Illuminate\Http\Request))
#71 C:\xampp\htdocs\site_iuhm\vendor\laravel\framework\src\Illuminate\Pipeline\Pipeline.php(180): Illuminate\Foundation\Http\Kernel->{closure:Illuminate\Foundation\Http\Kernel::dispatchToRouter():197}(Object(Illuminate\Http\Request))
#72 C:\xampp\htdocs\site_iuhm\vendor\livewire\livewire\src\Features\SupportDisablingBackButtonCache\DisableBackButtonCacheMiddleware.php(19): Illuminate\Pipeline\Pipeline->{closure:Illuminate\Pipeline\Pipeline::prepareDestination():178}(Object(Illuminate\Http\Request))
#73 C:\xampp\htdocs\site_iuhm\vendor\laravel\framework\src\Illuminate\Pipeline\Pipeline.php(219): Livewire\Features\SupportDisablingBackButtonCache\DisableBackButtonCacheMiddleware->handle(Object(Illuminate\Http\Request), Object(Closure))
#74 C:\xampp\htdocs\site_iuhm\vendor\laravel\framework\src\Illuminate\Foundation\Http\Middleware\TransformsRequest.php(21): Illuminate\Pipeline\Pipeline->{closure:{closure:Illuminate\Pipeline\Pipeline::carry():194}:195}(Object(Illuminate\Http\Request))
#75 C:\xampp\htdocs\site_iuhm\vendor\laravel\framework\src\Illuminate\Foundation\Http\Middleware\ConvertEmptyStringsToNull.php(31): Illuminate\Foundation\Http\Middleware\TransformsRequest->handle(Object(Illuminate\Http\Request), Object(Closure))
#76 C:\xampp\htdocs\site_iuhm\vendor\laravel\framework\src\Illuminate\Pipeline\Pipeline.php(219): Illuminate\Foundation\Http\Middleware\ConvertEmptyStringsToNull->handle(Object(Illuminate\Http\Request), Object(Closure))
#77 C:\xampp\htdocs\site_iuhm\vendor\laravel\framework\src\Illuminate\Foundation\Http\Middleware\TransformsRequest.php(21): Illuminate\Pipeline\Pipeline->{closure:{closure:Illuminate\Pipeline\Pipeline::carry():194}:195}(Object(Illuminate\Http\Request))
#78 C:\xampp\htdocs\site_iuhm\vendor\laravel\framework\src\Illuminate\Foundation\Http\Middleware\TrimStrings.php(51): Illuminate\Foundation\Http\Middleware\TransformsRequest->handle(Object(Illuminate\Http\Request), Object(Closure))
#79 C:\xampp\htdocs\site_iuhm\vendor\laravel\framework\src\Illuminate\Pipeline\Pipeline.php(219): Illuminate\Foundation\Http\Middleware\TrimStrings->handle(Object(Illuminate\Http\Request), Object(Closure))
#80 C:\xampp\htdocs\site_iuhm\vendor\laravel\framework\src\Illuminate\Http\Middleware\ValidatePostSize.php(27): Illuminate\Pipeline\Pipeline->{closure:{closure:Illuminate\Pipeline\Pipeline::carry():194}:195}(Object(Illuminate\Http\Request))
#81 C:\xampp\htdocs\site_iuhm\vendor\laravel\framework\src\Illuminate\Pipeline\Pipeline.php(219): Illuminate\Http\Middleware\ValidatePostSize->handle(Object(Illuminate\Http\Request), Object(Closure))
#82 C:\xampp\htdocs\site_iuhm\vendor\laravel\framework\src\Illuminate\Foundation\Http\Middleware\PreventRequestsDuringMaintenance.php(109): Illuminate\Pipeline\Pipeline->{closure:{closure:Illuminate\Pipeline\Pipeline::carry():194}:195}(Object(Illuminate\Http\Request))
#83 C:\xampp\htdocs\site_iuhm\vendor\laravel\framework\src\Illuminate\Pipeline\Pipeline.php(219): Illuminate\Foundation\Http\Middleware\PreventRequestsDuringMaintenance->handle(Object(Illuminate\Http\Request), Object(Closure))
#84 C:\xampp\htdocs\site_iuhm\vendor\laravel\framework\src\Illuminate\Http\Middleware\HandleCors.php(61): Illuminate\Pipeline\Pipeline->{closure:{closure:Illuminate\Pipeline\Pipeline::carry():194}:195}(Object(Illuminate\Http\Request))
#85 C:\xampp\htdocs\site_iuhm\vendor\laravel\framework\src\Illuminate\Pipeline\Pipeline.php(219): Illuminate\Http\Middleware\HandleCors->handle(Object(Illuminate\Http\Request), Object(Closure))
#86 C:\xampp\htdocs\site_iuhm\vendor\laravel\framework\src\Illuminate\Http\Middleware\TrustProxies.php(58): Illuminate\Pipeline\Pipeline->{closure:{closure:Illuminate\Pipeline\Pipeline::carry():194}:195}(Object(Illuminate\Http\Request))
#87 C:\xampp\htdocs\site_iuhm\vendor\laravel\framework\src\Illuminate\Pipeline\Pipeline.php(219): Illuminate\Http\Middleware\TrustProxies->handle(Object(Illuminate\Http\Request), Object(Closure))
#88 C:\xampp\htdocs\site_iuhm\vendor\laravel\framework\src\Illuminate\Foundation\Http\Middleware\InvokeDeferredCallbacks.php(22): Illuminate\Pipeline\Pipeline->{closure:{closure:Illuminate\Pipeline\Pipeline::carry():194}:195}(Object(Illuminate\Http\Request))
#89 C:\xampp\htdocs\site_iuhm\vendor\laravel\framework\src\Illuminate\Pipeline\Pipeline.php(219): Illuminate\Foundation\Http\Middleware\InvokeDeferredCallbacks->handle(Object(Illuminate\Http\Request), Object(Closure))
#90 C:\xampp\htdocs\site_iuhm\vendor\laravel\framework\src\Illuminate\Http\Middleware\ValidatePathEncoding.php(28): Illuminate\Pipeline\Pipeline->{closure:{closure:Illuminate\Pipeline\Pipeline::carry():194}:195}(Object(Illuminate\Http\Request))
#91 C:\xampp\htdocs\site_iuhm\vendor\laravel\framework\src\Illuminate\Pipeline\Pipeline.php(219): Illuminate\Http\Middleware\ValidatePathEncoding->handle(Object(Illuminate\Http\Request), Object(Closure))
#92 C:\xampp\htdocs\site_iuhm\vendor\laravel\framework\src\Illuminate\Pipeline\Pipeline.php(137): Illuminate\Pipeline\Pipeline->{closure:{closure:Illuminate\Pipeline\Pipeline::carry():194}:195}(Object(Illuminate\Http\Request))
#93 C:\xampp\htdocs\site_iuhm\vendor\laravel\framework\src\Illuminate\Foundation\Http\Kernel.php(175): Illuminate\Pipeline\Pipeline->then(Object(Closure))
#94 C:\xampp\htdocs\site_iuhm\vendor\laravel\framework\src\Illuminate\Foundation\Http\Kernel.php(144): Illuminate\Foundation\Http\Kernel->sendRequestThroughRouter(Object(Illuminate\Http\Request))
#95 C:\xampp\htdocs\site_iuhm\vendor\laravel\framework\src\Illuminate\Foundation\Testing\Concerns\MakesHttpRequests.php(607): Illuminate\Foundation\Http\Kernel->handle(Object(Illuminate\Http\Request))
#96 C:\xampp\htdocs\site_iuhm\vendor\laravel\framework\src\Illuminate\Foundation\Testing\Concerns\MakesHttpRequests.php(368): Illuminate\Foundation\Testing\TestCase->call('GET', 'http://localhos...', Array, Array, Array, Array)
#97 C:\xampp\htdocs\site_iuhm\tests\Feature\Auth\AuthenticationTest.php(16): Illuminate\Foundation\Testing\TestCase->get('http://localhos...')
#98 C:\xampp\htdocs\site_iuhm\vendor\phpunit\phpunit\src\Framework\TestCase.php(1335): Tests\Feature\Auth\AuthenticationTest->test_login_screen_can_be_rendered()
#99 C:\xampp\htdocs\site_iuhm\vendor\phpunit\phpunit\src\Framework\TestCase.php(519): PHPUnit\Framework\TestCase->runTest()
#100 C:\xampp\htdocs\site_iuhm\vendor\phpunit\phpunit\src\Framework\TestRunner\TestRunner.php(99): PHPUnit\Framework\TestCase->runBare()
#101 C:\xampp\htdocs\site_iuhm\vendor\phpunit\phpunit\src\Framework\TestCase.php(359): PHPUnit\Framework\TestRunner->run(Object(Tests\Feature\Auth\AuthenticationTest))
#102 C:\xampp\htdocs\site_iuhm\vendor\phpunit\phpunit\src\Framework\TestSuite.php(374): PHPUnit\Framework\TestCase->run()
#103 C:\xampp\htdocs\site_iuhm\vendor\phpunit\phpunit\src\Framework\TestSuite.php(374): PHPUnit\Framework\TestSuite->run()
#104 C:\xampp\htdocs\site_iuhm\vendor\phpunit\phpunit\src\Framework\TestSuite.php(374): PHPUnit\Framework\TestSuite->run()
#105 C:\xampp\htdocs\site_iuhm\vendor\phpunit\phpunit\src\TextUI\TestRunner.php(64): PHPUnit\Framework\TestSuite->run()
#106 C:\xampp\htdocs\site_iuhm\vendor\phpunit\phpunit\src\TextUI\Application.php(229): PHPUnit\TextUI\TestRunner->run(Object(PHPUnit\TextUI\Configuration\Configuration), Object(PHPUnit\Runner\ResultCache\DefaultResultCache), Object(PHPUnit\Framework\TestSuite))
#107 C:\xampp\htdocs\site_iuhm\vendor\phpunit\phpunit\phpunit(104): PHPUnit\TextUI\Application->run(Array)
#108 {main}

Next Illuminate\View\ViewException: Vite manifest not found at: C:\xampp\htdocs\site_iuhm\public\build/manifest.json (View: C:\xampp\htdocs\site_iuhm\resources\views\partials\head.blade.php) (View: C:\xampp\htdocs\site_iuhm\resources\views\partials\head.blade.php) in C:\xampp\htdocs\site_iuhm\vendor\laravel\framework\src\Illuminate\Foundation\Vite.php:946
Stack trace:
#0 C:\xampp\htdocs\site_iuhm\vendor\livewire\livewire\src\Mechanisms\ExtendBlade\ExtendedCompilerEngine.php(58): Illuminate\View\Engines\CompilerEngine->handleViewException(Object(Illuminate\View\ViewException), 3)
#1 C:\xampp\htdocs\site_iuhm\vendor\laravel\framework\src\Illuminate\View\Engines\PhpEngine.php(59): Livewire\Mechanisms\ExtendBlade\ExtendedCompilerEngine->handleViewException(Object(Illuminate\View\ViewException), 3)
#2 C:\xampp\htdocs\site_iuhm\vendor\livewire\livewire\src\Mechanisms\ExtendBlade\ExtendedCompilerEngine.php(22): Illuminate\View\Engines\PhpEngine->evaluatePath('C:\\xampp\\htdocs...', Array)
#3 C:\xampp\htdocs\site_iuhm\vendor\laravel\framework\src\Illuminate\View\Engines\CompilerEngine.php(76): Livewire\Mechanisms\ExtendBlade\ExtendedCompilerEngine->evaluatePath('C:\\xampp\\htdocs...', Array)
#4 C:\xampp\htdocs\site_iuhm\vendor\livewire\livewire\src\Mechanisms\ExtendBlade\ExtendedCompilerEngine.php(10): Illuminate\View\Engines\CompilerEngine->get('C:\\xampp\\htdocs...', Array)
#5 C:\xampp\htdocs\site_iuhm\vendor\laravel\framework\src\Illuminate\View\View.php(208): Livewire\Mechanisms\ExtendBlade\ExtendedCompilerEngine->get('C:\\xampp\\htdocs...', Array)
#6 C:\xampp\htdocs\site_iuhm\vendor\laravel\framework\src\Illuminate\View\View.php(191): Illuminate\View\View->getContents()
#7 C:\xampp\htdocs\site_iuhm\vendor\laravel\framework\src\Illuminate\View\View.php(160): Illuminate\View\View->renderContents()
#8 C:\xampp\htdocs\site_iuhm\vendor\laravel\framework\src\Illuminate\View\Concerns\ManagesComponents.php(103): Illuminate\View\View->render()
#9 C:\xampp\htdocs\site_iuhm\storage\framework\views\77efdc9d6b730fc9d8b06a63d669eb13.php(15): Illuminate\View\Factory->renderComponent()
#10 C:\xampp\htdocs\site_iuhm\vendor\laravel\framework\src\Illuminate\Filesystem\Filesystem.php(123): require('C:\\xampp\\htdocs...')
#11 C:\xampp\htdocs\site_iuhm\vendor\laravel\framework\src\Illuminate\Filesystem\Filesystem.php(124): Illuminate\Filesystem\Filesystem::{closure:Illuminate\Filesystem\Filesystem::getRequire():120}()
#12 C:\xampp\htdocs\site_iuhm\vendor\laravel\framework\src\Illuminate\View\Engines\PhpEngine.php(57): Illuminate\Filesystem\Filesystem->getRequire('C:\\xampp\\htdocs...', Array)
#13 C:\xampp\htdocs\site_iuhm\vendor\livewire\livewire\src\Mechanisms\ExtendBlade\ExtendedCompilerEngine.php(22): Illuminate\View\Engines\PhpEngine->evaluatePath('C:\\xampp\\htdocs...', Array)
#14 C:\xampp\htdocs\site_iuhm\vendor\laravel\framework\src\Illuminate\View\Engines\CompilerEngine.php(76): Livewire\Mechanisms\ExtendBlade\ExtendedCompilerEngine->evaluatePath('C:\\xampp\\htdocs...', Array)
#15 C:\xampp\htdocs\site_iuhm\vendor\livewire\livewire\src\Mechanisms\ExtendBlade\ExtendedCompilerEngine.php(10): Illuminate\View\Engines\CompilerEngine->get('C:\\xampp\\htdocs...', Array)
#16 C:\xampp\htdocs\site_iuhm\vendor\laravel\framework\src\Illuminate\View\View.php(208): Livewire\Mechanisms\ExtendBlade\ExtendedCompilerEngine->get('C:\\xampp\\htdocs...', Array)
#17 C:\xampp\htdocs\site_iuhm\vendor\laravel\framework\src\Illuminate\View\View.php(191): Illuminate\View\View->getContents()
#18 C:\xampp\htdocs\site_iuhm\vendor\laravel\framework\src\Illuminate\View\View.php(160): Illuminate\View\View->renderContents()
#19 C:\xampp\htdocs\site_iuhm\vendor\laravel\framework\src\Illuminate\View\Concerns\ManagesComponents.php(103): Illuminate\View\View->render()
#20 C:\xampp\htdocs\site_iuhm\storage\framework\views\0f2665a87bc166cc03767a44863d41f8.php(220): Illuminate\View\Factory->renderComponent()
#21 C:\xampp\htdocs\site_iuhm\vendor\laravel\framework\src\Illuminate\Filesystem\Filesystem.php(123): require('C:\\xampp\\htdocs...')
#22 C:\xampp\htdocs\site_iuhm\vendor\laravel\framework\src\Illuminate\Filesystem\Filesystem.php(124): Illuminate\Filesystem\Filesystem::{closure:Illuminate\Filesystem\Filesystem::getRequire():120}()
#23 C:\xampp\htdocs\site_iuhm\vendor\laravel\framework\src\Illuminate\View\Engines\PhpEngine.php(57): Illuminate\Filesystem\Filesystem->getRequire('C:\\xampp\\htdocs...', Array)
#24 C:\xampp\htdocs\site_iuhm\vendor\livewire\livewire\src\Mechanisms\ExtendBlade\ExtendedCompilerEngine.php(22): Illuminate\View\Engines\PhpEngine->evaluatePath('C:\\xampp\\htdocs...', Array)
#25 C:\xampp\htdocs\site_iuhm\vendor\laravel\framework\src\Illuminate\View\Engines\CompilerEngine.php(76): Livewire\Mechanisms\ExtendBlade\ExtendedCompilerEngine->evaluatePath('C:\\xampp\\htdocs...', Array)
#26 C:\xampp\htdocs\site_iuhm\vendor\livewire\livewire\src\Mechanisms\ExtendBlade\ExtendedCompilerEngine.php(10): Illuminate\View\Engines\CompilerEngine->get('C:\\xampp\\htdocs...', Array)
#27 C:\xampp\htdocs\site_iuhm\vendor\laravel\framework\src\Illuminate\View\View.php(208): Livewire\Mechanisms\ExtendBlade\ExtendedCompilerEngine->get('C:\\xampp\\htdocs...', Array)
#28 C:\xampp\htdocs\site_iuhm\vendor\laravel\framework\src\Illuminate\View\View.php(191): Illuminate\View\View->getContents()
#29 C:\xampp\htdocs\site_iuhm\vendor\laravel\framework\src\Illuminate\View\View.php(160): Illuminate\View\View->renderContents()
#30 C:\xampp\htdocs\site_iuhm\vendor\laravel\framework\src\Illuminate\Http\Response.php(78): Illuminate\View\View->render()
#31 C:\xampp\htdocs\site_iuhm\vendor\laravel\framework\src\Illuminate\Http\Response.php(34): Illuminate\Http\Response->setContent(Object(Illuminate\View\View))
#32 C:\xampp\htdocs\site_iuhm\vendor\laravel\framework\src\Illuminate\Routing\Router.php(939): Illuminate\Http\Response->__construct(Object(Illuminate\View\View), 200, Array)
#33 C:\xampp\htdocs\site_iuhm\vendor\laravel\framework\src\Illuminate\Routing\Router.php(906): Illuminate\Routing\Router::toResponse(Object(Illuminate\Http\Request), Object(Illuminate\View\View))
#34 C:\xampp\htdocs\site_iuhm\vendor\laravel\framework\src\Illuminate\Routing\Router.php(821): Illuminate\Routing\Router->prepareResponse(Object(Illuminate\Http\Request), Object(Laravel\Fortify\Http\Responses\SimpleViewResponse))
#35 C:\xampp\htdocs\site_iuhm\vendor\laravel\framework\src\Illuminate\Pipeline\Pipeline.php(180): Illuminate\Routing\Router->{closure:Illuminate\Routing\Router::runRouteWithinStack():821}(Object(Illuminate\Http\Request))
#36 C:\xampp\htdocs\site_iuhm\vendor\laravel\framework\src\Illuminate\Auth\Middleware\RedirectIfAuthenticated.php(47): Illuminate\Pipeline\Pipeline->{closure:Illuminate\Pipeline\Pipeline::prepareDestination():178}(Object(Illuminate\Http\Request))
#37 C:\xampp\htdocs\site_iuhm\vendor\laravel\framework\src\Illuminate\Pipeline\Pipeline.php(219): Illuminate\Auth\Middleware\RedirectIfAuthenticated->handle(Object(Illuminate\Http\Request), Object(Closure), 'web')
#38 C:\xampp\htdocs\site_iuhm\app\Http\Middleware\SetTeamUrlDefaults.php(26): Illuminate\Pipeline\Pipeline->{closure:{closure:Illuminate\Pipeline\Pipeline::carry():194}:195}(Object(Illuminate\Http\Request))
#39 C:\xampp\htdocs\site_iuhm\vendor\laravel\framework\src\Illuminate\Pipeline\Pipeline.php(219): App\Http\Middleware\SetTeamUrlDefaults->handle(Object(Illuminate\Http\Request), Object(Closure))
#40 C:\xampp\htdocs\site_iuhm\app\Http\Middleware\SetLocale.php(28): Illuminate\Pipeline\Pipeline->{closure:{closure:Illuminate\Pipeline\Pipeline::carry():194}:195}(Object(Illuminate\Http\Request))
#41 C:\xampp\htdocs\site_iuhm\vendor\laravel\framework\src\Illuminate\Pipeline\Pipeline.php(219): App\Http\Middleware\SetLocale->handle(Object(Illuminate\Http\Request), Object(Closure))
#42 C:\xampp\htdocs\site_iuhm\vendor\laravel\framework\src\Illuminate\Routing\Middleware\SubstituteBindings.php(52): Illuminate\Pipeline\Pipeline->{closure:{closure:Illuminate\Pipeline\Pipeline::carry():194}:195}(Object(Illuminate\Http\Request))
#43 C:\xampp\htdocs\site_iuhm\vendor\laravel\framework\src\Illuminate\Pipeline\Pipeline.php(219): Illuminate\Routing\Middleware\SubstituteBindings->handle(Object(Illuminate\Http\Request), Object(Closure))
#44 C:\xampp\htdocs\site_iuhm\vendor\laravel\framework\src\Illuminate\Foundation\Http\Middleware\PreventRequestForgery.php(104): Illuminate\Pipeline\Pipeline->{closure:{closure:Illuminate\Pipeline\Pipeline::carry():194}:195}(Object(Illuminate\Http\Request))
#45 C:\xampp\htdocs\site_iuhm\vendor\laravel\framework\src\Illuminate\Pipeline\Pipeline.php(219): Illuminate\Foundation\Http\Middleware\PreventRequestForgery->handle(Object(Illuminate\Http\Request), Object(Closure))
#46 C:\xampp\htdocs\site_iuhm\vendor\laravel\framework\src\Illuminate\View\Middleware\ShareErrorsFromSession.php(48): Illuminate\Pipeline\Pipeline->{closure:{closure:Illuminate\Pipeline\Pipeline::carry():194}:195}(Object(Illuminate\Http\Request))
#47 C:\xampp\htdocs\site_iuhm\vendor\laravel\framework\src\Illuminate\Pipeline\Pipeline.php(219): Illuminate\View\Middleware\ShareErrorsFromSession->handle(Object(Illuminate\Http\Request), Object(Closure))
#48 C:\xampp\htdocs\site_iuhm\vendor\laravel\framework\src\Illuminate\Session\Middleware\StartSession.php(120): Illuminate\Pipeline\Pipeline->{closure:{closure:Illuminate\Pipeline\Pipeline::carry():194}:195}(Object(Illuminate\Http\Request))
#49 C:\xampp\htdocs\site_iuhm\vendor\laravel\framework\src\Illuminate\Session\Middleware\StartSession.php(63): Illuminate\Session\Middleware\StartSession->handleStatefulRequest(Object(Illuminate\Http\Request), Object(Illuminate\Session\Store), Object(Closure))
#50 C:\xampp\htdocs\site_iuhm\vendor\laravel\framework\src\Illuminate\Pipeline\Pipeline.php(219): Illuminate\Session\Middleware\StartSession->handle(Object(Illuminate\Http\Request), Object(Closure))
#51 C:\xampp\htdocs\site_iuhm\vendor\laravel\framework\src\Illuminate\Cookie\Middleware\AddQueuedCookiesToResponse.php(36): Illuminate\Pipeline\Pipeline->{closure:{closure:Illuminate\Pipeline\Pipeline::carry():194}:195}(Object(Illuminate\Http\Request))
#52 C:\xampp\htdocs\site_iuhm\vendor\laravel\framework\src\Illuminate\Pipeline\Pipeline.php(219): Illuminate\Cookie\Middleware\AddQueuedCookiesToResponse->handle(Object(Illuminate\Http\Request), Object(Closure))
#53 C:\xampp\htdocs\site_iuhm\vendor\laravel\framework\src\Illuminate\Cookie\Middleware\EncryptCookies.php(74): Illuminate\Pipeline\Pipeline->{closure:{closure:Illuminate\Pipeline\Pipeline::carry():194}:195}(Object(Illuminate\Http\Request))
#54 C:\xampp\htdocs\site_iuhm\vendor\laravel\framework\src\Illuminate\Pipeline\Pipeline.php(219): Illuminate\Cookie\Middleware\EncryptCookies->handle(Object(Illuminate\Http\Request), Object(Closure))
#55 C:\xampp\htdocs\site_iuhm\vendor\laravel\framework\src\Illuminate\Pipeline\Pipeline.php(137): Illuminate\Pipeline\Pipeline->{closure:{closure:Illuminate\Pipeline\Pipeline::carry():194}:195}(Object(Illuminate\Http\Request))
#56 C:\xampp\htdocs\site_iuhm\vendor\laravel\framework\src\Illuminate\Routing\Router.php(821): Illuminate\Pipeline\Pipeline->then(Object(Closure))
#57 C:\xampp\htdocs\site_iuhm\vendor\laravel\framework\src\Illuminate\Routing\Router.php(800): Illuminate\Routing\Router->runRouteWithinStack(Object(Illuminate\Routing\Route), Object(Illuminate\Http\Request))
#58 C:\xampp\htdocs\site_iuhm\vendor\laravel\framework\src\Illuminate\Routing\Router.php(764): Illuminate\Routing\Router->runRoute(Object(Illuminate\Http\Request), Object(Illuminate\Routing\Route))
#59 C:\xampp\htdocs\site_iuhm\vendor\laravel\framework\src\Illuminate\Routing\Router.php(753): Illuminate\Routing\Router->dispatchToRoute(Object(Illuminate\Http\Request))
#60 C:\xampp\htdocs\site_iuhm\vendor\laravel\framework\src\Illuminate\Foundation\Http\Kernel.php(200): Illuminate\Routing\Router->dispatch(Object(Illuminate\Http\Request))
#61 C:\xampp\htdocs\site_iuhm\vendor\laravel\framework\src\Illuminate\Pipeline\Pipeline.php(180): Illuminate\Foundation\Http\Kernel->{closure:Illuminate\Foundation\Http\Kernel::dispatchToRouter():197}(Object(Illuminate\Http\Request))
#62 C:\xampp\htdocs\site_iuhm\vendor\livewire\livewire\src\Features\SupportDisablingBackButtonCache\DisableBackButtonCacheMiddleware.php(19): Illuminate\Pipeline\Pipeline->{closure:Illuminate\Pipeline\Pipeline::prepareDestination():178}(Object(Illuminate\Http\Request))
#63 C:\xampp\htdocs\site_iuhm\vendor\laravel\framework\src\Illuminate\Pipeline\Pipeline.php(219): Livewire\Features\SupportDisablingBackButtonCache\DisableBackButtonCacheMiddleware->handle(Object(Illuminate\Http\Request), Object(Closure))
#64 C:\xampp\htdocs\site_iuhm\vendor\laravel\framework\src\Illuminate\Foundation\Http\Middleware\TransformsRequest.php(21): Illuminate\Pipeline\Pipeline->{closure:{closure:Illuminate\Pipeline\Pipeline::carry():194}:195}(Object(Illuminate\Http\Request))
#65 C:\xampp\htdocs\site_iuhm\vendor\laravel\framework\src\Illuminate\Foundation\Http\Middleware\ConvertEmptyStringsToNull.php(31): Illuminate\Foundation\Http\Middleware\TransformsRequest->handle(Object(Illuminate\Http\Request), Object(Closure))
#66 C:\xampp\htdocs\site_iuhm\vendor\laravel\framework\src\Illuminate\Pipeline\Pipeline.php(219): Illuminate\Foundation\Http\Middleware\ConvertEmptyStringsToNull->handle(Object(Illuminate\Http\Request), Object(Closure))
#67 C:\xampp\htdocs\site_iuhm\vendor\laravel\framework\src\Illuminate\Foundation\Http\Middleware\TransformsRequest.php(21): Illuminate\Pipeline\Pipeline->{closure:{closure:Illuminate\Pipeline\Pipeline::carry():194}:195}(Object(Illuminate\Http\Request))
#68 C:\xampp\htdocs\site_iuhm\vendor\laravel\framework\src\Illuminate\Foundation\Http\Middleware\TrimStrings.php(51): Illuminate\Foundation\Http\Middleware\TransformsRequest->handle(Object(Illuminate\Http\Request), Object(Closure))
#69 C:\xampp\htdocs\site_iuhm\vendor\laravel\framework\src\Illuminate\Pipeline\Pipeline.php(219): Illuminate\Foundation\Http\Middleware\TrimStrings->handle(Object(Illuminate\Http\Request), Object(Closure))
#70 C:\xampp\htdocs\site_iuhm\vendor\laravel\framework\src\Illuminate\Http\Middleware\ValidatePostSize.php(27): Illuminate\Pipeline\Pipeline->{closure:{closure:Illuminate\Pipeline\Pipeline::carry():194}:195}(Object(Illuminate\Http\Request))
#71 C:\xampp\htdocs\site_iuhm\vendor\laravel\framework\src\Illuminate\Pipeline\Pipeline.php(219): Illuminate\Http\Middleware\ValidatePostSize->handle(Object(Illuminate\Http\Request), Object(Closure))
#72 C:\xampp\htdocs\site_iuhm\vendor\laravel\framework\src\Illuminate\Foundation\Http\Middleware\PreventRequestsDuringMaintenance.php(109): Illuminate\Pipeline\Pipeline->{closure:{closure:Illuminate\Pipeline\Pipeline::carry():194}:195}(Object(Illuminate\Http\Request))
#73 C:\xampp\htdocs\site_iuhm\vendor\laravel\framework\src\Illuminate\Pipeline\Pipeline.php(219): Illuminate\Foundation\Http\Middleware\PreventRequestsDuringMaintenance->handle(Object(Illuminate\Http\Request), Object(Closure))
#74 C:\xampp\htdocs\site_iuhm\vendor\laravel\framework\src\Illuminate\Http\Middleware\HandleCors.php(61): Illuminate\Pipeline\Pipeline->{closure:{closure:Illuminate\Pipeline\Pipeline::carry():194}:195}(Object(Illuminate\Http\Request))
#75 C:\xampp\htdocs\site_iuhm\vendor\laravel\framework\src\Illuminate\Pipeline\Pipeline.php(219): Illuminate\Http\Middleware\HandleCors->handle(Object(Illuminate\Http\Request), Object(Closure))
#76 C:\xampp\htdocs\site_iuhm\vendor\laravel\framework\src\Illuminate\Http\Middleware\TrustProxies.php(58): Illuminate\Pipeline\Pipeline->{closure:{closure:Illuminate\Pipeline\Pipeline::carry():194}:195}(Object(Illuminate\Http\Request))
#77 C:\xampp\htdocs\site_iuhm\vendor\laravel\framework\src\Illuminate\Pipeline\Pipeline.php(219): Illuminate\Http\Middleware\TrustProxies->handle(Object(Illuminate\Http\Request), Object(Closure))
#78 C:\xampp\htdocs\site_iuhm\vendor\laravel\framework\src\Illuminate\Foundation\Http\Middleware\InvokeDeferredCallbacks.php(22): Illuminate\Pipeline\Pipeline->{closure:{closure:Illuminate\Pipeline\Pipeline::carry():194}:195}(Object(Illuminate\Http\Request))
#79 C:\xampp\htdocs\site_iuhm\vendor\laravel\framework\src\Illuminate\Pipeline\Pipeline.php(219): Illuminate\Foundation\Http\Middleware\InvokeDeferredCallbacks->handle(Object(Illuminate\Http\Request), Object(Closure))
#80 C:\xampp\htdocs\site_iuhm\vendor\laravel\framework\src\Illuminate\Http\Middleware\ValidatePathEncoding.php(28): Illuminate\Pipeline\Pipeline->{closure:{closure:Illuminate\Pipeline\Pipeline::carry():194}:195}(Object(Illuminate\Http\Request))
#81 C:\xampp\htdocs\site_iuhm\vendor\laravel\framework\src\Illuminate\Pipeline\Pipeline.php(219): Illuminate\Http\Middleware\ValidatePathEncoding->handle(Object(Illuminate\Http\Request), Object(Closure))
#82 C:\xampp\htdocs\site_iuhm\vendor\laravel\framework\src\Illuminate\Pipeline\Pipeline.php(137): Illuminate\Pipeline\Pipeline->{closure:{closure:Illuminate\Pipeline\Pipeline::carry():194}:195}(Object(Illuminate\Http\Request))
#83 C:\xampp\htdocs\site_iuhm\vendor\laravel\framework\src\Illuminate\Foundation\Http\Kernel.php(175): Illuminate\Pipeline\Pipeline->then(Object(Closure))
#84 C:\xampp\htdocs\site_iuhm\vendor\laravel\framework\src\Illuminate\Foundation\Http\Kernel.php(144): Illuminate\Foundation\Http\Kernel->sendRequestThroughRouter(Object(Illuminate\Http\Request))
#85 C:\xampp\htdocs\site_iuhm\vendor\laravel\framework\src\Illuminate\Foundation\Testing\Concerns\MakesHttpRequests.php(607): Illuminate\Foundation\Http\Kernel->handle(Object(Illuminate\Http\Request))
#86 C:\xampp\htdocs\site_iuhm\vendor\laravel\framework\src\Illuminate\Foundation\Testing\Concerns\MakesHttpRequests.php(368): Illuminate\Foundation\Testing\TestCase->call('GET', 'http://localhos...', Array, Array, Array, Array)
#87 C:\xampp\htdocs\site_iuhm\tests\Feature\Auth\AuthenticationTest.php(16): Illuminate\Foundation\Testing\TestCase->get('http://localhos...')
#88 C:\xampp\htdocs\site_iuhm\vendor\phpunit\phpunit\src\Framework\TestCase.php(1335): Tests\Feature\Auth\AuthenticationTest->test_login_screen_can_be_rendered()
#89 C:\xampp\htdocs\site_iuhm\vendor\phpunit\phpunit\src\Framework\TestCase.php(519): PHPUnit\Framework\TestCase->runTest()
#90 C:\xampp\htdocs\site_iuhm\vendor\phpunit\phpunit\src\Framework\TestRunner\TestRunner.php(99): PHPUnit\Framework\TestCase->runBare()
#91 C:\xampp\htdocs\site_iuhm\vendor\phpunit\phpunit\src\Framework\TestCase.php(359): PHPUnit\Framework\TestRunner->run(Object(Tests\Feature\Auth\AuthenticationTest))
#92 C:\xampp\htdocs\site_iuhm\vendor\phpunit\phpunit\src\Framework\TestSuite.php(374): PHPUnit\Framework\TestCase->run()
#93 C:\xampp\htdocs\site_iuhm\vendor\phpunit\phpunit\src\Framework\TestSuite.php(374): PHPUnit\Framework\TestSuite->run()
#94 C:\xampp\htdocs\site_iuhm\vendor\phpunit\phpunit\src\Framework\TestSuite.php(374): PHPUnit\Framework\TestSuite->run()
#95 C:\xampp\htdocs\site_iuhm\vendor\phpunit\phpunit\src\TextUI\TestRunner.php(64): PHPUnit\Framework\TestSuite->run()
#96 C:\xampp\htdocs\site_iuhm\vendor\phpunit\phpunit\src\TextUI\Application.php(229): PHPUnit\TextUI\TestRunner->run(Object(PHPUnit\TextUI\Configuration\Configuration), Object(PHPUnit\Runner\ResultCache\DefaultResultCache), Object(PHPUnit\Framework\TestSuite))
#97 C:\xampp\htdocs\site_iuhm\vendor\phpunit\phpunit\phpunit(104): PHPUnit\TextUI\Application->run(Array)
#98 {main}

Next Illuminate\View\ViewException: Vite manifest not found at: C:\xampp\htdocs\site_iuhm\public\build/manifest.json (View: C:\xampp\htdocs\site_iuhm\resources\views\partials\head.blade.php) (View: C:\xampp\htdocs\site_iuhm\resources\views\partials\head.blade.php) (View: C:\xampp\htdocs\site_iuhm\resources\views\partials\head.blade.php) in C:\xampp\htdocs\site_iuhm\vendor\laravel\framework\src\Illuminate\Foundation\Vite.php:946
Stack trace:
#0 C:\xampp\htdocs\site_iuhm\vendor\livewire\livewire\src\Mechanisms\ExtendBlade\ExtendedCompilerEngine.php(58): Illuminate\View\Engines\CompilerEngine->handleViewException(Object(Illuminate\View\ViewException), 2)
#1 C:\xampp\htdocs\site_iuhm\vendor\laravel\framework\src\Illuminate\View\Engines\PhpEngine.php(59): Livewire\Mechanisms\ExtendBlade\ExtendedCompilerEngine->handleViewException(Object(Illuminate\View\ViewException), 2)
#2 C:\xampp\htdocs\site_iuhm\vendor\livewire\livewire\src\Mechanisms\ExtendBlade\ExtendedCompilerEngine.php(22): Illuminate\View\Engines\PhpEngine->evaluatePath('C:\\xampp\\htdocs...', Array)
#3 C:\xampp\htdocs\site_iuhm\vendor\laravel\framework\src\Illuminate\View\Engines\CompilerEngine.php(76): Livewire\Mechanisms\ExtendBlade\ExtendedCompilerEngine->evaluatePath('C:\\xampp\\htdocs...', Array)
#4 C:\xampp\htdocs\site_iuhm\vendor\livewire\livewire\src\Mechanisms\ExtendBlade\ExtendedCompilerEngine.php(10): Illuminate\View\Engines\CompilerEngine->get('C:\\xampp\\htdocs...', Array)
#5 C:\xampp\htdocs\site_iuhm\vendor\laravel\framework\src\Illuminate\View\View.php(208): Livewire\Mechanisms\ExtendBlade\ExtendedCompilerEngine->get('C:\\xampp\\htdocs...', Array)
#6 C:\xampp\htdocs\site_iuhm\vendor\laravel\framework\src\Illuminate\View\View.php(191): Illuminate\View\View->getContents()
#7 C:\xampp\htdocs\site_iuhm\vendor\laravel\framework\src\Illuminate\View\View.php(160): Illuminate\View\View->renderContents()
#8 C:\xampp\htdocs\site_iuhm\vendor\laravel\framework\src\Illuminate\View\Concerns\ManagesComponents.php(103): Illuminate\View\View->render()
#9 C:\xampp\htdocs\site_iuhm\storage\framework\views\0f2665a87bc166cc03767a44863d41f8.php(220): Illuminate\View\Factory->renderComponent()
#10 C:\xampp\htdocs\site_iuhm\vendor\laravel\framework\src\Illuminate\Filesystem\Filesystem.php(123): require('C:\\xampp\\htdocs...')
#11 C:\xampp\htdocs\site_iuhm\vendor\laravel\framework\src\Illuminate\Filesystem\Filesystem.php(124): Illuminate\Filesystem\Filesystem::{closure:Illuminate\Filesystem\Filesystem::getRequire():120}()
#12 C:\xampp\htdocs\site_iuhm\vendor\laravel\framework\src\Illuminate\View\Engines\PhpEngine.php(57): Illuminate\Filesystem\Filesystem->getRequire('C:\\xampp\\htdocs...', Array)
#13 C:\xampp\htdocs\site_iuhm\vendor\livewire\livewire\src\Mechanisms\ExtendBlade\ExtendedCompilerEngine.php(22): Illuminate\View\Engines\PhpEngine->evaluatePath('C:\\xampp\\htdocs...', Array)
#14 C:\xampp\htdocs\site_iuhm\vendor\laravel\framework\src\Illuminate\View\Engines\CompilerEngine.php(76): Livewire\Mechanisms\ExtendBlade\ExtendedCompilerEngine->evaluatePath('C:\\xampp\\htdocs...', Array)
#15 C:\xampp\htdocs\site_iuhm\vendor\livewire\livewire\src\Mechanisms\ExtendBlade\ExtendedCompilerEngine.php(10): Illuminate\View\Engines\CompilerEngine->get('C:\\xampp\\htdocs...', Array)
#16 C:\xampp\htdocs\site_iuhm\vendor\laravel\framework\src\Illuminate\View\View.php(208): Livewire\Mechanisms\ExtendBlade\ExtendedCompilerEngine->get('C:\\xampp\\htdocs...', Array)
#17 C:\xampp\htdocs\site_iuhm\vendor\laravel\framework\src\Illuminate\View\View.php(191): Illuminate\View\View->getContents()
#18 C:\xampp\htdocs\site_iuhm\vendor\laravel\framework\src\Illuminate\View\View.php(160): Illuminate\View\View->renderContents()
#19 C:\xampp\htdocs\site_iuhm\vendor\laravel\framework\src\Illuminate\Http\Response.php(78): Illuminate\View\View->render()
#20 C:\xampp\htdocs\site_iuhm\vendor\laravel\framework\src\Illuminate\Http\Response.php(34): Illuminate\Http\Response->setContent(Object(Illuminate\View\View))
#21 C:\xampp\htdocs\site_iuhm\vendor\laravel\framework\src\Illuminate\Routing\Router.php(939): Illuminate\Http\Response->__construct(Object(Illuminate\View\View), 200, Array)
#22 C:\xampp\htdocs\site_iuhm\vendor\laravel\framework\src\Illuminate\Routing\Router.php(906): Illuminate\Routing\Router::toResponse(Object(Illuminate\Http\Request), Object(Illuminate\View\View))
#23 C:\xampp\htdocs\site_iuhm\vendor\laravel\framework\src\Illuminate\Routing\Router.php(821): Illuminate\Routing\Router->prepareResponse(Object(Illuminate\Http\Request), Object(Laravel\Fortify\Http\Responses\SimpleViewResponse))
#24 C:\xampp\htdocs\site_iuhm\vendor\laravel\framework\src\Illuminate\Pipeline\Pipeline.php(180): Illuminate\Routing\Router->{closure:Illuminate\Routing\Router::runRouteWithinStack():821}(Object(Illuminate\Http\Request))
#25 C:\xampp\htdocs\site_iuhm\vendor\laravel\framework\src\Illuminate\Auth\Middleware\RedirectIfAuthenticated.php(47): Illuminate\Pipeline\Pipeline->{closure:Illuminate\Pipeline\Pipeline::prepareDestination():178}(Object(Illuminate\Http\Request))
#26 C:\xampp\htdocs\site_iuhm\vendor\laravel\framework\src\Illuminate\Pipeline\Pipeline.php(219): Illuminate\Auth\Middleware\RedirectIfAuthenticated->handle(Object(Illuminate\Http\Request), Object(Closure), 'web')
#27 C:\xampp\htdocs\site_iuhm\app\Http\Middleware\SetTeamUrlDefaults.php(26): Illuminate\Pipeline\Pipeline->{closure:{closure:Illuminate\Pipeline\Pipeline::carry():194}:195}(Object(Illuminate\Http\Request))
#28 C:\xampp\htdocs\site_iuhm\vendor\laravel\framework\src\Illuminate\Pipeline\Pipeline.php(219): App\Http\Middleware\SetTeamUrlDefaults->handle(Object(Illuminate\Http\Request), Object(Closure))
#29 C:\xampp\htdocs\site_iuhm\app\Http\Middleware\SetLocale.php(28): Illuminate\Pipeline\Pipeline->{closure:{closure:Illuminate\Pipeline\Pipeline::carry():194}:195}(Object(Illuminate\Http\Request))
#30 C:\xampp\htdocs\site_iuhm\vendor\laravel\framework\src\Illuminate\Pipeline\Pipeline.php(219): App\Http\Middleware\SetLocale->handle(Object(Illuminate\Http\Request), Object(Closure))
#31 C:\xampp\htdocs\site_iuhm\vendor\laravel\framework\src\Illuminate\Routing\Middleware\SubstituteBindings.php(52): Illuminate\Pipeline\Pipeline->{closure:{closure:Illuminate\Pipeline\Pipeline::carry():194}:195}(Object(Illuminate\Http\Request))
#32 C:\xampp\htdocs\site_iuhm\vendor\laravel\framework\src\Illuminate\Pipeline\Pipeline.php(219): Illuminate\Routing\Middleware\SubstituteBindings->handle(Object(Illuminate\Http\Request), Object(Closure))
#33 C:\xampp\htdocs\site_iuhm\vendor\laravel\framework\src\Illuminate\Foundation\Http\Middleware\PreventRequestForgery.php(104): Illuminate\Pipeline\Pipeline->{closure:{closure:Illuminate\Pipeline\Pipeline::carry():194}:195}(Object(Illuminate\Http\Request))
#34 C:\xampp\htdocs\site_iuhm\vendor\laravel\framework\src\Illuminate\Pipeline\Pipeline.php(219): Illuminate\Foundation\Http\Middleware\PreventRequestForgery->handle(Object(Illuminate\Http\Request), Object(Closure))
#35 C:\xampp\htdocs\site_iuhm\vendor\laravel\framework\src\Illuminate\View\Middleware\ShareErrorsFromSession.php(48): Illuminate\Pipeline\Pipeline->{closure:{closure:Illuminate\Pipeline\Pipeline::carry():194}:195}(Object(Illuminate\Http\Request))
#36 C:\xampp\htdocs\site_iuhm\vendor\laravel\framework\src\Illuminate\Pipeline\Pipeline.php(219): Illuminate\View\Middleware\ShareErrorsFromSession->handle(Object(Illuminate\Http\Request), Object(Closure))
#37 C:\xampp\htdocs\site_iuhm\vendor\laravel\framework\src\Illuminate\Session\Middleware\StartSession.php(120): Illuminate\Pipeline\Pipeline->{closure:{closure:Illuminate\Pipeline\Pipeline::carry():194}:195}(Object(Illuminate\Http\Request))
#38 C:\xampp\htdocs\site_iuhm\vendor\laravel\framework\src\Illuminate\Session\Middleware\StartSession.php(63): Illuminate\Session\Middleware\StartSession->handleStatefulRequest(Object(Illuminate\Http\Request), Object(Illuminate\Session\Store), Object(Closure))
#39 C:\xampp\htdocs\site_iuhm\vendor\laravel\framework\src\Illuminate\Pipeline\Pipeline.php(219): Illuminate\Session\Middleware\StartSession->handle(Object(Illuminate\Http\Request), Object(Closure))
#40 C:\xampp\htdocs\site_iuhm\vendor\laravel\framework\src\Illuminate\Cookie\Middleware\AddQueuedCookiesToResponse.php(36): Illuminate\Pipeline\Pipeline->{closure:{closure:Illuminate\Pipeline\Pipeline::carry():194}:195}(Object(Illuminate\Http\Request))
#41 C:\xampp\htdocs\site_iuhm\vendor\laravel\framework\src\Illuminate\Pipeline\Pipeline.php(219): Illuminate\Cookie\Middleware\AddQueuedCookiesToResponse->handle(Object(Illuminate\Http\Request), Object(Closure))
#42 C:\xampp\htdocs\site_iuhm\vendor\laravel\framework\src\Illuminate\Cookie\Middleware\EncryptCookies.php(74): Illuminate\Pipeline\Pipeline->{closure:{closure:Illuminate\Pipeline\Pipeline::carry():194}:195}(Object(Illuminate\Http\Request))
#43 C:\xampp\htdocs\site_iuhm\vendor\laravel\framework\src\Illuminate\Pipeline\Pipeline.php(219): Illuminate\Cookie\Middleware\EncryptCookies->handle(Object(Illuminate\Http\Request), Object(Closure))
#44 C:\xampp\htdocs\site_iuhm\vendor\laravel\framework\src\Illuminate\Pipeline\Pipeline.php(137): Illuminate\Pipeline\Pipeline->{closure:{closure:Illuminate\Pipeline\Pipeline::carry():194}:195}(Object(Illuminate\Http\Request))
#45 C:\xampp\htdocs\site_iuhm\vendor\laravel\framework\src\Illuminate\Routing\Router.php(821): Illuminate\Pipeline\Pipeline->then(Object(Closure))
#46 C:\xampp\htdocs\site_iuhm\vendor\laravel\framework\src\Illuminate\Routing\Router.php(800): Illuminate\Routing\Router->runRouteWithinStack(Object(Illuminate\Routing\Route), Object(Illuminate\Http\Request))
#47 C:\xampp\htdocs\site_iuhm\vendor\laravel\framework\src\Illuminate\Routing\Router.php(764): Illuminate\Routing\Router->runRoute(Object(Illuminate\Http\Request), Object(Illuminate\Routing\Route))
#48 C:\xampp\htdocs\site_iuhm\vendor\laravel\framework\src\Illuminate\Routing\Router.php(753): Illuminate\Routing\Router->dispatchToRoute(Object(Illuminate\Http\Request))
#49 C:\xampp\htdocs\site_iuhm\vendor\laravel\framework\src\Illuminate\Foundation\Http\Kernel.php(200): Illuminate\Routing\Router->dispatch(Object(Illuminate\Http\Request))
#50 C:\xampp\htdocs\site_iuhm\vendor\laravel\framework\src\Illuminate\Pipeline\Pipeline.php(180): Illuminate\Foundation\Http\Kernel->{closure:Illuminate\Foundation\Http\Kernel::dispatchToRouter():197}(Object(Illuminate\Http\Request))
#51 C:\xampp\htdocs\site_iuhm\vendor\livewire\livewire\src\Features\SupportDisablingBackButtonCache\DisableBackButtonCacheMiddleware.php(19): Illuminate\Pipeline\Pipeline->{closure:Illuminate\Pipeline\Pipeline::prepareDestination():178}(Object(Illuminate\Http\Request))
#52 C:\xampp\htdocs\site_iuhm\vendor\laravel\framework\src\Illuminate\Pipeline\Pipeline.php(219): Livewire\Features\SupportDisablingBackButtonCache\DisableBackButtonCacheMiddleware->handle(Object(Illuminate\Http\Request), Object(Closure))
#53 C:\xampp\htdocs\site_iuhm\vendor\laravel\framework\src\Illuminate\Foundation\Http\Middleware\TransformsRequest.php(21): Illuminate\Pipeline\Pipeline->{closure:{closure:Illuminate\Pipeline\Pipeline::carry():194}:195}(Object(Illuminate\Http\Request))
#54 C:\xampp\htdocs\site_iuhm\vendor\laravel\framework\src\Illuminate\Foundation\Http\Middleware\ConvertEmptyStringsToNull.php(31): Illuminate\Foundation\Http\Middleware\TransformsRequest->handle(Object(Illuminate\Http\Request), Object(Closure))
#55 C:\xampp\htdocs\site_iuhm\vendor\laravel\framework\src\Illuminate\Pipeline\Pipeline.php(219): Illuminate\Foundation\Http\Middleware\ConvertEmptyStringsToNull->handle(Object(Illuminate\Http\Request), Object(Closure))
#56 C:\xampp\htdocs\site_iuhm\vendor\laravel\framework\src\Illuminate\Foundation\Http\Middleware\TransformsRequest.php(21): Illuminate\Pipeline\Pipeline->{closure:{closure:Illuminate\Pipeline\Pipeline::carry():194}:195}(Object(Illuminate\Http\Request))
#57 C:\xampp\htdocs\site_iuhm\vendor\laravel\framework\src\Illuminate\Foundation\Http\Middleware\TrimStrings.php(51): Illuminate\Foundation\Http\Middleware\TransformsRequest->handle(Object(Illuminate\Http\Request), Object(Closure))
#58 C:\xampp\htdocs\site_iuhm\vendor\laravel\framework\src\Illuminate\Pipeline\Pipeline.php(219): Illuminate\Foundation\Http\Middleware\TrimStrings->handle(Object(Illuminate\Http\Request), Object(Closure))
#59 C:\xampp\htdocs\site_iuhm\vendor\laravel\framework\src\Illuminate\Http\Middleware\ValidatePostSize.php(27): Illuminate\Pipeline\Pipeline->{closure:{closure:Illuminate\Pipeline\Pipeline::carry():194}:195}(Object(Illuminate\Http\Request))
#60 C:\xampp\htdocs\site_iuhm\vendor\laravel\framework\src\Illuminate\Pipeline\Pipeline.php(219): Illuminate\Http\Middleware\ValidatePostSize->handle(Object(Illuminate\Http\Request), Object(Closure))
#61 C:\xampp\htdocs\site_iuhm\vendor\laravel\framework\src\Illuminate\Foundation\Http\Middleware\PreventRequestsDuringMaintenance.php(109): Illuminate\Pipeline\Pipeline->{closure:{closure:Illuminate\Pipeline\Pipeline::carry():194}:195}(Object(Illuminate\Http\Request))
#62 C:\xampp\htdocs\site_iuhm\vendor\laravel\framework\src\Illuminate\Pipeline\Pipeline.php(219): Illuminate\Foundation\Http\Middleware\PreventRequestsDuringMaintenance->handle(Object(Illuminate\Http\Request), Object(Closure))
#63 C:\xampp\htdocs\site_iuhm\vendor\laravel\framework\src\Illuminate\Http\Middleware\HandleCors.php(61): Illuminate\Pipeline\Pipeline->{closure:{closure:Illuminate\Pipeline\Pipeline::carry():194}:195}(Object(Illuminate\Http\Request))
#64 C:\xampp\htdocs\site_iuhm\vendor\laravel\framework\src\Illuminate\Pipeline\Pipeline.php(219): Illuminate\Http\Middleware\HandleCors->handle(Object(Illuminate\Http\Request), Object(Closure))
#65 C:\xampp\htdocs\site_iuhm\vendor\laravel\framework\src\Illuminate\Http\Middleware\TrustProxies.php(58): Illuminate\Pipeline\Pipeline->{closure:{closure:Illuminate\Pipeline\Pipeline::carry():194}:195}(Object(Illuminate\Http\Request))
#66 C:\xampp\htdocs\site_iuhm\vendor\laravel\framework\src\Illuminate\Pipeline\Pipeline.php(219): Illuminate\Http\Middleware\TrustProxies->handle(Object(Illuminate\Http\Request), Object(Closure))
#67 C:\xampp\htdocs\site_iuhm\vendor\laravel\framework\src\Illuminate\Foundation\Http\Middleware\InvokeDeferredCallbacks.php(22): Illuminate\Pipeline\Pipeline->{closure:{closure:Illuminate\Pipeline\Pipeline::carry():194}:195}(Object(Illuminate\Http\Request))
#68 C:\xampp\htdocs\site_iuhm\vendor\laravel\framework\src\Illuminate\Pipeline\Pipeline.php(219): Illuminate\Foundation\Http\Middleware\InvokeDeferredCallbacks->handle(Object(Illuminate\Http\Request), Object(Closure))
#69 C:\xampp\htdocs\site_iuhm\vendor\laravel\framework\src\Illuminate\Http\Middleware\ValidatePathEncoding.php(28): Illuminate\Pipeline\Pipeline->{closure:{closure:Illuminate\Pipeline\Pipeline::carry():194}:195}(Object(Illuminate\Http\Request))
#70 C:\xampp\htdocs\site_iuhm\vendor\laravel\framework\src\Illuminate\Pipeline\Pipeline.php(219): Illuminate\Http\Middleware\ValidatePathEncoding->handle(Object(Illuminate\Http\Request), Object(Closure))
#71 C:\xampp\htdocs\site_iuhm\vendor\laravel\framework\src\Illuminate\Pipeline\Pipeline.php(137): Illuminate\Pipeline\Pipeline->{closure:{closure:Illuminate\Pipeline\Pipeline::carry():194}:195}(Object(Illuminate\Http\Request))
#72 C:\xampp\htdocs\site_iuhm\vendor\laravel\framework\src\Illuminate\Foundation\Http\Kernel.php(175): Illuminate\Pipeline\Pipeline->then(Object(Closure))
#73 C:\xampp\htdocs\site_iuhm\vendor\laravel\framework\src\Illuminate\Foundation\Http\Kernel.php(144): Illuminate\Foundation\Http\Kernel->sendRequestThroughRouter(Object(Illuminate\Http\Request))
#74 C:\xampp\htdocs\site_iuhm\vendor\laravel\framework\src\Illuminate\Foundation\Testing\Concerns\MakesHttpRequests.php(607): Illuminate\Foundation\Http\Kernel->handle(Object(Illuminate\Http\Request))
#75 C:\xampp\htdocs\site_iuhm\vendor\laravel\framework\src\Illuminate\Foundation\Testing\Concerns\MakesHttpRequests.php(368): Illuminate\Foundation\Testing\TestCase->call('GET', 'http://localhos...', Array, Array, Array, Array)
#76 C:\xampp\htdocs\site_iuhm\tests\Feature\Auth\AuthenticationTest.php(16): Illuminate\Foundation\Testing\TestCase->get('http://localhos...')
#77 C:\xampp\htdocs\site_iuhm\vendor\phpunit\phpunit\src\Framework\TestCase.php(1335): Tests\Feature\Auth\AuthenticationTest->test_login_screen_can_be_rendered()
#78 C:\xampp\htdocs\site_iuhm\vendor\phpunit\phpunit\src\Framework\TestCase.php(519): PHPUnit\Framework\TestCase->runTest()
#79 C:\xampp\htdocs\site_iuhm\vendor\phpunit\phpunit\src\Framework\TestRunner\TestRunner.php(99): PHPUnit\Framework\TestCase->runBare()
#80 C:\xampp\htdocs\site_iuhm\vendor\phpunit\phpunit\src\Framework\TestCase.php(359): PHPUnit\Framework\TestRunner->run(Object(Tests\Feature\Auth\AuthenticationTest))
#81 C:\xampp\htdocs\site_iuhm\vendor\phpunit\phpunit\src\Framework\TestSuite.php(374): PHPUnit\Framework\TestCase->run()
#82 C:\xampp\htdocs\site_iuhm\vendor\phpunit\phpunit\src\Framework\TestSuite.php(374): PHPUnit\Framework\TestSuite->run()
#83 C:\xampp\htdocs\site_iuhm\vendor\phpunit\phpunit\src\Framework\TestSuite.php(374): PHPUnit\Framework\TestSuite->run()
#84 C:\xampp\htdocs\site_iuhm\vendor\phpunit\phpunit\src\TextUI\TestRunner.php(64): PHPUnit\Framework\TestSuite->run()
#85 C:\xampp\htdocs\site_iuhm\vendor\phpunit\phpunit\src\TextUI\Application.php(229): PHPUnit\TextUI\TestRunner->run(Object(PHPUnit\TextUI\Configuration\Configuration), Object(PHPUnit\Runner\ResultCache\DefaultResultCache), Object(PHPUnit\Framework\TestSuite))
#86 C:\xampp\htdocs\site_iuhm\vendor\phpunit\phpunit\phpunit(104): PHPUnit\TextUI\Application->run(Array)
#87 {main}

Next Illuminate\View\ViewException: Vite manifest not found at: C:\xampp\htdocs\site_iuhm\public\build/manifest.json (View: C:\xampp\htdocs\site_iuhm\resources\views\partials\head.blade.php) (View: C:\xampp\htdocs\site_iuhm\resources\views\partials\head.blade.php) (View: C:\xampp\htdocs\site_iuhm\resources\views\partials\head.blade.php) (View: C:\xampp\htdocs\site_iuhm\resources\views\partials\head.blade.php) in C:\xampp\htdocs\site_iuhm\vendor\laravel\framework\src\Illuminate\Foundation\Vite.php:946
Stack trace:
#0 C:\xampp\htdocs\site_iuhm\vendor\livewire\livewire\src\Mechanisms\ExtendBlade\ExtendedCompilerEngine.php(58): Illuminate\View\Engines\CompilerEngine->handleViewException(Object(Illuminate\View\ViewException), 1)
#1 C:\xampp\htdocs\site_iuhm\vendor\laravel\framework\src\Illuminate\View\Engines\PhpEngine.php(59): Livewire\Mechanisms\ExtendBlade\ExtendedCompilerEngine->handleViewException(Object(Illuminate\View\ViewException), 1)
#2 C:\xampp\htdocs\site_iuhm\vendor\livewire\livewire\src\Mechanisms\ExtendBlade\ExtendedCompilerEngine.php(22): Illuminate\View\Engines\PhpEngine->evaluatePath('C:\\xampp\\htdocs...', Array)
#3 C:\xampp\htdocs\site_iuhm\vendor\laravel\framework\src\Illuminate\View\Engines\CompilerEngine.php(76): Livewire\Mechanisms\ExtendBlade\ExtendedCompilerEngine->evaluatePath('C:\\xampp\\htdocs...', Array)
#4 C:\xampp\htdocs\site_iuhm\vendor\livewire\livewire\src\Mechanisms\ExtendBlade\ExtendedCompilerEngine.php(10): Illuminate\View\Engines\CompilerEngine->get('C:\\xampp\\htdocs...', Array)
#5 C:\xampp\htdocs\site_iuhm\vendor\laravel\framework\src\Illuminate\View\View.php(208): Livewire\Mechanisms\ExtendBlade\ExtendedCompilerEngine->get('C:\\xampp\\htdocs...', Array)
#6 C:\xampp\htdocs\site_iuhm\vendor\laravel\framework\src\Illuminate\View\View.php(191): Illuminate\View\View->getContents()
#7 C:\xampp\htdocs\site_iuhm\vendor\laravel\framework\src\Illuminate\View\View.php(160): Illuminate\View\View->renderContents()
#8 C:\xampp\htdocs\site_iuhm\vendor\laravel\framework\src\Illuminate\Http\Response.php(78): Illuminate\View\View->render()
#9 C:\xampp\htdocs\site_iuhm\vendor\laravel\framework\src\Illuminate\Http\Response.php(34): Illuminate\Http\Response->setContent(Object(Illuminate\View\View))
#10 C:\xampp\htdocs\site_iuhm\vendor\laravel\framework\src\Illuminate\Routing\Router.php(939): Illuminate\Http\Response->__construct(Object(Illuminate\View\View), 200, Array)
#11 C:\xampp\htdocs\site_iuhm\vendor\laravel\framework\src\Illuminate\Routing\Router.php(906): Illuminate\Routing\Router::toResponse(Object(Illuminate\Http\Request), Object(Illuminate\View\View))
#12 C:\xampp\htdocs\site_iuhm\vendor\laravel\framework\src\Illuminate\Routing\Router.php(821): Illuminate\Routing\Router->prepareResponse(Object(Illuminate\Http\Request), Object(Laravel\Fortify\Http\Responses\SimpleViewResponse))
#13 C:\xampp\htdocs\site_iuhm\vendor\laravel\framework\src\Illuminate\Pipeline\Pipeline.php(180): Illuminate\Routing\Router->{closure:Illuminate\Routing\Router::runRouteWithinStack():821}(Object(Illuminate\Http\Request))
#14 C:\xampp\htdocs\site_iuhm\vendor\laravel\framework\src\Illuminate\Auth\Middleware\RedirectIfAuthenticated.php(47): Illuminate\Pipeline\Pipeline->{closure:Illuminate\Pipeline\Pipeline::prepareDestination():178}(Object(Illuminate\Http\Request))
#15 C:\xampp\htdocs\site_iuhm\vendor\laravel\framework\src\Illuminate\Pipeline\Pipeline.php(219): Illuminate\Auth\Middleware\RedirectIfAuthenticated->handle(Object(Illuminate\Http\Request), Object(Closure), 'web')
#16 C:\xampp\htdocs\site_iuhm\app\Http\Middleware\SetTeamUrlDefaults.php(26): Illuminate\Pipeline\Pipeline->{closure:{closure:Illuminate\Pipeline\Pipeline::carry():194}:195}(Object(Illuminate\Http\Request))
#17 C:\xampp\htdocs\site_iuhm\vendor\laravel\framework\src\Illuminate\Pipeline\Pipeline.php(219): App\Http\Middleware\SetTeamUrlDefaults->handle(Object(Illuminate\Http\Request), Object(Closure))
#18 C:\xampp\htdocs\site_iuhm\app\Http\Middleware\SetLocale.php(28): Illuminate\Pipeline\Pipeline->{closure:{closure:Illuminate\Pipeline\Pipeline::carry():194}:195}(Object(Illuminate\Http\Request))
#19 C:\xampp\htdocs\site_iuhm\vendor\laravel\framework\src\Illuminate\Pipeline\Pipeline.php(219): App\Http\Middleware\SetLocale->handle(Object(Illuminate\Http\Request), Object(Closure))
#20 C:\xampp\htdocs\site_iuhm\vendor\laravel\framework\src\Illuminate\Routing\Middleware\SubstituteBindings.php(52): Illuminate\Pipeline\Pipeline->{closure:{closure:Illuminate\Pipeline\Pipeline::carry():194}:195}(Object(Illuminate\Http\Request))
#21 C:\xampp\htdocs\site_iuhm\vendor\laravel\framework\src\Illuminate\Pipeline\Pipeline.php(219): Illuminate\Routing\Middleware\SubstituteBindings->handle(Object(Illuminate\Http\Request), Object(Closure))
#22 C:\xampp\htdocs\site_iuhm\vendor\laravel\framework\src\Illuminate\Foundation\Http\Middleware\PreventRequestForgery.php(104): Illuminate\Pipeline\Pipeline->{closure:{closure:Illuminate\Pipeline\Pipeline::carry():194}:195}(Object(Illuminate\Http\Request))
#23 C:\xampp\htdocs\site_iuhm\vendor\laravel\framework\src\Illuminate\Pipeline\Pipeline.php(219): Illuminate\Foundation\Http\Middleware\PreventRequestForgery->handle(Object(Illuminate\Http\Request), Object(Closure))
#24 C:\xampp\htdocs\site_iuhm\vendor\laravel\framework\src\Illuminate\View\Middleware\ShareErrorsFromSession.php(48): Illuminate\Pipeline\Pipeline->{closure:{closure:Illuminate\Pipeline\Pipeline::carry():194}:195}(Object(Illuminate\Http\Request))
#25 C:\xampp\htdocs\site_iuhm\vendor\laravel\framework\src\Illuminate\Pipeline\Pipeline.php(219): Illuminate\View\Middleware\ShareErrorsFromSession->handle(Object(Illuminate\Http\Request), Object(Closure))
#26 C:\xampp\htdocs\site_iuhm\vendor\laravel\framework\src\Illuminate\Session\Middleware\StartSession.php(120): Illuminate\Pipeline\Pipeline->{closure:{closure:Illuminate\Pipeline\Pipeline::carry():194}:195}(Object(Illuminate\Http\Request))
#27 C:\xampp\htdocs\site_iuhm\vendor\laravel\framework\src\Illuminate\Session\Middleware\StartSession.php(63): Illuminate\Session\Middleware\StartSession->handleStatefulRequest(Object(Illuminate\Http\Request), Object(Illuminate\Session\Store), Object(Closure))
#28 C:\xampp\htdocs\site_iuhm\vendor\laravel\framework\src\Illuminate\Pipeline\Pipeline.php(219): Illuminate\Session\Middleware\StartSession->handle(Object(Illuminate\Http\Request), Object(Closure))
#29 C:\xampp\htdocs\site_iuhm\vendor\laravel\framework\src\Illuminate\Cookie\Middleware\AddQueuedCookiesToResponse.php(36): Illuminate\Pipeline\Pipeline->{closure:{closure:Illuminate\Pipeline\Pipeline::carry():194}:195}(Object(Illuminate\Http\Request))
#30 C:\xampp\htdocs\site_iuhm\vendor\laravel\framework\src\Illuminate\Pipeline\Pipeline.php(219): Illuminate\Cookie\Middleware\AddQueuedCookiesToResponse->handle(Object(Illuminate\Http\Request), Object(Closure))
#31 C:\xampp\htdocs\site_iuhm\vendor\laravel\framework\src\Illuminate\Cookie\Middleware\EncryptCookies.php(74): Illuminate\Pipeline\Pipeline->{closure:{closure:Illuminate\Pipeline\Pipeline::carry():194}:195}(Object(Illuminate\Http\Request))
#32 C:\xampp\htdocs\site_iuhm\vendor\laravel\framework\src\Illuminate\Pipeline\Pipeline.php(219): Illuminate\Cookie\Middleware\EncryptCookies->handle(Object(Illuminate\Http\Request), Object(Closure))
#33 C:\xampp\htdocs\site_iuhm\vendor\laravel\framework\src\Illuminate\Pipeline\Pipeline.php(137): Illuminate\Pipeline\Pipeline->{closure:{closure:Illuminate\Pipeline\Pipeline::carry():194}:195}(Object(Illuminate\Http\Request))
#34 C:\xampp\htdocs\site_iuhm\vendor\laravel\framework\src\Illuminate\Routing\Router.php(821): Illuminate\Pipeline\Pipeline->then(Object(Closure))
#35 C:\xampp\htdocs\site_iuhm\vendor\laravel\framework\src\Illuminate\Routing\Router.php(800): Illuminate\Routing\Router->runRouteWithinStack(Object(Illuminate\Routing\Route), Object(Illuminate\Http\Request))
#36 C:\xampp\htdocs\site_iuhm\vendor\laravel\framework\src\Illuminate\Routing\Router.php(764): Illuminate\Routing\Router->runRoute(Object(Illuminate\Http\Request), Object(Illuminate\Routing\Route))
#37 C:\xampp\htdocs\site_iuhm\vendor\laravel\framework\src\Illuminate\Routing\Router.php(753): Illuminate\Routing\Router->dispatchToRoute(Object(Illuminate\Http\Request))
#38 C:\xampp\htdocs\site_iuhm\vendor\laravel\framework\src\Illuminate\Foundation\Http\Kernel.php(200): Illuminate\Routing\Router->dispatch(Object(Illuminate\Http\Request))
#39 C:\xampp\htdocs\site_iuhm\vendor\laravel\framework\src\Illuminate\Pipeline\Pipeline.php(180): Illuminate\Foundation\Http\Kernel->{closure:Illuminate\Foundation\Http\Kernel::dispatchToRouter():197}(Object(Illuminate\Http\Request))
#40 C:\xampp\htdocs\site_iuhm\vendor\livewire\livewire\src\Features\SupportDisablingBackButtonCache\DisableBackButtonCacheMiddleware.php(19): Illuminate\Pipeline\Pipeline->{closure:Illuminate\Pipeline\Pipeline::prepareDestination():178}(Object(Illuminate\Http\Request))
#41 C:\xampp\htdocs\site_iuhm\vendor\laravel\framework\src\Illuminate\Pipeline\Pipeline.php(219): Livewire\Features\SupportDisablingBackButtonCache\DisableBackButtonCacheMiddleware->handle(Object(Illuminate\Http\Request), Object(Closure))
#42 C:\xampp\htdocs\site_iuhm\vendor\laravel\framework\src\Illuminate\Foundation\Http\Middleware\TransformsRequest.php(21): Illuminate\Pipeline\Pipeline->{closure:{closure:Illuminate\Pipeline\Pipeline::carry():194}:195}(Object(Illuminate\Http\Request))
#43 C:\xampp\htdocs\site_iuhm\vendor\laravel\framework\src\Illuminate\Foundation\Http\Middleware\ConvertEmptyStringsToNull.php(31): Illuminate\Foundation\Http\Middleware\TransformsRequest->handle(Object(Illuminate\Http\Request), Object(Closure))
#44 C:\xampp\htdocs\site_iuhm\vendor\laravel\framework\src\Illuminate\Pipeline\Pipeline.php(219): Illuminate\Foundation\Http\Middleware\ConvertEmptyStringsToNull->handle(Object(Illuminate\Http\Request), Object(Closure))
#45 C:\xampp\htdocs\site_iuhm\vendor\laravel\framework\src\Illuminate\Foundation\Http\Middleware\TransformsRequest.php(21): Illuminate\Pipeline\Pipeline->{closure:{closure:Illuminate\Pipeline\Pipeline::carry():194}:195}(Object(Illuminate\Http\Request))
#46 C:\xampp\htdocs\site_iuhm\vendor\laravel\framework\src\Illuminate\Foundation\Http\Middleware\TrimStrings.php(51): Illuminate\Foundation\Http\Middleware\TransformsRequest->handle(Object(Illuminate\Http\Request), Object(Closure))
#47 C:\xampp\htdocs\site_iuhm\vendor\laravel\framework\src\Illuminate\Pipeline\Pipeline.php(219): Illuminate\Foundation\Http\Middleware\TrimStrings->handle(Object(Illuminate\Http\Request), Object(Closure))
#48 C:\xampp\htdocs\site_iuhm\vendor\laravel\framework\src\Illuminate\Http\Middleware\ValidatePostSize.php(27): Illuminate\Pipeline\Pipeline->{closure:{closure:Illuminate\Pipeline\Pipeline::carry():194}:195}(Object(Illuminate\Http\Request))
#49 C:\xampp\htdocs\site_iuhm\vendor\laravel\framework\src\Illuminate\Pipeline\Pipeline.php(219): Illuminate\Http\Middleware\ValidatePostSize->handle(Object(Illuminate\Http\Request), Object(Closure))
#50 C:\xampp\htdocs\site_iuhm\vendor\laravel\framework\src\Illuminate\Foundation\Http\Middleware\PreventRequestsDuringMaintenance.php(109): Illuminate\Pipeline\Pipeline->{closure:{closure:Illuminate\Pipeline\Pipeline::carry():194}:195}(Object(Illuminate\Http\Request))
#51 C:\xampp\htdocs\site_iuhm\vendor\laravel\framework\src\Illuminate\Pipeline\Pipeline.php(219): Illuminate\Foundation\Http\Middleware\PreventRequestsDuringMaintenance->handle(Object(Illuminate\Http\Request), Object(Closure))
#52 C:\xampp\htdocs\site_iuhm\vendor\laravel\framework\src\Illuminate\Http\Middleware\HandleCors.php(61): Illuminate\Pipeline\Pipeline->{closure:{closure:Illuminate\Pipeline\Pipeline::carry():194}:195}(Object(Illuminate\Http\Request))
#53 C:\xampp\htdocs\site_iuhm\vendor\laravel\framework\src\Illuminate\Pipeline\Pipeline.php(219): Illuminate\Http\Middleware\HandleCors->handle(Object(Illuminate\Http\Request), Object(Closure))
#54 C:\xampp\htdocs\site_iuhm\vendor\laravel\framework\src\Illuminate\Http\Middleware\TrustProxies.php(58): Illuminate\Pipeline\Pipeline->{closure:{closure:Illuminate\Pipeline\Pipeline::carry():194}:195}(Object(Illuminate\Http\Request))
#55 C:\xampp\htdocs\site_iuhm\vendor\laravel\framework\src\Illuminate\Pipeline\Pipeline.php(219): Illuminate\Http\Middleware\TrustProxies->handle(Object(Illuminate\Http\Request), Object(Closure))
#56 C:\xampp\htdocs\site_iuhm\vendor\laravel\framework\src\Illuminate\Foundation\Http\Middleware\InvokeDeferredCallbacks.php(22): Illuminate\Pipeline\Pipeline->{closure:{closure:Illuminate\Pipeline\Pipeline::carry():194}:195}(Object(Illuminate\Http\Request))
#57 C:\xampp\htdocs\site_iuhm\vendor\laravel\framework\src\Illuminate\Pipeline\Pipeline.php(219): Illuminate\Foundation\Http\Middleware\InvokeDeferredCallbacks->handle(Object(Illuminate\Http\Request), Object(Closure))
#58 C:\xampp\htdocs\site_iuhm\vendor\laravel\framework\src\Illuminate\Http\Middleware\ValidatePathEncoding.php(28): Illuminate\Pipeline\Pipeline->{closure:{closure:Illuminate\Pipeline\Pipeline::carry():194}:195}(Object(Illuminate\Http\Request))
#59 C:\xampp\htdocs\site_iuhm\vendor\laravel\framework\src\Illuminate\Pipeline\Pipeline.php(219): Illuminate\Http\Middleware\ValidatePathEncoding->handle(Object(Illuminate\Http\Request), Object(Closure))
#60 C:\xampp\htdocs\site_iuhm\vendor\laravel\framework\src\Illuminate\Pipeline\Pipeline.php(137): Illuminate\Pipeline\Pipeline->{closure:{closure:Illuminate\Pipeline\Pipeline::carry():194}:195}(Object(Illuminate\Http\Request))
#61 C:\xampp\htdocs\site_iuhm\vendor\laravel\framework\src\Illuminate\Foundation\Http\Kernel.php(175): Illuminate\Pipeline\Pipeline->then(Object(Closure))
#62 C:\xampp\htdocs\site_iuhm\vendor\laravel\framework\src\Illuminate\Foundation\Http\Kernel.php(144): Illuminate\Foundation\Http\Kernel->sendRequestThroughRouter(Object(Illuminate\Http\Request))
#63 C:\xampp\htdocs\site_iuhm\vendor\laravel\framework\src\Illuminate\Foundation\Testing\Concerns\MakesHttpRequests.php(607): Illuminate\Foundation\Http\Kernel->handle(Object(Illuminate\Http\Request))
#64 C:\xampp\htdocs\site_iuhm\vendor\laravel\framework\src\Illuminate\Foundation\Testing\Concerns\MakesHttpRequests.php(368): Illuminate\Foundation\Testing\TestCase->call('GET', 'http://localhos...', Array, Array, Array, Array)
#65 C:\xampp\htdocs\site_iuhm\tests\Feature\Auth\AuthenticationTest.php(16): Illuminate\Foundation\Testing\TestCase->get('http://localhos...')
#66 C:\xampp\htdocs\site_iuhm\vendor\phpunit\phpunit\src\Framework\TestCase.php(1335): Tests\Feature\Auth\AuthenticationTest->test_login_screen_can_be_rendered()
#67 C:\xampp\htdocs\site_iuhm\vendor\phpunit\phpunit\src\Framework\TestCase.php(519): PHPUnit\Framework\TestCase->runTest()
#68 C:\xampp\htdocs\site_iuhm\vendor\phpunit\phpunit\src\Framework\TestRunner\TestRunner.php(99): PHPUnit\Framework\TestCase->runBare()
#69 C:\xampp\htdocs\site_iuhm\vendor\phpunit\phpunit\src\Framework\TestCase.php(359): PHPUnit\Framework\TestRunner->run(Object(Tests\Feature\Auth\AuthenticationTest))
#70 C:\xampp\htdocs\site_iuhm\vendor\phpunit\phpunit\src\Framework\TestSuite.php(374): PHPUnit\Framework\TestCase->run()
#71 C:\xampp\htdocs\site_iuhm\vendor\phpunit\phpunit\src\Framework\TestSuite.php(374): PHPUnit\Framework\TestSuite->run()
#72 C:\xampp\htdocs\site_iuhm\vendor\phpunit\phpunit\src\Framework\TestSuite.php(374): PHPUnit\Framework\TestSuite->run()
#73 C:\xampp\htdocs\site_iuhm\vendor\phpunit\phpunit\src\TextUI\TestRunner.php(64): PHPUnit\Framework\TestSuite->run()
#74 C:\xampp\htdocs\site_iuhm\vendor\phpunit\phpunit\src\TextUI\Application.php(229): PHPUnit\TextUI\TestRunner->run(Object(PHPUnit\TextUI\Configuration\Configuration), Object(PHPUnit\Runner\ResultCache\DefaultResultCache), Object(PHPUnit\Framework\TestSuite))
#75 C:\xampp\htdocs\site_iuhm\vendor\phpunit\phpunit\phpunit(104): PHPUnit\TextUI\Application->run(Array)
#76 {main}

----------------------------------------------------------------------------------

Vite manifest not found at: C:\xampp\htdocs\site_iuhm\public\build/manifest.json (View: C:\xampp\htdocs\site_iuhm\resources\views\partials\head.blade.php) (View: C:\xampp\htdocs\site_iuhm\resources\views\partials\head.blade.php) (View: C:\xampp\htdocs\site_iuhm\resources\views\partials\head.blade.php) (View: C:\xampp\htdocs\site_iuhm\resources\views\partials\head.blade.php)[39;22m

  at [32mtests\Feature\Auth\AuthenticationTest.php[39m:[32m18[39m
     14Ôûò     public function test_login_screen_can_be_rendered(): void
     15Ôûò     {
     16Ôûò         $response = $this->get(route('login'));
     17Ôûò 
  Ô×£  18Ôûò         $response->assertOk();
     19Ôûò     }
     20Ôûò 
     21Ôûò     public function test_users_can_authenticate_using_the_login_screen(): void
     22Ôûò     {

  [31mÔöÇÔöÇÔöÇÔöÇÔöÇÔöÇÔöÇÔöÇÔöÇÔöÇÔöÇÔöÇÔöÇÔöÇÔöÇÔöÇÔöÇÔöÇÔöÇÔöÇÔöÇÔöÇÔöÇÔöÇÔöÇÔöÇÔöÇÔöÇÔöÇÔöÇÔöÇÔöÇÔöÇÔöÇÔöÇÔöÇÔöÇÔöÇÔöÇÔöÇÔöÇÔöÇÔöÇÔöÇÔöÇÔöÇÔöÇÔöÇÔöÇÔöÇÔöÇÔöÇÔöÇÔöÇÔöÇÔöÇÔöÇÔöÇÔöÇÔöÇÔöÇÔöÇÔöÇÔöÇÔöÇÔöÇÔöÇÔöÇÔöÇÔöÇÔöÇÔöÇÔöÇÔöÇÔöÇÔöÇ[39m  
  [41;1m FAILED [49;22m [1mTests\Feature\Auth\EmailVerificationTest[22m [90m>[39m email verification scrÔÇª   
[39;1m  Expected response status code [200] but received 500.
Failed asserting that 500 is identical to 200.

The following exception occurred during the last request:

Illuminate\Foundation\ViteManifestNotFoundException: Vite manifest not found at: C:\xampp\htdocs\site_iuhm\public\build/manifest.json in C:\xampp\htdocs\site_iuhm\vendor\laravel\framework\src\Illuminate\Foundation\Vite.php:946
Stack trace:
#0 C:\xampp\htdocs\site_iuhm\vendor\laravel\framework\src\Illuminate\Foundation\Vite.php(384): Illuminate\Foundation\Vite->manifest('build')
#1 C:\xampp\htdocs\site_iuhm\storage\framework\views\5fd94fc7a115eb01cf68443e349dcd01.php(16): Illuminate\Foundation\Vite->__invoke(Object(Illuminate\Support\Collection))
#2 C:\xampp\htdocs\site_iuhm\vendor\laravel\framework\src\Illuminate\Filesystem\Filesystem.php(123): require('C:\\xampp\\htdocs...')
#3 C:\xampp\htdocs\site_iuhm\vendor\laravel\framework\src\Illuminate\Filesystem\Filesystem.php(124): Illuminate\Filesystem\Filesystem::{closure:Illuminate\Filesystem\Filesystem::getRequire():120}()
#4 C:\xampp\htdocs\site_iuhm\vendor\laravel\framework\src\Illuminate\View\Engines\PhpEngine.php(57): Illuminate\Filesystem\Filesystem->getRequire('C:\\xampp\\htdocs...', Array)
#5 C:\xampp\htdocs\site_iuhm\vendor\livewire\livewire\src\Mechanisms\ExtendBlade\ExtendedCompilerEngine.php(22): Illuminate\View\Engines\PhpEngine->evaluatePath('C:\\xampp\\htdocs...', Array)
#6 C:\xampp\htdocs\site_iuhm\vendor\laravel\framework\src\Illuminate\View\Engines\CompilerEngine.php(76): Livewire\Mechanisms\ExtendBlade\ExtendedCompilerEngine->evaluatePath('C:\\xampp\\htdocs...', Array)
#7 C:\xampp\htdocs\site_iuhm\vendor\livewire\livewire\src\Mechanisms\ExtendBlade\ExtendedCompilerEngine.php(10): Illuminate\View\Engines\CompilerEngine->get('C:\\xampp\\htdocs...', Array)
#8 C:\xampp\htdocs\site_iuhm\vendor\laravel\framework\src\Illuminate\View\View.php(208): Livewire\Mechanisms\ExtendBlade\ExtendedCompilerEngine->get('C:\\xampp\\htdocs...', Array)
#9 C:\xampp\htdocs\site_iuhm\vendor\laravel\framework\src\Illuminate\View\View.php(191): Illuminate\View\View->getContents()
#10 C:\xampp\htdocs\site_iuhm\vendor\laravel\framework\src\Illuminate\View\View.php(160): Illuminate\View\View->renderContents()
#11 C:\xampp\htdocs\site_iuhm\storage\framework\views\9f512d4add5423159fffe52151bd4fe8.php(4): Illuminate\View\View->render()
#12 C:\xampp\htdocs\site_iuhm\vendor\laravel\framework\src\Illuminate\Filesystem\Filesystem.php(123): require('C:\\xampp\\htdocs...')
#13 C:\xampp\htdocs\site_iuhm\vendor\laravel\framework\src\Illuminate\Filesystem\Filesystem.php(124): Illuminate\Filesystem\Filesystem::{closure:Illuminate\Filesystem\Filesystem::getRequire():120}()
#14 C:\xampp\htdocs\site_iuhm\vendor\laravel\framework\src\Illuminate\View\Engines\PhpEngine.php(57): Illuminate\Filesystem\Filesystem->getRequire('C:\\xampp\\htdocs...', Array)
#15 C:\xampp\htdocs\site_iuhm\vendor\livewire\livewire\src\Mechanisms\ExtendBlade\ExtendedCompilerEngine.php(22): Illuminate\View\Engines\PhpEngine->evaluatePath('C:\\xampp\\htdocs...', Array)
#16 C:\xampp\htdocs\site_iuhm\vendor\laravel\framework\src\Illuminate\View\Engines\CompilerEngine.php(76): Livewire\Mechanisms\ExtendBlade\ExtendedCompilerEngine->evaluatePath('C:\\xampp\\htdocs...', Array)
#17 C:\xampp\htdocs\site_iuhm\vendor\livewire\livewire\src\Mechanisms\ExtendBlade\ExtendedCompilerEngine.php(10): Illuminate\View\Engines\CompilerEngine->get('C:\\xampp\\htdocs...', Array)
#18 C:\xampp\htdocs\site_iuhm\vendor\laravel\framework\src\Illuminate\View\View.php(208): Livewire\Mechanisms\ExtendBlade\ExtendedCompilerEngine->get('C:\\xampp\\htdocs...', Array)
#19 C:\xampp\htdocs\site_iuhm\vendor\laravel\framework\src\Illuminate\View\View.php(191): Illuminate\View\View->getContents()
#20 C:\xampp\htdocs\site_iuhm\vendor\laravel\framework\src\Illuminate\View\View.php(160): Illuminate\View\View->renderContents()
#21 C:\xampp\htdocs\site_iuhm\vendor\laravel\framework\src\Illuminate\View\Concerns\ManagesComponents.php(103): Illuminate\View\View->render()
#22 C:\xampp\htdocs\site_iuhm\storage\framework\views\77efdc9d6b730fc9d8b06a63d669eb13.php(15): Illuminate\View\Factory->renderComponent()
#23 C:\xampp\htdocs\site_iuhm\vendor\laravel\framework\src\Illuminate\Filesystem\Filesystem.php(123): require('C:\\xampp\\htdocs...')
#24 C:\xampp\htdocs\site_iuhm\vendor\laravel\framework\src\Illuminate\Filesystem\Filesystem.php(124): Illuminate\Filesystem\Filesystem::{closure:Illuminate\Filesystem\Filesystem::getRequire():120}()
#25 C:\xampp\htdocs\site_iuhm\vendor\laravel\framework\src\Illuminate\View\Engines\PhpEngine.php(57): Illuminate\Filesystem\Filesystem->getRequire('C:\\xampp\\htdocs...', Array)
#26 C:\xampp\htdocs\site_iuhm\vendor\livewire\livewire\src\Mechanisms\ExtendBlade\ExtendedCompilerEngine.php(22): Illuminate\View\Engines\PhpEngine->evaluatePath('C:\\xampp\\htdocs...', Array)
#27 C:\xampp\htdocs\site_iuhm\vendor\laravel\framework\src\Illuminate\View\Engines\CompilerEngine.php(76): Livewire\Mechanisms\ExtendBlade\ExtendedCompilerEngine->evaluatePath('C:\\xampp\\htdocs...', Array)
#28 C:\xampp\htdocs\site_iuhm\vendor\livewire\livewire\src\Mechanisms\ExtendBlade\ExtendedCompilerEngine.php(10): Illuminate\View\Engines\CompilerEngine->get('C:\\xampp\\htdocs...', Array)
#29 C:\xampp\htdocs\site_iuhm\vendor\laravel\framework\src\Illuminate\View\View.php(208): Livewire\Mechanisms\ExtendBlade\ExtendedCompilerEngine->get('C:\\xampp\\htdocs...', Array)
#30 C:\xampp\htdocs\site_iuhm\vendor\laravel\framework\src\Illuminate\View\View.php(191): Illuminate\View\View->getContents()
#31 C:\xampp\htdocs\site_iuhm\vendor\laravel\framework\src\Illuminate\View\View.php(160): Illuminate\View\View->renderContents()
#32 C:\xampp\htdocs\site_iuhm\vendor\laravel\framework\src\Illuminate\View\Concerns\ManagesComponents.php(103): Illuminate\View\View->render()
#33 C:\xampp\htdocs\site_iuhm\storage\framework\views\93f5ba9538e75a5491162f59496192f6.php(124): Illuminate\View\Factory->renderComponent()
#34 C:\xampp\htdocs\site_iuhm\vendor\laravel\framework\src\Illuminate\Filesystem\Filesystem.php(123): require('C:\\xampp\\htdocs...')
#35 C:\xampp\htdocs\site_iuhm\vendor\laravel\framework\src\Illuminate\Filesystem\Filesystem.php(124): Illuminate\Filesystem\Filesystem::{closure:Illuminate\Filesystem\Filesystem::getRequire():120}()
#36 C:\xampp\htdocs\site_iuhm\vendor\laravel\framework\src\Illuminate\View\Engines\PhpEngine.php(57): Illuminate\Filesystem\Filesystem->getRequire('C:\\xampp\\htdocs...', Array)
#37 C:\xampp\htdocs\site_iuhm\vendor\livewire\livewire\src\Mechanisms\ExtendBlade\ExtendedCompilerEngine.php(22): Illuminate\View\Engines\PhpEngine->evaluatePath('C:\\xampp\\htdocs...', Array)
#38 C:\xampp\htdocs\site_iuhm\vendor\laravel\framework\src\Illuminate\View\Engines\CompilerEngine.php(76): Livewire\Mechanisms\ExtendBlade\ExtendedCompilerEngine->evaluatePath('C:\\xampp\\htdocs...', Array)
#39 C:\xampp\htdocs\site_iuhm\vendor\livewire\livewire\src\Mechanisms\ExtendBlade\ExtendedCompilerEngine.php(10): Illuminate\View\Engines\CompilerEngine->get('C:\\xampp\\htdocs...', Array)
#40 C:\xampp\htdocs\site_iuhm\vendor\laravel\framework\src\Illuminate\View\View.php(208): Livewire\Mechanisms\ExtendBlade\ExtendedCompilerEngine->get('C:\\xampp\\htdocs...', Array)
#41 C:\xampp\htdocs\site_iuhm\vendor\laravel\framework\src\Illuminate\View\View.php(191): Illuminate\View\View->getContents()
#42 C:\xampp\htdocs\site_iuhm\vendor\laravel\framework\src\Illuminate\View\View.php(160): Illuminate\View\View->renderContents()
#43 C:\xampp\htdocs\site_iuhm\vendor\laravel\framework\src\Illuminate\Http\Response.php(78): Illuminate\View\View->render()
#44 C:\xampp\htdocs\site_iuhm\vendor\laravel\framework\src\Illuminate\Http\Response.php(34): Illuminate\Http\Response->setContent(Object(Illuminate\View\View))
#45 C:\xampp\htdocs\site_iuhm\vendor\laravel\framework\src\Illuminate\Routing\Router.php(939): Illuminate\Http\Response->__construct(Object(Illuminate\View\View), 200, Array)
#46 C:\xampp\htdocs\site_iuhm\vendor\laravel\framework\src\Illuminate\Routing\Router.php(906): Illuminate\Routing\Router::toResponse(Object(Illuminate\Http\Request), Object(Illuminate\View\View))
#47 C:\xampp\htdocs\site_iuhm\vendor\laravel\framework\src\Illuminate\Routing\Router.php(821): Illuminate\Routing\Router->prepareResponse(Object(Illuminate\Http\Request), Object(Laravel\Fortify\Http\Responses\SimpleViewResponse))
#48 C:\xampp\htdocs\site_iuhm\vendor\laravel\framework\src\Illuminate\Pipeline\Pipeline.php(180): Illuminate\Routing\Router->{closure:Illuminate\Routing\Router::runRouteWithinStack():821}(Object(Illuminate\Http\Request))
#49 C:\xampp\htdocs\site_iuhm\app\Http\Middleware\SetTeamUrlDefaults.php(26): Illuminate\Pipeline\Pipeline->{closure:Illuminate\Pipeline\Pipeline::prepareDestination():178}(Object(Illuminate\Http\Request))
#50 C:\xampp\htdocs\site_iuhm\vendor\laravel\framework\src\Illuminate\Pipeline\Pipeline.php(219): App\Http\Middleware\SetTeamUrlDefaults->handle(Object(Illuminate\Http\Request), Object(Closure))
#51 C:\xampp\htdocs\site_iuhm\app\Http\Middleware\SetLocale.php(28): Illuminate\Pipeline\Pipeline->{closure:{closure:Illuminate\Pipeline\Pipeline::carry():194}:195}(Object(Illuminate\Http\Request))
#52 C:\xampp\htdocs\site_iuhm\vendor\laravel\framework\src\Illuminate\Pipeline\Pipeline.php(219): App\Http\Middleware\SetLocale->handle(Object(Illuminate\Http\Request), Object(Closure))
#53 C:\xampp\htdocs\site_iuhm\vendor\laravel\framework\src\Illuminate\Routing\Middleware\SubstituteBindings.php(52): Illuminate\Pipeline\Pipeline->{closure:{closure:Illuminate\Pipeline\Pipeline::carry():194}:195}(Object(Illuminate\Http\Request))
#54 C:\xampp\htdocs\site_iuhm\vendor\laravel\framework\src\Illuminate\Pipeline\Pipeline.php(219): Illuminate\Routing\Middleware\SubstituteBindings->handle(Object(Illuminate\Http\Request), Object(Closure))
#55 C:\xampp\htdocs\site_iuhm\vendor\laravel\framework\src\Illuminate\Auth\Middleware\Authenticate.php(63): Illuminate\Pipeline\Pipeline->{closure:{closure:Illuminate\Pipeline\Pipeline::carry():194}:195}(Object(Illuminate\Http\Request))
#56 C:\xampp\htdocs\site_iuhm\vendor\laravel\framework\src\Illuminate\Pipeline\Pipeline.php(219): Illuminate\Auth\Middleware\Authenticate->handle(Object(Illuminate\Http\Request), Object(Closure), 'web')
#57 C:\xampp\htdocs\site_iuhm\vendor\laravel\framework\src\Illuminate\Foundation\Http\Middleware\PreventRequestForgery.php(104): Illuminate\Pipeline\Pipeline->{closure:{closure:Illuminate\Pipeline\Pipeline::carry():194}:195}(Object(Illuminate\Http\Request))
#58 C:\xampp\htdocs\site_iuhm\vendor\laravel\framework\src\Illuminate\Pipeline\Pipeline.php(219): Illuminate\Foundation\Http\Middleware\PreventRequestForgery->handle(Object(Illuminate\Http\Request), Object(Closure))
#59 C:\xampp\htdocs\site_iuhm\vendor\laravel\framework\src\Illuminate\View\Middleware\ShareErrorsFromSession.php(48): Illuminate\Pipeline\Pipeline->{closure:{closure:Illuminate\Pipeline\Pipeline::carry():194}:195}(Object(Illuminate\Http\Request))
#60 C:\xampp\htdocs\site_iuhm\vendor\laravel\framework\src\Illuminate\Pipeline\Pipeline.php(219): Illuminate\View\Middleware\ShareErrorsFromSession->handle(Object(Illuminate\Http\Request), Object(Closure))
#61 C:\xampp\htdocs\site_iuhm\vendor\laravel\framework\src\Illuminate\Session\Middleware\StartSession.php(120): Illuminate\Pipeline\Pipeline->{closure:{closure:Illuminate\Pipeline\Pipeline::carry():194}:195}(Object(Illuminate\Http\Request))
#62 C:\xampp\htdocs\site_iuhm\vendor\laravel\framework\src\Illuminate\Session\Middleware\StartSession.php(63): Illuminate\Session\Middleware\StartSession->handleStatefulRequest(Object(Illuminate\Http\Request), Object(Illuminate\Session\Store), Object(Closure))
#63 C:\xampp\htdocs\site_iuhm\vendor\laravel\framework\src\Illuminate\Pipeline\Pipeline.php(219): Illuminate\Session\Middleware\StartSession->handle(Object(Illuminate\Http\Request), Object(Closure))
#64 C:\xampp\htdocs\site_iuhm\vendor\laravel\framework\src\Illuminate\Cookie\Middleware\AddQueuedCookiesToResponse.php(36): Illuminate\Pipeline\Pipeline->{closure:{closure:Illuminate\Pipeline\Pipeline::carry():194}:195}(Object(Illuminate\Http\Request))
#65 C:\xampp\htdocs\site_iuhm\vendor\laravel\framework\src\Illuminate\Pipeline\Pipeline.php(219): Illuminate\Cookie\Middleware\AddQueuedCookiesToResponse->handle(Object(Illuminate\Http\Request), Object(Closure))
#66 C:\xampp\htdocs\site_iuhm\vendor\laravel\framework\src\Illuminate\Cookie\Middleware\EncryptCookies.php(74): Illuminate\Pipeline\Pipeline->{closure:{closure:Illuminate\Pipeline\Pipeline::carry():194}:195}(Object(Illuminate\Http\Request))
#67 C:\xampp\htdocs\site_iuhm\vendor\laravel\framework\src\Illuminate\Pipeline\Pipeline.php(219): Illuminate\Cookie\Middleware\EncryptCookies->handle(Object(Illuminate\Http\Request), Object(Closure))
#68 C:\xampp\htdocs\site_iuhm\vendor\laravel\framework\src\Illuminate\Pipeline\Pipeline.php(137): Illuminate\Pipeline\Pipeline->{closure:{closure:Illuminate\Pipeline\Pipeline::carry():194}:195}(Object(Illuminate\Http\Request))
#69 C:\xampp\htdocs\site_iuhm\vendor\laravel\framework\src\Illuminate\Routing\Router.php(821): Illuminate\Pipeline\Pipeline->then(Object(Closure))
#70 C:\xampp\htdocs\site_iuhm\vendor\laravel\framework\src\Illuminate\Routing\Router.php(800): Illuminate\Routing\Router->runRouteWithinStack(Object(Illuminate\Routing\Route), Object(Illuminate\Http\Request))
#71 C:\xampp\htdocs\site_iuhm\vendor\laravel\framework\src\Illuminate\Routing\Router.php(764): Illuminate\Routing\Router->runRoute(Object(Illuminate\Http\Request), Object(Illuminate\Routing\Route))
#72 C:\xampp\htdocs\site_iuhm\vendor\laravel\framework\src\Illuminate\Routing\Router.php(753): Illuminate\Routing\Router->dispatchToRoute(Object(Illuminate\Http\Request))
#73 C:\xampp\htdocs\site_iuhm\vendor\laravel\framework\src\Illuminate\Foundation\Http\Kernel.php(200): Illuminate\Routing\Router->dispatch(Object(Illuminate\Http\Request))
#74 C:\xampp\htdocs\site_iuhm\vendor\laravel\framework\src\Illuminate\Pipeline\Pipeline.php(180): Illuminate\Foundation\Http\Kernel->{closure:Illuminate\Foundation\Http\Kernel::dispatchToRouter():197}(Object(Illuminate\Http\Request))
#75 C:\xampp\htdocs\site_iuhm\vendor\livewire\livewire\src\Features\SupportDisablingBackButtonCache\DisableBackButtonCacheMiddleware.php(19): Illuminate\Pipeline\Pipeline->{closure:Illuminate\Pipeline\Pipeline::prepareDestination():178}(Object(Illuminate\Http\Request))
#76 C:\xampp\htdocs\site_iuhm\vendor\laravel\framework\src\Illuminate\Pipeline\Pipeline.php(219): Livewire\Features\SupportDisablingBackButtonCache\DisableBackButtonCacheMiddleware->handle(Object(Illuminate\Http\Request), Object(Closure))
#77 C:\xampp\htdocs\site_iuhm\vendor\laravel\framework\src\Illuminate\Foundation\Http\Middleware\TransformsRequest.php(21): Illuminate\Pipeline\Pipeline->{closure:{closure:Illuminate\Pipeline\Pipeline::carry():194}:195}(Object(Illuminate\Http\Request))
#78 C:\xampp\htdocs\site_iuhm\vendor\laravel\framework\src\Illuminate\Foundation\Http\Middleware\ConvertEmptyStringsToNull.php(31): Illuminate\Foundation\Http\Middleware\TransformsRequest->handle(Object(Illuminate\Http\Request), Object(Closure))
#79 C:\xampp\htdocs\site_iuhm\vendor\laravel\framework\src\Illuminate\Pipeline\Pipeline.php(219): Illuminate\Foundation\Http\Middleware\ConvertEmptyStringsToNull->handle(Object(Illuminate\Http\Request), Object(Closure))
#80 C:\xampp\htdocs\site_iuhm\vendor\laravel\framework\src\Illuminate\Foundation\Http\Middleware\TransformsRequest.php(21): Illuminate\Pipeline\Pipeline->{closure:{closure:Illuminate\Pipeline\Pipeline::carry():194}:195}(Object(Illuminate\Http\Request))
#81 C:\xampp\htdocs\site_iuhm\vendor\laravel\framework\src\Illuminate\Foundation\Http\Middleware\TrimStrings.php(51): Illuminate\Foundation\Http\Middleware\TransformsRequest->handle(Object(Illuminate\Http\Request), Object(Closure))
#82 C:\xampp\htdocs\site_iuhm\vendor\laravel\framework\src\Illuminate\Pipeline\Pipeline.php(219): Illuminate\Foundation\Http\Middleware\TrimStrings->handle(Object(Illuminate\Http\Request), Object(Closure))
#83 C:\xampp\htdocs\site_iuhm\vendor\laravel\framework\src\Illuminate\Http\Middleware\ValidatePostSize.php(27): Illuminate\Pipeline\Pipeline->{closure:{closure:Illuminate\Pipeline\Pipeline::carry():194}:195}(Object(Illuminate\Http\Request))
#84 C:\xampp\htdocs\site_iuhm\vendor\laravel\framework\src\Illuminate\Pipeline\Pipeline.php(219): Illuminate\Http\Middleware\ValidatePostSize->handle(Object(Illuminate\Http\Request), Object(Closure))
#85 C:\xampp\htdocs\site_iuhm\vendor\laravel\framework\src\Illuminate\Foundation\Http\Middleware\PreventRequestsDuringMaintenance.php(109): Illuminate\Pipeline\Pipeline->{closure:{closure:Illuminate\Pipeline\Pipeline::carry():194}:195}(Object(Illuminate\Http\Request))
#86 C:\xampp\htdocs\site_iuhm\vendor\laravel\framework\src\Illuminate\Pipeline\Pipeline.php(219): Illuminate\Foundation\Http\Middleware\PreventRequestsDuringMaintenance->handle(Object(Illuminate\Http\Request), Object(Closure))
#87 C:\xampp\htdocs\site_iuhm\vendor\laravel\framework\src\Illuminate\Http\Middleware\HandleCors.php(61): Illuminate\Pipeline\Pipeline->{closure:{closure:Illuminate\Pipeline\Pipeline::carry():194}:195}(Object(Illuminate\Http\Request))
#88 C:\xampp\htdocs\site_iuhm\vendor\laravel\framework\src\Illuminate\Pipeline\Pipeline.php(219): Illuminate\Http\Middleware\HandleCors->handle(Object(Illuminate\Http\Request), Object(Closure))
#89 C:\xampp\htdocs\site_iuhm\vendor\laravel\framework\src\Illuminate\Http\Middleware\TrustProxies.php(58): Illuminate\Pipeline\Pipeline->{closure:{closure:Illuminate\Pipeline\Pipeline::carry():194}:195}(Object(Illuminate\Http\Request))
#90 C:\xampp\htdocs\site_iuhm\vendor\laravel\framework\src\Illuminate\Pipeline\Pipeline.php(219): Illuminate\Http\Middleware\TrustProxies->handle(Object(Illuminate\Http\Request), Object(Closure))
#91 C:\xampp\htdocs\site_iuhm\vendor\laravel\framework\src\Illuminate\Foundation\Http\Middleware\InvokeDeferredCallbacks.php(22): Illuminate\Pipeline\Pipeline->{closure:{closure:Illuminate\Pipeline\Pipeline::carry():194}:195}(Object(Illuminate\Http\Request))
#92 C:\xampp\htdocs\site_iuhm\vendor\laravel\framework\src\Illuminate\Pipeline\Pipeline.php(219): Illuminate\Foundation\Http\Middleware\InvokeDeferredCallbacks->handle(Object(Illuminate\Http\Request), Object(Closure))
#93 C:\xampp\htdocs\site_iuhm\vendor\laravel\framework\src\Illuminate\Http\Middleware\ValidatePathEncoding.php(28): Illuminate\Pipeline\Pipeline->{closure:{closure:Illuminate\Pipeline\Pipeline::carry():194}:195}(Object(Illuminate\Http\Request))
#94 C:\xampp\htdocs\site_iuhm\vendor\laravel\framework\src\Illuminate\Pipeline\Pipeline.php(219): Illuminate\Http\Middleware\ValidatePathEncoding->handle(Object(Illuminate\Http\Request), Object(Closure))
#95 C:\xampp\htdocs\site_iuhm\vendor\laravel\framework\src\Illuminate\Pipeline\Pipeline.php(137): Illuminate\Pipeline\Pipeline->{closure:{closure:Illuminate\Pipeline\Pipeline::carry():194}:195}(Object(Illuminate\Http\Request))
#96 C:\xampp\htdocs\site_iuhm\vendor\laravel\framework\src\Illuminate\Foundation\Http\Kernel.php(175): Illuminate\Pipeline\Pipeline->then(Object(Closure))
#97 C:\xampp\htdocs\site_iuhm\vendor\laravel\framework\src\Illuminate\Foundation\Http\Kernel.php(144): Illuminate\Foundation\Http\Kernel->sendRequestThroughRouter(Object(Illuminate\Http\Request))
#98 C:\xampp\htdocs\site_iuhm\vendor\laravel\framework\src\Illuminate\Foundation\Testing\Concerns\MakesHttpRequests.php(607): Illuminate\Foundation\Http\Kernel->handle(Object(Illuminate\Http\Request))
#99 C:\xampp\htdocs\site_iuhm\vendor\laravel\framework\src\Illuminate\Foundation\Testing\Concerns\MakesHttpRequests.php(368): Illuminate\Foundation\Testing\TestCase->call('GET', 'http://localhos...', Array, Array, Array, Array)
#100 C:\xampp\htdocs\site_iuhm\tests\Feature\Auth\EmailVerificationTest.php(20): Illuminate\Foundation\Testing\TestCase->get('http://localhos...')
#101 C:\xampp\htdocs\site_iuhm\vendor\phpunit\phpunit\src\Framework\TestCase.php(1335): Tests\Feature\Auth\EmailVerificationTest->test_email_verification_screen_can_be_rendered()
#102 C:\xampp\htdocs\site_iuhm\vendor\phpunit\phpunit\src\Framework\TestCase.php(519): PHPUnit\Framework\TestCase->runTest()
#103 C:\xampp\htdocs\site_iuhm\vendor\phpunit\phpunit\src\Framework\TestRunner\TestRunner.php(99): PHPUnit\Framework\TestCase->runBare()
#104 C:\xampp\htdocs\site_iuhm\vendor\phpunit\phpunit\src\Framework\TestCase.php(359): PHPUnit\Framework\TestRunner->run(Object(Tests\Feature\Auth\EmailVerificationTest))
#105 C:\xampp\htdocs\site_iuhm\vendor\phpunit\phpunit\src\Framework\TestSuite.php(374): PHPUnit\Framework\TestCase->run()
#106 C:\xampp\htdocs\site_iuhm\vendor\phpunit\phpunit\src\Framework\TestSuite.php(374): PHPUnit\Framework\TestSuite->run()
#107 C:\xampp\htdocs\site_iuhm\vendor\phpunit\phpunit\src\Framework\TestSuite.php(374): PHPUnit\Framework\TestSuite->run()
#108 C:\xampp\htdocs\site_iuhm\vendor\phpunit\phpunit\src\TextUI\TestRunner.php(64): PHPUnit\Framework\TestSuite->run()
#109 C:\xampp\htdocs\site_iuhm\vendor\phpunit\phpunit\src\TextUI\Application.php(229): PHPUnit\TextUI\TestRunner->run(Object(PHPUnit\TextUI\Configuration\Configuration), Object(PHPUnit\Runner\ResultCache\DefaultResultCache), Object(PHPUnit\Framework\TestSuite))
#110 C:\xampp\htdocs\site_iuhm\vendor\phpunit\phpunit\phpunit(104): PHPUnit\TextUI\Application->run(Array)
#111 {main}

Next Illuminate\View\ViewException: Vite manifest not found at: C:\xampp\htdocs\site_iuhm\public\build/manifest.json (View: C:\xampp\htdocs\site_iuhm\resources\views\partials\head.blade.php) in C:\xampp\htdocs\site_iuhm\vendor\laravel\framework\src\Illuminate\Foundation\Vite.php:946
Stack trace:
#0 C:\xampp\htdocs\site_iuhm\vendor\livewire\livewire\src\Mechanisms\ExtendBlade\ExtendedCompilerEngine.php(58): Illuminate\View\Engines\CompilerEngine->handleViewException(Object(Illuminate\Foundation\ViteManifestNotFoundException), 4)
#1 C:\xampp\htdocs\site_iuhm\vendor\laravel\framework\src\Illuminate\View\Engines\PhpEngine.php(59): Livewire\Mechanisms\ExtendBlade\ExtendedCompilerEngine->handleViewException(Object(Illuminate\Foundation\ViteManifestNotFoundException), 4)
#2 C:\xampp\htdocs\site_iuhm\vendor\livewire\livewire\src\Mechanisms\ExtendBlade\ExtendedCompilerEngine.php(22): Illuminate\View\Engines\PhpEngine->evaluatePath('C:\\xampp\\htdocs...', Array)
#3 C:\xampp\htdocs\site_iuhm\vendor\laravel\framework\src\Illuminate\View\Engines\CompilerEngine.php(76): Livewire\Mechanisms\ExtendBlade\ExtendedCompilerEngine->evaluatePath('C:\\xampp\\htdocs...', Array)
#4 C:\xampp\htdocs\site_iuhm\vendor\livewire\livewire\src\Mechanisms\ExtendBlade\ExtendedCompilerEngine.php(10): Illuminate\View\Engines\CompilerEngine->get('C:\\xampp\\htdocs...', Array)
#5 C:\xampp\htdocs\site_iuhm\vendor\laravel\framework\src\Illuminate\View\View.php(208): Livewire\Mechanisms\ExtendBlade\ExtendedCompilerEngine->get('C:\\xampp\\htdocs...', Array)
#6 C:\xampp\htdocs\site_iuhm\vendor\laravel\framework\src\Illuminate\View\View.php(191): Illuminate\View\View->getContents()
#7 C:\xampp\htdocs\site_iuhm\vendor\laravel\framework\src\Illuminate\View\View.php(160): Illuminate\View\View->renderContents()
#8 C:\xampp\htdocs\site_iuhm\storage\framework\views\9f512d4add5423159fffe52151bd4fe8.php(4): Illuminate\View\View->render()
#9 C:\xampp\htdocs\site_iuhm\vendor\laravel\framework\src\Illuminate\Filesystem\Filesystem.php(123): require('C:\\xampp\\htdocs...')
#10 C:\xampp\htdocs\site_iuhm\vendor\laravel\framework\src\Illuminate\Filesystem\Filesystem.php(124): Illuminate\Filesystem\Filesystem::{closure:Illuminate\Filesystem\Filesystem::getRequire():120}()
#11 C:\xampp\htdocs\site_iuhm\vendor\laravel\framework\src\Illuminate\View\Engines\PhpEngine.php(57): Illuminate\Filesystem\Filesystem->getRequire('C:\\xampp\\htdocs...', Array)
#12 C:\xampp\htdocs\site_iuhm\vendor\livewire\livewire\src\Mechanisms\ExtendBlade\ExtendedCompilerEngine.php(22): Illuminate\View\Engines\PhpEngine->evaluatePath('C:\\xampp\\htdocs...', Array)
#13 C:\xampp\htdocs\site_iuhm\vendor\laravel\framework\src\Illuminate\View\Engines\CompilerEngine.php(76): Livewire\Mechanisms\ExtendBlade\ExtendedCompilerEngine->evaluatePath('C:\\xampp\\htdocs...', Array)
#14 C:\xampp\htdocs\site_iuhm\vendor\livewire\livewire\src\Mechanisms\ExtendBlade\ExtendedCompilerEngine.php(10): Illuminate\View\Engines\CompilerEngine->get('C:\\xampp\\htdocs...', Array)
#15 C:\xampp\htdocs\site_iuhm\vendor\laravel\framework\src\Illuminate\View\View.php(208): Livewire\Mechanisms\ExtendBlade\ExtendedCompilerEngine->get('C:\\xampp\\htdocs...', Array)
#16 C:\xampp\htdocs\site_iuhm\vendor\laravel\framework\src\Illuminate\View\View.php(191): Illuminate\View\View->getContents()
#17 C:\xampp\htdocs\site_iuhm\vendor\laravel\framework\src\Illuminate\View\View.php(160): Illuminate\View\View->renderContents()
#18 C:\xampp\htdocs\site_iuhm\vendor\laravel\framework\src\Illuminate\View\Concerns\ManagesComponents.php(103): Illuminate\View\View->render()
#19 C:\xampp\htdocs\site_iuhm\storage\framework\views\77efdc9d6b730fc9d8b06a63d669eb13.php(15): Illuminate\View\Factory->renderComponent()
#20 C:\xampp\htdocs\site_iuhm\vendor\laravel\framework\src\Illuminate\Filesystem\Filesystem.php(123): require('C:\\xampp\\htdocs...')
#21 C:\xampp\htdocs\site_iuhm\vendor\laravel\framework\src\Illuminate\Filesystem\Filesystem.php(124): Illuminate\Filesystem\Filesystem::{closure:Illuminate\Filesystem\Filesystem::getRequire():120}()
#22 C:\xampp\htdocs\site_iuhm\vendor\laravel\framework\src\Illuminate\View\Engines\PhpEngine.php(57): Illuminate\Filesystem\Filesystem->getRequire('C:\\xampp\\htdocs...', Array)
#23 C:\xampp\htdocs\site_iuhm\vendor\livewire\livewire\src\Mechanisms\ExtendBlade\ExtendedCompilerEngine.php(22): Illuminate\View\Engines\PhpEngine->evaluatePath('C:\\xampp\\htdocs...', Array)
#24 C:\xampp\htdocs\site_iuhm\vendor\laravel\framework\src\Illuminate\View\Engines\CompilerEngine.php(76): Livewire\Mechanisms\ExtendBlade\ExtendedCompilerEngine->evaluatePath('C:\\xampp\\htdocs...', Array)
#25 C:\xampp\htdocs\site_iuhm\vendor\livewire\livewire\src\Mechanisms\ExtendBlade\ExtendedCompilerEngine.php(10): Illuminate\View\Engines\CompilerEngine->get('C:\\xampp\\htdocs...', Array)
#26 C:\xampp\htdocs\site_iuhm\vendor\laravel\framework\src\Illuminate\View\View.php(208): Livewire\Mechanisms\ExtendBlade\ExtendedCompilerEngine->get('C:\\xampp\\htdocs...', Array)
#27 C:\xampp\htdocs\site_iuhm\vendor\laravel\framework\src\Illuminate\View\View.php(191): Illuminate\View\View->getContents()
#28 C:\xampp\htdocs\site_iuhm\vendor\laravel\framework\src\Illuminate\View\View.php(160): Illuminate\View\View->renderContents()
#29 C:\xampp\htdocs\site_iuhm\vendor\laravel\framework\src\Illuminate\View\Concerns\ManagesComponents.php(103): Illuminate\View\View->render()
#30 C:\xampp\htdocs\site_iuhm\storage\framework\views\93f5ba9538e75a5491162f59496192f6.php(124): Illuminate\View\Factory->renderComponent()
#31 C:\xampp\htdocs\site_iuhm\vendor\laravel\framework\src\Illuminate\Filesystem\Filesystem.php(123): require('C:\\xampp\\htdocs...')
#32 C:\xampp\htdocs\site_iuhm\vendor\laravel\framework\src\Illuminate\Filesystem\Filesystem.php(124): Illuminate\Filesystem\Filesystem::{closure:Illuminate\Filesystem\Filesystem::getRequire():120}()
#33 C:\xampp\htdocs\site_iuhm\vendor\laravel\framework\src\Illuminate\View\Engines\PhpEngine.php(57): Illuminate\Filesystem\Filesystem->getRequire('C:\\xampp\\htdocs...', Array)
#34 C:\xampp\htdocs\site_iuhm\vendor\livewire\livewire\src\Mechanisms\ExtendBlade\ExtendedCompilerEngine.php(22): Illuminate\View\Engines\PhpEngine->evaluatePath('C:\\xampp\\htdocs...', Array)
#35 C:\xampp\htdocs\site_iuhm\vendor\laravel\framework\src\Illuminate\View\Engines\CompilerEngine.php(76): Livewire\Mechanisms\ExtendBlade\ExtendedCompilerEngine->evaluatePath('C:\\xampp\\htdocs...', Array)
#36 C:\xampp\htdocs\site_iuhm\vendor\livewire\livewire\src\Mechanisms\ExtendBlade\ExtendedCompilerEngine.php(10): Illuminate\View\Engines\CompilerEngine->get('C:\\xampp\\htdocs...', Array)
#37 C:\xampp\htdocs\site_iuhm\vendor\laravel\framework\src\Illuminate\View\View.php(208): Livewire\Mechanisms\ExtendBlade\ExtendedCompilerEngine->get('C:\\xampp\\htdocs...', Array)
#38 C:\xampp\htdocs\site_iuhm\vendor\laravel\framework\src\Illuminate\View\View.php(191): Illuminate\View\View->getContents()
#39 C:\xampp\htdocs\site_iuhm\vendor\laravel\framework\src\Illuminate\View\View.php(160): Illuminate\View\View->renderContents()
#40 C:\xampp\htdocs\site_iuhm\vendor\laravel\framework\src\Illuminate\Http\Response.php(78): Illuminate\View\View->render()
#41 C:\xampp\htdocs\site_iuhm\vendor\laravel\framework\src\Illuminate\Http\Response.php(34): Illuminate\Http\Response->setContent(Object(Illuminate\View\View))
#42 C:\xampp\htdocs\site_iuhm\vendor\laravel\framework\src\Illuminate\Routing\Router.php(939): Illuminate\Http\Response->__construct(Object(Illuminate\View\View), 200, Array)
#43 C:\xampp\htdocs\site_iuhm\vendor\laravel\framework\src\Illuminate\Routing\Router.php(906): Illuminate\Routing\Router::toResponse(Object(Illuminate\Http\Request), Object(Illuminate\View\View))
#44 C:\xampp\htdocs\site_iuhm\vendor\laravel\framework\src\Illuminate\Routing\Router.php(821): Illuminate\Routing\Router->prepareResponse(Object(Illuminate\Http\Request), Object(Laravel\Fortify\Http\Responses\SimpleViewResponse))
#45 C:\xampp\htdocs\site_iuhm\vendor\laravel\framework\src\Illuminate\Pipeline\Pipeline.php(180): Illuminate\Routing\Router->{closure:Illuminate\Routing\Router::runRouteWithinStack():821}(Object(Illuminate\Http\Request))
#46 C:\xampp\htdocs\site_iuhm\app\Http\Middleware\SetTeamUrlDefaults.php(26): Illuminate\Pipeline\Pipeline->{closure:Illuminate\Pipeline\Pipeline::prepareDestination():178}(Object(Illuminate\Http\Request))
#47 C:\xampp\htdocs\site_iuhm\vendor\laravel\framework\src\Illuminate\Pipeline\Pipeline.php(219): App\Http\Middleware\SetTeamUrlDefaults->handle(Object(Illuminate\Http\Request), Object(Closure))
#48 C:\xampp\htdocs\site_iuhm\app\Http\Middleware\SetLocale.php(28): Illuminate\Pipeline\Pipeline->{closure:{closure:Illuminate\Pipeline\Pipeline::carry():194}:195}(Object(Illuminate\Http\Request))
#49 C:\xampp\htdocs\site_iuhm\vendor\laravel\framework\src\Illuminate\Pipeline\Pipeline.php(219): App\Http\Middleware\SetLocale->handle(Object(Illuminate\Http\Request), Object(Closure))
#50 C:\xampp\htdocs\site_iuhm\vendor\laravel\framework\src\Illuminate\Routing\Middleware\SubstituteBindings.php(52): Illuminate\Pipeline\Pipeline->{closure:{closure:Illuminate\Pipeline\Pipeline::carry():194}:195}(Object(Illuminate\Http\Request))
#51 C:\xampp\htdocs\site_iuhm\vendor\laravel\framework\src\Illuminate\Pipeline\Pipeline.php(219): Illuminate\Routing\Middleware\SubstituteBindings->handle(Object(Illuminate\Http\Request), Object(Closure))
#52 C:\xampp\htdocs\site_iuhm\vendor\laravel\framework\src\Illuminate\Auth\Middleware\Authenticate.php(63): Illuminate\Pipeline\Pipeline->{closure:{closure:Illuminate\Pipeline\Pipeline::carry():194}:195}(Object(Illuminate\Http\Request))
#53 C:\xampp\htdocs\site_iuhm\vendor\laravel\framework\src\Illuminate\Pipeline\Pipeline.php(219): Illuminate\Auth\Middleware\Authenticate->handle(Object(Illuminate\Http\Request), Object(Closure), 'web')
#54 C:\xampp\htdocs\site_iuhm\vendor\laravel\framework\src\Illuminate\Foundation\Http\Middleware\PreventRequestForgery.php(104): Illuminate\Pipeline\Pipeline->{closure:{closure:Illuminate\Pipeline\Pipeline::carry():194}:195}(Object(Illuminate\Http\Request))
#55 C:\xampp\htdocs\site_iuhm\vendor\laravel\framework\src\Illuminate\Pipeline\Pipeline.php(219): Illuminate\Foundation\Http\Middleware\PreventRequestForgery->handle(Object(Illuminate\Http\Request), Object(Closure))
#56 C:\xampp\htdocs\site_iuhm\vendor\laravel\framework\src\Illuminate\View\Middleware\ShareErrorsFromSession.php(48): Illuminate\Pipeline\Pipeline->{closure:{closure:Illuminate\Pipeline\Pipeline::carry():194}:195}(Object(Illuminate\Http\Request))
#57 C:\xampp\htdocs\site_iuhm\vendor\laravel\framework\src\Illuminate\Pipeline\Pipeline.php(219): Illuminate\View\Middleware\ShareErrorsFromSession->handle(Object(Illuminate\Http\Request), Object(Closure))
#58 C:\xampp\htdocs\site_iuhm\vendor\laravel\framework\src\Illuminate\Session\Middleware\StartSession.php(120): Illuminate\Pipeline\Pipeline->{closure:{closure:Illuminate\Pipeline\Pipeline::carry():194}:195}(Object(Illuminate\Http\Request))
#59 C:\xampp\htdocs\site_iuhm\vendor\laravel\framework\src\Illuminate\Session\Middleware\StartSession.php(63): Illuminate\Session\Middleware\StartSession->handleStatefulRequest(Object(Illuminate\Http\Request), Object(Illuminate\Session\Store), Object(Closure))
#60 C:\xampp\htdocs\site_iuhm\vendor\laravel\framework\src\Illuminate\Pipeline\Pipeline.php(219): Illuminate\Session\Middleware\StartSession->handle(Object(Illuminate\Http\Request), Object(Closure))
#61 C:\xampp\htdocs\site_iuhm\vendor\laravel\framework\src\Illuminate\Cookie\Middleware\AddQueuedCookiesToResponse.php(36): Illuminate\Pipeline\Pipeline->{closure:{closure:Illuminate\Pipeline\Pipeline::carry():194}:195}(Object(Illuminate\Http\Request))
#62 C:\xampp\htdocs\site_iuhm\vendor\laravel\framework\src\Illuminate\Pipeline\Pipeline.php(219): Illuminate\Cookie\Middleware\AddQueuedCookiesToResponse->handle(Object(Illuminate\Http\Request), Object(Closure))
#63 C:\xampp\htdocs\site_iuhm\vendor\laravel\framework\src\Illuminate\Cookie\Middleware\EncryptCookies.php(74): Illuminate\Pipeline\Pipeline->{closure:{closure:Illuminate\Pipeline\Pipeline::carry():194}:195}(Object(Illuminate\Http\Request))
#64 C:\xampp\htdocs\site_iuhm\vendor\laravel\framework\src\Illuminate\Pipeline\Pipeline.php(219): Illuminate\Cookie\Middleware\EncryptCookies->handle(Object(Illuminate\Http\Request), Object(Closure))
#65 C:\xampp\htdocs\site_iuhm\vendor\laravel\framework\src\Illuminate\Pipeline\Pipeline.php(137): Illuminate\Pipeline\Pipeline->{closure:{closure:Illuminate\Pipeline\Pipeline::carry():194}:195}(Object(Illuminate\Http\Request))
#66 C:\xampp\htdocs\site_iuhm\vendor\laravel\framework\src\Illuminate\Routing\Router.php(821): Illuminate\Pipeline\Pipeline->then(Object(Closure))
#67 C:\xampp\htdocs\site_iuhm\vendor\laravel\framework\src\Illuminate\Routing\Router.php(800): Illuminate\Routing\Router->runRouteWithinStack(Object(Illuminate\Routing\Route), Object(Illuminate\Http\Request))
#68 C:\xampp\htdocs\site_iuhm\vendor\laravel\framework\src\Illuminate\Routing\Router.php(764): Illuminate\Routing\Router->runRoute(Object(Illuminate\Http\Request), Object(Illuminate\Routing\Route))
#69 C:\xampp\htdocs\site_iuhm\vendor\laravel\framework\src\Illuminate\Routing\Router.php(753): Illuminate\Routing\Router->dispatchToRoute(Object(Illuminate\Http\Request))
#70 C:\xampp\htdocs\site_iuhm\vendor\laravel\framework\src\Illuminate\Foundation\Http\Kernel.php(200): Illuminate\Routing\Router->dispatch(Object(Illuminate\Http\Request))
#71 C:\xampp\htdocs\site_iuhm\vendor\laravel\framework\src\Illuminate\Pipeline\Pipeline.php(180): Illuminate\Foundation\Http\Kernel->{closure:Illuminate\Foundation\Http\Kernel::dispatchToRouter():197}(Object(Illuminate\Http\Request))
#72 C:\xampp\htdocs\site_iuhm\vendor\livewire\livewire\src\Features\SupportDisablingBackButtonCache\DisableBackButtonCacheMiddleware.php(19): Illuminate\Pipeline\Pipeline->{closure:Illuminate\Pipeline\Pipeline::prepareDestination():178}(Object(Illuminate\Http\Request))
#73 C:\xampp\htdocs\site_iuhm\vendor\laravel\framework\src\Illuminate\Pipeline\Pipeline.php(219): Livewire\Features\SupportDisablingBackButtonCache\DisableBackButtonCacheMiddleware->handle(Object(Illuminate\Http\Request), Object(Closure))
#74 C:\xampp\htdocs\site_iuhm\vendor\laravel\framework\src\Illuminate\Foundation\Http\Middleware\TransformsRequest.php(21): Illuminate\Pipeline\Pipeline->{closure:{closure:Illuminate\Pipeline\Pipeline::carry():194}:195}(Object(Illuminate\Http\Request))
#75 C:\xampp\htdocs\site_iuhm\vendor\laravel\framework\src\Illuminate\Foundation\Http\Middleware\ConvertEmptyStringsToNull.php(31): Illuminate\Foundation\Http\Middleware\TransformsRequest->handle(Object(Illuminate\Http\Request), Object(Closure))
#76 C:\xampp\htdocs\site_iuhm\vendor\laravel\framework\src\Illuminate\Pipeline\Pipeline.php(219): Illuminate\Foundation\Http\Middleware\ConvertEmptyStringsToNull->handle(Object(Illuminate\Http\Request), Object(Closure))
#77 C:\xampp\htdocs\site_iuhm\vendor\laravel\framework\src\Illuminate\Foundation\Http\Middleware\TransformsRequest.php(21): Illuminate\Pipeline\Pipeline->{closure:{closure:Illuminate\Pipeline\Pipeline::carry():194}:195}(Object(Illuminate\Http\Request))
#78 C:\xampp\htdocs\site_iuhm\vendor\laravel\framework\src\Illuminate\Foundation\Http\Middleware\TrimStrings.php(51): Illuminate\Foundation\Http\Middleware\TransformsRequest->handle(Object(Illuminate\Http\Request), Object(Closure))
#79 C:\xampp\htdocs\site_iuhm\vendor\laravel\framework\src\Illuminate\Pipeline\Pipeline.php(219): Illuminate\Foundation\Http\Middleware\TrimStrings->handle(Object(Illuminate\Http\Request), Object(Closure))
#80 C:\xampp\htdocs\site_iuhm\vendor\laravel\framework\src\Illuminate\Http\Middleware\ValidatePostSize.php(27): Illuminate\Pipeline\Pipeline->{closure:{closure:Illuminate\Pipeline\Pipeline::carry():194}:195}(Object(Illuminate\Http\Request))
#81 C:\xampp\htdocs\site_iuhm\vendor\laravel\framework\src\Illuminate\Pipeline\Pipeline.php(219): Illuminate\Http\Middleware\ValidatePostSize->handle(Object(Illuminate\Http\Request), Object(Closure))
#82 C:\xampp\htdocs\site_iuhm\vendor\laravel\framework\src\Illuminate\Foundation\Http\Middleware\PreventRequestsDuringMaintenance.php(109): Illuminate\Pipeline\Pipeline->{closure:{closure:Illuminate\Pipeline\Pipeline::carry():194}:195}(Object(Illuminate\Http\Request))
#83 C:\xampp\htdocs\site_iuhm\vendor\laravel\framework\src\Illuminate\Pipeline\Pipeline.php(219): Illuminate\Foundation\Http\Middleware\PreventRequestsDuringMaintenance->handle(Object(Illuminate\Http\Request), Object(Closure))
#84 C:\xampp\htdocs\site_iuhm\vendor\laravel\framework\src\Illuminate\Http\Middleware\HandleCors.php(61): Illuminate\Pipeline\Pipeline->{closure:{closure:Illuminate\Pipeline\Pipeline::carry():194}:195}(Object(Illuminate\Http\Request))
#85 C:\xampp\htdocs\site_iuhm\vendor\laravel\framework\src\Illuminate\Pipeline\Pipeline.php(219): Illuminate\Http\Middleware\HandleCors->handle(Object(Illuminate\Http\Request), Object(Closure))
#86 C:\xampp\htdocs\site_iuhm\vendor\laravel\framework\src\Illuminate\Http\Middleware\TrustProxies.php(58): Illuminate\Pipeline\Pipeline->{closure:{closure:Illuminate\Pipeline\Pipeline::carry():194}:195}(Object(Illuminate\Http\Request))
#87 C:\xampp\htdocs\site_iuhm\vendor\laravel\framework\src\Illuminate\Pipeline\Pipeline.php(219): Illuminate\Http\Middleware\TrustProxies->handle(Object(Illuminate\Http\Request), Object(Closure))
#88 C:\xampp\htdocs\site_iuhm\vendor\laravel\framework\src\Illuminate\Foundation\Http\Middleware\InvokeDeferredCallbacks.php(22): Illuminate\Pipeline\Pipeline->{closure:{closure:Illuminate\Pipeline\Pipeline::carry():194}:195}(Object(Illuminate\Http\Request))
#89 C:\xampp\htdocs\site_iuhm\vendor\laravel\framework\src\Illuminate\Pipeline\Pipeline.php(219): Illuminate\Foundation\Http\Middleware\InvokeDeferredCallbacks->handle(Object(Illuminate\Http\Request), Object(Closure))
#90 C:\xampp\htdocs\site_iuhm\vendor\laravel\framework\src\Illuminate\Http\Middleware\ValidatePathEncoding.php(28): Illuminate\Pipeline\Pipeline->{closure:{closure:Illuminate\Pipeline\Pipeline::carry():194}:195}(Object(Illuminate\Http\Request))
#91 C:\xampp\htdocs\site_iuhm\vendor\laravel\framework\src\Illuminate\Pipeline\Pipeline.php(219): Illuminate\Http\Middleware\ValidatePathEncoding->handle(Object(Illuminate\Http\Request), Object(Closure))
#92 C:\xampp\htdocs\site_iuhm\vendor\laravel\framework\src\Illuminate\Pipeline\Pipeline.php(137): Illuminate\Pipeline\Pipeline->{closure:{closure:Illuminate\Pipeline\Pipeline::carry():194}:195}(Object(Illuminate\Http\Request))
#93 C:\xampp\htdocs\site_iuhm\vendor\laravel\framework\src\Illuminate\Foundation\Http\Kernel.php(175): Illuminate\Pipeline\Pipeline->then(Object(Closure))
#94 C:\xampp\htdocs\site_iuhm\vendor\laravel\framework\src\Illuminate\Foundation\Http\Kernel.php(144): Illuminate\Foundation\Http\Kernel->sendRequestThroughRouter(Object(Illuminate\Http\Request))
#95 C:\xampp\htdocs\site_iuhm\vendor\laravel\framework\src\Illuminate\Foundation\Testing\Concerns\MakesHttpRequests.php(607): Illuminate\Foundation\Http\Kernel->handle(Object(Illuminate\Http\Request))
#96 C:\xampp\htdocs\site_iuhm\vendor\laravel\framework\src\Illuminate\Foundation\Testing\Concerns\MakesHttpRequests.php(368): Illuminate\Foundation\Testing\TestCase->call('GET', 'http://localhos...', Array, Array, Array, Array)
#97 C:\xampp\htdocs\site_iuhm\tests\Feature\Auth\EmailVerificationTest.php(20): Illuminate\Foundation\Testing\TestCase->get('http://localhos...')
#98 C:\xampp\htdocs\site_iuhm\vendor\phpunit\phpunit\src\Framework\TestCase.php(1335): Tests\Feature\Auth\EmailVerificationTest->test_email_verification_screen_can_be_rendered()
#99 C:\xampp\htdocs\site_iuhm\vendor\phpunit\phpunit\src\Framework\TestCase.php(519): PHPUnit\Framework\TestCase->runTest()
#100 C:\xampp\htdocs\site_iuhm\vendor\phpunit\phpunit\src\Framework\TestRunner\TestRunner.php(99): PHPUnit\Framework\TestCase->runBare()
#101 C:\xampp\htdocs\site_iuhm\vendor\phpunit\phpunit\src\Framework\TestCase.php(359): PHPUnit\Framework\TestRunner->run(Object(Tests\Feature\Auth\EmailVerificationTest))
#102 C:\xampp\htdocs\site_iuhm\vendor\phpunit\phpunit\src\Framework\TestSuite.php(374): PHPUnit\Framework\TestCase->run()
#103 C:\xampp\htdocs\site_iuhm\vendor\phpunit\phpunit\src\Framework\TestSuite.php(374): PHPUnit\Framework\TestSuite->run()
#104 C:\xampp\htdocs\site_iuhm\vendor\phpunit\phpunit\src\Framework\TestSuite.php(374): PHPUnit\Framework\TestSuite->run()
#105 C:\xampp\htdocs\site_iuhm\vendor\phpunit\phpunit\src\TextUI\TestRunner.php(64): PHPUnit\Framework\TestSuite->run()
#106 C:\xampp\htdocs\site_iuhm\vendor\phpunit\phpunit\src\TextUI\Application.php(229): PHPUnit\TextUI\TestRunner->run(Object(PHPUnit\TextUI\Configuration\Configuration), Object(PHPUnit\Runner\ResultCache\DefaultResultCache), Object(PHPUnit\Framework\TestSuite))
#107 C:\xampp\htdocs\site_iuhm\vendor\phpunit\phpunit\phpunit(104): PHPUnit\TextUI\Application->run(Array)
#108 {main}

Next Illuminate\View\ViewException: Vite manifest not found at: C:\xampp\htdocs\site_iuhm\public\build/manifest.json (View: C:\xampp\htdocs\site_iuhm\resources\views\partials\head.blade.php) (View: C:\xampp\htdocs\site_iuhm\resources\views\partials\head.blade.php) in C:\xampp\htdocs\site_iuhm\vendor\laravel\framework\src\Illuminate\Foundation\Vite.php:946
Stack trace:
#0 C:\xampp\htdocs\site_iuhm\vendor\livewire\livewire\src\Mechanisms\ExtendBlade\ExtendedCompilerEngine.php(58): Illuminate\View\Engines\CompilerEngine->handleViewException(Object(Illuminate\View\ViewException), 3)
#1 C:\xampp\htdocs\site_iuhm\vendor\laravel\framework\src\Illuminate\View\Engines\PhpEngine.php(59): Livewire\Mechanisms\ExtendBlade\ExtendedCompilerEngine->handleViewException(Object(Illuminate\View\ViewException), 3)
#2 C:\xampp\htdocs\site_iuhm\vendor\livewire\livewire\src\Mechanisms\ExtendBlade\ExtendedCompilerEngine.php(22): Illuminate\View\Engines\PhpEngine->evaluatePath('C:\\xampp\\htdocs...', Array)
#3 C:\xampp\htdocs\site_iuhm\vendor\laravel\framework\src\Illuminate\View\Engines\CompilerEngine.php(76): Livewire\Mechanisms\ExtendBlade\ExtendedCompilerEngine->evaluatePath('C:\\xampp\\htdocs...', Array)
#4 C:\xampp\htdocs\site_iuhm\vendor\livewire\livewire\src\Mechanisms\ExtendBlade\ExtendedCompilerEngine.php(10): Illuminate\View\Engines\CompilerEngine->get('C:\\xampp\\htdocs...', Array)
#5 C:\xampp\htdocs\site_iuhm\vendor\laravel\framework\src\Illuminate\View\View.php(208): Livewire\Mechanisms\ExtendBlade\ExtendedCompilerEngine->get('C:\\xampp\\htdocs...', Array)
#6 C:\xampp\htdocs\site_iuhm\vendor\laravel\framework\src\Illuminate\View\View.php(191): Illuminate\View\View->getContents()
#7 C:\xampp\htdocs\site_iuhm\vendor\laravel\framework\src\Illuminate\View\View.php(160): Illuminate\View\View->renderContents()
#8 C:\xampp\htdocs\site_iuhm\vendor\laravel\framework\src\Illuminate\View\Concerns\ManagesComponents.php(103): Illuminate\View\View->render()
#9 C:\xampp\htdocs\site_iuhm\storage\framework\views\77efdc9d6b730fc9d8b06a63d669eb13.php(15): Illuminate\View\Factory->renderComponent()
#10 C:\xampp\htdocs\site_iuhm\vendor\laravel\framework\src\Illuminate\Filesystem\Filesystem.php(123): require('C:\\xampp\\htdocs...')
#11 C:\xampp\htdocs\site_iuhm\vendor\laravel\framework\src\Illuminate\Filesystem\Filesystem.php(124): Illuminate\Filesystem\Filesystem::{closure:Illuminate\Filesystem\Filesystem::getRequire():120}()
#12 C:\xampp\htdocs\site_iuhm\vendor\laravel\framework\src\Illuminate\View\Engines\PhpEngine.php(57): Illuminate\Filesystem\Filesystem->getRequire('C:\\xampp\\htdocs...', Array)
#13 C:\xampp\htdocs\site_iuhm\vendor\livewire\livewire\src\Mechanisms\ExtendBlade\ExtendedCompilerEngine.php(22): Illuminate\View\Engines\PhpEngine->evaluatePath('C:\\xampp\\htdocs...', Array)
#14 C:\xampp\htdocs\site_iuhm\vendor\laravel\framework\src\Illuminate\View\Engines\CompilerEngine.php(76): Livewire\Mechanisms\ExtendBlade\ExtendedCompilerEngine->evaluatePath('C:\\xampp\\htdocs...', Array)
#15 C:\xampp\htdocs\site_iuhm\vendor\livewire\livewire\src\Mechanisms\ExtendBlade\ExtendedCompilerEngine.php(10): Illuminate\View\Engines\CompilerEngine->get('C:\\xampp\\htdocs...', Array)
#16 C:\xampp\htdocs\site_iuhm\vendor\laravel\framework\src\Illuminate\View\View.php(208): Livewire\Mechanisms\ExtendBlade\ExtendedCompilerEngine->get('C:\\xampp\\htdocs...', Array)
#17 C:\xampp\htdocs\site_iuhm\vendor\laravel\framework\src\Illuminate\View\View.php(191): Illuminate\View\View->getContents()
#18 C:\xampp\htdocs\site_iuhm\vendor\laravel\framework\src\Illuminate\View\View.php(160): Illuminate\View\View->renderContents()
#19 C:\xampp\htdocs\site_iuhm\vendor\laravel\framework\src\Illuminate\View\Concerns\ManagesComponents.php(103): Illuminate\View\View->render()
#20 C:\xampp\htdocs\site_iuhm\storage\framework\views\93f5ba9538e75a5491162f59496192f6.php(124): Illuminate\View\Factory->renderComponent()
#21 C:\xampp\htdocs\site_iuhm\vendor\laravel\framework\src\Illuminate\Filesystem\Filesystem.php(123): require('C:\\xampp\\htdocs...')
#22 C:\xampp\htdocs\site_iuhm\vendor\laravel\framework\src\Illuminate\Filesystem\Filesystem.php(124): Illuminate\Filesystem\Filesystem::{closure:Illuminate\Filesystem\Filesystem::getRequire():120}()
#23 C:\xampp\htdocs\site_iuhm\vendor\laravel\framework\src\Illuminate\View\Engines\PhpEngine.php(57): Illuminate\Filesystem\Filesystem->getRequire('C:\\xampp\\htdocs...', Array)
#24 C:\xampp\htdocs\site_iuhm\vendor\livewire\livewire\src\Mechanisms\ExtendBlade\ExtendedCompilerEngine.php(22): Illuminate\View\Engines\PhpEngine->evaluatePath('C:\\xampp\\htdocs...', Array)
#25 C:\xampp\htdocs\site_iuhm\vendor\laravel\framework\src\Illuminate\View\Engines\CompilerEngine.php(76): Livewire\Mechanisms\ExtendBlade\ExtendedCompilerEngine->evaluatePath('C:\\xampp\\htdocs...', Array)
#26 C:\xampp\htdocs\site_iuhm\vendor\livewire\livewire\src\Mechanisms\ExtendBlade\ExtendedCompilerEngine.php(10): Illuminate\View\Engines\CompilerEngine->get('C:\\xampp\\htdocs...', Array)
#27 C:\xampp\htdocs\site_iuhm\vendor\laravel\framework\src\Illuminate\View\View.php(208): Livewire\Mechanisms\ExtendBlade\ExtendedCompilerEngine->get('C:\\xampp\\htdocs...', Array)
#28 C:\xampp\htdocs\site_iuhm\vendor\laravel\framework\src\Illuminate\View\View.php(191): Illuminate\View\View->getContents()
#29 C:\xampp\htdocs\site_iuhm\vendor\laravel\framework\src\Illuminate\View\View.php(160): Illuminate\View\View->renderContents()
#30 C:\xampp\htdocs\site_iuhm\vendor\laravel\framework\src\Illuminate\Http\Response.php(78): Illuminate\View\View->render()
#31 C:\xampp\htdocs\site_iuhm\vendor\laravel\framework\src\Illuminate\Http\Response.php(34): Illuminate\Http\Response->setContent(Object(Illuminate\View\View))
#32 C:\xampp\htdocs\site_iuhm\vendor\laravel\framework\src\Illuminate\Routing\Router.php(939): Illuminate\Http\Response->__construct(Object(Illuminate\View\View), 200, Array)
#33 C:\xampp\htdocs\site_iuhm\vendor\laravel\framework\src\Illuminate\Routing\Router.php(906): Illuminate\Routing\Router::toResponse(Object(Illuminate\Http\Request), Object(Illuminate\View\View))
#34 C:\xampp\htdocs\site_iuhm\vendor\laravel\framework\src\Illuminate\Routing\Router.php(821): Illuminate\Routing\Router->prepareResponse(Object(Illuminate\Http\Request), Object(Laravel\Fortify\Http\Responses\SimpleViewResponse))
#35 C:\xampp\htdocs\site_iuhm\vendor\laravel\framework\src\Illuminate\Pipeline\Pipeline.php(180): Illuminate\Routing\Router->{closure:Illuminate\Routing\Router::runRouteWithinStack():821}(Object(Illuminate\Http\Request))
#36 C:\xampp\htdocs\site_iuhm\app\Http\Middleware\SetTeamUrlDefaults.php(26): Illuminate\Pipeline\Pipeline->{closure:Illuminate\Pipeline\Pipeline::prepareDestination():178}(Object(Illuminate\Http\Request))
#37 C:\xampp\htdocs\site_iuhm\vendor\laravel\framework\src\Illuminate\Pipeline\Pipeline.php(219): App\Http\Middleware\SetTeamUrlDefaults->handle(Object(Illuminate\Http\Request), Object(Closure))
#38 C:\xampp\htdocs\site_iuhm\app\Http\Middleware\SetLocale.php(28): Illuminate\Pipeline\Pipeline->{closure:{closure:Illuminate\Pipeline\Pipeline::carry():194}:195}(Object(Illuminate\Http\Request))
#39 C:\xampp\htdocs\site_iuhm\vendor\laravel\framework\src\Illuminate\Pipeline\Pipeline.php(219): App\Http\Middleware\SetLocale->handle(Object(Illuminate\Http\Request), Object(Closure))
#40 C:\xampp\htdocs\site_iuhm\vendor\laravel\framework\src\Illuminate\Routing\Middleware\SubstituteBindings.php(52): Illuminate\Pipeline\Pipeline->{closure:{closure:Illuminate\Pipeline\Pipeline::carry():194}:195}(Object(Illuminate\Http\Request))
#41 C:\xampp\htdocs\site_iuhm\vendor\laravel\framework\src\Illuminate\Pipeline\Pipeline.php(219): Illuminate\Routing\Middleware\SubstituteBindings->handle(Object(Illuminate\Http\Request), Object(Closure))
#42 C:\xampp\htdocs\site_iuhm\vendor\laravel\framework\src\Illuminate\Auth\Middleware\Authenticate.php(63): Illuminate\Pipeline\Pipeline->{closure:{closure:Illuminate\Pipeline\Pipeline::carry():194}:195}(Object(Illuminate\Http\Request))
#43 C:\xampp\htdocs\site_iuhm\vendor\laravel\framework\src\Illuminate\Pipeline\Pipeline.php(219): Illuminate\Auth\Middleware\Authenticate->handle(Object(Illuminate\Http\Request), Object(Closure), 'web')
#44 C:\xampp\htdocs\site_iuhm\vendor\laravel\framework\src\Illuminate\Foundation\Http\Middleware\PreventRequestForgery.php(104): Illuminate\Pipeline\Pipeline->{closure:{closure:Illuminate\Pipeline\Pipeline::carry():194}:195}(Object(Illuminate\Http\Request))
#45 C:\xampp\htdocs\site_iuhm\vendor\laravel\framework\src\Illuminate\Pipeline\Pipeline.php(219): Illuminate\Foundation\Http\Middleware\PreventRequestForgery->handle(Object(Illuminate\Http\Request), Object(Closure))
#46 C:\xampp\htdocs\site_iuhm\vendor\laravel\framework\src\Illuminate\View\Middleware\ShareErrorsFromSession.php(48): Illuminate\Pipeline\Pipeline->{closure:{closure:Illuminate\Pipeline\Pipeline::carry():194}:195}(Object(Illuminate\Http\Request))
#47 C:\xampp\htdocs\site_iuhm\vendor\laravel\framework\src\Illuminate\Pipeline\Pipeline.php(219): Illuminate\View\Middleware\ShareErrorsFromSession->handle(Object(Illuminate\Http\Request), Object(Closure))
#48 C:\xampp\htdocs\site_iuhm\vendor\laravel\framework\src\Illuminate\Session\Middleware\StartSession.php(120): Illuminate\Pipeline\Pipeline->{closure:{closure:Illuminate\Pipeline\Pipeline::carry():194}:195}(Object(Illuminate\Http\Request))
#49 C:\xampp\htdocs\site_iuhm\vendor\laravel\framework\src\Illuminate\Session\Middleware\StartSession.php(63): Illuminate\Session\Middleware\StartSession->handleStatefulRequest(Object(Illuminate\Http\Request), Object(Illuminate\Session\Store), Object(Closure))
#50 C:\xampp\htdocs\site_iuhm\vendor\laravel\framework\src\Illuminate\Pipeline\Pipeline.php(219): Illuminate\Session\Middleware\StartSession->handle(Object(Illuminate\Http\Request), Object(Closure))
#51 C:\xampp\htdocs\site_iuhm\vendor\laravel\framework\src\Illuminate\Cookie\Middleware\AddQueuedCookiesToResponse.php(36): Illuminate\Pipeline\Pipeline->{closure:{closure:Illuminate\Pipeline\Pipeline::carry():194}:195}(Object(Illuminate\Http\Request))
#52 C:\xampp\htdocs\site_iuhm\vendor\laravel\framework\src\Illuminate\Pipeline\Pipeline.php(219): Illuminate\Cookie\Middleware\AddQueuedCookiesToResponse->handle(Object(Illuminate\Http\Request), Object(Closure))
#53 C:\xampp\htdocs\site_iuhm\vendor\laravel\framework\src\Illuminate\Cookie\Middleware\EncryptCookies.php(74): Illuminate\Pipeline\Pipeline->{closure:{closure:Illuminate\Pipeline\Pipeline::carry():194}:195}(Object(Illuminate\Http\Request))
#54 C:\xampp\htdocs\site_iuhm\vendor\laravel\framework\src\Illuminate\Pipeline\Pipeline.php(219): Illuminate\Cookie\Middleware\EncryptCookies->handle(Object(Illuminate\Http\Request), Object(Closure))
#55 C:\xampp\htdocs\site_iuhm\vendor\laravel\framework\src\Illuminate\Pipeline\Pipeline.php(137): Illuminate\Pipeline\Pipeline->{closure:{closure:Illuminate\Pipeline\Pipeline::carry():194}:195}(Object(Illuminate\Http\Request))
#56 C:\xampp\htdocs\site_iuhm\vendor\laravel\framework\src\Illuminate\Routing\Router.php(821): Illuminate\Pipeline\Pipeline->then(Object(Closure))
#57 C:\xampp\htdocs\site_iuhm\vendor\laravel\framework\src\Illuminate\Routing\Router.php(800): Illuminate\Routing\Router->runRouteWithinStack(Object(Illuminate\Routing\Route), Object(Illuminate\Http\Request))
#58 C:\xampp\htdocs\site_iuhm\vendor\laravel\framework\src\Illuminate\Routing\Router.php(764): Illuminate\Routing\Router->runRoute(Object(Illuminate\Http\Request), Object(Illuminate\Routing\Route))
#59 C:\xampp\htdocs\site_iuhm\vendor\laravel\framework\src\Illuminate\Routing\Router.php(753): Illuminate\Routing\Router->dispatchToRoute(Object(Illuminate\Http\Request))
#60 C:\xampp\htdocs\site_iuhm\vendor\laravel\framework\src\Illuminate\Foundation\Http\Kernel.php(200): Illuminate\Routing\Router->dispatch(Object(Illuminate\Http\Request))
#61 C:\xampp\htdocs\site_iuhm\vendor\laravel\framework\src\Illuminate\Pipeline\Pipeline.php(180): Illuminate\Foundation\Http\Kernel->{closure:Illuminate\Foundation\Http\Kernel::dispatchToRouter():197}(Object(Illuminate\Http\Request))
#62 C:\xampp\htdocs\site_iuhm\vendor\livewire\livewire\src\Features\SupportDisablingBackButtonCache\DisableBackButtonCacheMiddleware.php(19): Illuminate\Pipeline\Pipeline->{closure:Illuminate\Pipeline\Pipeline::prepareDestination():178}(Object(Illuminate\Http\Request))
#63 C:\xampp\htdocs\site_iuhm\vendor\laravel\framework\src\Illuminate\Pipeline\Pipeline.php(219): Livewire\Features\SupportDisablingBackButtonCache\DisableBackButtonCacheMiddleware->handle(Object(Illuminate\Http\Request), Object(Closure))
#64 C:\xampp\htdocs\site_iuhm\vendor\laravel\framework\src\Illuminate\Foundation\Http\Middleware\TransformsRequest.php(21): Illuminate\Pipeline\Pipeline->{closure:{closure:Illuminate\Pipeline\Pipeline::carry():194}:195}(Object(Illuminate\Http\Request))
#65 C:\xampp\htdocs\site_iuhm\vendor\laravel\framework\src\Illuminate\Foundation\Http\Middleware\ConvertEmptyStringsToNull.php(31): Illuminate\Foundation\Http\Middleware\TransformsRequest->handle(Object(Illuminate\Http\Request), Object(Closure))
#66 C:\xampp\htdocs\site_iuhm\vendor\laravel\framework\src\Illuminate\Pipeline\Pipeline.php(219): Illuminate\Foundation\Http\Middleware\ConvertEmptyStringsToNull->handle(Object(Illuminate\Http\Request), Object(Closure))
#67 C:\xampp\htdocs\site_iuhm\vendor\laravel\framework\src\Illuminate\Foundation\Http\Middleware\TransformsRequest.php(21): Illuminate\Pipeline\Pipeline->{closure:{closure:Illuminate\Pipeline\Pipeline::carry():194}:195}(Object(Illuminate\Http\Request))
#68 C:\xampp\htdocs\site_iuhm\vendor\laravel\framework\src\Illuminate\Foundation\Http\Middleware\TrimStrings.php(51): Illuminate\Foundation\Http\Middleware\TransformsRequest->handle(Object(Illuminate\Http\Request), Object(Closure))
#69 C:\xampp\htdocs\site_iuhm\vendor\laravel\framework\src\Illuminate\Pipeline\Pipeline.php(219): Illuminate\Foundation\Http\Middleware\TrimStrings->handle(Object(Illuminate\Http\Request), Object(Closure))
#70 C:\xampp\htdocs\site_iuhm\vendor\laravel\framework\src\Illuminate\Http\Middleware\ValidatePostSize.php(27): Illuminate\Pipeline\Pipeline->{closure:{closure:Illuminate\Pipeline\Pipeline::carry():194}:195}(Object(Illuminate\Http\Request))
#71 C:\xampp\htdocs\site_iuhm\vendor\laravel\framework\src\Illuminate\Pipeline\Pipeline.php(219): Illuminate\Http\Middleware\ValidatePostSize->handle(Object(Illuminate\Http\Request), Object(Closure))
#72 C:\xampp\htdocs\site_iuhm\vendor\laravel\framework\src\Illuminate\Foundation\Http\Middleware\PreventRequestsDuringMaintenance.php(109): Illuminate\Pipeline\Pipeline->{closure:{closure:Illuminate\Pipeline\Pipeline::carry():194}:195}(Object(Illuminate\Http\Request))
#73 C:\xampp\htdocs\site_iuhm\vendor\laravel\framework\src\Illuminate\Pipeline\Pipeline.php(219): Illuminate\Foundation\Http\Middleware\PreventRequestsDuringMaintenance->handle(Object(Illuminate\Http\Request), Object(Closure))
#74 C:\xampp\htdocs\site_iuhm\vendor\laravel\framework\src\Illuminate\Http\Middleware\HandleCors.php(61): Illuminate\Pipeline\Pipeline->{closure:{closure:Illuminate\Pipeline\Pipeline::carry():194}:195}(Object(Illuminate\Http\Request))
#75 C:\xampp\htdocs\site_iuhm\vendor\laravel\framework\src\Illuminate\Pipeline\Pipeline.php(219): Illuminate\Http\Middleware\HandleCors->handle(Object(Illuminate\Http\Request), Object(Closure))
#76 C:\xampp\htdocs\site_iuhm\vendor\laravel\framework\src\Illuminate\Http\Middleware\TrustProxies.php(58): Illuminate\Pipeline\Pipeline->{closure:{closure:Illuminate\Pipeline\Pipeline::carry():194}:195}(Object(Illuminate\Http\Request))
#77 C:\xampp\htdocs\site_iuhm\vendor\laravel\framework\src\Illuminate\Pipeline\Pipeline.php(219): Illuminate\Http\Middleware\TrustProxies->handle(Object(Illuminate\Http\Request), Object(Closure))
#78 C:\xampp\htdocs\site_iuhm\vendor\laravel\framework\src\Illuminate\Foundation\Http\Middleware\InvokeDeferredCallbacks.php(22): Illuminate\Pipeline\Pipeline->{closure:{closure:Illuminate\Pipeline\Pipeline::carry():194}:195}(Object(Illuminate\Http\Request))
#79 C:\xampp\htdocs\site_iuhm\vendor\laravel\framework\src\Illuminate\Pipeline\Pipeline.php(219): Illuminate\Foundation\Http\Middleware\InvokeDeferredCallbacks->handle(Object(Illuminate\Http\Request), Object(Closure))
#80 C:\xampp\htdocs\site_iuhm\vendor\laravel\framework\src\Illuminate\Http\Middleware\ValidatePathEncoding.php(28): Illuminate\Pipeline\Pipeline->{closure:{closure:Illuminate\Pipeline\Pipeline::carry():194}:195}(Object(Illuminate\Http\Request))
#81 C:\xampp\htdocs\site_iuhm\vendor\laravel\framework\src\Illuminate\Pipeline\Pipeline.php(219): Illuminate\Http\Middleware\ValidatePathEncoding->handle(Object(Illuminate\Http\Request), Object(Closure))
#82 C:\xampp\htdocs\site_iuhm\vendor\laravel\framework\src\Illuminate\Pipeline\Pipeline.php(137): Illuminate\Pipeline\Pipeline->{closure:{closure:Illuminate\Pipeline\Pipeline::carry():194}:195}(Object(Illuminate\Http\Request))
#83 C:\xampp\htdocs\site_iuhm\vendor\laravel\framework\src\Illuminate\Foundation\Http\Kernel.php(175): Illuminate\Pipeline\Pipeline->then(Object(Closure))
#84 C:\xampp\htdocs\site_iuhm\vendor\laravel\framework\src\Illuminate\Foundation\Http\Kernel.php(144): Illuminate\Foundation\Http\Kernel->sendRequestThroughRouter(Object(Illuminate\Http\Request))
#85 C:\xampp\htdocs\site_iuhm\vendor\laravel\framework\src\Illuminate\Foundation\Testing\Concerns\MakesHttpRequests.php(607): Illuminate\Foundation\Http\Kernel->handle(Object(Illuminate\Http\Request))
#86 C:\xampp\htdocs\site_iuhm\vendor\laravel\framework\src\Illuminate\Foundation\Testing\Concerns\MakesHttpRequests.php(368): Illuminate\Foundation\Testing\TestCase->call('GET', 'http://localhos...', Array, Array, Array, Array)
#87 C:\xampp\htdocs\site_iuhm\tests\Feature\Auth\EmailVerificationTest.php(20): Illuminate\Foundation\Testing\TestCase->get('http://localhos...')
#88 C:\xampp\htdocs\site_iuhm\vendor\phpunit\phpunit\src\Framework\TestCase.php(1335): Tests\Feature\Auth\EmailVerificationTest->test_email_verification_screen_can_be_rendered()
#89 C:\xampp\htdocs\site_iuhm\vendor\phpunit\phpunit\src\Framework\TestCase.php(519): PHPUnit\Framework\TestCase->runTest()
#90 C:\xampp\htdocs\site_iuhm\vendor\phpunit\phpunit\src\Framework\TestRunner\TestRunner.php(99): PHPUnit\Framework\TestCase->runBare()
#91 C:\xampp\htdocs\site_iuhm\vendor\phpunit\phpunit\src\Framework\TestCase.php(359): PHPUnit\Framework\TestRunner->run(Object(Tests\Feature\Auth\EmailVerificationTest))
#92 C:\xampp\htdocs\site_iuhm\vendor\phpunit\phpunit\src\Framework\TestSuite.php(374): PHPUnit\Framework\TestCase->run()
#93 C:\xampp\htdocs\site_iuhm\vendor\phpunit\phpunit\src\Framework\TestSuite.php(374): PHPUnit\Framework\TestSuite->run()
#94 C:\xampp\htdocs\site_iuhm\vendor\phpunit\phpunit\src\Framework\TestSuite.php(374): PHPUnit\Framework\TestSuite->run()
#95 C:\xampp\htdocs\site_iuhm\vendor\phpunit\phpunit\src\TextUI\TestRunner.php(64): PHPUnit\Framework\TestSuite->run()
#96 C:\xampp\htdocs\site_iuhm\vendor\phpunit\phpunit\src\TextUI\Application.php(229): PHPUnit\TextUI\TestRunner->run(Object(PHPUnit\TextUI\Configuration\Configuration), Object(PHPUnit\Runner\ResultCache\DefaultResultCache), Object(PHPUnit\Framework\TestSuite))
#97 C:\xampp\htdocs\site_iuhm\vendor\phpunit\phpunit\phpunit(104): PHPUnit\TextUI\Application->run(Array)
#98 {main}

Next Illuminate\View\ViewException: Vite manifest not found at: C:\xampp\htdocs\site_iuhm\public\build/manifest.json (View: C:\xampp\htdocs\site_iuhm\resources\views\partials\head.blade.php) (View: C:\xampp\htdocs\site_iuhm\resources\views\partials\head.blade.php) (View: C:\xampp\htdocs\site_iuhm\resources\views\partials\head.blade.php) in C:\xampp\htdocs\site_iuhm\vendor\laravel\framework\src\Illuminate\Foundation\Vite.php:946
Stack trace:
#0 C:\xampp\htdocs\site_iuhm\vendor\livewire\livewire\src\Mechanisms\ExtendBlade\ExtendedCompilerEngine.php(58): Illuminate\View\Engines\CompilerEngine->handleViewException(Object(Illuminate\View\ViewException), 2)
#1 C:\xampp\htdocs\site_iuhm\vendor\laravel\framework\src\Illuminate\View\Engines\PhpEngine.php(59): Livewire\Mechanisms\ExtendBlade\ExtendedCompilerEngine->handleViewException(Object(Illuminate\View\ViewException), 2)
#2 C:\xampp\htdocs\site_iuhm\vendor\livewire\livewire\src\Mechanisms\ExtendBlade\ExtendedCompilerEngine.php(22): Illuminate\View\Engines\PhpEngine->evaluatePath('C:\\xampp\\htdocs...', Array)
#3 C:\xampp\htdocs\site_iuhm\vendor\laravel\framework\src\Illuminate\View\Engines\CompilerEngine.php(76): Livewire\Mechanisms\ExtendBlade\ExtendedCompilerEngine->evaluatePath('C:\\xampp\\htdocs...', Array)
#4 C:\xampp\htdocs\site_iuhm\vendor\livewire\livewire\src\Mechanisms\ExtendBlade\ExtendedCompilerEngine.php(10): Illuminate\View\Engines\CompilerEngine->get('C:\\xampp\\htdocs...', Array)
#5 C:\xampp\htdocs\site_iuhm\vendor\laravel\framework\src\Illuminate\View\View.php(208): Livewire\Mechanisms\ExtendBlade\ExtendedCompilerEngine->get('C:\\xampp\\htdocs...', Array)
#6 C:\xampp\htdocs\site_iuhm\vendor\laravel\framework\src\Illuminate\View\View.php(191): Illuminate\View\View->getContents()
#7 C:\xampp\htdocs\site_iuhm\vendor\laravel\framework\src\Illuminate\View\View.php(160): Illuminate\View\View->renderContents()
#8 C:\xampp\htdocs\site_iuhm\vendor\laravel\framework\src\Illuminate\View\Concerns\ManagesComponents.php(103): Illuminate\View\View->render()
#9 C:\xampp\htdocs\site_iuhm\storage\framework\views\93f5ba9538e75a5491162f59496192f6.php(124): Illuminate\View\Factory->renderComponent()
#10 C:\xampp\htdocs\site_iuhm\vendor\laravel\framework\src\Illuminate\Filesystem\Filesystem.php(123): require('C:\\xampp\\htdocs...')
#11 C:\xampp\htdocs\site_iuhm\vendor\laravel\framework\src\Illuminate\Filesystem\Filesystem.php(124): Illuminate\Filesystem\Filesystem::{closure:Illuminate\Filesystem\Filesystem::getRequire():120}()
#12 C:\xampp\htdocs\site_iuhm\vendor\laravel\framework\src\Illuminate\View\Engines\PhpEngine.php(57): Illuminate\Filesystem\Filesystem->getRequire('C:\\xampp\\htdocs...', Array)
#13 C:\xampp\htdocs\site_iuhm\vendor\livewire\livewire\src\Mechanisms\ExtendBlade\ExtendedCompilerEngine.php(22): Illuminate\View\Engines\PhpEngine->evaluatePath('C:\\xampp\\htdocs...', Array)
#14 C:\xampp\htdocs\site_iuhm\vendor\laravel\framework\src\Illuminate\View\Engines\CompilerEngine.php(76): Livewire\Mechanisms\ExtendBlade\ExtendedCompilerEngine->evaluatePath('C:\\xampp\\htdocs...', Array)
#15 C:\xampp\htdocs\site_iuhm\vendor\livewire\livewire\src\Mechanisms\ExtendBlade\ExtendedCompilerEngine.php(10): Illuminate\View\Engines\CompilerEngine->get('C:\\xampp\\htdocs...', Array)
#16 C:\xampp\htdocs\site_iuhm\vendor\laravel\framework\src\Illuminate\View\View.php(208): Livewire\Mechanisms\ExtendBlade\ExtendedCompilerEngine->get('C:\\xampp\\htdocs...', Array)
#17 C:\xampp\htdocs\site_iuhm\vendor\laravel\framework\src\Illuminate\View\View.php(191): Illuminate\View\View->getContents()
#18 C:\xampp\htdocs\site_iuhm\vendor\laravel\framework\src\Illuminate\View\View.php(160): Illuminate\View\View->renderContents()
#19 C:\xampp\htdocs\site_iuhm\vendor\laravel\framework\src\Illuminate\Http\Response.php(78): Illuminate\View\View->render()
#20 C:\xampp\htdocs\site_iuhm\vendor\laravel\framework\src\Illuminate\Http\Response.php(34): Illuminate\Http\Response->setContent(Object(Illuminate\View\View))
#21 C:\xampp\htdocs\site_iuhm\vendor\laravel\framework\src\Illuminate\Routing\Router.php(939): Illuminate\Http\Response->__construct(Object(Illuminate\View\View), 200, Array)
#22 C:\xampp\htdocs\site_iuhm\vendor\laravel\framework\src\Illuminate\Routing\Router.php(906): Illuminate\Routing\Router::toResponse(Object(Illuminate\Http\Request), Object(Illuminate\View\View))
#23 C:\xampp\htdocs\site_iuhm\vendor\laravel\framework\src\Illuminate\Routing\Router.php(821): Illuminate\Routing\Router->prepareResponse(Object(Illuminate\Http\Request), Object(Laravel\Fortify\Http\Responses\SimpleViewResponse))
#24 C:\xampp\htdocs\site_iuhm\vendor\laravel\framework\src\Illuminate\Pipeline\Pipeline.php(180): Illuminate\Routing\Router->{closure:Illuminate\Routing\Router::runRouteWithinStack():821}(Object(Illuminate\Http\Request))
#25 C:\xampp\htdocs\site_iuhm\app\Http\Middleware\SetTeamUrlDefaults.php(26): Illuminate\Pipeline\Pipeline->{closure:Illuminate\Pipeline\Pipeline::prepareDestination():178}(Object(Illuminate\Http\Request))
#26 C:\xampp\htdocs\site_iuhm\vendor\laravel\framework\src\Illuminate\Pipeline\Pipeline.php(219): App\Http\Middleware\SetTeamUrlDefaults->handle(Object(Illuminate\Http\Request), Object(Closure))
#27 C:\xampp\htdocs\site_iuhm\app\Http\Middleware\SetLocale.php(28): Illuminate\Pipeline\Pipeline->{closure:{closure:Illuminate\Pipeline\Pipeline::carry():194}:195}(Object(Illuminate\Http\Request))
#28 C:\xampp\htdocs\site_iuhm\vendor\laravel\framework\src\Illuminate\Pipeline\Pipeline.php(219): App\Http\Middleware\SetLocale->handle(Object(Illuminate\Http\Request), Object(Closure))
#29 C:\xampp\htdocs\site_iuhm\vendor\laravel\framework\src\Illuminate\Routing\Middleware\SubstituteBindings.php(52): Illuminate\Pipeline\Pipeline->{closure:{closure:Illuminate\Pipeline\Pipeline::carry():194}:195}(Object(Illuminate\Http\Request))
#30 C:\xampp\htdocs\site_iuhm\vendor\laravel\framework\src\Illuminate\Pipeline\Pipeline.php(219): Illuminate\Routing\Middleware\SubstituteBindings->handle(Object(Illuminate\Http\Request), Object(Closure))
#31 C:\xampp\htdocs\site_iuhm\vendor\laravel\framework\src\Illuminate\Auth\Middleware\Authenticate.php(63): Illuminate\Pipeline\Pipeline->{closure:{closure:Illuminate\Pipeline\Pipeline::carry():194}:195}(Object(Illuminate\Http\Request))
#32 C:\xampp\htdocs\site_iuhm\vendor\laravel\framework\src\Illuminate\Pipeline\Pipeline.php(219): Illuminate\Auth\Middleware\Authenticate->handle(Object(Illuminate\Http\Request), Object(Closure), 'web')
#33 C:\xampp\htdocs\site_iuhm\vendor\laravel\framework\src\Illuminate\Foundation\Http\Middleware\PreventRequestForgery.php(104): Illuminate\Pipeline\Pipeline->{closure:{closure:Illuminate\Pipeline\Pipeline::carry():194}:195}(Object(Illuminate\Http\Request))
#34 C:\xampp\htdocs\site_iuhm\vendor\laravel\framework\src\Illuminate\Pipeline\Pipeline.php(219): Illuminate\Foundation\Http\Middleware\PreventRequestForgery->handle(Object(Illuminate\Http\Request), Object(Closure))
#35 C:\xampp\htdocs\site_iuhm\vendor\laravel\framework\src\Illuminate\View\Middleware\ShareErrorsFromSession.php(48): Illuminate\Pipeline\Pipeline->{closure:{closure:Illuminate\Pipeline\Pipeline::carry():194}:195}(Object(Illuminate\Http\Request))
#36 C:\xampp\htdocs\site_iuhm\vendor\laravel\framework\src\Illuminate\Pipeline\Pipeline.php(219): Illuminate\View\Middleware\ShareErrorsFromSession->handle(Object(Illuminate\Http\Request), Object(Closure))
#37 C:\xampp\htdocs\site_iuhm\vendor\laravel\framework\src\Illuminate\Session\Middleware\StartSession.php(120): Illuminate\Pipeline\Pipeline->{closure:{closure:Illuminate\Pipeline\Pipeline::carry():194}:195}(Object(Illuminate\Http\Request))
#38 C:\xampp\htdocs\site_iuhm\vendor\laravel\framework\src\Illuminate\Session\Middleware\StartSession.php(63): Illuminate\Session\Middleware\StartSession->handleStatefulRequest(Object(Illuminate\Http\Request), Object(Illuminate\Session\Store), Object(Closure))
#39 C:\xampp\htdocs\site_iuhm\vendor\laravel\framework\src\Illuminate\Pipeline\Pipeline.php(219): Illuminate\Session\Middleware\StartSession->handle(Object(Illuminate\Http\Request), Object(Closure))
#40 C:\xampp\htdocs\site_iuhm\vendor\laravel\framework\src\Illuminate\Cookie\Middleware\AddQueuedCookiesToResponse.php(36): Illuminate\Pipeline\Pipeline->{closure:{closure:Illuminate\Pipeline\Pipeline::carry():194}:195}(Object(Illuminate\Http\Request))
#41 C:\xampp\htdocs\site_iuhm\vendor\laravel\framework\src\Illuminate\Pipeline\Pipeline.php(219): Illuminate\Cookie\Middleware\AddQueuedCookiesToResponse->handle(Object(Illuminate\Http\Request), Object(Closure))
#42 C:\xampp\htdocs\site_iuhm\vendor\laravel\framework\src\Illuminate\Cookie\Middleware\EncryptCookies.php(74): Illuminate\Pipeline\Pipeline->{closure:{closure:Illuminate\Pipeline\Pipeline::carry():194}:195}(Object(Illuminate\Http\Request))
#43 C:\xampp\htdocs\site_iuhm\vendor\laravel\framework\src\Illuminate\Pipeline\Pipeline.php(219): Illuminate\Cookie\Middleware\EncryptCookies->handle(Object(Illuminate\Http\Request), Object(Closure))
#44 C:\xampp\htdocs\site_iuhm\vendor\laravel\framework\src\Illuminate\Pipeline\Pipeline.php(137): Illuminate\Pipeline\Pipeline->{closure:{closure:Illuminate\Pipeline\Pipeline::carry():194}:195}(Object(Illuminate\Http\Request))
#45 C:\xampp\htdocs\site_iuhm\vendor\laravel\framework\src\Illuminate\Routing\Router.php(821): Illuminate\Pipeline\Pipeline->then(Object(Closure))
#46 C:\xampp\htdocs\site_iuhm\vendor\laravel\framework\src\Illuminate\Routing\Router.php(800): Illuminate\Routing\Router->runRouteWithinStack(Object(Illuminate\Routing\Route), Object(Illuminate\Http\Request))
#47 C:\xampp\htdocs\site_iuhm\vendor\laravel\framework\src\Illuminate\Routing\Router.php(764): Illuminate\Routing\Router->runRoute(Object(Illuminate\Http\Request), Object(Illuminate\Routing\Route))
#48 C:\xampp\htdocs\site_iuhm\vendor\laravel\framework\src\Illuminate\Routing\Router.php(753): Illuminate\Routing\Router->dispatchToRoute(Object(Illuminate\Http\Request))
#49 C:\xampp\htdocs\site_iuhm\vendor\laravel\framework\src\Illuminate\Foundation\Http\Kernel.php(200): Illuminate\Routing\Router->dispatch(Object(Illuminate\Http\Request))
#50 C:\xampp\htdocs\site_iuhm\vendor\laravel\framework\src\Illuminate\Pipeline\Pipeline.php(180): Illuminate\Foundation\Http\Kernel->{closure:Illuminate\Foundation\Http\Kernel::dispatchToRouter():197}(Object(Illuminate\Http\Request))
#51 C:\xampp\htdocs\site_iuhm\vendor\livewire\livewire\src\Features\SupportDisablingBackButtonCache\DisableBackButtonCacheMiddleware.php(19): Illuminate\Pipeline\Pipeline->{closure:Illuminate\Pipeline\Pipeline::prepareDestination():178}(Object(Illuminate\Http\Request))
#52 C:\xampp\htdocs\site_iuhm\vendor\laravel\framework\src\Illuminate\Pipeline\Pipeline.php(219): Livewire\Features\SupportDisablingBackButtonCache\DisableBackButtonCacheMiddleware->handle(Object(Illuminate\Http\Request), Object(Closure))
#53 C:\xampp\htdocs\site_iuhm\vendor\laravel\framework\src\Illuminate\Foundation\Http\Middleware\TransformsRequest.php(21): Illuminate\Pipeline\Pipeline->{closure:{closure:Illuminate\Pipeline\Pipeline::carry():194}:195}(Object(Illuminate\Http\Request))
#54 C:\xampp\htdocs\site_iuhm\vendor\laravel\framework\src\Illuminate\Foundation\Http\Middleware\ConvertEmptyStringsToNull.php(31): Illuminate\Foundation\Http\Middleware\TransformsRequest->handle(Object(Illuminate\Http\Request), Object(Closure))
#55 C:\xampp\htdocs\site_iuhm\vendor\laravel\framework\src\Illuminate\Pipeline\Pipeline.php(219): Illuminate\Foundation\Http\Middleware\ConvertEmptyStringsToNull->handle(Object(Illuminate\Http\Request), Object(Closure))
#56 C:\xampp\htdocs\site_iuhm\vendor\laravel\framework\src\Illuminate\Foundation\Http\Middleware\TransformsRequest.php(21): Illuminate\Pipeline\Pipeline->{closure:{closure:Illuminate\Pipeline\Pipeline::carry():194}:195}(Object(Illuminate\Http\Request))
#57 C:\xampp\htdocs\site_iuhm\vendor\laravel\framework\src\Illuminate\Foundation\Http\Middleware\TrimStrings.php(51): Illuminate\Foundation\Http\Middleware\TransformsRequest->handle(Object(Illuminate\Http\Request), Object(Closure))
#58 C:\xampp\htdocs\site_iuhm\vendor\laravel\framework\src\Illuminate\Pipeline\Pipeline.php(219): Illuminate\Foundation\Http\Middleware\TrimStrings->handle(Object(Illuminate\Http\Request), Object(Closure))
#59 C:\xampp\htdocs\site_iuhm\vendor\laravel\framework\src\Illuminate\Http\Middleware\ValidatePostSize.php(27): Illuminate\Pipeline\Pipeline->{closure:{closure:Illuminate\Pipeline\Pipeline::carry():194}:195}(Object(Illuminate\Http\Request))
#60 C:\xampp\htdocs\site_iuhm\vendor\laravel\framework\src\Illuminate\Pipeline\Pipeline.php(219): Illuminate\Http\Middleware\ValidatePostSize->handle(Object(Illuminate\Http\Request), Object(Closure))
#61 C:\xampp\htdocs\site_iuhm\vendor\laravel\framework\src\Illuminate\Foundation\Http\Middleware\PreventRequestsDuringMaintenance.php(109): Illuminate\Pipeline\Pipeline->{closure:{closure:Illuminate\Pipeline\Pipeline::carry():194}:195}(Object(Illuminate\Http\Request))
#62 C:\xampp\htdocs\site_iuhm\vendor\laravel\framework\src\Illuminate\Pipeline\Pipeline.php(219): Illuminate\Foundation\Http\Middleware\PreventRequestsDuringMaintenance->handle(Object(Illuminate\Http\Request), Object(Closure))
#63 C:\xampp\htdocs\site_iuhm\vendor\laravel\framework\src\Illuminate\Http\Middleware\HandleCors.php(61): Illuminate\Pipeline\Pipeline->{closure:{closure:Illuminate\Pipeline\Pipeline::carry():194}:195}(Object(Illuminate\Http\Request))
#64 C:\xampp\htdocs\site_iuhm\vendor\laravel\framework\src\Illuminate\Pipeline\Pipeline.php(219): Illuminate\Http\Middleware\HandleCors->handle(Object(Illuminate\Http\Request), Object(Closure))
#65 C:\xampp\htdocs\site_iuhm\vendor\laravel\framework\src\Illuminate\Http\Middleware\TrustProxies.php(58): Illuminate\Pipeline\Pipeline->{closure:{closure:Illuminate\Pipeline\Pipeline::carry():194}:195}(Object(Illuminate\Http\Request))
#66 C:\xampp\htdocs\site_iuhm\vendor\laravel\framework\src\Illuminate\Pipeline\Pipeline.php(219): Illuminate\Http\Middleware\TrustProxies->handle(Object(Illuminate\Http\Request), Object(Closure))
#67 C:\xampp\htdocs\site_iuhm\vendor\laravel\framework\src\Illuminate\Foundation\Http\Middleware\InvokeDeferredCallbacks.php(22): Illuminate\Pipeline\Pipeline->{closure:{closure:Illuminate\Pipeline\Pipeline::carry():194}:195}(Object(Illuminate\Http\Request))
#68 C:\xampp\htdocs\site_iuhm\vendor\laravel\framework\src\Illuminate\Pipeline\Pipeline.php(219): Illuminate\Foundation\Http\Middleware\InvokeDeferredCallbacks->handle(Object(Illuminate\Http\Request), Object(Closure))
#69 C:\xampp\htdocs\site_iuhm\vendor\laravel\framework\src\Illuminate\Http\Middleware\ValidatePathEncoding.php(28): Illuminate\Pipeline\Pipeline->{closure:{closure:Illuminate\Pipeline\Pipeline::carry():194}:195}(Object(Illuminate\Http\Request))
#70 C:\xampp\htdocs\site_iuhm\vendor\laravel\framework\src\Illuminate\Pipeline\Pipeline.php(219): Illuminate\Http\Middleware\ValidatePathEncoding->handle(Object(Illuminate\Http\Request), Object(Closure))
#71 C:\xampp\htdocs\site_iuhm\vendor\laravel\framework\src\Illuminate\Pipeline\Pipeline.php(137): Illuminate\Pipeline\Pipeline->{closure:{closure:Illuminate\Pipeline\Pipeline::carry():194}:195}(Object(Illuminate\Http\Request))
#72 C:\xampp\htdocs\site_iuhm\vendor\laravel\framework\src\Illuminate\Foundation\Http\Kernel.php(175): Illuminate\Pipeline\Pipeline->then(Object(Closure))
#73 C:\xampp\htdocs\site_iuhm\vendor\laravel\framework\src\Illuminate\Foundation\Http\Kernel.php(144): Illuminate\Foundation\Http\Kernel->sendRequestThroughRouter(Object(Illuminate\Http\Request))
#74 C:\xampp\htdocs\site_iuhm\vendor\laravel\framework\src\Illuminate\Foundation\Testing\Concerns\MakesHttpRequests.php(607): Illuminate\Foundation\Http\Kernel->handle(Object(Illuminate\Http\Request))
#75 C:\xampp\htdocs\site_iuhm\vendor\laravel\framework\src\Illuminate\Foundation\Testing\Concerns\MakesHttpRequests.php(368): Illuminate\Foundation\Testing\TestCase->call('GET', 'http://localhos...', Array, Array, Array, Array)
#76 C:\xampp\htdocs\site_iuhm\tests\Feature\Auth\EmailVerificationTest.php(20): Illuminate\Foundation\Testing\TestCase->get('http://localhos...')
#77 C:\xampp\htdocs\site_iuhm\vendor\phpunit\phpunit\src\Framework\TestCase.php(1335): Tests\Feature\Auth\EmailVerificationTest->test_email_verification_screen_can_be_rendered()
#78 C:\xampp\htdocs\site_iuhm\vendor\phpunit\phpunit\src\Framework\TestCase.php(519): PHPUnit\Framework\TestCase->runTest()
#79 C:\xampp\htdocs\site_iuhm\vendor\phpunit\phpunit\src\Framework\TestRunner\TestRunner.php(99): PHPUnit\Framework\TestCase->runBare()
#80 C:\xampp\htdocs\site_iuhm\vendor\phpunit\phpunit\src\Framework\TestCase.php(359): PHPUnit\Framework\TestRunner->run(Object(Tests\Feature\Auth\EmailVerificationTest))
#81 C:\xampp\htdocs\site_iuhm\vendor\phpunit\phpunit\src\Framework\TestSuite.php(374): PHPUnit\Framework\TestCase->run()
#82 C:\xampp\htdocs\site_iuhm\vendor\phpunit\phpunit\src\Framework\TestSuite.php(374): PHPUnit\Framework\TestSuite->run()
#83 C:\xampp\htdocs\site_iuhm\vendor\phpunit\phpunit\src\Framework\TestSuite.php(374): PHPUnit\Framework\TestSuite->run()
#84 C:\xampp\htdocs\site_iuhm\vendor\phpunit\phpunit\src\TextUI\TestRunner.php(64): PHPUnit\Framework\TestSuite->run()
#85 C:\xampp\htdocs\site_iuhm\vendor\phpunit\phpunit\src\TextUI\Application.php(229): PHPUnit\TextUI\TestRunner->run(Object(PHPUnit\TextUI\Configuration\Configuration), Object(PHPUnit\Runner\ResultCache\DefaultResultCache), Object(PHPUnit\Framework\TestSuite))
#86 C:\xampp\htdocs\site_iuhm\vendor\phpunit\phpunit\phpunit(104): PHPUnit\TextUI\Application->run(Array)
#87 {main}

Next Illuminate\View\ViewException: Vite manifest not found at: C:\xampp\htdocs\site_iuhm\public\build/manifest.json (View: C:\xampp\htdocs\site_iuhm\resources\views\partials\head.blade.php) (View: C:\xampp\htdocs\site_iuhm\resources\views\partials\head.blade.php) (View: C:\xampp\htdocs\site_iuhm\resources\views\partials\head.blade.php) (View: C:\xampp\htdocs\site_iuhm\resources\views\partials\head.blade.php) in C:\xampp\htdocs\site_iuhm\vendor\laravel\framework\src\Illuminate\Foundation\Vite.php:946
Stack trace:
#0 C:\xampp\htdocs\site_iuhm\vendor\livewire\livewire\src\Mechanisms\ExtendBlade\ExtendedCompilerEngine.php(58): Illuminate\View\Engines\CompilerEngine->handleViewException(Object(Illuminate\View\ViewException), 1)
#1 C:\xampp\htdocs\site_iuhm\vendor\laravel\framework\src\Illuminate\View\Engines\PhpEngine.php(59): Livewire\Mechanisms\ExtendBlade\ExtendedCompilerEngine->handleViewException(Object(Illuminate\View\ViewException), 1)
#2 C:\xampp\htdocs\site_iuhm\vendor\livewire\livewire\src\Mechanisms\ExtendBlade\ExtendedCompilerEngine.php(22): Illuminate\View\Engines\PhpEngine->evaluatePath('C:\\xampp\\htdocs...', Array)
#3 C:\xampp\htdocs\site_iuhm\vendor\laravel\framework\src\Illuminate\View\Engines\CompilerEngine.php(76): Livewire\Mechanisms\ExtendBlade\ExtendedCompilerEngine->evaluatePath('C:\\xampp\\htdocs...', Array)
#4 C:\xampp\htdocs\site_iuhm\vendor\livewire\livewire\src\Mechanisms\ExtendBlade\ExtendedCompilerEngine.php(10): Illuminate\View\Engines\CompilerEngine->get('C:\\xampp\\htdocs...', Array)
#5 C:\xampp\htdocs\site_iuhm\vendor\laravel\framework\src\Illuminate\View\View.php(208): Livewire\Mechanisms\ExtendBlade\ExtendedCompilerEngine->get('C:\\xampp\\htdocs...', Array)
#6 C:\xampp\htdocs\site_iuhm\vendor\laravel\framework\src\Illuminate\View\View.php(191): Illuminate\View\View->getContents()
#7 C:\xampp\htdocs\site_iuhm\vendor\laravel\framework\src\Illuminate\View\View.php(160): Illuminate\View\View->renderContents()
#8 C:\xampp\htdocs\site_iuhm\vendor\laravel\framework\src\Illuminate\Http\Response.php(78): Illuminate\View\View->render()
#9 C:\xampp\htdocs\site_iuhm\vendor\laravel\framework\src\Illuminate\Http\Response.php(34): Illuminate\Http\Response->setContent(Object(Illuminate\View\View))
#10 C:\xampp\htdocs\site_iuhm\vendor\laravel\framework\src\Illuminate\Routing\Router.php(939): Illuminate\Http\Response->__construct(Object(Illuminate\View\View), 200, Array)
#11 C:\xampp\htdocs\site_iuhm\vendor\laravel\framework\src\Illuminate\Routing\Router.php(906): Illuminate\Routing\Router::toResponse(Object(Illuminate\Http\Request), Object(Illuminate\View\View))
#12 C:\xampp\htdocs\site_iuhm\vendor\laravel\framework\src\Illuminate\Routing\Router.php(821): Illuminate\Routing\Router->prepareResponse(Object(Illuminate\Http\Request), Object(Laravel\Fortify\Http\Responses\SimpleViewResponse))
#13 C:\xampp\htdocs\site_iuhm\vendor\laravel\framework\src\Illuminate\Pipeline\Pipeline.php(180): Illuminate\Routing\Router->{closure:Illuminate\Routing\Router::runRouteWithinStack():821}(Object(Illuminate\Http\Request))
#14 C:\xampp\htdocs\site_iuhm\app\Http\Middleware\SetTeamUrlDefaults.php(26): Illuminate\Pipeline\Pipeline->{closure:Illuminate\Pipeline\Pipeline::prepareDestination():178}(Object(Illuminate\Http\Request))
#15 C:\xampp\htdocs\site_iuhm\vendor\laravel\framework\src\Illuminate\Pipeline\Pipeline.php(219): App\Http\Middleware\SetTeamUrlDefaults->handle(Object(Illuminate\Http\Request), Object(Closure))
#16 C:\xampp\htdocs\site_iuhm\app\Http\Middleware\SetLocale.php(28): Illuminate\Pipeline\Pipeline->{closure:{closure:Illuminate\Pipeline\Pipeline::carry():194}:195}(Object(Illuminate\Http\Request))
#17 C:\xampp\htdocs\site_iuhm\vendor\laravel\framework\src\Illuminate\Pipeline\Pipeline.php(219): App\Http\Middleware\SetLocale->handle(Object(Illuminate\Http\Request), Object(Closure))
#18 C:\xampp\htdocs\site_iuhm\vendor\laravel\framework\src\Illuminate\Routing\Middleware\SubstituteBindings.php(52): Illuminate\Pipeline\Pipeline->{closure:{closure:Illuminate\Pipeline\Pipeline::carry():194}:195}(Object(Illuminate\Http\Request))
#19 C:\xampp\htdocs\site_iuhm\vendor\laravel\framework\src\Illuminate\Pipeline\Pipeline.php(219): Illuminate\Routing\Middleware\SubstituteBindings->handle(Object(Illuminate\Http\Request), Object(Closure))
#20 C:\xampp\htdocs\site_iuhm\vendor\laravel\framework\src\Illuminate\Auth\Middleware\Authenticate.php(63): Illuminate\Pipeline\Pipeline->{closure:{closure:Illuminate\Pipeline\Pipeline::carry():194}:195}(Object(Illuminate\Http\Request))
#21 C:\xampp\htdocs\site_iuhm\vendor\laravel\framework\src\Illuminate\Pipeline\Pipeline.php(219): Illuminate\Auth\Middleware\Authenticate->handle(Object(Illuminate\Http\Request), Object(Closure), 'web')
#22 C:\xampp\htdocs\site_iuhm\vendor\laravel\framework\src\Illuminate\Foundation\Http\Middleware\PreventRequestForgery.php(104): Illuminate\Pipeline\Pipeline->{closure:{closure:Illuminate\Pipeline\Pipeline::carry():194}:195}(Object(Illuminate\Http\Request))
#23 C:\xampp\htdocs\site_iuhm\vendor\laravel\framework\src\Illuminate\Pipeline\Pipeline.php(219): Illuminate\Foundation\Http\Middleware\PreventRequestForgery->handle(Object(Illuminate\Http\Request), Object(Closure))
#24 C:\xampp\htdocs\site_iuhm\vendor\laravel\framework\src\Illuminate\View\Middleware\ShareErrorsFromSession.php(48): Illuminate\Pipeline\Pipeline->{closure:{closure:Illuminate\Pipeline\Pipeline::carry():194}:195}(Object(Illuminate\Http\Request))
#25 C:\xampp\htdocs\site_iuhm\vendor\laravel\framework\src\Illuminate\Pipeline\Pipeline.php(219): Illuminate\View\Middleware\ShareErrorsFromSession->handle(Object(Illuminate\Http\Request), Object(Closure))
#26 C:\xampp\htdocs\site_iuhm\vendor\laravel\framework\src\Illuminate\Session\Middleware\StartSession.php(120): Illuminate\Pipeline\Pipeline->{closure:{closure:Illuminate\Pipeline\Pipeline::carry():194}:195}(Object(Illuminate\Http\Request))
#27 C:\xampp\htdocs\site_iuhm\vendor\laravel\framework\src\Illuminate\Session\Middleware\StartSession.php(63): Illuminate\Session\Middleware\StartSession->handleStatefulRequest(Object(Illuminate\Http\Request), Object(Illuminate\Session\Store), Object(Closure))
#28 C:\xampp\htdocs\site_iuhm\vendor\laravel\framework\src\Illuminate\Pipeline\Pipeline.php(219): Illuminate\Session\Middleware\StartSession->handle(Object(Illuminate\Http\Request), Object(Closure))
#29 C:\xampp\htdocs\site_iuhm\vendor\laravel\framework\src\Illuminate\Cookie\Middleware\AddQueuedCookiesToResponse.php(36): Illuminate\Pipeline\Pipeline->{closure:{closure:Illuminate\Pipeline\Pipeline::carry():194}:195}(Object(Illuminate\Http\Request))
#30 C:\xampp\htdocs\site_iuhm\vendor\laravel\framework\src\Illuminate\Pipeline\Pipeline.php(219): Illuminate\Cookie\Middleware\AddQueuedCookiesToResponse->handle(Object(Illuminate\Http\Request), Object(Closure))
#31 C:\xampp\htdocs\site_iuhm\vendor\laravel\framework\src\Illuminate\Cookie\Middleware\EncryptCookies.php(74): Illuminate\Pipeline\Pipeline->{closure:{closure:Illuminate\Pipeline\Pipeline::carry():194}:195}(Object(Illuminate\Http\Request))
#32 C:\xampp\htdocs\site_iuhm\vendor\laravel\framework\src\Illuminate\Pipeline\Pipeline.php(219): Illuminate\Cookie\Middleware\EncryptCookies->handle(Object(Illuminate\Http\Request), Object(Closure))
#33 C:\xampp\htdocs\site_iuhm\vendor\laravel\framework\src\Illuminate\Pipeline\Pipeline.php(137): Illuminate\Pipeline\Pipeline->{closure:{closure:Illuminate\Pipeline\Pipeline::carry():194}:195}(Object(Illuminate\Http\Request))
#34 C:\xampp\htdocs\site_iuhm\vendor\laravel\framework\src\Illuminate\Routing\Router.php(821): Illuminate\Pipeline\Pipeline->then(Object(Closure))
#35 C:\xampp\htdocs\site_iuhm\vendor\laravel\framework\src\Illuminate\Routing\Router.php(800): Illuminate\Routing\Router->runRouteWithinStack(Object(Illuminate\Routing\Route), Object(Illuminate\Http\Request))
#36 C:\xampp\htdocs\site_iuhm\vendor\laravel\framework\src\Illuminate\Routing\Router.php(764): Illuminate\Routing\Router->runRoute(Object(Illuminate\Http\Request), Object(Illuminate\Routing\Route))
#37 C:\xampp\htdocs\site_iuhm\vendor\laravel\framework\src\Illuminate\Routing\Router.php(753): Illuminate\Routing\Router->dispatchToRoute(Object(Illuminate\Http\Request))
#38 C:\xampp\htdocs\site_iuhm\vendor\laravel\framework\src\Illuminate\Foundation\Http\Kernel.php(200): Illuminate\Routing\Router->dispatch(Object(Illuminate\Http\Request))
#39 C:\xampp\htdocs\site_iuhm\vendor\laravel\framework\src\Illuminate\Pipeline\Pipeline.php(180): Illuminate\Foundation\Http\Kernel->{closure:Illuminate\Foundation\Http\Kernel::dispatchToRouter():197}(Object(Illuminate\Http\Request))
#40 C:\xampp\htdocs\site_iuhm\vendor\livewire\livewire\src\Features\SupportDisablingBackButtonCache\DisableBackButtonCacheMiddleware.php(19): Illuminate\Pipeline\Pipeline->{closure:Illuminate\Pipeline\Pipeline::prepareDestination():178}(Object(Illuminate\Http\Request))
#41 C:\xampp\htdocs\site_iuhm\vendor\laravel\framework\src\Illuminate\Pipeline\Pipeline.php(219): Livewire\Features\SupportDisablingBackButtonCache\DisableBackButtonCacheMiddleware->handle(Object(Illuminate\Http\Request), Object(Closure))
#42 C:\xampp\htdocs\site_iuhm\vendor\laravel\framework\src\Illuminate\Foundation\Http\Middleware\TransformsRequest.php(21): Illuminate\Pipeline\Pipeline->{closure:{closure:Illuminate\Pipeline\Pipeline::carry():194}:195}(Object(Illuminate\Http\Request))
#43 C:\xampp\htdocs\site_iuhm\vendor\laravel\framework\src\Illuminate\Foundation\Http\Middleware\ConvertEmptyStringsToNull.php(31): Illuminate\Foundation\Http\Middleware\TransformsRequest->handle(Object(Illuminate\Http\Request), Object(Closure))
#44 C:\xampp\htdocs\site_iuhm\vendor\laravel\framework\src\Illuminate\Pipeline\Pipeline.php(219): Illuminate\Foundation\Http\Middleware\ConvertEmptyStringsToNull->handle(Object(Illuminate\Http\Request), Object(Closure))
#45 C:\xampp\htdocs\site_iuhm\vendor\laravel\framework\src\Illuminate\Foundation\Http\Middleware\TransformsRequest.php(21): Illuminate\Pipeline\Pipeline->{closure:{closure:Illuminate\Pipeline\Pipeline::carry():194}:195}(Object(Illuminate\Http\Request))
#46 C:\xampp\htdocs\site_iuhm\vendor\laravel\framework\src\Illuminate\Foundation\Http\Middleware\TrimStrings.php(51): Illuminate\Foundation\Http\Middleware\TransformsRequest->handle(Object(Illuminate\Http\Request), Object(Closure))
#47 C:\xampp\htdocs\site_iuhm\vendor\laravel\framework\src\Illuminate\Pipeline\Pipeline.php(219): Illuminate\Foundation\Http\Middleware\TrimStrings->handle(Object(Illuminate\Http\Request), Object(Closure))
#48 C:\xampp\htdocs\site_iuhm\vendor\laravel\framework\src\Illuminate\Http\Middleware\ValidatePostSize.php(27): Illuminate\Pipeline\Pipeline->{closure:{closure:Illuminate\Pipeline\Pipeline::carry():194}:195}(Object(Illuminate\Http\Request))
#49 C:\xampp\htdocs\site_iuhm\vendor\laravel\framework\src\Illuminate\Pipeline\Pipeline.php(219): Illuminate\Http\Middleware\ValidatePostSize->handle(Object(Illuminate\Http\Request), Object(Closure))
#50 C:\xampp\htdocs\site_iuhm\vendor\laravel\framework\src\Illuminate\Foundation\Http\Middleware\PreventRequestsDuringMaintenance.php(109): Illuminate\Pipeline\Pipeline->{closure:{closure:Illuminate\Pipeline\Pipeline::carry():194}:195}(Object(Illuminate\Http\Request))
#51 C:\xampp\htdocs\site_iuhm\vendor\laravel\framework\src\Illuminate\Pipeline\Pipeline.php(219): Illuminate\Foundation\Http\Middleware\PreventRequestsDuringMaintenance->handle(Object(Illuminate\Http\Request), Object(Closure))
#52 C:\xampp\htdocs\site_iuhm\vendor\laravel\framework\src\Illuminate\Http\Middleware\HandleCors.php(61): Illuminate\Pipeline\Pipeline->{closure:{closure:Illuminate\Pipeline\Pipeline::carry():194}:195}(Object(Illuminate\Http\Request))
#53 C:\xampp\htdocs\site_iuhm\vendor\laravel\framework\src\Illuminate\Pipeline\Pipeline.php(219): Illuminate\Http\Middleware\HandleCors->handle(Object(Illuminate\Http\Request), Object(Closure))
#54 C:\xampp\htdocs\site_iuhm\vendor\laravel\framework\src\Illuminate\Http\Middleware\TrustProxies.php(58): Illuminate\Pipeline\Pipeline->{closure:{closure:Illuminate\Pipeline\Pipeline::carry():194}:195}(Object(Illuminate\Http\Request))
#55 C:\xampp\htdocs\site_iuhm\vendor\laravel\framework\src\Illuminate\Pipeline\Pipeline.php(219): Illuminate\Http\Middleware\TrustProxies->handle(Object(Illuminate\Http\Request), Object(Closure))
#56 C:\xampp\htdocs\site_iuhm\vendor\laravel\framework\src\Illuminate\Foundation\Http\Middleware\InvokeDeferredCallbacks.php(22): Illuminate\Pipeline\Pipeline->{closure:{closure:Illuminate\Pipeline\Pipeline::carry():194}:195}(Object(Illuminate\Http\Request))
#57 C:\xampp\htdocs\site_iuhm\vendor\laravel\framework\src\Illuminate\Pipeline\Pipeline.php(219): Illuminate\Foundation\Http\Middleware\InvokeDeferredCallbacks->handle(Object(Illuminate\Http\Request), Object(Closure))
#58 C:\xampp\htdocs\site_iuhm\vendor\laravel\framework\src\Illuminate\Http\Middleware\ValidatePathEncoding.php(28): Illuminate\Pipeline\Pipeline->{closure:{closure:Illuminate\Pipeline\Pipeline::carry():194}:195}(Object(Illuminate\Http\Request))
#59 C:\xampp\htdocs\site_iuhm\vendor\laravel\framework\src\Illuminate\Pipeline\Pipeline.php(219): Illuminate\Http\Middleware\ValidatePathEncoding->handle(Object(Illuminate\Http\Request), Object(Closure))
#60 C:\xampp\htdocs\site_iuhm\vendor\laravel\framework\src\Illuminate\Pipeline\Pipeline.php(137): Illuminate\Pipeline\Pipeline->{closure:{closure:Illuminate\Pipeline\Pipeline::carry():194}:195}(Object(Illuminate\Http\Request))
#61 C:\xampp\htdocs\site_iuhm\vendor\laravel\framework\src\Illuminate\Foundation\Http\Kernel.php(175): Illuminate\Pipeline\Pipeline->then(Object(Closure))
#62 C:\xampp\htdocs\site_iuhm\vendor\laravel\framework\src\Illuminate\Foundation\Http\Kernel.php(144): Illuminate\Foundation\Http\Kernel->sendRequestThroughRouter(Object(Illuminate\Http\Request))
#63 C:\xampp\htdocs\site_iuhm\vendor\laravel\framework\src\Illuminate\Foundation\Testing\Concerns\MakesHttpRequests.php(607): Illuminate\Foundation\Http\Kernel->handle(Object(Illuminate\Http\Request))
#64 C:\xampp\htdocs\site_iuhm\vendor\laravel\framework\src\Illuminate\Foundation\Testing\Concerns\MakesHttpRequests.php(368): Illuminate\Foundation\Testing\TestCase->call('GET', 'http://localhos...', Array, Array, Array, Array)
#65 C:\xampp\htdocs\site_iuhm\tests\Feature\Auth\EmailVerificationTest.php(20): Illuminate\Foundation\Testing\TestCase->get('http://localhos...')
#66 C:\xampp\htdocs\site_iuhm\vendor\phpunit\phpunit\src\Framework\TestCase.php(1335): Tests\Feature\Auth\EmailVerificationTest->test_email_verification_screen_can_be_rendered()
#67 C:\xampp\htdocs\site_iuhm\vendor\phpunit\phpunit\src\Framework\TestCase.php(519): PHPUnit\Framework\TestCase->runTest()
#68 C:\xampp\htdocs\site_iuhm\vendor\phpunit\phpunit\src\Framework\TestRunner\TestRunner.php(99): PHPUnit\Framework\TestCase->runBare()
#69 C:\xampp\htdocs\site_iuhm\vendor\phpunit\phpunit\src\Framework\TestCase.php(359): PHPUnit\Framework\TestRunner->run(Object(Tests\Feature\Auth\EmailVerificationTest))
#70 C:\xampp\htdocs\site_iuhm\vendor\phpunit\phpunit\src\Framework\TestSuite.php(374): PHPUnit\Framework\TestCase->run()
#71 C:\xampp\htdocs\site_iuhm\vendor\phpunit\phpunit\src\Framework\TestSuite.php(374): PHPUnit\Framework\TestSuite->run()
#72 C:\xampp\htdocs\site_iuhm\vendor\phpunit\phpunit\src\Framework\TestSuite.php(374): PHPUnit\Framework\TestSuite->run()
#73 C:\xampp\htdocs\site_iuhm\vendor\phpunit\phpunit\src\TextUI\TestRunner.php(64): PHPUnit\Framework\TestSuite->run()
#74 C:\xampp\htdocs\site_iuhm\vendor\phpunit\phpunit\src\TextUI\Application.php(229): PHPUnit\TextUI\TestRunner->run(Object(PHPUnit\TextUI\Configuration\Configuration), Object(PHPUnit\Runner\ResultCache\DefaultResultCache), Object(PHPUnit\Framework\TestSuite))
#75 C:\xampp\htdocs\site_iuhm\vendor\phpunit\phpunit\phpunit(104): PHPUnit\TextUI\Application->run(Array)
#76 {main}

----------------------------------------------------------------------------------

Vite manifest not found at: C:\xampp\htdocs\site_iuhm\public\build/manifest.json (View: C:\xampp\htdocs\site_iuhm\resources\views\partials\head.blade.php) (View: C:\xampp\htdocs\site_iuhm\resources\views\partials\head.blade.php) (View: C:\xampp\htdocs\site_iuhm\resources\views\partials\head.blade.php) (View: C:\xampp\htdocs\site_iuhm\resources\views\partials\head.blade.php)[39;22m

  at [32mtests\Feature\Auth\EmailVerificationTest.php[39m:[32m22[39m
     18Ôûò         $user = User::factory()->unverified()->create();
     19Ôûò 
     20Ôûò         $response = $this->actingAs($user)->get(route('verification.notice'));
     21Ôûò 
  Ô×£  22Ôûò         $response->assertOk();
     23Ôûò     }
     24Ôûò 
     25Ôûò     public function test_email_can_be_verified(): void
     26Ôûò     {

  [31mÔöÇÔöÇÔöÇÔöÇÔöÇÔöÇÔöÇÔöÇÔöÇÔöÇÔöÇÔöÇÔöÇÔöÇÔöÇÔöÇÔöÇÔöÇÔöÇÔöÇÔöÇÔöÇÔöÇÔöÇÔöÇÔöÇÔöÇÔöÇÔöÇÔöÇÔöÇÔöÇÔöÇÔöÇÔöÇÔöÇÔöÇÔöÇÔöÇÔöÇÔöÇÔöÇÔöÇÔöÇÔöÇÔöÇÔöÇÔöÇÔöÇÔöÇÔöÇÔöÇÔöÇÔöÇÔöÇÔöÇÔöÇÔöÇÔöÇÔöÇÔöÇÔöÇÔöÇÔöÇÔöÇÔöÇÔöÇÔöÇÔöÇÔöÇÔöÇÔöÇÔöÇÔöÇÔöÇÔöÇ[39m  
  [41;1m FAILED [49;22m [1mTests\Feature\Auth\PasswordConfirmationTest[22m [90m>[39m confirm password scÔÇª   
[39;1m  Expected response status code [200] but received 500.
Failed asserting that 500 is identical to 200.

The following exception occurred during the last request:

Illuminate\Foundation\ViteManifestNotFoundException: Vite manifest not found at: C:\xampp\htdocs\site_iuhm\public\build/manifest.json in C:\xampp\htdocs\site_iuhm\vendor\laravel\framework\src\Illuminate\Foundation\Vite.php:946
Stack trace:
#0 C:\xampp\htdocs\site_iuhm\vendor\laravel\framework\src\Illuminate\Foundation\Vite.php(384): Illuminate\Foundation\Vite->manifest('build')
#1 C:\xampp\htdocs\site_iuhm\storage\framework\views\5fd94fc7a115eb01cf68443e349dcd01.php(16): Illuminate\Foundation\Vite->__invoke(Object(Illuminate\Support\Collection))
#2 C:\xampp\htdocs\site_iuhm\vendor\laravel\framework\src\Illuminate\Filesystem\Filesystem.php(123): require('C:\\xampp\\htdocs...')
#3 C:\xampp\htdocs\site_iuhm\vendor\laravel\framework\src\Illuminate\Filesystem\Filesystem.php(124): Illuminate\Filesystem\Filesystem::{closure:Illuminate\Filesystem\Filesystem::getRequire():120}()
#4 C:\xampp\htdocs\site_iuhm\vendor\laravel\framework\src\Illuminate\View\Engines\PhpEngine.php(57): Illuminate\Filesystem\Filesystem->getRequire('C:\\xampp\\htdocs...', Array)
#5 C:\xampp\htdocs\site_iuhm\vendor\livewire\livewire\src\Mechanisms\ExtendBlade\ExtendedCompilerEngine.php(22): Illuminate\View\Engines\PhpEngine->evaluatePath('C:\\xampp\\htdocs...', Array)
#6 C:\xampp\htdocs\site_iuhm\vendor\laravel\framework\src\Illuminate\View\Engines\CompilerEngine.php(76): Livewire\Mechanisms\ExtendBlade\ExtendedCompilerEngine->evaluatePath('C:\\xampp\\htdocs...', Array)
#7 C:\xampp\htdocs\site_iuhm\vendor\livewire\livewire\src\Mechanisms\ExtendBlade\ExtendedCompilerEngine.php(10): Illuminate\View\Engines\CompilerEngine->get('C:\\xampp\\htdocs...', Array)
#8 C:\xampp\htdocs\site_iuhm\vendor\laravel\framework\src\Illuminate\View\View.php(208): Livewire\Mechanisms\ExtendBlade\ExtendedCompilerEngine->get('C:\\xampp\\htdocs...', Array)
#9 C:\xampp\htdocs\site_iuhm\vendor\laravel\framework\src\Illuminate\View\View.php(191): Illuminate\View\View->getContents()
#10 C:\xampp\htdocs\site_iuhm\vendor\laravel\framework\src\Illuminate\View\View.php(160): Illuminate\View\View->renderContents()
#11 C:\xampp\htdocs\site_iuhm\storage\framework\views\9f512d4add5423159fffe52151bd4fe8.php(4): Illuminate\View\View->render()
#12 C:\xampp\htdocs\site_iuhm\vendor\laravel\framework\src\Illuminate\Filesystem\Filesystem.php(123): require('C:\\xampp\\htdocs...')
#13 C:\xampp\htdocs\site_iuhm\vendor\laravel\framework\src\Illuminate\Filesystem\Filesystem.php(124): Illuminate\Filesystem\Filesystem::{closure:Illuminate\Filesystem\Filesystem::getRequire():120}()
#14 C:\xampp\htdocs\site_iuhm\vendor\laravel\framework\src\Illuminate\View\Engines\PhpEngine.php(57): Illuminate\Filesystem\Filesystem->getRequire('C:\\xampp\\htdocs...', Array)
#15 C:\xampp\htdocs\site_iuhm\vendor\livewire\livewire\src\Mechanisms\ExtendBlade\ExtendedCompilerEngine.php(22): Illuminate\View\Engines\PhpEngine->evaluatePath('C:\\xampp\\htdocs...', Array)
#16 C:\xampp\htdocs\site_iuhm\vendor\laravel\framework\src\Illuminate\View\Engines\CompilerEngine.php(76): Livewire\Mechanisms\ExtendBlade\ExtendedCompilerEngine->evaluatePath('C:\\xampp\\htdocs...', Array)
#17 C:\xampp\htdocs\site_iuhm\vendor\livewire\livewire\src\Mechanisms\ExtendBlade\ExtendedCompilerEngine.php(10): Illuminate\View\Engines\CompilerEngine->get('C:\\xampp\\htdocs...', Array)
#18 C:\xampp\htdocs\site_iuhm\vendor\laravel\framework\src\Illuminate\View\View.php(208): Livewire\Mechanisms\ExtendBlade\ExtendedCompilerEngine->get('C:\\xampp\\htdocs...', Array)
#19 C:\xampp\htdocs\site_iuhm\vendor\laravel\framework\src\Illuminate\View\View.php(191): Illuminate\View\View->getContents()
#20 C:\xampp\htdocs\site_iuhm\vendor\laravel\framework\src\Illuminate\View\View.php(160): Illuminate\View\View->renderContents()
#21 C:\xampp\htdocs\site_iuhm\vendor\laravel\framework\src\Illuminate\View\Concerns\ManagesComponents.php(103): Illuminate\View\View->render()
#22 C:\xampp\htdocs\site_iuhm\storage\framework\views\77efdc9d6b730fc9d8b06a63d669eb13.php(15): Illuminate\View\Factory->renderComponent()
#23 C:\xampp\htdocs\site_iuhm\vendor\laravel\framework\src\Illuminate\Filesystem\Filesystem.php(123): require('C:\\xampp\\htdocs...')
#24 C:\xampp\htdocs\site_iuhm\vendor\laravel\framework\src\Illuminate\Filesystem\Filesystem.php(124): Illuminate\Filesystem\Filesystem::{closure:Illuminate\Filesystem\Filesystem::getRequire():120}()
#25 C:\xampp\htdocs\site_iuhm\vendor\laravel\framework\src\Illuminate\View\Engines\PhpEngine.php(57): Illuminate\Filesystem\Filesystem->getRequire('C:\\xampp\\htdocs...', Array)
#26 C:\xampp\htdocs\site_iuhm\vendor\livewire\livewire\src\Mechanisms\ExtendBlade\ExtendedCompilerEngine.php(22): Illuminate\View\Engines\PhpEngine->evaluatePath('C:\\xampp\\htdocs...', Array)
#27 C:\xampp\htdocs\site_iuhm\vendor\laravel\framework\src\Illuminate\View\Engines\CompilerEngine.php(76): Livewire\Mechanisms\ExtendBlade\ExtendedCompilerEngine->evaluatePath('C:\\xampp\\htdocs...', Array)
#28 C:\xampp\htdocs\site_iuhm\vendor\livewire\livewire\src\Mechanisms\ExtendBlade\ExtendedCompilerEngine.php(10): Illuminate\View\Engines\CompilerEngine->get('C:\\xampp\\htdocs...', Array)
#29 C:\xampp\htdocs\site_iuhm\vendor\laravel\framework\src\Illuminate\View\View.php(208): Livewire\Mechanisms\ExtendBlade\ExtendedCompilerEngine->get('C:\\xampp\\htdocs...', Array)
#30 C:\xampp\htdocs\site_iuhm\vendor\laravel\framework\src\Illuminate\View\View.php(191): Illuminate\View\View->getContents()
#31 C:\xampp\htdocs\site_iuhm\vendor\laravel\framework\src\Illuminate\View\View.php(160): Illuminate\View\View->renderContents()
#32 C:\xampp\htdocs\site_iuhm\vendor\laravel\framework\src\Illuminate\View\Concerns\ManagesComponents.php(103): Illuminate\View\View->render()
#33 C:\xampp\htdocs\site_iuhm\storage\framework\views\0af889c1e02bfad88318fefde7f68f52.php(112): Illuminate\View\Factory->renderComponent()
#34 C:\xampp\htdocs\site_iuhm\vendor\laravel\framework\src\Illuminate\Filesystem\Filesystem.php(123): require('C:\\xampp\\htdocs...')
#35 C:\xampp\htdocs\site_iuhm\vendor\laravel\framework\src\Illuminate\Filesystem\Filesystem.php(124): Illuminate\Filesystem\Filesystem::{closure:Illuminate\Filesystem\Filesystem::getRequire():120}()
#36 C:\xampp\htdocs\site_iuhm\vendor\laravel\framework\src\Illuminate\View\Engines\PhpEngine.php(57): Illuminate\Filesystem\Filesystem->getRequire('C:\\xampp\\htdocs...', Array)
#37 C:\xampp\htdocs\site_iuhm\vendor\livewire\livewire\src\Mechanisms\ExtendBlade\ExtendedCompilerEngine.php(22): Illuminate\View\Engines\PhpEngine->evaluatePath('C:\\xampp\\htdocs...', Array)
#38 C:\xampp\htdocs\site_iuhm\vendor\laravel\framework\src\Illuminate\View\Engines\CompilerEngine.php(76): Livewire\Mechanisms\ExtendBlade\ExtendedCompilerEngine->evaluatePath('C:\\xampp\\htdocs...', Array)
#39 C:\xampp\htdocs\site_iuhm\vendor\livewire\livewire\src\Mechanisms\ExtendBlade\ExtendedCompilerEngine.php(10): Illuminate\View\Engines\CompilerEngine->get('C:\\xampp\\htdocs...', Array)
#40 C:\xampp\htdocs\site_iuhm\vendor\laravel\framework\src\Illuminate\View\View.php(208): Livewire\Mechanisms\ExtendBlade\ExtendedCompilerEngine->get('C:\\xampp\\htdocs...', Array)
#41 C:\xampp\htdocs\site_iuhm\vendor\laravel\framework\src\Illuminate\View\View.php(191): Illuminate\View\View->getContents()
#42 C:\xampp\htdocs\site_iuhm\vendor\laravel\framework\src\Illuminate\View\View.php(160): Illuminate\View\View->renderContents()
#43 C:\xampp\htdocs\site_iuhm\vendor\laravel\framework\src\Illuminate\Http\Response.php(78): Illuminate\View\View->render()
#44 C:\xampp\htdocs\site_iuhm\vendor\laravel\framework\src\Illuminate\Http\Response.php(34): Illuminate\Http\Response->setContent(Object(Illuminate\View\View))
#45 C:\xampp\htdocs\site_iuhm\vendor\laravel\framework\src\Illuminate\Routing\Router.php(939): Illuminate\Http\Response->__construct(Object(Illuminate\View\View), 200, Array)
#46 C:\xampp\htdocs\site_iuhm\vendor\laravel\framework\src\Illuminate\Routing\Router.php(906): Illuminate\Routing\Router::toResponse(Object(Illuminate\Http\Request), Object(Illuminate\View\View))
#47 C:\xampp\htdocs\site_iuhm\vendor\laravel\framework\src\Illuminate\Routing\Router.php(821): Illuminate\Routing\Router->prepareResponse(Object(Illuminate\Http\Request), Object(Laravel\Fortify\Http\Responses\SimpleViewResponse))
#48 C:\xampp\htdocs\site_iuhm\vendor\laravel\framework\src\Illuminate\Pipeline\Pipeline.php(180): Illuminate\Routing\Router->{closure:Illuminate\Routing\Router::runRouteWithinStack():821}(Object(Illuminate\Http\Request))
#49 C:\xampp\htdocs\site_iuhm\app\Http\Middleware\SetTeamUrlDefaults.php(26): Illuminate\Pipeline\Pipeline->{closure:Illuminate\Pipeline\Pipeline::prepareDestination():178}(Object(Illuminate\Http\Request))
#50 C:\xampp\htdocs\site_iuhm\vendor\laravel\framework\src\Illuminate\Pipeline\Pipeline.php(219): App\Http\Middleware\SetTeamUrlDefaults->handle(Object(Illuminate\Http\Request), Object(Closure))
#51 C:\xampp\htdocs\site_iuhm\app\Http\Middleware\SetLocale.php(28): Illuminate\Pipeline\Pipeline->{closure:{closure:Illuminate\Pipeline\Pipeline::carry():194}:195}(Object(Illuminate\Http\Request))
#52 C:\xampp\htdocs\site_iuhm\vendor\laravel\framework\src\Illuminate\Pipeline\Pipeline.php(219): App\Http\Middleware\SetLocale->handle(Object(Illuminate\Http\Request), Object(Closure))
#53 C:\xampp\htdocs\site_iuhm\vendor\laravel\framework\src\Illuminate\Routing\Middleware\SubstituteBindings.php(52): Illuminate\Pipeline\Pipeline->{closure:{closure:Illuminate\Pipeline\Pipeline::carry():194}:195}(Object(Illuminate\Http\Request))
#54 C:\xampp\htdocs\site_iuhm\vendor\laravel\framework\src\Illuminate\Pipeline\Pipeline.php(219): Illuminate\Routing\Middleware\SubstituteBindings->handle(Object(Illuminate\Http\Request), Object(Closure))
#55 C:\xampp\htdocs\site_iuhm\vendor\laravel\framework\src\Illuminate\Auth\Middleware\Authenticate.php(63): Illuminate\Pipeline\Pipeline->{closure:{closure:Illuminate\Pipeline\Pipeline::carry():194}:195}(Object(Illuminate\Http\Request))
#56 C:\xampp\htdocs\site_iuhm\vendor\laravel\framework\src\Illuminate\Pipeline\Pipeline.php(219): Illuminate\Auth\Middleware\Authenticate->handle(Object(Illuminate\Http\Request), Object(Closure), 'web')
#57 C:\xampp\htdocs\site_iuhm\vendor\laravel\framework\src\Illuminate\Foundation\Http\Middleware\PreventRequestForgery.php(104): Illuminate\Pipeline\Pipeline->{closure:{closure:Illuminate\Pipeline\Pipeline::carry():194}:195}(Object(Illuminate\Http\Request))
#58 C:\xampp\htdocs\site_iuhm\vendor\laravel\framework\src\Illuminate\Pipeline\Pipeline.php(219): Illuminate\Foundation\Http\Middleware\PreventRequestForgery->handle(Object(Illuminate\Http\Request), Object(Closure))
#59 C:\xampp\htdocs\site_iuhm\vendor\laravel\framework\src\Illuminate\View\Middleware\ShareErrorsFromSession.php(48): Illuminate\Pipeline\Pipeline->{closure:{closure:Illuminate\Pipeline\Pipeline::carry():194}:195}(Object(Illuminate\Http\Request))
#60 C:\xampp\htdocs\site_iuhm\vendor\laravel\framework\src\Illuminate\Pipeline\Pipeline.php(219): Illuminate\View\Middleware\ShareErrorsFromSession->handle(Object(Illuminate\Http\Request), Object(Closure))
#61 C:\xampp\htdocs\site_iuhm\vendor\laravel\framework\src\Illuminate\Session\Middleware\StartSession.php(120): Illuminate\Pipeline\Pipeline->{closure:{closure:Illuminate\Pipeline\Pipeline::carry():194}:195}(Object(Illuminate\Http\Request))
#62 C:\xampp\htdocs\site_iuhm\vendor\laravel\framework\src\Illuminate\Session\Middleware\StartSession.php(63): Illuminate\Session\Middleware\StartSession->handleStatefulRequest(Object(Illuminate\Http\Request), Object(Illuminate\Session\Store), Object(Closure))
#63 C:\xampp\htdocs\site_iuhm\vendor\laravel\framework\src\Illuminate\Pipeline\Pipeline.php(219): Illuminate\Session\Middleware\StartSession->handle(Object(Illuminate\Http\Request), Object(Closure))
#64 C:\xampp\htdocs\site_iuhm\vendor\laravel\framework\src\Illuminate\Cookie\Middleware\AddQueuedCookiesToResponse.php(36): Illuminate\Pipeline\Pipeline->{closure:{closure:Illuminate\Pipeline\Pipeline::carry():194}:195}(Object(Illuminate\Http\Request))
#65 C:\xampp\htdocs\site_iuhm\vendor\laravel\framework\src\Illuminate\Pipeline\Pipeline.php(219): Illuminate\Cookie\Middleware\AddQueuedCookiesToResponse->handle(Object(Illuminate\Http\Request), Object(Closure))
#66 C:\xampp\htdocs\site_iuhm\vendor\laravel\framework\src\Illuminate\Cookie\Middleware\EncryptCookies.php(74): Illuminate\Pipeline\Pipeline->{closure:{closure:Illuminate\Pipeline\Pipeline::carry():194}:195}(Object(Illuminate\Http\Request))
#67 C:\xampp\htdocs\site_iuhm\vendor\laravel\framework\src\Illuminate\Pipeline\Pipeline.php(219): Illuminate\Cookie\Middleware\EncryptCookies->handle(Object(Illuminate\Http\Request), Object(Closure))
#68 C:\xampp\htdocs\site_iuhm\vendor\laravel\framework\src\Illuminate\Pipeline\Pipeline.php(137): Illuminate\Pipeline\Pipeline->{closure:{closure:Illuminate\Pipeline\Pipeline::carry():194}:195}(Object(Illuminate\Http\Request))
#69 C:\xampp\htdocs\site_iuhm\vendor\laravel\framework\src\Illuminate\Routing\Router.php(821): Illuminate\Pipeline\Pipeline->then(Object(Closure))
#70 C:\xampp\htdocs\site_iuhm\vendor\laravel\framework\src\Illuminate\Routing\Router.php(800): Illuminate\Routing\Router->runRouteWithinStack(Object(Illuminate\Routing\Route), Object(Illuminate\Http\Request))
#71 C:\xampp\htdocs\site_iuhm\vendor\laravel\framework\src\Illuminate\Routing\Router.php(764): Illuminate\Routing\Router->runRoute(Object(Illuminate\Http\Request), Object(Illuminate\Routing\Route))
#72 C:\xampp\htdocs\site_iuhm\vendor\laravel\framework\src\Illuminate\Routing\Router.php(753): Illuminate\Routing\Router->dispatchToRoute(Object(Illuminate\Http\Request))
#73 C:\xampp\htdocs\site_iuhm\vendor\laravel\framework\src\Illuminate\Foundation\Http\Kernel.php(200): Illuminate\Routing\Router->dispatch(Object(Illuminate\Http\Request))
#74 C:\xampp\htdocs\site_iuhm\vendor\laravel\framework\src\Illuminate\Pipeline\Pipeline.php(180): Illuminate\Foundation\Http\Kernel->{closure:Illuminate\Foundation\Http\Kernel::dispatchToRouter():197}(Object(Illuminate\Http\Request))
#75 C:\xampp\htdocs\site_iuhm\vendor\livewire\livewire\src\Features\SupportDisablingBackButtonCache\DisableBackButtonCacheMiddleware.php(19): Illuminate\Pipeline\Pipeline->{closure:Illuminate\Pipeline\Pipeline::prepareDestination():178}(Object(Illuminate\Http\Request))
#76 C:\xampp\htdocs\site_iuhm\vendor\laravel\framework\src\Illuminate\Pipeline\Pipeline.php(219): Livewire\Features\SupportDisablingBackButtonCache\DisableBackButtonCacheMiddleware->handle(Object(Illuminate\Http\Request), Object(Closure))
#77 C:\xampp\htdocs\site_iuhm\vendor\laravel\framework\src\Illuminate\Foundation\Http\Middleware\TransformsRequest.php(21): Illuminate\Pipeline\Pipeline->{closure:{closure:Illuminate\Pipeline\Pipeline::carry():194}:195}(Object(Illuminate\Http\Request))
#78 C:\xampp\htdocs\site_iuhm\vendor\laravel\framework\src\Illuminate\Foundation\Http\Middleware\ConvertEmptyStringsToNull.php(31): Illuminate\Foundation\Http\Middleware\TransformsRequest->handle(Object(Illuminate\Http\Request), Object(Closure))
#79 C:\xampp\htdocs\site_iuhm\vendor\laravel\framework\src\Illuminate\Pipeline\Pipeline.php(219): Illuminate\Foundation\Http\Middleware\ConvertEmptyStringsToNull->handle(Object(Illuminate\Http\Request), Object(Closure))
#80 C:\xampp\htdocs\site_iuhm\vendor\laravel\framework\src\Illuminate\Foundation\Http\Middleware\TransformsRequest.php(21): Illuminate\Pipeline\Pipeline->{closure:{closure:Illuminate\Pipeline\Pipeline::carry():194}:195}(Object(Illuminate\Http\Request))
#81 C:\xampp\htdocs\site_iuhm\vendor\laravel\framework\src\Illuminate\Foundation\Http\Middleware\TrimStrings.php(51): Illuminate\Foundation\Http\Middleware\TransformsRequest->handle(Object(Illuminate\Http\Request), Object(Closure))
#82 C:\xampp\htdocs\site_iuhm\vendor\laravel\framework\src\Illuminate\Pipeline\Pipeline.php(219): Illuminate\Foundation\Http\Middleware\TrimStrings->handle(Object(Illuminate\Http\Request), Object(Closure))
#83 C:\xampp\htdocs\site_iuhm\vendor\laravel\framework\src\Illuminate\Http\Middleware\ValidatePostSize.php(27): Illuminate\Pipeline\Pipeline->{closure:{closure:Illuminate\Pipeline\Pipeline::carry():194}:195}(Object(Illuminate\Http\Request))
#84 C:\xampp\htdocs\site_iuhm\vendor\laravel\framework\src\Illuminate\Pipeline\Pipeline.php(219): Illuminate\Http\Middleware\ValidatePostSize->handle(Object(Illuminate\Http\Request), Object(Closure))
#85 C:\xampp\htdocs\site_iuhm\vendor\laravel\framework\src\Illuminate\Foundation\Http\Middleware\PreventRequestsDuringMaintenance.php(109): Illuminate\Pipeline\Pipeline->{closure:{closure:Illuminate\Pipeline\Pipeline::carry():194}:195}(Object(Illuminate\Http\Request))
#86 C:\xampp\htdocs\site_iuhm\vendor\laravel\framework\src\Illuminate\Pipeline\Pipeline.php(219): Illuminate\Foundation\Http\Middleware\PreventRequestsDuringMaintenance->handle(Object(Illuminate\Http\Request), Object(Closure))
#87 C:\xampp\htdocs\site_iuhm\vendor\laravel\framework\src\Illuminate\Http\Middleware\HandleCors.php(61): Illuminate\Pipeline\Pipeline->{closure:{closure:Illuminate\Pipeline\Pipeline::carry():194}:195}(Object(Illuminate\Http\Request))
#88 C:\xampp\htdocs\site_iuhm\vendor\laravel\framework\src\Illuminate\Pipeline\Pipeline.php(219): Illuminate\Http\Middleware\HandleCors->handle(Object(Illuminate\Http\Request), Object(Closure))
#89 C:\xampp\htdocs\site_iuhm\vendor\laravel\framework\src\Illuminate\Http\Middleware\TrustProxies.php(58): Illuminate\Pipeline\Pipeline->{closure:{closure:Illuminate\Pipeline\Pipeline::carry():194}:195}(Object(Illuminate\Http\Request))
#90 C:\xampp\htdocs\site_iuhm\vendor\laravel\framework\src\Illuminate\Pipeline\Pipeline.php(219): Illuminate\Http\Middleware\TrustProxies->handle(Object(Illuminate\Http\Request), Object(Closure))
#91 C:\xampp\htdocs\site_iuhm\vendor\laravel\framework\src\Illuminate\Foundation\Http\Middleware\InvokeDeferredCallbacks.php(22): Illuminate\Pipeline\Pipeline->{closure:{closure:Illuminate\Pipeline\Pipeline::carry():194}:195}(Object(Illuminate\Http\Request))
#92 C:\xampp\htdocs\site_iuhm\vendor\laravel\framework\src\Illuminate\Pipeline\Pipeline.php(219): Illuminate\Foundation\Http\Middleware\InvokeDeferredCallbacks->handle(Object(Illuminate\Http\Request), Object(Closure))
#93 C:\xampp\htdocs\site_iuhm\vendor\laravel\framework\src\Illuminate\Http\Middleware\ValidatePathEncoding.php(28): Illuminate\Pipeline\Pipeline->{closure:{closure:Illuminate\Pipeline\Pipeline::carry():194}:195}(Object(Illuminate\Http\Request))
#94 C:\xampp\htdocs\site_iuhm\vendor\laravel\framework\src\Illuminate\Pipeline\Pipeline.php(219): Illuminate\Http\Middleware\ValidatePathEncoding->handle(Object(Illuminate\Http\Request), Object(Closure))
#95 C:\xampp\htdocs\site_iuhm\vendor\laravel\framework\src\Illuminate\Pipeline\Pipeline.php(137): Illuminate\Pipeline\Pipeline->{closure:{closure:Illuminate\Pipeline\Pipeline::carry():194}:195}(Object(Illuminate\Http\Request))
#96 C:\xampp\htdocs\site_iuhm\vendor\laravel\framework\src\Illuminate\Foundation\Http\Kernel.php(175): Illuminate\Pipeline\Pipeline->then(Object(Closure))
#97 C:\xampp\htdocs\site_iuhm\vendor\laravel\framework\src\Illuminate\Foundation\Http\Kernel.php(144): Illuminate\Foundation\Http\Kernel->sendRequestThroughRouter(Object(Illuminate\Http\Request))
#98 C:\xampp\htdocs\site_iuhm\vendor\laravel\framework\src\Illuminate\Foundation\Testing\Concerns\MakesHttpRequests.php(607): Illuminate\Foundation\Http\Kernel->handle(Object(Illuminate\Http\Request))
#99 C:\xampp\htdocs\site_iuhm\vendor\laravel\framework\src\Illuminate\Foundation\Testing\Concerns\MakesHttpRequests.php(368): Illuminate\Foundation\Testing\TestCase->call('GET', 'http://localhos...', Array, Array, Array, Array)
#100 C:\xampp\htdocs\site_iuhm\tests\Feature\Auth\PasswordConfirmationTest.php(17): Illuminate\Foundation\Testing\TestCase->get('http://localhos...')
#101 C:\xampp\htdocs\site_iuhm\vendor\phpunit\phpunit\src\Framework\TestCase.php(1335): Tests\Feature\Auth\PasswordConfirmationTest->test_confirm_password_screen_can_be_rendered()
#102 C:\xampp\htdocs\site_iuhm\vendor\phpunit\phpunit\src\Framework\TestCase.php(519): PHPUnit\Framework\TestCase->runTest()
#103 C:\xampp\htdocs\site_iuhm\vendor\phpunit\phpunit\src\Framework\TestRunner\TestRunner.php(99): PHPUnit\Framework\TestCase->runBare()
#104 C:\xampp\htdocs\site_iuhm\vendor\phpunit\phpunit\src\Framework\TestCase.php(359): PHPUnit\Framework\TestRunner->run(Object(Tests\Feature\Auth\PasswordConfirmationTest))
#105 C:\xampp\htdocs\site_iuhm\vendor\phpunit\phpunit\src\Framework\TestSuite.php(374): PHPUnit\Framework\TestCase->run()
#106 C:\xampp\htdocs\site_iuhm\vendor\phpunit\phpunit\src\Framework\TestSuite.php(374): PHPUnit\Framework\TestSuite->run()
#107 C:\xampp\htdocs\site_iuhm\vendor\phpunit\phpunit\src\Framework\TestSuite.php(374): PHPUnit\Framework\TestSuite->run()
#108 C:\xampp\htdocs\site_iuhm\vendor\phpunit\phpunit\src\TextUI\TestRunner.php(64): PHPUnit\Framework\TestSuite->run()
#109 C:\xampp\htdocs\site_iuhm\vendor\phpunit\phpunit\src\TextUI\Application.php(229): PHPUnit\TextUI\TestRunner->run(Object(PHPUnit\TextUI\Configuration\Configuration), Object(PHPUnit\Runner\ResultCache\DefaultResultCache), Object(PHPUnit\Framework\TestSuite))
#110 C:\xampp\htdocs\site_iuhm\vendor\phpunit\phpunit\phpunit(104): PHPUnit\TextUI\Application->run(Array)
#111 {main}

Next Illuminate\View\ViewException: Vite manifest not found at: C:\xampp\htdocs\site_iuhm\public\build/manifest.json (View: C:\xampp\htdocs\site_iuhm\resources\views\partials\head.blade.php) in C:\xampp\htdocs\site_iuhm\vendor\laravel\framework\src\Illuminate\Foundation\Vite.php:946
Stack trace:
#0 C:\xampp\htdocs\site_iuhm\vendor\livewire\livewire\src\Mechanisms\ExtendBlade\ExtendedCompilerEngine.php(58): Illuminate\View\Engines\CompilerEngine->handleViewException(Object(Illuminate\Foundation\ViteManifestNotFoundException), 4)
#1 C:\xampp\htdocs\site_iuhm\vendor\laravel\framework\src\Illuminate\View\Engines\PhpEngine.php(59): Livewire\Mechanisms\ExtendBlade\ExtendedCompilerEngine->handleViewException(Object(Illuminate\Foundation\ViteManifestNotFoundException), 4)
#2 C:\xampp\htdocs\site_iuhm\vendor\livewire\livewire\src\Mechanisms\ExtendBlade\ExtendedCompilerEngine.php(22): Illuminate\View\Engines\PhpEngine->evaluatePath('C:\\xampp\\htdocs...', Array)
#3 C:\xampp\htdocs\site_iuhm\vendor\laravel\framework\src\Illuminate\View\Engines\CompilerEngine.php(76): Livewire\Mechanisms\ExtendBlade\ExtendedCompilerEngine->evaluatePath('C:\\xampp\\htdocs...', Array)
#4 C:\xampp\htdocs\site_iuhm\vendor\livewire\livewire\src\Mechanisms\ExtendBlade\ExtendedCompilerEngine.php(10): Illuminate\View\Engines\CompilerEngine->get('C:\\xampp\\htdocs...', Array)
#5 C:\xampp\htdocs\site_iuhm\vendor\laravel\framework\src\Illuminate\View\View.php(208): Livewire\Mechanisms\ExtendBlade\ExtendedCompilerEngine->get('C:\\xampp\\htdocs...', Array)
#6 C:\xampp\htdocs\site_iuhm\vendor\laravel\framework\src\Illuminate\View\View.php(191): Illuminate\View\View->getContents()
#7 C:\xampp\htdocs\site_iuhm\vendor\laravel\framework\src\Illuminate\View\View.php(160): Illuminate\View\View->renderContents()
#8 C:\xampp\htdocs\site_iuhm\storage\framework\views\9f512d4add5423159fffe52151bd4fe8.php(4): Illuminate\View\View->render()
#9 C:\xampp\htdocs\site_iuhm\vendor\laravel\framework\src\Illuminate\Filesystem\Filesystem.php(123): require('C:\\xampp\\htdocs...')
#10 C:\xampp\htdocs\site_iuhm\vendor\laravel\framework\src\Illuminate\Filesystem\Filesystem.php(124): Illuminate\Filesystem\Filesystem::{closure:Illuminate\Filesystem\Filesystem::getRequire():120}()
#11 C:\xampp\htdocs\site_iuhm\vendor\laravel\framework\src\Illuminate\View\Engines\PhpEngine.php(57): Illuminate\Filesystem\Filesystem->getRequire('C:\\xampp\\htdocs...', Array)
#12 C:\xampp\htdocs\site_iuhm\vendor\livewire\livewire\src\Mechanisms\ExtendBlade\ExtendedCompilerEngine.php(22): Illuminate\View\Engines\PhpEngine->evaluatePath('C:\\xampp\\htdocs...', Array)
#13 C:\xampp\htdocs\site_iuhm\vendor\laravel\framework\src\Illuminate\View\Engines\CompilerEngine.php(76): Livewire\Mechanisms\ExtendBlade\ExtendedCompilerEngine->evaluatePath('C:\\xampp\\htdocs...', Array)
#14 C:\xampp\htdocs\site_iuhm\vendor\livewire\livewire\src\Mechanisms\ExtendBlade\ExtendedCompilerEngine.php(10): Illuminate\View\Engines\CompilerEngine->get('C:\\xampp\\htdocs...', Array)
#15 C:\xampp\htdocs\site_iuhm\vendor\laravel\framework\src\Illuminate\View\View.php(208): Livewire\Mechanisms\ExtendBlade\ExtendedCompilerEngine->get('C:\\xampp\\htdocs...', Array)
#16 C:\xampp\htdocs\site_iuhm\vendor\laravel\framework\src\Illuminate\View\View.php(191): Illuminate\View\View->getContents()
#17 C:\xampp\htdocs\site_iuhm\vendor\laravel\framework\src\Illuminate\View\View.php(160): Illuminate\View\View->renderContents()
#18 C:\xampp\htdocs\site_iuhm\vendor\laravel\framework\src\Illuminate\View\Concerns\ManagesComponents.php(103): Illuminate\View\View->render()
#19 C:\xampp\htdocs\site_iuhm\storage\framework\views\77efdc9d6b730fc9d8b06a63d669eb13.php(15): Illuminate\View\Factory->renderComponent()
#20 C:\xampp\htdocs\site_iuhm\vendor\laravel\framework\src\Illuminate\Filesystem\Filesystem.php(123): require('C:\\xampp\\htdocs...')
#21 C:\xampp\htdocs\site_iuhm\vendor\laravel\framework\src\Illuminate\Filesystem\Filesystem.php(124): Illuminate\Filesystem\Filesystem::{closure:Illuminate\Filesystem\Filesystem::getRequire():120}()
#22 C:\xampp\htdocs\site_iuhm\vendor\laravel\framework\src\Illuminate\View\Engines\PhpEngine.php(57): Illuminate\Filesystem\Filesystem->getRequire('C:\\xampp\\htdocs...', Array)
#23 C:\xampp\htdocs\site_iuhm\vendor\livewire\livewire\src\Mechanisms\ExtendBlade\ExtendedCompilerEngine.php(22): Illuminate\View\Engines\PhpEngine->evaluatePath('C:\\xampp\\htdocs...', Array)
#24 C:\xampp\htdocs\site_iuhm\vendor\laravel\framework\src\Illuminate\View\Engines\CompilerEngine.php(76): Livewire\Mechanisms\ExtendBlade\ExtendedCompilerEngine->evaluatePath('C:\\xampp\\htdocs...', Array)
#25 C:\xampp\htdocs\site_iuhm\vendor\livewire\livewire\src\Mechanisms\ExtendBlade\ExtendedCompilerEngine.php(10): Illuminate\View\Engines\CompilerEngine->get('C:\\xampp\\htdocs...', Array)
#26 C:\xampp\htdocs\site_iuhm\vendor\laravel\framework\src\Illuminate\View\View.php(208): Livewire\Mechanisms\ExtendBlade\ExtendedCompilerEngine->get('C:\\xampp\\htdocs...', Array)
#27 C:\xampp\htdocs\site_iuhm\vendor\laravel\framework\src\Illuminate\View\View.php(191): Illuminate\View\View->getContents()
#28 C:\xampp\htdocs\site_iuhm\vendor\laravel\framework\src\Illuminate\View\View.php(160): Illuminate\View\View->renderContents()
#29 C:\xampp\htdocs\site_iuhm\vendor\laravel\framework\src\Illuminate\View\Concerns\ManagesComponents.php(103): Illuminate\View\View->render()
#30 C:\xampp\htdocs\site_iuhm\storage\framework\views\0af889c1e02bfad88318fefde7f68f52.php(112): Illuminate\View\Factory->renderComponent()
#31 C:\xampp\htdocs\site_iuhm\vendor\laravel\framework\src\Illuminate\Filesystem\Filesystem.php(123): require('C:\\xampp\\htdocs...')
#32 C:\xampp\htdocs\site_iuhm\vendor\laravel\framework\src\Illuminate\Filesystem\Filesystem.php(124): Illuminate\Filesystem\Filesystem::{closure:Illuminate\Filesystem\Filesystem::getRequire():120}()
#33 C:\xampp\htdocs\site_iuhm\vendor\laravel\framework\src\Illuminate\View\Engines\PhpEngine.php(57): Illuminate\Filesystem\Filesystem->getRequire('C:\\xampp\\htdocs...', Array)
#34 C:\xampp\htdocs\site_iuhm\vendor\livewire\livewire\src\Mechanisms\ExtendBlade\ExtendedCompilerEngine.php(22): Illuminate\View\Engines\PhpEngine->evaluatePath('C:\\xampp\\htdocs...', Array)
#35 C:\xampp\htdocs\site_iuhm\vendor\laravel\framework\src\Illuminate\View\Engines\CompilerEngine.php(76): Livewire\Mechanisms\ExtendBlade\ExtendedCompilerEngine->evaluatePath('C:\\xampp\\htdocs...', Array)
#36 C:\xampp\htdocs\site_iuhm\vendor\livewire\livewire\src\Mechanisms\ExtendBlade\ExtendedCompilerEngine.php(10): Illuminate\View\Engines\CompilerEngine->get('C:\\xampp\\htdocs...', Array)
#37 C:\xampp\htdocs\site_iuhm\vendor\laravel\framework\src\Illuminate\View\View.php(208): Livewire\Mechanisms\ExtendBlade\ExtendedCompilerEngine->get('C:\\xampp\\htdocs...', Array)
#38 C:\xampp\htdocs\site_iuhm\vendor\laravel\framework\src\Illuminate\View\View.php(191): Illuminate\View\View->getContents()
#39 C:\xampp\htdocs\site_iuhm\vendor\laravel\framework\src\Illuminate\View\View.php(160): Illuminate\View\View->renderContents()
#40 C:\xampp\htdocs\site_iuhm\vendor\laravel\framework\src\Illuminate\Http\Response.php(78): Illuminate\View\View->render()
#41 C:\xampp\htdocs\site_iuhm\vendor\laravel\framework\src\Illuminate\Http\Response.php(34): Illuminate\Http\Response->setContent(Object(Illuminate\View\View))
#42 C:\xampp\htdocs\site_iuhm\vendor\laravel\framework\src\Illuminate\Routing\Router.php(939): Illuminate\Http\Response->__construct(Object(Illuminate\View\View), 200, Array)
#43 C:\xampp\htdocs\site_iuhm\vendor\laravel\framework\src\Illuminate\Routing\Router.php(906): Illuminate\Routing\Router::toResponse(Object(Illuminate\Http\Request), Object(Illuminate\View\View))
#44 C:\xampp\htdocs\site_iuhm\vendor\laravel\framework\src\Illuminate\Routing\Router.php(821): Illuminate\Routing\Router->prepareResponse(Object(Illuminate\Http\Request), Object(Laravel\Fortify\Http\Responses\SimpleViewResponse))
#45 C:\xampp\htdocs\site_iuhm\vendor\laravel\framework\src\Illuminate\Pipeline\Pipeline.php(180): Illuminate\Routing\Router->{closure:Illuminate\Routing\Router::runRouteWithinStack():821}(Object(Illuminate\Http\Request))
#46 C:\xampp\htdocs\site_iuhm\app\Http\Middleware\SetTeamUrlDefaults.php(26): Illuminate\Pipeline\Pipeline->{closure:Illuminate\Pipeline\Pipeline::prepareDestination():178}(Object(Illuminate\Http\Request))
#47 C:\xampp\htdocs\site_iuhm\vendor\laravel\framework\src\Illuminate\Pipeline\Pipeline.php(219): App\Http\Middleware\SetTeamUrlDefaults->handle(Object(Illuminate\Http\Request), Object(Closure))
#48 C:\xampp\htdocs\site_iuhm\app\Http\Middleware\SetLocale.php(28): Illuminate\Pipeline\Pipeline->{closure:{closure:Illuminate\Pipeline\Pipeline::carry():194}:195}(Object(Illuminate\Http\Request))
#49 C:\xampp\htdocs\site_iuhm\vendor\laravel\framework\src\Illuminate\Pipeline\Pipeline.php(219): App\Http\Middleware\SetLocale->handle(Object(Illuminate\Http\Request), Object(Closure))
#50 C:\xampp\htdocs\site_iuhm\vendor\laravel\framework\src\Illuminate\Routing\Middleware\SubstituteBindings.php(52): Illuminate\Pipeline\Pipeline->{closure:{closure:Illuminate\Pipeline\Pipeline::carry():194}:195}(Object(Illuminate\Http\Request))
#51 C:\xampp\htdocs\site_iuhm\vendor\laravel\framework\src\Illuminate\Pipeline\Pipeline.php(219): Illuminate\Routing\Middleware\SubstituteBindings->handle(Object(Illuminate\Http\Request), Object(Closure))
#52 C:\xampp\htdocs\site_iuhm\vendor\laravel\framework\src\Illuminate\Auth\Middleware\Authenticate.php(63): Illuminate\Pipeline\Pipeline->{closure:{closure:Illuminate\Pipeline\Pipeline::carry():194}:195}(Object(Illuminate\Http\Request))
#53 C:\xampp\htdocs\site_iuhm\vendor\laravel\framework\src\Illuminate\Pipeline\Pipeline.php(219): Illuminate\Auth\Middleware\Authenticate->handle(Object(Illuminate\Http\Request), Object(Closure), 'web')
#54 C:\xampp\htdocs\site_iuhm\vendor\laravel\framework\src\Illuminate\Foundation\Http\Middleware\PreventRequestForgery.php(104): Illuminate\Pipeline\Pipeline->{closure:{closure:Illuminate\Pipeline\Pipeline::carry():194}:195}(Object(Illuminate\Http\Request))
#55 C:\xampp\htdocs\site_iuhm\vendor\laravel\framework\src\Illuminate\Pipeline\Pipeline.php(219): Illuminate\Foundation\Http\Middleware\PreventRequestForgery->handle(Object(Illuminate\Http\Request), Object(Closure))
#56 C:\xampp\htdocs\site_iuhm\vendor\laravel\framework\src\Illuminate\View\Middleware\ShareErrorsFromSession.php(48): Illuminate\Pipeline\Pipeline->{closure:{closure:Illuminate\Pipeline\Pipeline::carry():194}:195}(Object(Illuminate\Http\Request))
#57 C:\xampp\htdocs\site_iuhm\vendor\laravel\framework\src\Illuminate\Pipeline\Pipeline.php(219): Illuminate\View\Middleware\ShareErrorsFromSession->handle(Object(Illuminate\Http\Request), Object(Closure))
#58 C:\xampp\htdocs\site_iuhm\vendor\laravel\framework\src\Illuminate\Session\Middleware\StartSession.php(120): Illuminate\Pipeline\Pipeline->{closure:{closure:Illuminate\Pipeline\Pipeline::carry():194}:195}(Object(Illuminate\Http\Request))
#59 C:\xampp\htdocs\site_iuhm\vendor\laravel\framework\src\Illuminate\Session\Middleware\StartSession.php(63): Illuminate\Session\Middleware\StartSession->handleStatefulRequest(Object(Illuminate\Http\Request), Object(Illuminate\Session\Store), Object(Closure))
#60 C:\xampp\htdocs\site_iuhm\vendor\laravel\framework\src\Illuminate\Pipeline\Pipeline.php(219): Illuminate\Session\Middleware\StartSession->handle(Object(Illuminate\Http\Request), Object(Closure))
#61 C:\xampp\htdocs\site_iuhm\vendor\laravel\framework\src\Illuminate\Cookie\Middleware\AddQueuedCookiesToResponse.php(36): Illuminate\Pipeline\Pipeline->{closure:{closure:Illuminate\Pipeline\Pipeline::carry():194}:195}(Object(Illuminate\Http\Request))
#62 C:\xampp\htdocs\site_iuhm\vendor\laravel\framework\src\Illuminate\Pipeline\Pipeline.php(219): Illuminate\Cookie\Middleware\AddQueuedCookiesToResponse->handle(Object(Illuminate\Http\Request), Object(Closure))
#63 C:\xampp\htdocs\site_iuhm\vendor\laravel\framework\src\Illuminate\Cookie\Middleware\EncryptCookies.php(74): Illuminate\Pipeline\Pipeline->{closure:{closure:Illuminate\Pipeline\Pipeline::carry():194}:195}(Object(Illuminate\Http\Request))
#64 C:\xampp\htdocs\site_iuhm\vendor\laravel\framework\src\Illuminate\Pipeline\Pipeline.php(219): Illuminate\Cookie\Middleware\EncryptCookies->handle(Object(Illuminate\Http\Request), Object(Closure))
#65 C:\xampp\htdocs\site_iuhm\vendor\laravel\framework\src\Illuminate\Pipeline\Pipeline.php(137): Illuminate\Pipeline\Pipeline->{closure:{closure:Illuminate\Pipeline\Pipeline::carry():194}:195}(Object(Illuminate\Http\Request))
#66 C:\xampp\htdocs\site_iuhm\vendor\laravel\framework\src\Illuminate\Routing\Router.php(821): Illuminate\Pipeline\Pipeline->then(Object(Closure))
#67 C:\xampp\htdocs\site_iuhm\vendor\laravel\framework\src\Illuminate\Routing\Router.php(800): Illuminate\Routing\Router->runRouteWithinStack(Object(Illuminate\Routing\Route), Object(Illuminate\Http\Request))
#68 C:\xampp\htdocs\site_iuhm\vendor\laravel\framework\src\Illuminate\Routing\Router.php(764): Illuminate\Routing\Router->runRoute(Object(Illuminate\Http\Request), Object(Illuminate\Routing\Route))
#69 C:\xampp\htdocs\site_iuhm\vendor\laravel\framework\src\Illuminate\Routing\Router.php(753): Illuminate\Routing\Router->dispatchToRoute(Object(Illuminate\Http\Request))
#70 C:\xampp\htdocs\site_iuhm\vendor\laravel\framework\src\Illuminate\Foundation\Http\Kernel.php(200): Illuminate\Routing\Router->dispatch(Object(Illuminate\Http\Request))
#71 C:\xampp\htdocs\site_iuhm\vendor\laravel\framework\src\Illuminate\Pipeline\Pipeline.php(180): Illuminate\Foundation\Http\Kernel->{closure:Illuminate\Foundation\Http\Kernel::dispatchToRouter():197}(Object(Illuminate\Http\Request))
#72 C:\xampp\htdocs\site_iuhm\vendor\livewire\livewire\src\Features\SupportDisablingBackButtonCache\DisableBackButtonCacheMiddleware.php(19): Illuminate\Pipeline\Pipeline->{closure:Illuminate\Pipeline\Pipeline::prepareDestination():178}(Object(Illuminate\Http\Request))
#73 C:\xampp\htdocs\site_iuhm\vendor\laravel\framework\src\Illuminate\Pipeline\Pipeline.php(219): Livewire\Features\SupportDisablingBackButtonCache\DisableBackButtonCacheMiddleware->handle(Object(Illuminate\Http\Request), Object(Closure))
#74 C:\xampp\htdocs\site_iuhm\vendor\laravel\framework\src\Illuminate\Foundation\Http\Middleware\TransformsRequest.php(21): Illuminate\Pipeline\Pipeline->{closure:{closure:Illuminate\Pipeline\Pipeline::carry():194}:195}(Object(Illuminate\Http\Request))
#75 C:\xampp\htdocs\site_iuhm\vendor\laravel\framework\src\Illuminate\Foundation\Http\Middleware\ConvertEmptyStringsToNull.php(31): Illuminate\Foundation\Http\Middleware\TransformsRequest->handle(Object(Illuminate\Http\Request), Object(Closure))
#76 C:\xampp\htdocs\site_iuhm\vendor\laravel\framework\src\Illuminate\Pipeline\Pipeline.php(219): Illuminate\Foundation\Http\Middleware\ConvertEmptyStringsToNull->handle(Object(Illuminate\Http\Request), Object(Closure))
#77 C:\xampp\htdocs\site_iuhm\vendor\laravel\framework\src\Illuminate\Foundation\Http\Middleware\TransformsRequest.php(21): Illuminate\Pipeline\Pipeline->{closure:{closure:Illuminate\Pipeline\Pipeline::carry():194}:195}(Object(Illuminate\Http\Request))
#78 C:\xampp\htdocs\site_iuhm\vendor\laravel\framework\src\Illuminate\Foundation\Http\Middleware\TrimStrings.php(51): Illuminate\Foundation\Http\Middleware\TransformsRequest->handle(Object(Illuminate\Http\Request), Object(Closure))
#79 C:\xampp\htdocs\site_iuhm\vendor\laravel\framework\src\Illuminate\Pipeline\Pipeline.php(219): Illuminate\Foundation\Http\Middleware\TrimStrings->handle(Object(Illuminate\Http\Request), Object(Closure))
#80 C:\xampp\htdocs\site_iuhm\vendor\laravel\framework\src\Illuminate\Http\Middleware\ValidatePostSize.php(27): Illuminate\Pipeline\Pipeline->{closure:{closure:Illuminate\Pipeline\Pipeline::carry():194}:195}(Object(Illuminate\Http\Request))
#81 C:\xampp\htdocs\site_iuhm\vendor\laravel\framework\src\Illuminate\Pipeline\Pipeline.php(219): Illuminate\Http\Middleware\ValidatePostSize->handle(Object(Illuminate\Http\Request), Object(Closure))
#82 C:\xampp\htdocs\site_iuhm\vendor\laravel\framework\src\Illuminate\Foundation\Http\Middleware\PreventRequestsDuringMaintenance.php(109): Illuminate\Pipeline\Pipeline->{closure:{closure:Illuminate\Pipeline\Pipeline::carry():194}:195}(Object(Illuminate\Http\Request))
#83 C:\xampp\htdocs\site_iuhm\vendor\laravel\framework\src\Illuminate\Pipeline\Pipeline.php(219): Illuminate\Foundation\Http\Middleware\PreventRequestsDuringMaintenance->handle(Object(Illuminate\Http\Request), Object(Closure))
#84 C:\xampp\htdocs\site_iuhm\vendor\laravel\framework\src\Illuminate\Http\Middleware\HandleCors.php(61): Illuminate\Pipeline\Pipeline->{closure:{closure:Illuminate\Pipeline\Pipeline::carry():194}:195}(Object(Illuminate\Http\Request))
#85 C:\xampp\htdocs\site_iuhm\vendor\laravel\framework\src\Illuminate\Pipeline\Pipeline.php(219): Illuminate\Http\Middleware\HandleCors->handle(Object(Illuminate\Http\Request), Object(Closure))
#86 C:\xampp\htdocs\site_iuhm\vendor\laravel\framework\src\Illuminate\Http\Middleware\TrustProxies.php(58): Illuminate\Pipeline\Pipeline->{closure:{closure:Illuminate\Pipeline\Pipeline::carry():194}:195}(Object(Illuminate\Http\Request))
#87 C:\xampp\htdocs\site_iuhm\vendor\laravel\framework\src\Illuminate\Pipeline\Pipeline.php(219): Illuminate\Http\Middleware\TrustProxies->handle(Object(Illuminate\Http\Request), Object(Closure))
#88 C:\xampp\htdocs\site_iuhm\vendor\laravel\framework\src\Illuminate\Foundation\Http\Middleware\InvokeDeferredCallbacks.php(22): Illuminate\Pipeline\Pipeline->{closure:{closure:Illuminate\Pipeline\Pipeline::carry():194}:195}(Object(Illuminate\Http\Request))
#89 C:\xampp\htdocs\site_iuhm\vendor\laravel\framework\src\Illuminate\Pipeline\Pipeline.php(219): Illuminate\Foundation\Http\Middleware\InvokeDeferredCallbacks->handle(Object(Illuminate\Http\Request), Object(Closure))
#90 C:\xampp\htdocs\site_iuhm\vendor\laravel\framework\src\Illuminate\Http\Middleware\ValidatePathEncoding.php(28): Illuminate\Pipeline\Pipeline->{closure:{closure:Illuminate\Pipeline\Pipeline::carry():194}:195}(Object(Illuminate\Http\Request))
#91 C:\xampp\htdocs\site_iuhm\vendor\laravel\framework\src\Illuminate\Pipeline\Pipeline.php(219): Illuminate\Http\Middleware\ValidatePathEncoding->handle(Object(Illuminate\Http\Request), Object(Closure))
#92 C:\xampp\htdocs\site_iuhm\vendor\laravel\framework\src\Illuminate\Pipeline\Pipeline.php(137): Illuminate\Pipeline\Pipeline->{closure:{closure:Illuminate\Pipeline\Pipeline::carry():194}:195}(Object(Illuminate\Http\Request))
#93 C:\xampp\htdocs\site_iuhm\vendor\laravel\framework\src\Illuminate\Foundation\Http\Kernel.php(175): Illuminate\Pipeline\Pipeline->then(Object(Closure))
#94 C:\xampp\htdocs\site_iuhm\vendor\laravel\framework\src\Illuminate\Foundation\Http\Kernel.php(144): Illuminate\Foundation\Http\Kernel->sendRequestThroughRouter(Object(Illuminate\Http\Request))
#95 C:\xampp\htdocs\site_iuhm\vendor\laravel\framework\src\Illuminate\Foundation\Testing\Concerns\MakesHttpRequests.php(607): Illuminate\Foundation\Http\Kernel->handle(Object(Illuminate\Http\Request))
#96 C:\xampp\htdocs\site_iuhm\vendor\laravel\framework\src\Illuminate\Foundation\Testing\Concerns\MakesHttpRequests.php(368): Illuminate\Foundation\Testing\TestCase->call('GET', 'http://localhos...', Array, Array, Array, Array)
#97 C:\xampp\htdocs\site_iuhm\tests\Feature\Auth\PasswordConfirmationTest.php(17): Illuminate\Foundation\Testing\TestCase->get('http://localhos...')
#98 C:\xampp\htdocs\site_iuhm\vendor\phpunit\phpunit\src\Framework\TestCase.php(1335): Tests\Feature\Auth\PasswordConfirmationTest->test_confirm_password_screen_can_be_rendered()
#99 C:\xampp\htdocs\site_iuhm\vendor\phpunit\phpunit\src\Framework\TestCase.php(519): PHPUnit\Framework\TestCase->runTest()
#100 C:\xampp\htdocs\site_iuhm\vendor\phpunit\phpunit\src\Framework\TestRunner\TestRunner.php(99): PHPUnit\Framework\TestCase->runBare()
#101 C:\xampp\htdocs\site_iuhm\vendor\phpunit\phpunit\src\Framework\TestCase.php(359): PHPUnit\Framework\TestRunner->run(Object(Tests\Feature\Auth\PasswordConfirmationTest))
#102 C:\xampp\htdocs\site_iuhm\vendor\phpunit\phpunit\src\Framework\TestSuite.php(374): PHPUnit\Framework\TestCase->run()
#103 C:\xampp\htdocs\site_iuhm\vendor\phpunit\phpunit\src\Framework\TestSuite.php(374): PHPUnit\Framework\TestSuite->run()
#104 C:\xampp\htdocs\site_iuhm\vendor\phpunit\phpunit\src\Framework\TestSuite.php(374): PHPUnit\Framework\TestSuite->run()
#105 C:\xampp\htdocs\site_iuhm\vendor\phpunit\phpunit\src\TextUI\TestRunner.php(64): PHPUnit\Framework\TestSuite->run()
#106 C:\xampp\htdocs\site_iuhm\vendor\phpunit\phpunit\src\TextUI\Application.php(229): PHPUnit\TextUI\TestRunner->run(Object(PHPUnit\TextUI\Configuration\Configuration), Object(PHPUnit\Runner\ResultCache\DefaultResultCache), Object(PHPUnit\Framework\TestSuite))
#107 C:\xampp\htdocs\site_iuhm\vendor\phpunit\phpunit\phpunit(104): PHPUnit\TextUI\Application->run(Array)
#108 {main}

Next Illuminate\View\ViewException: Vite manifest not found at: C:\xampp\htdocs\site_iuhm\public\build/manifest.json (View: C:\xampp\htdocs\site_iuhm\resources\views\partials\head.blade.php) (View: C:\xampp\htdocs\site_iuhm\resources\views\partials\head.blade.php) in C:\xampp\htdocs\site_iuhm\vendor\laravel\framework\src\Illuminate\Foundation\Vite.php:946
Stack trace:
#0 C:\xampp\htdocs\site_iuhm\vendor\livewire\livewire\src\Mechanisms\ExtendBlade\ExtendedCompilerEngine.php(58): Illuminate\View\Engines\CompilerEngine->handleViewException(Object(Illuminate\View\ViewException), 3)
#1 C:\xampp\htdocs\site_iuhm\vendor\laravel\framework\src\Illuminate\View\Engines\PhpEngine.php(59): Livewire\Mechanisms\ExtendBlade\ExtendedCompilerEngine->handleViewException(Object(Illuminate\View\ViewException), 3)
#2 C:\xampp\htdocs\site_iuhm\vendor\livewire\livewire\src\Mechanisms\ExtendBlade\ExtendedCompilerEngine.php(22): Illuminate\View\Engines\PhpEngine->evaluatePath('C:\\xampp\\htdocs...', Array)
#3 C:\xampp\htdocs\site_iuhm\vendor\laravel\framework\src\Illuminate\View\Engines\CompilerEngine.php(76): Livewire\Mechanisms\ExtendBlade\ExtendedCompilerEngine->evaluatePath('C:\\xampp\\htdocs...', Array)
#4 C:\xampp\htdocs\site_iuhm\vendor\livewire\livewire\src\Mechanisms\ExtendBlade\ExtendedCompilerEngine.php(10): Illuminate\View\Engines\CompilerEngine->get('C:\\xampp\\htdocs...', Array)
#5 C:\xampp\htdocs\site_iuhm\vendor\laravel\framework\src\Illuminate\View\View.php(208): Livewire\Mechanisms\ExtendBlade\ExtendedCompilerEngine->get('C:\\xampp\\htdocs...', Array)
#6 C:\xampp\htdocs\site_iuhm\vendor\laravel\framework\src\Illuminate\View\View.php(191): Illuminate\View\View->getContents()
#7 C:\xampp\htdocs\site_iuhm\vendor\laravel\framework\src\Illuminate\View\View.php(160): Illuminate\View\View->renderContents()
#8 C:\xampp\htdocs\site_iuhm\vendor\laravel\framework\src\Illuminate\View\Concerns\ManagesComponents.php(103): Illuminate\View\View->render()
#9 C:\xampp\htdocs\site_iuhm\storage\framework\views\77efdc9d6b730fc9d8b06a63d669eb13.php(15): Illuminate\View\Factory->renderComponent()
#10 C:\xampp\htdocs\site_iuhm\vendor\laravel\framework\src\Illuminate\Filesystem\Filesystem.php(123): require('C:\\xampp\\htdocs...')
#11 C:\xampp\htdocs\site_iuhm\vendor\laravel\framework\src\Illuminate\Filesystem\Filesystem.php(124): Illuminate\Filesystem\Filesystem::{closure:Illuminate\Filesystem\Filesystem::getRequire():120}()
#12 C:\xampp\htdocs\site_iuhm\vendor\laravel\framework\src\Illuminate\View\Engines\PhpEngine.php(57): Illuminate\Filesystem\Filesystem->getRequire('C:\\xampp\\htdocs...', Array)
#13 C:\xampp\htdocs\site_iuhm\vendor\livewire\livewire\src\Mechanisms\ExtendBlade\ExtendedCompilerEngine.php(22): Illuminate\View\Engines\PhpEngine->evaluatePath('C:\\xampp\\htdocs...', Array)
#14 C:\xampp\htdocs\site_iuhm\vendor\laravel\framework\src\Illuminate\View\Engines\CompilerEngine.php(76): Livewire\Mechanisms\ExtendBlade\ExtendedCompilerEngine->evaluatePath('C:\\xampp\\htdocs...', Array)
#15 C:\xampp\htdocs\site_iuhm\vendor\livewire\livewire\src\Mechanisms\ExtendBlade\ExtendedCompilerEngine.php(10): Illuminate\View\Engines\CompilerEngine->get('C:\\xampp\\htdocs...', Array)
#16 C:\xampp\htdocs\site_iuhm\vendor\laravel\framework\src\Illuminate\View\View.php(208): Livewire\Mechanisms\ExtendBlade\ExtendedCompilerEngine->get('C:\\xampp\\htdocs...', Array)
#17 C:\xampp\htdocs\site_iuhm\vendor\laravel\framework\src\Illuminate\View\View.php(191): Illuminate\View\View->getContents()
#18 C:\xampp\htdocs\site_iuhm\vendor\laravel\framework\src\Illuminate\View\View.php(160): Illuminate\View\View->renderContents()
#19 C:\xampp\htdocs\site_iuhm\vendor\laravel\framework\src\Illuminate\View\Concerns\ManagesComponents.php(103): Illuminate\View\View->render()
#20 C:\xampp\htdocs\site_iuhm\storage\framework\views\0af889c1e02bfad88318fefde7f68f52.php(112): Illuminate\View\Factory->renderComponent()
#21 C:\xampp\htdocs\site_iuhm\vendor\laravel\framework\src\Illuminate\Filesystem\Filesystem.php(123): require('C:\\xampp\\htdocs...')
#22 C:\xampp\htdocs\site_iuhm\vendor\laravel\framework\src\Illuminate\Filesystem\Filesystem.php(124): Illuminate\Filesystem\Filesystem::{closure:Illuminate\Filesystem\Filesystem::getRequire():120}()
#23 C:\xampp\htdocs\site_iuhm\vendor\laravel\framework\src\Illuminate\View\Engines\PhpEngine.php(57): Illuminate\Filesystem\Filesystem->getRequire('C:\\xampp\\htdocs...', Array)
#24 C:\xampp\htdocs\site_iuhm\vendor\livewire\livewire\src\Mechanisms\ExtendBlade\ExtendedCompilerEngine.php(22): Illuminate\View\Engines\PhpEngine->evaluatePath('C:\\xampp\\htdocs...', Array)
#25 C:\xampp\htdocs\site_iuhm\vendor\laravel\framework\src\Illuminate\View\Engines\CompilerEngine.php(76): Livewire\Mechanisms\ExtendBlade\ExtendedCompilerEngine->evaluatePath('C:\\xampp\\htdocs...', Array)
#26 C:\xampp\htdocs\site_iuhm\vendor\livewire\livewire\src\Mechanisms\ExtendBlade\ExtendedCompilerEngine.php(10): Illuminate\View\Engines\CompilerEngine->get('C:\\xampp\\htdocs...', Array)
#27 C:\xampp\htdocs\site_iuhm\vendor\laravel\framework\src\Illuminate\View\View.php(208): Livewire\Mechanisms\ExtendBlade\ExtendedCompilerEngine->get('C:\\xampp\\htdocs...', Array)
#28 C:\xampp\htdocs\site_iuhm\vendor\laravel\framework\src\Illuminate\View\View.php(191): Illuminate\View\View->getContents()
#29 C:\xampp\htdocs\site_iuhm\vendor\laravel\framework\src\Illuminate\View\View.php(160): Illuminate\View\View->renderContents()
#30 C:\xampp\htdocs\site_iuhm\vendor\laravel\framework\src\Illuminate\Http\Response.php(78): Illuminate\View\View->render()
#31 C:\xampp\htdocs\site_iuhm\vendor\laravel\framework\src\Illuminate\Http\Response.php(34): Illuminate\Http\Response->setContent(Object(Illuminate\View\View))
#32 C:\xampp\htdocs\site_iuhm\vendor\laravel\framework\src\Illuminate\Routing\Router.php(939): Illuminate\Http\Response->__construct(Object(Illuminate\View\View), 200, Array)
#33 C:\xampp\htdocs\site_iuhm\vendor\laravel\framework\src\Illuminate\Routing\Router.php(906): Illuminate\Routing\Router::toResponse(Object(Illuminate\Http\Request), Object(Illuminate\View\View))
#34 C:\xampp\htdocs\site_iuhm\vendor\laravel\framework\src\Illuminate\Routing\Router.php(821): Illuminate\Routing\Router->prepareResponse(Object(Illuminate\Http\Request), Object(Laravel\Fortify\Http\Responses\SimpleViewResponse))
#35 C:\xampp\htdocs\site_iuhm\vendor\laravel\framework\src\Illuminate\Pipeline\Pipeline.php(180): Illuminate\Routing\Router->{closure:Illuminate\Routing\Router::runRouteWithinStack():821}(Object(Illuminate\Http\Request))
#36 C:\xampp\htdocs\site_iuhm\app\Http\Middleware\SetTeamUrlDefaults.php(26): Illuminate\Pipeline\Pipeline->{closure:Illuminate\Pipeline\Pipeline::prepareDestination():178}(Object(Illuminate\Http\Request))
#37 C:\xampp\htdocs\site_iuhm\vendor\laravel\framework\src\Illuminate\Pipeline\Pipeline.php(219): App\Http\Middleware\SetTeamUrlDefaults->handle(Object(Illuminate\Http\Request), Object(Closure))
#38 C:\xampp\htdocs\site_iuhm\app\Http\Middleware\SetLocale.php(28): Illuminate\Pipeline\Pipeline->{closure:{closure:Illuminate\Pipeline\Pipeline::carry():194}:195}(Object(Illuminate\Http\Request))
#39 C:\xampp\htdocs\site_iuhm\vendor\laravel\framework\src\Illuminate\Pipeline\Pipeline.php(219): App\Http\Middleware\SetLocale->handle(Object(Illuminate\Http\Request), Object(Closure))
#40 C:\xampp\htdocs\site_iuhm\vendor\laravel\framework\src\Illuminate\Routing\Middleware\SubstituteBindings.php(52): Illuminate\Pipeline\Pipeline->{closure:{closure:Illuminate\Pipeline\Pipeline::carry():194}:195}(Object(Illuminate\Http\Request))
#41 C:\xampp\htdocs\site_iuhm\vendor\laravel\framework\src\Illuminate\Pipeline\Pipeline.php(219): Illuminate\Routing\Middleware\SubstituteBindings->handle(Object(Illuminate\Http\Request), Object(Closure))
#42 C:\xampp\htdocs\site_iuhm\vendor\laravel\framework\src\Illuminate\Auth\Middleware\Authenticate.php(63): Illuminate\Pipeline\Pipeline->{closure:{closure:Illuminate\Pipeline\Pipeline::carry():194}:195}(Object(Illuminate\Http\Request))
#43 C:\xampp\htdocs\site_iuhm\vendor\laravel\framework\src\Illuminate\Pipeline\Pipeline.php(219): Illuminate\Auth\Middleware\Authenticate->handle(Object(Illuminate\Http\Request), Object(Closure), 'web')
#44 C:\xampp\htdocs\site_iuhm\vendor\laravel\framework\src\Illuminate\Foundation\Http\Middleware\PreventRequestForgery.php(104): Illuminate\Pipeline\Pipeline->{closure:{closure:Illuminate\Pipeline\Pipeline::carry():194}:195}(Object(Illuminate\Http\Request))
#45 C:\xampp\htdocs\site_iuhm\vendor\laravel\framework\src\Illuminate\Pipeline\Pipeline.php(219): Illuminate\Foundation\Http\Middleware\PreventRequestForgery->handle(Object(Illuminate\Http\Request), Object(Closure))
#46 C:\xampp\htdocs\site_iuhm\vendor\laravel\framework\src\Illuminate\View\Middleware\ShareErrorsFromSession.php(48): Illuminate\Pipeline\Pipeline->{closure:{closure:Illuminate\Pipeline\Pipeline::carry():194}:195}(Object(Illuminate\Http\Request))
#47 C:\xampp\htdocs\site_iuhm\vendor\laravel\framework\src\Illuminate\Pipeline\Pipeline.php(219): Illuminate\View\Middleware\ShareErrorsFromSession->handle(Object(Illuminate\Http\Request), Object(Closure))
#48 C:\xampp\htdocs\site_iuhm\vendor\laravel\framework\src\Illuminate\Session\Middleware\StartSession.php(120): Illuminate\Pipeline\Pipeline->{closure:{closure:Illuminate\Pipeline\Pipeline::carry():194}:195}(Object(Illuminate\Http\Request))
#49 C:\xampp\htdocs\site_iuhm\vendor\laravel\framework\src\Illuminate\Session\Middleware\StartSession.php(63): Illuminate\Session\Middleware\StartSession->handleStatefulRequest(Object(Illuminate\Http\Request), Object(Illuminate\Session\Store), Object(Closure))
#50 C:\xampp\htdocs\site_iuhm\vendor\laravel\framework\src\Illuminate\Pipeline\Pipeline.php(219): Illuminate\Session\Middleware\StartSession->handle(Object(Illuminate\Http\Request), Object(Closure))
#51 C:\xampp\htdocs\site_iuhm\vendor\laravel\framework\src\Illuminate\Cookie\Middleware\AddQueuedCookiesToResponse.php(36): Illuminate\Pipeline\Pipeline->{closure:{closure:Illuminate\Pipeline\Pipeline::carry():194}:195}(Object(Illuminate\Http\Request))
#52 C:\xampp\htdocs\site_iuhm\vendor\laravel\framework\src\Illuminate\Pipeline\Pipeline.php(219): Illuminate\Cookie\Middleware\AddQueuedCookiesToResponse->handle(Object(Illuminate\Http\Request), Object(Closure))
#53 C:\xampp\htdocs\site_iuhm\vendor\laravel\framework\src\Illuminate\Cookie\Middleware\EncryptCookies.php(74): Illuminate\Pipeline\Pipeline->{closure:{closure:Illuminate\Pipeline\Pipeline::carry():194}:195}(Object(Illuminate\Http\Request))
#54 C:\xampp\htdocs\site_iuhm\vendor\laravel\framework\src\Illuminate\Pipeline\Pipeline.php(219): Illuminate\Cookie\Middleware\EncryptCookies->handle(Object(Illuminate\Http\Request), Object(Closure))
#55 C:\xampp\htdocs\site_iuhm\vendor\laravel\framework\src\Illuminate\Pipeline\Pipeline.php(137): Illuminate\Pipeline\Pipeline->{closure:{closure:Illuminate\Pipeline\Pipeline::carry():194}:195}(Object(Illuminate\Http\Request))
#56 C:\xampp\htdocs\site_iuhm\vendor\laravel\framework\src\Illuminate\Routing\Router.php(821): Illuminate\Pipeline\Pipeline->then(Object(Closure))
#57 C:\xampp\htdocs\site_iuhm\vendor\laravel\framework\src\Illuminate\Routing\Router.php(800): Illuminate\Routing\Router->runRouteWithinStack(Object(Illuminate\Routing\Route), Object(Illuminate\Http\Request))
#58 C:\xampp\htdocs\site_iuhm\vendor\laravel\framework\src\Illuminate\Routing\Router.php(764): Illuminate\Routing\Router->runRoute(Object(Illuminate\Http\Request), Object(Illuminate\Routing\Route))
#59 C:\xampp\htdocs\site_iuhm\vendor\laravel\framework\src\Illuminate\Routing\Router.php(753): Illuminate\Routing\Router->dispatchToRoute(Object(Illuminate\Http\Request))
#60 C:\xampp\htdocs\site_iuhm\vendor\laravel\framework\src\Illuminate\Foundation\Http\Kernel.php(200): Illuminate\Routing\Router->dispatch(Object(Illuminate\Http\Request))
#61 C:\xampp\htdocs\site_iuhm\vendor\laravel\framework\src\Illuminate\Pipeline\Pipeline.php(180): Illuminate\Foundation\Http\Kernel->{closure:Illuminate\Foundation\Http\Kernel::dispatchToRouter():197}(Object(Illuminate\Http\Request))
#62 C:\xampp\htdocs\site_iuhm\vendor\livewire\livewire\src\Features\SupportDisablingBackButtonCache\DisableBackButtonCacheMiddleware.php(19): Illuminate\Pipeline\Pipeline->{closure:Illuminate\Pipeline\Pipeline::prepareDestination():178}(Object(Illuminate\Http\Request))
#63 C:\xampp\htdocs\site_iuhm\vendor\laravel\framework\src\Illuminate\Pipeline\Pipeline.php(219): Livewire\Features\SupportDisablingBackButtonCache\DisableBackButtonCacheMiddleware->handle(Object(Illuminate\Http\Request), Object(Closure))
#64 C:\xampp\htdocs\site_iuhm\vendor\laravel\framework\src\Illuminate\Foundation\Http\Middleware\TransformsRequest.php(21): Illuminate\Pipeline\Pipeline->{closure:{closure:Illuminate\Pipeline\Pipeline::carry():194}:195}(Object(Illuminate\Http\Request))
#65 C:\xampp\htdocs\site_iuhm\vendor\laravel\framework\src\Illuminate\Foundation\Http\Middleware\ConvertEmptyStringsToNull.php(31): Illuminate\Foundation\Http\Middleware\TransformsRequest->handle(Object(Illuminate\Http\Request), Object(Closure))
#66 C:\xampp\htdocs\site_iuhm\vendor\laravel\framework\src\Illuminate\Pipeline\Pipeline.php(219): Illuminate\Foundation\Http\Middleware\ConvertEmptyStringsToNull->handle(Object(Illuminate\Http\Request), Object(Closure))
#67 C:\xampp\htdocs\site_iuhm\vendor\laravel\framework\src\Illuminate\Foundation\Http\Middleware\TransformsRequest.php(21): Illuminate\Pipeline\Pipeline->{closure:{closure:Illuminate\Pipeline\Pipeline::carry():194}:195}(Object(Illuminate\Http\Request))
#68 C:\xampp\htdocs\site_iuhm\vendor\laravel\framework\src\Illuminate\Foundation\Http\Middleware\TrimStrings.php(51): Illuminate\Foundation\Http\Middleware\TransformsRequest->handle(Object(Illuminate\Http\Request), Object(Closure))
#69 C:\xampp\htdocs\site_iuhm\vendor\laravel\framework\src\Illuminate\Pipeline\Pipeline.php(219): Illuminate\Foundation\Http\Middleware\TrimStrings->handle(Object(Illuminate\Http\Request), Object(Closure))
#70 C:\xampp\htdocs\site_iuhm\vendor\laravel\framework\src\Illuminate\Http\Middleware\ValidatePostSize.php(27): Illuminate\Pipeline\Pipeline->{closure:{closure:Illuminate\Pipeline\Pipeline::carry():194}:195}(Object(Illuminate\Http\Request))
#71 C:\xampp\htdocs\site_iuhm\vendor\laravel\framework\src\Illuminate\Pipeline\Pipeline.php(219): Illuminate\Http\Middleware\ValidatePostSize->handle(Object(Illuminate\Http\Request), Object(Closure))
#72 C:\xampp\htdocs\site_iuhm\vendor\laravel\framework\src\Illuminate\Foundation\Http\Middleware\PreventRequestsDuringMaintenance.php(109): Illuminate\Pipeline\Pipeline->{closure:{closure:Illuminate\Pipeline\Pipeline::carry():194}:195}(Object(Illuminate\Http\Request))
#73 C:\xampp\htdocs\site_iuhm\vendor\laravel\framework\src\Illuminate\Pipeline\Pipeline.php(219): Illuminate\Foundation\Http\Middleware\PreventRequestsDuringMaintenance->handle(Object(Illuminate\Http\Request), Object(Closure))
#74 C:\xampp\htdocs\site_iuhm\vendor\laravel\framework\src\Illuminate\Http\Middleware\HandleCors.php(61): Illuminate\Pipeline\Pipeline->{closure:{closure:Illuminate\Pipeline\Pipeline::carry():194}:195}(Object(Illuminate\Http\Request))
#75 C:\xampp\htdocs\site_iuhm\vendor\laravel\framework\src\Illuminate\Pipeline\Pipeline.php(219): Illuminate\Http\Middleware\HandleCors->handle(Object(Illuminate\Http\Request), Object(Closure))
#76 C:\xampp\htdocs\site_iuhm\vendor\laravel\framework\src\Illuminate\Http\Middleware\TrustProxies.php(58): Illuminate\Pipeline\Pipeline->{closure:{closure:Illuminate\Pipeline\Pipeline::carry():194}:195}(Object(Illuminate\Http\Request))
#77 C:\xampp\htdocs\site_iuhm\vendor\laravel\framework\src\Illuminate\Pipeline\Pipeline.php(219): Illuminate\Http\Middleware\TrustProxies->handle(Object(Illuminate\Http\Request), Object(Closure))
#78 C:\xampp\htdocs\site_iuhm\vendor\laravel\framework\src\Illuminate\Foundation\Http\Middleware\InvokeDeferredCallbacks.php(22): Illuminate\Pipeline\Pipeline->{closure:{closure:Illuminate\Pipeline\Pipeline::carry():194}:195}(Object(Illuminate\Http\Request))
#79 C:\xampp\htdocs\site_iuhm\vendor\laravel\framework\src\Illuminate\Pipeline\Pipeline.php(219): Illuminate\Foundation\Http\Middleware\InvokeDeferredCallbacks->handle(Object(Illuminate\Http\Request), Object(Closure))
#80 C:\xampp\htdocs\site_iuhm\vendor\laravel\framework\src\Illuminate\Http\Middleware\ValidatePathEncoding.php(28): Illuminate\Pipeline\Pipeline->{closure:{closure:Illuminate\Pipeline\Pipeline::carry():194}:195}(Object(Illuminate\Http\Request))
#81 C:\xampp\htdocs\site_iuhm\vendor\laravel\framework\src\Illuminate\Pipeline\Pipeline.php(219): Illuminate\Http\Middleware\ValidatePathEncoding->handle(Object(Illuminate\Http\Request), Object(Closure))
#82 C:\xampp\htdocs\site_iuhm\vendor\laravel\framework\src\Illuminate\Pipeline\Pipeline.php(137): Illuminate\Pipeline\Pipeline->{closure:{closure:Illuminate\Pipeline\Pipeline::carry():194}:195}(Object(Illuminate\Http\Request))
#83 C:\xampp\htdocs\site_iuhm\vendor\laravel\framework\src\Illuminate\Foundation\Http\Kernel.php(175): Illuminate\Pipeline\Pipeline->then(Object(Closure))
#84 C:\xampp\htdocs\site_iuhm\vendor\laravel\framework\src\Illuminate\Foundation\Http\Kernel.php(144): Illuminate\Foundation\Http\Kernel->sendRequestThroughRouter(Object(Illuminate\Http\Request))
#85 C:\xampp\htdocs\site_iuhm\vendor\laravel\framework\src\Illuminate\Foundation\Testing\Concerns\MakesHttpRequests.php(607): Illuminate\Foundation\Http\Kernel->handle(Object(Illuminate\Http\Request))
#86 C:\xampp\htdocs\site_iuhm\vendor\laravel\framework\src\Illuminate\Foundation\Testing\Concerns\MakesHttpRequests.php(368): Illuminate\Foundation\Testing\TestCase->call('GET', 'http://localhos...', Array, Array, Array, Array)
#87 C:\xampp\htdocs\site_iuhm\tests\Feature\Auth\PasswordConfirmationTest.php(17): Illuminate\Foundation\Testing\TestCase->get('http://localhos...')
#88 C:\xampp\htdocs\site_iuhm\vendor\phpunit\phpunit\src\Framework\TestCase.php(1335): Tests\Feature\Auth\PasswordConfirmationTest->test_confirm_password_screen_can_be_rendered()
#89 C:\xampp\htdocs\site_iuhm\vendor\phpunit\phpunit\src\Framework\TestCase.php(519): PHPUnit\Framework\TestCase->runTest()
#90 C:\xampp\htdocs\site_iuhm\vendor\phpunit\phpunit\src\Framework\TestRunner\TestRunner.php(99): PHPUnit\Framework\TestCase->runBare()
#91 C:\xampp\htdocs\site_iuhm\vendor\phpunit\phpunit\src\Framework\TestCase.php(359): PHPUnit\Framework\TestRunner->run(Object(Tests\Feature\Auth\PasswordConfirmationTest))
#92 C:\xampp\htdocs\site_iuhm\vendor\phpunit\phpunit\src\Framework\TestSuite.php(374): PHPUnit\Framework\TestCase->run()
#93 C:\xampp\htdocs\site_iuhm\vendor\phpunit\phpunit\src\Framework\TestSuite.php(374): PHPUnit\Framework\TestSuite->run()
#94 C:\xampp\htdocs\site_iuhm\vendor\phpunit\phpunit\src\Framework\TestSuite.php(374): PHPUnit\Framework\TestSuite->run()
#95 C:\xampp\htdocs\site_iuhm\vendor\phpunit\phpunit\src\TextUI\TestRunner.php(64): PHPUnit\Framework\TestSuite->run()
#96 C:\xampp\htdocs\site_iuhm\vendor\phpunit\phpunit\src\TextUI\Application.php(229): PHPUnit\TextUI\TestRunner->run(Object(PHPUnit\TextUI\Configuration\Configuration), Object(PHPUnit\Runner\ResultCache\DefaultResultCache), Object(PHPUnit\Framework\TestSuite))
#97 C:\xampp\htdocs\site_iuhm\vendor\phpunit\phpunit\phpunit(104): PHPUnit\TextUI\Application->run(Array)
#98 {main}

Next Illuminate\View\ViewException: Vite manifest not found at: C:\xampp\htdocs\site_iuhm\public\build/manifest.json (View: C:\xampp\htdocs\site_iuhm\resources\views\partials\head.blade.php) (View: C:\xampp\htdocs\site_iuhm\resources\views\partials\head.blade.php) (View: C:\xampp\htdocs\site_iuhm\resources\views\partials\head.blade.php) in C:\xampp\htdocs\site_iuhm\vendor\laravel\framework\src\Illuminate\Foundation\Vite.php:946
Stack trace:
#0 C:\xampp\htdocs\site_iuhm\vendor\livewire\livewire\src\Mechanisms\ExtendBlade\ExtendedCompilerEngine.php(58): Illuminate\View\Engines\CompilerEngine->handleViewException(Object(Illuminate\View\ViewException), 2)
#1 C:\xampp\htdocs\site_iuhm\vendor\laravel\framework\src\Illuminate\View\Engines\PhpEngine.php(59): Livewire\Mechanisms\ExtendBlade\ExtendedCompilerEngine->handleViewException(Object(Illuminate\View\ViewException), 2)
#2 C:\xampp\htdocs\site_iuhm\vendor\livewire\livewire\src\Mechanisms\ExtendBlade\ExtendedCompilerEngine.php(22): Illuminate\View\Engines\PhpEngine->evaluatePath('C:\\xampp\\htdocs...', Array)
#3 C:\xampp\htdocs\site_iuhm\vendor\laravel\framework\src\Illuminate\View\Engines\CompilerEngine.php(76): Livewire\Mechanisms\ExtendBlade\ExtendedCompilerEngine->evaluatePath('C:\\xampp\\htdocs...', Array)
#4 C:\xampp\htdocs\site_iuhm\vendor\livewire\livewire\src\Mechanisms\ExtendBlade\ExtendedCompilerEngine.php(10): Illuminate\View\Engines\CompilerEngine->get('C:\\xampp\\htdocs...', Array)
#5 C:\xampp\htdocs\site_iuhm\vendor\laravel\framework\src\Illuminate\View\View.php(208): Livewire\Mechanisms\ExtendBlade\ExtendedCompilerEngine->get('C:\\xampp\\htdocs...', Array)
#6 C:\xampp\htdocs\site_iuhm\vendor\laravel\framework\src\Illuminate\View\View.php(191): Illuminate\View\View->getContents()
#7 C:\xampp\htdocs\site_iuhm\vendor\laravel\framework\src\Illuminate\View\View.php(160): Illuminate\View\View->renderContents()
#8 C:\xampp\htdocs\site_iuhm\vendor\laravel\framework\src\Illuminate\View\Concerns\ManagesComponents.php(103): Illuminate\View\View->render()
#9 C:\xampp\htdocs\site_iuhm\storage\framework\views\0af889c1e02bfad88318fefde7f68f52.php(112): Illuminate\View\Factory->renderComponent()
#10 C:\xampp\htdocs\site_iuhm\vendor\laravel\framework\src\Illuminate\Filesystem\Filesystem.php(123): require('C:\\xampp\\htdocs...')
#11 C:\xampp\htdocs\site_iuhm\vendor\laravel\framework\src\Illuminate\Filesystem\Filesystem.php(124): Illuminate\Filesystem\Filesystem::{closure:Illuminate\Filesystem\Filesystem::getRequire():120}()
#12 C:\xampp\htdocs\site_iuhm\vendor\laravel\framework\src\Illuminate\View\Engines\PhpEngine.php(57): Illuminate\Filesystem\Filesystem->getRequire('C:\\xampp\\htdocs...', Array)
#13 C:\xampp\htdocs\site_iuhm\vendor\livewire\livewire\src\Mechanisms\ExtendBlade\ExtendedCompilerEngine.php(22): Illuminate\View\Engines\PhpEngine->evaluatePath('C:\\xampp\\htdocs...', Array)
#14 C:\xampp\htdocs\site_iuhm\vendor\laravel\framework\src\Illuminate\View\Engines\CompilerEngine.php(76): Livewire\Mechanisms\ExtendBlade\ExtendedCompilerEngine->evaluatePath('C:\\xampp\\htdocs...', Array)
#15 C:\xampp\htdocs\site_iuhm\vendor\livewire\livewire\src\Mechanisms\ExtendBlade\ExtendedCompilerEngine.php(10): Illuminate\View\Engines\CompilerEngine->get('C:\\xampp\\htdocs...', Array)
#16 C:\xampp\htdocs\site_iuhm\vendor\laravel\framework\src\Illuminate\View\View.php(208): Livewire\Mechanisms\ExtendBlade\ExtendedCompilerEngine->get('C:\\xampp\\htdocs...', Array)
#17 C:\xampp\htdocs\site_iuhm\vendor\laravel\framework\src\Illuminate\View\View.php(191): Illuminate\View\View->getContents()
#18 C:\xampp\htdocs\site_iuhm\vendor\laravel\framework\src\Illuminate\View\View.php(160): Illuminate\View\View->renderContents()
#19 C:\xampp\htdocs\site_iuhm\vendor\laravel\framework\src\Illuminate\Http\Response.php(78): Illuminate\View\View->render()
#20 C:\xampp\htdocs\site_iuhm\vendor\laravel\framework\src\Illuminate\Http\Response.php(34): Illuminate\Http\Response->setContent(Object(Illuminate\View\View))
#21 C:\xampp\htdocs\site_iuhm\vendor\laravel\framework\src\Illuminate\Routing\Router.php(939): Illuminate\Http\Response->__construct(Object(Illuminate\View\View), 200, Array)
#22 C:\xampp\htdocs\site_iuhm\vendor\laravel\framework\src\Illuminate\Routing\Router.php(906): Illuminate\Routing\Router::toResponse(Object(Illuminate\Http\Request), Object(Illuminate\View\View))
#23 C:\xampp\htdocs\site_iuhm\vendor\laravel\framework\src\Illuminate\Routing\Router.php(821): Illuminate\Routing\Router->prepareResponse(Object(Illuminate\Http\Request), Object(Laravel\Fortify\Http\Responses\SimpleViewResponse))
#24 C:\xampp\htdocs\site_iuhm\vendor\laravel\framework\src\Illuminate\Pipeline\Pipeline.php(180): Illuminate\Routing\Router->{closure:Illuminate\Routing\Router::runRouteWithinStack():821}(Object(Illuminate\Http\Request))
#25 C:\xampp\htdocs\site_iuhm\app\Http\Middleware\SetTeamUrlDefaults.php(26): Illuminate\Pipeline\Pipeline->{closure:Illuminate\Pipeline\Pipeline::prepareDestination():178}(Object(Illuminate\Http\Request))
#26 C:\xampp\htdocs\site_iuhm\vendor\laravel\framework\src\Illuminate\Pipeline\Pipeline.php(219): App\Http\Middleware\SetTeamUrlDefaults->handle(Object(Illuminate\Http\Request), Object(Closure))
#27 C:\xampp\htdocs\site_iuhm\app\Http\Middleware\SetLocale.php(28): Illuminate\Pipeline\Pipeline->{closure:{closure:Illuminate\Pipeline\Pipeline::carry():194}:195}(Object(Illuminate\Http\Request))
#28 C:\xampp\htdocs\site_iuhm\vendor\laravel\framework\src\Illuminate\Pipeline\Pipeline.php(219): App\Http\Middleware\SetLocale->handle(Object(Illuminate\Http\Request), Object(Closure))
#29 C:\xampp\htdocs\site_iuhm\vendor\laravel\framework\src\Illuminate\Routing\Middleware\SubstituteBindings.php(52): Illuminate\Pipeline\Pipeline->{closure:{closure:Illuminate\Pipeline\Pipeline::carry():194}:195}(Object(Illuminate\Http\Request))
#30 C:\xampp\htdocs\site_iuhm\vendor\laravel\framework\src\Illuminate\Pipeline\Pipeline.php(219): Illuminate\Routing\Middleware\SubstituteBindings->handle(Object(Illuminate\Http\Request), Object(Closure))
#31 C:\xampp\htdocs\site_iuhm\vendor\laravel\framework\src\Illuminate\Auth\Middleware\Authenticate.php(63): Illuminate\Pipeline\Pipeline->{closure:{closure:Illuminate\Pipeline\Pipeline::carry():194}:195}(Object(Illuminate\Http\Request))
#32 C:\xampp\htdocs\site_iuhm\vendor\laravel\framework\src\Illuminate\Pipeline\Pipeline.php(219): Illuminate\Auth\Middleware\Authenticate->handle(Object(Illuminate\Http\Request), Object(Closure), 'web')
#33 C:\xampp\htdocs\site_iuhm\vendor\laravel\framework\src\Illuminate\Foundation\Http\Middleware\PreventRequestForgery.php(104): Illuminate\Pipeline\Pipeline->{closure:{closure:Illuminate\Pipeline\Pipeline::carry():194}:195}(Object(Illuminate\Http\Request))
#34 C:\xampp\htdocs\site_iuhm\vendor\laravel\framework\src\Illuminate\Pipeline\Pipeline.php(219): Illuminate\Foundation\Http\Middleware\PreventRequestForgery->handle(Object(Illuminate\Http\Request), Object(Closure))
#35 C:\xampp\htdocs\site_iuhm\vendor\laravel\framework\src\Illuminate\View\Middleware\ShareErrorsFromSession.php(48): Illuminate\Pipeline\Pipeline->{closure:{closure:Illuminate\Pipeline\Pipeline::carry():194}:195}(Object(Illuminate\Http\Request))
#36 C:\xampp\htdocs\site_iuhm\vendor\laravel\framework\src\Illuminate\Pipeline\Pipeline.php(219): Illuminate\View\Middleware\ShareErrorsFromSession->handle(Object(Illuminate\Http\Request), Object(Closure))
#37 C:\xampp\htdocs\site_iuhm\vendor\laravel\framework\src\Illuminate\Session\Middleware\StartSession.php(120): Illuminate\Pipeline\Pipeline->{closure:{closure:Illuminate\Pipeline\Pipeline::carry():194}:195}(Object(Illuminate\Http\Request))
#38 C:\xampp\htdocs\site_iuhm\vendor\laravel\framework\src\Illuminate\Session\Middleware\StartSession.php(63): Illuminate\Session\Middleware\StartSession->handleStatefulRequest(Object(Illuminate\Http\Request), Object(Illuminate\Session\Store), Object(Closure))
#39 C:\xampp\htdocs\site_iuhm\vendor\laravel\framework\src\Illuminate\Pipeline\Pipeline.php(219): Illuminate\Session\Middleware\StartSession->handle(Object(Illuminate\Http\Request), Object(Closure))
#40 C:\xampp\htdocs\site_iuhm\vendor\laravel\framework\src\Illuminate\Cookie\Middleware\AddQueuedCookiesToResponse.php(36): Illuminate\Pipeline\Pipeline->{closure:{closure:Illuminate\Pipeline\Pipeline::carry():194}:195}(Object(Illuminate\Http\Request))
#41 C:\xampp\htdocs\site_iuhm\vendor\laravel\framework\src\Illuminate\Pipeline\Pipeline.php(219): Illuminate\Cookie\Middleware\AddQueuedCookiesToResponse->handle(Object(Illuminate\Http\Request), Object(Closure))
#42 C:\xampp\htdocs\site_iuhm\vendor\laravel\framework\src\Illuminate\Cookie\Middleware\EncryptCookies.php(74): Illuminate\Pipeline\Pipeline->{closure:{closure:Illuminate\Pipeline\Pipeline::carry():194}:195}(Object(Illuminate\Http\Request))
#43 C:\xampp\htdocs\site_iuhm\vendor\laravel\framework\src\Illuminate\Pipeline\Pipeline.php(219): Illuminate\Cookie\Middleware\EncryptCookies->handle(Object(Illuminate\Http\Request), Object(Closure))
#44 C:\xampp\htdocs\site_iuhm\vendor\laravel\framework\src\Illuminate\Pipeline\Pipeline.php(137): Illuminate\Pipeline\Pipeline->{closure:{closure:Illuminate\Pipeline\Pipeline::carry():194}:195}(Object(Illuminate\Http\Request))
#45 C:\xampp\htdocs\site_iuhm\vendor\laravel\framework\src\Illuminate\Routing\Router.php(821): Illuminate\Pipeline\Pipeline->then(Object(Closure))
#46 C:\xampp\htdocs\site_iuhm\vendor\laravel\framework\src\Illuminate\Routing\Router.php(800): Illuminate\Routing\Router->runRouteWithinStack(Object(Illuminate\Routing\Route), Object(Illuminate\Http\Request))
#47 C:\xampp\htdocs\site_iuhm\vendor\laravel\framework\src\Illuminate\Routing\Router.php(764): Illuminate\Routing\Router->runRoute(Object(Illuminate\Http\Request), Object(Illuminate\Routing\Route))
#48 C:\xampp\htdocs\site_iuhm\vendor\laravel\framework\src\Illuminate\Routing\Router.php(753): Illuminate\Routing\Router->dispatchToRoute(Object(Illuminate\Http\Request))
#49 C:\xampp\htdocs\site_iuhm\vendor\laravel\framework\src\Illuminate\Foundation\Http\Kernel.php(200): Illuminate\Routing\Router->dispatch(Object(Illuminate\Http\Request))
#50 C:\xampp\htdocs\site_iuhm\vendor\laravel\framework\src\Illuminate\Pipeline\Pipeline.php(180): Illuminate\Foundation\Http\Kernel->{closure:Illuminate\Foundation\Http\Kernel::dispatchToRouter():197}(Object(Illuminate\Http\Request))
#51 C:\xampp\htdocs\site_iuhm\vendor\livewire\livewire\src\Features\SupportDisablingBackButtonCache\DisableBackButtonCacheMiddleware.php(19): Illuminate\Pipeline\Pipeline->{closure:Illuminate\Pipeline\Pipeline::prepareDestination():178}(Object(Illuminate\Http\Request))
#52 C:\xampp\htdocs\site_iuhm\vendor\laravel\framework\src\Illuminate\Pipeline\Pipeline.php(219): Livewire\Features\SupportDisablingBackButtonCache\DisableBackButtonCacheMiddleware->handle(Object(Illuminate\Http\Request), Object(Closure))
#53 C:\xampp\htdocs\site_iuhm\vendor\laravel\framework\src\Illuminate\Foundation\Http\Middleware\TransformsRequest.php(21): Illuminate\Pipeline\Pipeline->{closure:{closure:Illuminate\Pipeline\Pipeline::carry():194}:195}(Object(Illuminate\Http\Request))
#54 C:\xampp\htdocs\site_iuhm\vendor\laravel\framework\src\Illuminate\Foundation\Http\Middleware\ConvertEmptyStringsToNull.php(31): Illuminate\Foundation\Http\Middleware\TransformsRequest->handle(Object(Illuminate\Http\Request), Object(Closure))
#55 C:\xampp\htdocs\site_iuhm\vendor\laravel\framework\src\Illuminate\Pipeline\Pipeline.php(219): Illuminate\Foundation\Http\Middleware\ConvertEmptyStringsToNull->handle(Object(Illuminate\Http\Request), Object(Closure))
#56 C:\xampp\htdocs\site_iuhm\vendor\laravel\framework\src\Illuminate\Foundation\Http\Middleware\TransformsRequest.php(21): Illuminate\Pipeline\Pipeline->{closure:{closure:Illuminate\Pipeline\Pipeline::carry():194}:195}(Object(Illuminate\Http\Request))
#57 C:\xampp\htdocs\site_iuhm\vendor\laravel\framework\src\Illuminate\Foundation\Http\Middleware\TrimStrings.php(51): Illuminate\Foundation\Http\Middleware\TransformsRequest->handle(Object(Illuminate\Http\Request), Object(Closure))
#58 C:\xampp\htdocs\site_iuhm\vendor\laravel\framework\src\Illuminate\Pipeline\Pipeline.php(219): Illuminate\Foundation\Http\Middleware\TrimStrings->handle(Object(Illuminate\Http\Request), Object(Closure))
#59 C:\xampp\htdocs\site_iuhm\vendor\laravel\framework\src\Illuminate\Http\Middleware\ValidatePostSize.php(27): Illuminate\Pipeline\Pipeline->{closure:{closure:Illuminate\Pipeline\Pipeline::carry():194}:195}(Object(Illuminate\Http\Request))
#60 C:\xampp\htdocs\site_iuhm\vendor\laravel\framework\src\Illuminate\Pipeline\Pipeline.php(219): Illuminate\Http\Middleware\ValidatePostSize->handle(Object(Illuminate\Http\Request), Object(Closure))
#61 C:\xampp\htdocs\site_iuhm\vendor\laravel\framework\src\Illuminate\Foundation\Http\Middleware\PreventRequestsDuringMaintenance.php(109): Illuminate\Pipeline\Pipeline->{closure:{closure:Illuminate\Pipeline\Pipeline::carry():194}:195}(Object(Illuminate\Http\Request))
#62 C:\xampp\htdocs\site_iuhm\vendor\laravel\framework\src\Illuminate\Pipeline\Pipeline.php(219): Illuminate\Foundation\Http\Middleware\PreventRequestsDuringMaintenance->handle(Object(Illuminate\Http\Request), Object(Closure))
#63 C:\xampp\htdocs\site_iuhm\vendor\laravel\framework\src\Illuminate\Http\Middleware\HandleCors.php(61): Illuminate\Pipeline\Pipeline->{closure:{closure:Illuminate\Pipeline\Pipeline::carry():194}:195}(Object(Illuminate\Http\Request))
#64 C:\xampp\htdocs\site_iuhm\vendor\laravel\framework\src\Illuminate\Pipeline\Pipeline.php(219): Illuminate\Http\Middleware\HandleCors->handle(Object(Illuminate\Http\Request), Object(Closure))
#65 C:\xampp\htdocs\site_iuhm\vendor\laravel\framework\src\Illuminate\Http\Middleware\TrustProxies.php(58): Illuminate\Pipeline\Pipeline->{closure:{closure:Illuminate\Pipeline\Pipeline::carry():194}:195}(Object(Illuminate\Http\Request))
#66 C:\xampp\htdocs\site_iuhm\vendor\laravel\framework\src\Illuminate\Pipeline\Pipeline.php(219): Illuminate\Http\Middleware\TrustProxies->handle(Object(Illuminate\Http\Request), Object(Closure))
#67 C:\xampp\htdocs\site_iuhm\vendor\laravel\framework\src\Illuminate\Foundation\Http\Middleware\InvokeDeferredCallbacks.php(22): Illuminate\Pipeline\Pipeline->{closure:{closure:Illuminate\Pipeline\Pipeline::carry():194}:195}(Object(Illuminate\Http\Request))
#68 C:\xampp\htdocs\site_iuhm\vendor\laravel\framework\src\Illuminate\Pipeline\Pipeline.php(219): Illuminate\Foundation\Http\Middleware\InvokeDeferredCallbacks->handle(Object(Illuminate\Http\Request), Object(Closure))
#69 C:\xampp\htdocs\site_iuhm\vendor\laravel\framework\src\Illuminate\Http\Middleware\ValidatePathEncoding.php(28): Illuminate\Pipeline\Pipeline->{closure:{closure:Illuminate\Pipeline\Pipeline::carry():194}:195}(Object(Illuminate\Http\Request))
#70 C:\xampp\htdocs\site_iuhm\vendor\laravel\framework\src\Illuminate\Pipeline\Pipeline.php(219): Illuminate\Http\Middleware\ValidatePathEncoding->handle(Object(Illuminate\Http\Request), Object(Closure))
#71 C:\xampp\htdocs\site_iuhm\vendor\laravel\framework\src\Illuminate\Pipeline\Pipeline.php(137): Illuminate\Pipeline\Pipeline->{closure:{closure:Illuminate\Pipeline\Pipeline::carry():194}:195}(Object(Illuminate\Http\Request))
#72 C:\xampp\htdocs\site_iuhm\vendor\laravel\framework\src\Illuminate\Foundation\Http\Kernel.php(175): Illuminate\Pipeline\Pipeline->then(Object(Closure))
#73 C:\xampp\htdocs\site_iuhm\vendor\laravel\framework\src\Illuminate\Foundation\Http\Kernel.php(144): Illuminate\Foundation\Http\Kernel->sendRequestThroughRouter(Object(Illuminate\Http\Request))
#74 C:\xampp\htdocs\site_iuhm\vendor\laravel\framework\src\Illuminate\Foundation\Testing\Concerns\MakesHttpRequests.php(607): Illuminate\Foundation\Http\Kernel->handle(Object(Illuminate\Http\Request))
#75 C:\xampp\htdocs\site_iuhm\vendor\laravel\framework\src\Illuminate\Foundation\Testing\Concerns\MakesHttpRequests.php(368): Illuminate\Foundation\Testing\TestCase->call('GET', 'http://localhos...', Array, Array, Array, Array)
#76 C:\xampp\htdocs\site_iuhm\tests\Feature\Auth\PasswordConfirmationTest.php(17): Illuminate\Foundation\Testing\TestCase->get('http://localhos...')
#77 C:\xampp\htdocs\site_iuhm\vendor\phpunit\phpunit\src\Framework\TestCase.php(1335): Tests\Feature\Auth\PasswordConfirmationTest->test_confirm_password_screen_can_be_rendered()
#78 C:\xampp\htdocs\site_iuhm\vendor\phpunit\phpunit\src\Framework\TestCase.php(519): PHPUnit\Framework\TestCase->runTest()
#79 C:\xampp\htdocs\site_iuhm\vendor\phpunit\phpunit\src\Framework\TestRunner\TestRunner.php(99): PHPUnit\Framework\TestCase->runBare()
#80 C:\xampp\htdocs\site_iuhm\vendor\phpunit\phpunit\src\Framework\TestCase.php(359): PHPUnit\Framework\TestRunner->run(Object(Tests\Feature\Auth\PasswordConfirmationTest))
#81 C:\xampp\htdocs\site_iuhm\vendor\phpunit\phpunit\src\Framework\TestSuite.php(374): PHPUnit\Framework\TestCase->run()
#82 C:\xampp\htdocs\site_iuhm\vendor\phpunit\phpunit\src\Framework\TestSuite.php(374): PHPUnit\Framework\TestSuite->run()
#83 C:\xampp\htdocs\site_iuhm\vendor\phpunit\phpunit\src\Framework\TestSuite.php(374): PHPUnit\Framework\TestSuite->run()
#84 C:\xampp\htdocs\site_iuhm\vendor\phpunit\phpunit\src\TextUI\TestRunner.php(64): PHPUnit\Framework\TestSuite->run()
#85 C:\xampp\htdocs\site_iuhm\vendor\phpunit\phpunit\src\TextUI\Application.php(229): PHPUnit\TextUI\TestRunner->run(Object(PHPUnit\TextUI\Configuration\Configuration), Object(PHPUnit\Runner\ResultCache\DefaultResultCache), Object(PHPUnit\Framework\TestSuite))
#86 C:\xampp\htdocs\site_iuhm\vendor\phpunit\phpunit\phpunit(104): PHPUnit\TextUI\Application->run(Array)
#87 {main}

Next Illuminate\View\ViewException: Vite manifest not found at: C:\xampp\htdocs\site_iuhm\public\build/manifest.json (View: C:\xampp\htdocs\site_iuhm\resources\views\partials\head.blade.php) (View: C:\xampp\htdocs\site_iuhm\resources\views\partials\head.blade.php) (View: C:\xampp\htdocs\site_iuhm\resources\views\partials\head.blade.php) (View: C:\xampp\htdocs\site_iuhm\resources\views\partials\head.blade.php) in C:\xampp\htdocs\site_iuhm\vendor\laravel\framework\src\Illuminate\Foundation\Vite.php:946
Stack trace:
#0 C:\xampp\htdocs\site_iuhm\vendor\livewire\livewire\src\Mechanisms\ExtendBlade\ExtendedCompilerEngine.php(58): Illuminate\View\Engines\CompilerEngine->handleViewException(Object(Illuminate\View\ViewException), 1)
#1 C:\xampp\htdocs\site_iuhm\vendor\laravel\framework\src\Illuminate\View\Engines\PhpEngine.php(59): Livewire\Mechanisms\ExtendBlade\ExtendedCompilerEngine->handleViewException(Object(Illuminate\View\ViewException), 1)
#2 C:\xampp\htdocs\site_iuhm\vendor\livewire\livewire\src\Mechanisms\ExtendBlade\ExtendedCompilerEngine.php(22): Illuminate\View\Engines\PhpEngine->evaluatePath('C:\\xampp\\htdocs...', Array)
#3 C:\xampp\htdocs\site_iuhm\vendor\laravel\framework\src\Illuminate\View\Engines\CompilerEngine.php(76): Livewire\Mechanisms\ExtendBlade\ExtendedCompilerEngine->evaluatePath('C:\\xampp\\htdocs...', Array)
#4 C:\xampp\htdocs\site_iuhm\vendor\livewire\livewire\src\Mechanisms\ExtendBlade\ExtendedCompilerEngine.php(10): Illuminate\View\Engines\CompilerEngine->get('C:\\xampp\\htdocs...', Array)
#5 C:\xampp\htdocs\site_iuhm\vendor\laravel\framework\src\Illuminate\View\View.php(208): Livewire\Mechanisms\ExtendBlade\ExtendedCompilerEngine->get('C:\\xampp\\htdocs...', Array)
#6 C:\xampp\htdocs\site_iuhm\vendor\laravel\framework\src\Illuminate\View\View.php(191): Illuminate\View\View->getContents()
#7 C:\xampp\htdocs\site_iuhm\vendor\laravel\framework\src\Illuminate\View\View.php(160): Illuminate\View\View->renderContents()
#8 C:\xampp\htdocs\site_iuhm\vendor\laravel\framework\src\Illuminate\Http\Response.php(78): Illuminate\View\View->render()
#9 C:\xampp\htdocs\site_iuhm\vendor\laravel\framework\src\Illuminate\Http\Response.php(34): Illuminate\Http\Response->setContent(Object(Illuminate\View\View))
#10 C:\xampp\htdocs\site_iuhm\vendor\laravel\framework\src\Illuminate\Routing\Router.php(939): Illuminate\Http\Response->__construct(Object(Illuminate\View\View), 200, Array)
#11 C:\xampp\htdocs\site_iuhm\vendor\laravel\framework\src\Illuminate\Routing\Router.php(906): Illuminate\Routing\Router::toResponse(Object(Illuminate\Http\Request), Object(Illuminate\View\View))
#12 C:\xampp\htdocs\site_iuhm\vendor\laravel\framework\src\Illuminate\Routing\Router.php(821): Illuminate\Routing\Router->prepareResponse(Object(Illuminate\Http\Request), Object(Laravel\Fortify\Http\Responses\SimpleViewResponse))
#13 C:\xampp\htdocs\site_iuhm\vendor\laravel\framework\src\Illuminate\Pipeline\Pipeline.php(180): Illuminate\Routing\Router->{closure:Illuminate\Routing\Router::runRouteWithinStack():821}(Object(Illuminate\Http\Request))
#14 C:\xampp\htdocs\site_iuhm\app\Http\Middleware\SetTeamUrlDefaults.php(26): Illuminate\Pipeline\Pipeline->{closure:Illuminate\Pipeline\Pipeline::prepareDestination():178}(Object(Illuminate\Http\Request))
#15 C:\xampp\htdocs\site_iuhm\vendor\laravel\framework\src\Illuminate\Pipeline\Pipeline.php(219): App\Http\Middleware\SetTeamUrlDefaults->handle(Object(Illuminate\Http\Request), Object(Closure))
#16 C:\xampp\htdocs\site_iuhm\app\Http\Middleware\SetLocale.php(28): Illuminate\Pipeline\Pipeline->{closure:{closure:Illuminate\Pipeline\Pipeline::carry():194}:195}(Object(Illuminate\Http\Request))
#17 C:\xampp\htdocs\site_iuhm\vendor\laravel\framework\src\Illuminate\Pipeline\Pipeline.php(219): App\Http\Middleware\SetLocale->handle(Object(Illuminate\Http\Request), Object(Closure))
#18 C:\xampp\htdocs\site_iuhm\vendor\laravel\framework\src\Illuminate\Routing\Middleware\SubstituteBindings.php(52): Illuminate\Pipeline\Pipeline->{closure:{closure:Illuminate\Pipeline\Pipeline::carry():194}:195}(Object(Illuminate\Http\Request))
#19 C:\xampp\htdocs\site_iuhm\vendor\laravel\framework\src\Illuminate\Pipeline\Pipeline.php(219): Illuminate\Routing\Middleware\SubstituteBindings->handle(Object(Illuminate\Http\Request), Object(Closure))
#20 C:\xampp\htdocs\site_iuhm\vendor\laravel\framework\src\Illuminate\Auth\Middleware\Authenticate.php(63): Illuminate\Pipeline\Pipeline->{closure:{closure:Illuminate\Pipeline\Pipeline::carry():194}:195}(Object(Illuminate\Http\Request))
#21 C:\xampp\htdocs\site_iuhm\vendor\laravel\framework\src\Illuminate\Pipeline\Pipeline.php(219): Illuminate\Auth\Middleware\Authenticate->handle(Object(Illuminate\Http\Request), Object(Closure), 'web')
#22 C:\xampp\htdocs\site_iuhm\vendor\laravel\framework\src\Illuminate\Foundation\Http\Middleware\PreventRequestForgery.php(104): Illuminate\Pipeline\Pipeline->{closure:{closure:Illuminate\Pipeline\Pipeline::carry():194}:195}(Object(Illuminate\Http\Request))
#23 C:\xampp\htdocs\site_iuhm\vendor\laravel\framework\src\Illuminate\Pipeline\Pipeline.php(219): Illuminate\Foundation\Http\Middleware\PreventRequestForgery->handle(Object(Illuminate\Http\Request), Object(Closure))
#24 C:\xampp\htdocs\site_iuhm\vendor\laravel\framework\src\Illuminate\View\Middleware\ShareErrorsFromSession.php(48): Illuminate\Pipeline\Pipeline->{closure:{closure:Illuminate\Pipeline\Pipeline::carry():194}:195}(Object(Illuminate\Http\Request))
#25 C:\xampp\htdocs\site_iuhm\vendor\laravel\framework\src\Illuminate\Pipeline\Pipeline.php(219): Illuminate\View\Middleware\ShareErrorsFromSession->handle(Object(Illuminate\Http\Request), Object(Closure))
#26 C:\xampp\htdocs\site_iuhm\vendor\laravel\framework\src\Illuminate\Session\Middleware\StartSession.php(120): Illuminate\Pipeline\Pipeline->{closure:{closure:Illuminate\Pipeline\Pipeline::carry():194}:195}(Object(Illuminate\Http\Request))
#27 C:\xampp\htdocs\site_iuhm\vendor\laravel\framework\src\Illuminate\Session\Middleware\StartSession.php(63): Illuminate\Session\Middleware\StartSession->handleStatefulRequest(Object(Illuminate\Http\Request), Object(Illuminate\Session\Store), Object(Closure))
#28 C:\xampp\htdocs\site_iuhm\vendor\laravel\framework\src\Illuminate\Pipeline\Pipeline.php(219): Illuminate\Session\Middleware\StartSession->handle(Object(Illuminate\Http\Request), Object(Closure))
#29 C:\xampp\htdocs\site_iuhm\vendor\laravel\framework\src\Illuminate\Cookie\Middleware\AddQueuedCookiesToResponse.php(36): Illuminate\Pipeline\Pipeline->{closure:{closure:Illuminate\Pipeline\Pipeline::carry():194}:195}(Object(Illuminate\Http\Request))
#30 C:\xampp\htdocs\site_iuhm\vendor\laravel\framework\src\Illuminate\Pipeline\Pipeline.php(219): Illuminate\Cookie\Middleware\AddQueuedCookiesToResponse->handle(Object(Illuminate\Http\Request), Object(Closure))
#31 C:\xampp\htdocs\site_iuhm\vendor\laravel\framework\src\Illuminate\Cookie\Middleware\EncryptCookies.php(74): Illuminate\Pipeline\Pipeline->{closure:{closure:Illuminate\Pipeline\Pipeline::carry():194}:195}(Object(Illuminate\Http\Request))
#32 C:\xampp\htdocs\site_iuhm\vendor\laravel\framework\src\Illuminate\Pipeline\Pipeline.php(219): Illuminate\Cookie\Middleware\EncryptCookies->handle(Object(Illuminate\Http\Request), Object(Closure))
#33 C:\xampp\htdocs\site_iuhm\vendor\laravel\framework\src\Illuminate\Pipeline\Pipeline.php(137): Illuminate\Pipeline\Pipeline->{closure:{closure:Illuminate\Pipeline\Pipeline::carry():194}:195}(Object(Illuminate\Http\Request))
#34 C:\xampp\htdocs\site_iuhm\vendor\laravel\framework\src\Illuminate\Routing\Router.php(821): Illuminate\Pipeline\Pipeline->then(Object(Closure))
#35 C:\xampp\htdocs\site_iuhm\vendor\laravel\framework\src\Illuminate\Routing\Router.php(800): Illuminate\Routing\Router->runRouteWithinStack(Object(Illuminate\Routing\Route), Object(Illuminate\Http\Request))
#36 C:\xampp\htdocs\site_iuhm\vendor\laravel\framework\src\Illuminate\Routing\Router.php(764): Illuminate\Routing\Router->runRoute(Object(Illuminate\Http\Request), Object(Illuminate\Routing\Route))
#37 C:\xampp\htdocs\site_iuhm\vendor\laravel\framework\src\Illuminate\Routing\Router.php(753): Illuminate\Routing\Router->dispatchToRoute(Object(Illuminate\Http\Request))
#38 C:\xampp\htdocs\site_iuhm\vendor\laravel\framework\src\Illuminate\Foundation\Http\Kernel.php(200): Illuminate\Routing\Router->dispatch(Object(Illuminate\Http\Request))
#39 C:\xampp\htdocs\site_iuhm\vendor\laravel\framework\src\Illuminate\Pipeline\Pipeline.php(180): Illuminate\Foundation\Http\Kernel->{closure:Illuminate\Foundation\Http\Kernel::dispatchToRouter():197}(Object(Illuminate\Http\Request))
#40 C:\xampp\htdocs\site_iuhm\vendor\livewire\livewire\src\Features\SupportDisablingBackButtonCache\DisableBackButtonCacheMiddleware.php(19): Illuminate\Pipeline\Pipeline->{closure:Illuminate\Pipeline\Pipeline::prepareDestination():178}(Object(Illuminate\Http\Request))
#41 C:\xampp\htdocs\site_iuhm\vendor\laravel\framework\src\Illuminate\Pipeline\Pipeline.php(219): Livewire\Features\SupportDisablingBackButtonCache\DisableBackButtonCacheMiddleware->handle(Object(Illuminate\Http\Request), Object(Closure))
#42 C:\xampp\htdocs\site_iuhm\vendor\laravel\framework\src\Illuminate\Foundation\Http\Middleware\TransformsRequest.php(21): Illuminate\Pipeline\Pipeline->{closure:{closure:Illuminate\Pipeline\Pipeline::carry():194}:195}(Object(Illuminate\Http\Request))
#43 C:\xampp\htdocs\site_iuhm\vendor\laravel\framework\src\Illuminate\Foundation\Http\Middleware\ConvertEmptyStringsToNull.php(31): Illuminate\Foundation\Http\Middleware\TransformsRequest->handle(Object(Illuminate\Http\Request), Object(Closure))
#44 C:\xampp\htdocs\site_iuhm\vendor\laravel\framework\src\Illuminate\Pipeline\Pipeline.php(219): Illuminate\Foundation\Http\Middleware\ConvertEmptyStringsToNull->handle(Object(Illuminate\Http\Request), Object(Closure))
#45 C:\xampp\htdocs\site_iuhm\vendor\laravel\framework\src\Illuminate\Foundation\Http\Middleware\TransformsRequest.php(21): Illuminate\Pipeline\Pipeline->{closure:{closure:Illuminate\Pipeline\Pipeline::carry():194}:195}(Object(Illuminate\Http\Request))
#46 C:\xampp\htdocs\site_iuhm\vendor\laravel\framework\src\Illuminate\Foundation\Http\Middleware\TrimStrings.php(51): Illuminate\Foundation\Http\Middleware\TransformsRequest->handle(Object(Illuminate\Http\Request), Object(Closure))
#47 C:\xampp\htdocs\site_iuhm\vendor\laravel\framework\src\Illuminate\Pipeline\Pipeline.php(219): Illuminate\Foundation\Http\Middleware\TrimStrings->handle(Object(Illuminate\Http\Request), Object(Closure))
#48 C:\xampp\htdocs\site_iuhm\vendor\laravel\framework\src\Illuminate\Http\Middleware\ValidatePostSize.php(27): Illuminate\Pipeline\Pipeline->{closure:{closure:Illuminate\Pipeline\Pipeline::carry():194}:195}(Object(Illuminate\Http\Request))
#49 C:\xampp\htdocs\site_iuhm\vendor\laravel\framework\src\Illuminate\Pipeline\Pipeline.php(219): Illuminate\Http\Middleware\ValidatePostSize->handle(Object(Illuminate\Http\Request), Object(Closure))
#50 C:\xampp\htdocs\site_iuhm\vendor\laravel\framework\src\Illuminate\Foundation\Http\Middleware\PreventRequestsDuringMaintenance.php(109): Illuminate\Pipeline\Pipeline->{closure:{closure:Illuminate\Pipeline\Pipeline::carry():194}:195}(Object(Illuminate\Http\Request))
#51 C:\xampp\htdocs\site_iuhm\vendor\laravel\framework\src\Illuminate\Pipeline\Pipeline.php(219): Illuminate\Foundation\Http\Middleware\PreventRequestsDuringMaintenance->handle(Object(Illuminate\Http\Request), Object(Closure))
#52 C:\xampp\htdocs\site_iuhm\vendor\laravel\framework\src\Illuminate\Http\Middleware\HandleCors.php(61): Illuminate\Pipeline\Pipeline->{closure:{closure:Illuminate\Pipeline\Pipeline::carry():194}:195}(Object(Illuminate\Http\Request))
#53 C:\xampp\htdocs\site_iuhm\vendor\laravel\framework\src\Illuminate\Pipeline\Pipeline.php(219): Illuminate\Http\Middleware\HandleCors->handle(Object(Illuminate\Http\Request), Object(Closure))
#54 C:\xampp\htdocs\site_iuhm\vendor\laravel\framework\src\Illuminate\Http\Middleware\TrustProxies.php(58): Illuminate\Pipeline\Pipeline->{closure:{closure:Illuminate\Pipeline\Pipeline::carry():194}:195}(Object(Illuminate\Http\Request))
#55 C:\xampp\htdocs\site_iuhm\vendor\laravel\framework\src\Illuminate\Pipeline\Pipeline.php(219): Illuminate\Http\Middleware\TrustProxies->handle(Object(Illuminate\Http\Request), Object(Closure))
#56 C:\xampp\htdocs\site_iuhm\vendor\laravel\framework\src\Illuminate\Foundation\Http\Middleware\InvokeDeferredCallbacks.php(22): Illuminate\Pipeline\Pipeline->{closure:{closure:Illuminate\Pipeline\Pipeline::carry():194}:195}(Object(Illuminate\Http\Request))
#57 C:\xampp\htdocs\site_iuhm\vendor\laravel\framework\src\Illuminate\Pipeline\Pipeline.php(219): Illuminate\Foundation\Http\Middleware\InvokeDeferredCallbacks->handle(Object(Illuminate\Http\Request), Object(Closure))
#58 C:\xampp\htdocs\site_iuhm\vendor\laravel\framework\src\Illuminate\Http\Middleware\ValidatePathEncoding.php(28): Illuminate\Pipeline\Pipeline->{closure:{closure:Illuminate\Pipeline\Pipeline::carry():194}:195}(Object(Illuminate\Http\Request))
#59 C:\xampp\htdocs\site_iuhm\vendor\laravel\framework\src\Illuminate\Pipeline\Pipeline.php(219): Illuminate\Http\Middleware\ValidatePathEncoding->handle(Object(Illuminate\Http\Request), Object(Closure))
#60 C:\xampp\htdocs\site_iuhm\vendor\laravel\framework\src\Illuminate\Pipeline\Pipeline.php(137): Illuminate\Pipeline\Pipeline->{closure:{closure:Illuminate\Pipeline\Pipeline::carry():194}:195}(Object(Illuminate\Http\Request))
#61 C:\xampp\htdocs\site_iuhm\vendor\laravel\framework\src\Illuminate\Foundation\Http\Kernel.php(175): Illuminate\Pipeline\Pipeline->then(Object(Closure))
#62 C:\xampp\htdocs\site_iuhm\vendor\laravel\framework\src\Illuminate\Foundation\Http\Kernel.php(144): Illuminate\Foundation\Http\Kernel->sendRequestThroughRouter(Object(Illuminate\Http\Request))
#63 C:\xampp\htdocs\site_iuhm\vendor\laravel\framework\src\Illuminate\Foundation\Testing\Concerns\MakesHttpRequests.php(607): Illuminate\Foundation\Http\Kernel->handle(Object(Illuminate\Http\Request))
#64 C:\xampp\htdocs\site_iuhm\vendor\laravel\framework\src\Illuminate\Foundation\Testing\Concerns\MakesHttpRequests.php(368): Illuminate\Foundation\Testing\TestCase->call('GET', 'http://localhos...', Array, Array, Array, Array)
#65 C:\xampp\htdocs\site_iuhm\tests\Feature\Auth\PasswordConfirmationTest.php(17): Illuminate\Foundation\Testing\TestCase->get('http://localhos...')
#66 C:\xampp\htdocs\site_iuhm\vendor\phpunit\phpunit\src\Framework\TestCase.php(1335): Tests\Feature\Auth\PasswordConfirmationTest->test_confirm_password_screen_can_be_rendered()
#67 C:\xampp\htdocs\site_iuhm\vendor\phpunit\phpunit\src\Framework\TestCase.php(519): PHPUnit\Framework\TestCase->runTest()
#68 C:\xampp\htdocs\site_iuhm\vendor\phpunit\phpunit\src\Framework\TestRunner\TestRunner.php(99): PHPUnit\Framework\TestCase->runBare()
#69 C:\xampp\htdocs\site_iuhm\vendor\phpunit\phpunit\src\Framework\TestCase.php(359): PHPUnit\Framework\TestRunner->run(Object(Tests\Feature\Auth\PasswordConfirmationTest))
#70 C:\xampp\htdocs\site_iuhm\vendor\phpunit\phpunit\src\Framework\TestSuite.php(374): PHPUnit\Framework\TestCase->run()
#71 C:\xampp\htdocs\site_iuhm\vendor\phpunit\phpunit\src\Framework\TestSuite.php(374): PHPUnit\Framework\TestSuite->run()
#72 C:\xampp\htdocs\site_iuhm\vendor\phpunit\phpunit\src\Framework\TestSuite.php(374): PHPUnit\Framework\TestSuite->run()
#73 C:\xampp\htdocs\site_iuhm\vendor\phpunit\phpunit\src\TextUI\TestRunner.php(64): PHPUnit\Framework\TestSuite->run()
#74 C:\xampp\htdocs\site_iuhm\vendor\phpunit\phpunit\src\TextUI\Application.php(229): PHPUnit\TextUI\TestRunner->run(Object(PHPUnit\TextUI\Configuration\Configuration), Object(PHPUnit\Runner\ResultCache\DefaultResultCache), Object(PHPUnit\Framework\TestSuite))
#75 C:\xampp\htdocs\site_iuhm\vendor\phpunit\phpunit\phpunit(104): PHPUnit\TextUI\Application->run(Array)
#76 {main}

----------------------------------------------------------------------------------

Vite manifest not found at: C:\xampp\htdocs\site_iuhm\public\build/manifest.json (View: C:\xampp\htdocs\site_iuhm\resources\views\partials\head.blade.php) (View: C:\xampp\htdocs\site_iuhm\resources\views\partials\head.blade.php) (View: C:\xampp\htdocs\site_iuhm\resources\views\partials\head.blade.php) (View: C:\xampp\htdocs\site_iuhm\resources\views\partials\head.blade.php)[39;22m

  at [32mtests\Feature\Auth\PasswordConfirmationTest.php[39m:[32m19[39m
     15Ôûò         $user = User::factory()->create();
     16Ôûò 
     17Ôûò         $response = $this->actingAs($user)->get(route('password.confirm'));
     18Ôûò 
  Ô×£  19Ôûò         $response->assertOk();
     20Ôûò     }
     21Ôûò }
     22Ôûò

  [31mÔöÇÔöÇÔöÇÔöÇÔöÇÔöÇÔöÇÔöÇÔöÇÔöÇÔöÇÔöÇÔöÇÔöÇÔöÇÔöÇÔöÇÔöÇÔöÇÔöÇÔöÇÔöÇÔöÇÔöÇÔöÇÔöÇÔöÇÔöÇÔöÇÔöÇÔöÇÔöÇÔöÇÔöÇÔöÇÔöÇÔöÇÔöÇÔöÇÔöÇÔöÇÔöÇÔöÇÔöÇÔöÇÔöÇÔöÇÔöÇÔöÇÔöÇÔöÇÔöÇÔöÇÔöÇÔöÇÔöÇÔöÇÔöÇÔöÇÔöÇÔöÇÔöÇÔöÇÔöÇÔöÇÔöÇÔöÇÔöÇÔöÇÔöÇÔöÇÔöÇÔöÇÔöÇÔöÇÔöÇ[39m  
  [41;1m FAILED [49;22m [1mTests\Feature\Auth\PasswordResetTest[22m [90m>[39m reset password link screenÔÇª   
[39;1m  Expected response status code [200] but received 500.
Failed asserting that 500 is identical to 200.

The following exception occurred during the last request:

Illuminate\Foundation\ViteManifestNotFoundException: Vite manifest not found at: C:\xampp\htdocs\site_iuhm\public\build/manifest.json in C:\xampp\htdocs\site_iuhm\vendor\laravel\framework\src\Illuminate\Foundation\Vite.php:946
Stack trace:
#0 C:\xampp\htdocs\site_iuhm\vendor\laravel\framework\src\Illuminate\Foundation\Vite.php(384): Illuminate\Foundation\Vite->manifest('build')
#1 C:\xampp\htdocs\site_iuhm\storage\framework\views\5fd94fc7a115eb01cf68443e349dcd01.php(16): Illuminate\Foundation\Vite->__invoke(Object(Illuminate\Support\Collection))
#2 C:\xampp\htdocs\site_iuhm\vendor\laravel\framework\src\Illuminate\Filesystem\Filesystem.php(123): require('C:\\xampp\\htdocs...')
#3 C:\xampp\htdocs\site_iuhm\vendor\laravel\framework\src\Illuminate\Filesystem\Filesystem.php(124): Illuminate\Filesystem\Filesystem::{closure:Illuminate\Filesystem\Filesystem::getRequire():120}()
#4 C:\xampp\htdocs\site_iuhm\vendor\laravel\framework\src\Illuminate\View\Engines\PhpEngine.php(57): Illuminate\Filesystem\Filesystem->getRequire('C:\\xampp\\htdocs...', Array)
#5 C:\xampp\htdocs\site_iuhm\vendor\livewire\livewire\src\Mechanisms\ExtendBlade\ExtendedCompilerEngine.php(22): Illuminate\View\Engines\PhpEngine->evaluatePath('C:\\xampp\\htdocs...', Array)
#6 C:\xampp\htdocs\site_iuhm\vendor\laravel\framework\src\Illuminate\View\Engines\CompilerEngine.php(76): Livewire\Mechanisms\ExtendBlade\ExtendedCompilerEngine->evaluatePath('C:\\xampp\\htdocs...', Array)
#7 C:\xampp\htdocs\site_iuhm\vendor\livewire\livewire\src\Mechanisms\ExtendBlade\ExtendedCompilerEngine.php(10): Illuminate\View\Engines\CompilerEngine->get('C:\\xampp\\htdocs...', Array)
#8 C:\xampp\htdocs\site_iuhm\vendor\laravel\framework\src\Illuminate\View\View.php(208): Livewire\Mechanisms\ExtendBlade\ExtendedCompilerEngine->get('C:\\xampp\\htdocs...', Array)
#9 C:\xampp\htdocs\site_iuhm\vendor\laravel\framework\src\Illuminate\View\View.php(191): Illuminate\View\View->getContents()
#10 C:\xampp\htdocs\site_iuhm\vendor\laravel\framework\src\Illuminate\View\View.php(160): Illuminate\View\View->renderContents()
#11 C:\xampp\htdocs\site_iuhm\storage\framework\views\9f512d4add5423159fffe52151bd4fe8.php(4): Illuminate\View\View->render()
#12 C:\xampp\htdocs\site_iuhm\vendor\laravel\framework\src\Illuminate\Filesystem\Filesystem.php(123): require('C:\\xampp\\htdocs...')
#13 C:\xampp\htdocs\site_iuhm\vendor\laravel\framework\src\Illuminate\Filesystem\Filesystem.php(124): Illuminate\Filesystem\Filesystem::{closure:Illuminate\Filesystem\Filesystem::getRequire():120}()
#14 C:\xampp\htdocs\site_iuhm\vendor\laravel\framework\src\Illuminate\View\Engines\PhpEngine.php(57): Illuminate\Filesystem\Filesystem->getRequire('C:\\xampp\\htdocs...', Array)
#15 C:\xampp\htdocs\site_iuhm\vendor\livewire\livewire\src\Mechanisms\ExtendBlade\ExtendedCompilerEngine.php(22): Illuminate\View\Engines\PhpEngine->evaluatePath('C:\\xampp\\htdocs...', Array)
#16 C:\xampp\htdocs\site_iuhm\vendor\laravel\framework\src\Illuminate\View\Engines\CompilerEngine.php(76): Livewire\Mechanisms\ExtendBlade\ExtendedCompilerEngine->evaluatePath('C:\\xampp\\htdocs...', Array)
#17 C:\xampp\htdocs\site_iuhm\vendor\livewire\livewire\src\Mechanisms\ExtendBlade\ExtendedCompilerEngine.php(10): Illuminate\View\Engines\CompilerEngine->get('C:\\xampp\\htdocs...', Array)
#18 C:\xampp\htdocs\site_iuhm\vendor\laravel\framework\src\Illuminate\View\View.php(208): Livewire\Mechanisms\ExtendBlade\ExtendedCompilerEngine->get('C:\\xampp\\htdocs...', Array)
#19 C:\xampp\htdocs\site_iuhm\vendor\laravel\framework\src\Illuminate\View\View.php(191): Illuminate\View\View->getContents()
#20 C:\xampp\htdocs\site_iuhm\vendor\laravel\framework\src\Illuminate\View\View.php(160): Illuminate\View\View->renderContents()
#21 C:\xampp\htdocs\site_iuhm\vendor\laravel\framework\src\Illuminate\View\Concerns\ManagesComponents.php(103): Illuminate\View\View->render()
#22 C:\xampp\htdocs\site_iuhm\storage\framework\views\77efdc9d6b730fc9d8b06a63d669eb13.php(15): Illuminate\View\Factory->renderComponent()
#23 C:\xampp\htdocs\site_iuhm\vendor\laravel\framework\src\Illuminate\Filesystem\Filesystem.php(123): require('C:\\xampp\\htdocs...')
#24 C:\xampp\htdocs\site_iuhm\vendor\laravel\framework\src\Illuminate\Filesystem\Filesystem.php(124): Illuminate\Filesystem\Filesystem::{closure:Illuminate\Filesystem\Filesystem::getRequire():120}()
#25 C:\xampp\htdocs\site_iuhm\vendor\laravel\framework\src\Illuminate\View\Engines\PhpEngine.php(57): Illuminate\Filesystem\Filesystem->getRequire('C:\\xampp\\htdocs...', Array)
#26 C:\xampp\htdocs\site_iuhm\vendor\livewire\livewire\src\Mechanisms\ExtendBlade\ExtendedCompilerEngine.php(22): Illuminate\View\Engines\PhpEngine->evaluatePath('C:\\xampp\\htdocs...', Array)
#27 C:\xampp\htdocs\site_iuhm\vendor\laravel\framework\src\Illuminate\View\Engines\CompilerEngine.php(76): Livewire\Mechanisms\ExtendBlade\ExtendedCompilerEngine->evaluatePath('C:\\xampp\\htdocs...', Array)
#28 C:\xampp\htdocs\site_iuhm\vendor\livewire\livewire\src\Mechanisms\ExtendBlade\ExtendedCompilerEngine.php(10): Illuminate\View\Engines\CompilerEngine->get('C:\\xampp\\htdocs...', Array)
#29 C:\xampp\htdocs\site_iuhm\vendor\laravel\framework\src\Illuminate\View\View.php(208): Livewire\Mechanisms\ExtendBlade\ExtendedCompilerEngine->get('C:\\xampp\\htdocs...', Array)
#30 C:\xampp\htdocs\site_iuhm\vendor\laravel\framework\src\Illuminate\View\View.php(191): Illuminate\View\View->getContents()
#31 C:\xampp\htdocs\site_iuhm\vendor\laravel\framework\src\Illuminate\View\View.php(160): Illuminate\View\View->renderContents()
#32 C:\xampp\htdocs\site_iuhm\vendor\laravel\framework\src\Illuminate\View\Concerns\ManagesComponents.php(103): Illuminate\View\View->render()
#33 C:\xampp\htdocs\site_iuhm\storage\framework\views\66dbb0aa30a1ea5d2be12ee557459bf9.php(139): Illuminate\View\Factory->renderComponent()
#34 C:\xampp\htdocs\site_iuhm\vendor\laravel\framework\src\Illuminate\Filesystem\Filesystem.php(123): require('C:\\xampp\\htdocs...')
#35 C:\xampp\htdocs\site_iuhm\vendor\laravel\framework\src\Illuminate\Filesystem\Filesystem.php(124): Illuminate\Filesystem\Filesystem::{closure:Illuminate\Filesystem\Filesystem::getRequire():120}()
#36 C:\xampp\htdocs\site_iuhm\vendor\laravel\framework\src\Illuminate\View\Engines\PhpEngine.php(57): Illuminate\Filesystem\Filesystem->getRequire('C:\\xampp\\htdocs...', Array)
#37 C:\xampp\htdocs\site_iuhm\vendor\livewire\livewire\src\Mechanisms\ExtendBlade\ExtendedCompilerEngine.php(22): Illuminate\View\Engines\PhpEngine->evaluatePath('C:\\xampp\\htdocs...', Array)
#38 C:\xampp\htdocs\site_iuhm\vendor\laravel\framework\src\Illuminate\View\Engines\CompilerEngine.php(76): Livewire\Mechanisms\ExtendBlade\ExtendedCompilerEngine->evaluatePath('C:\\xampp\\htdocs...', Array)
#39 C:\xampp\htdocs\site_iuhm\vendor\livewire\livewire\src\Mechanisms\ExtendBlade\ExtendedCompilerEngine.php(10): Illuminate\View\Engines\CompilerEngine->get('C:\\xampp\\htdocs...', Array)
#40 C:\xampp\htdocs\site_iuhm\vendor\laravel\framework\src\Illuminate\View\View.php(208): Livewire\Mechanisms\ExtendBlade\ExtendedCompilerEngine->get('C:\\xampp\\htdocs...', Array)
#41 C:\xampp\htdocs\site_iuhm\vendor\laravel\framework\src\Illuminate\View\View.php(191): Illuminate\View\View->getContents()
#42 C:\xampp\htdocs\site_iuhm\vendor\laravel\framework\src\Illuminate\View\View.php(160): Illuminate\View\View->renderContents()
#43 C:\xampp\htdocs\site_iuhm\vendor\laravel\framework\src\Illuminate\Http\Response.php(78): Illuminate\View\View->render()
#44 C:\xampp\htdocs\site_iuhm\vendor\laravel\framework\src\Illuminate\Http\Response.php(34): Illuminate\Http\Response->setContent(Object(Illuminate\View\View))
#45 C:\xampp\htdocs\site_iuhm\vendor\laravel\framework\src\Illuminate\Routing\Router.php(939): Illuminate\Http\Response->__construct(Object(Illuminate\View\View), 200, Array)
#46 C:\xampp\htdocs\site_iuhm\vendor\laravel\framework\src\Illuminate\Routing\Router.php(906): Illuminate\Routing\Router::toResponse(Object(Illuminate\Http\Request), Object(Illuminate\View\View))
#47 C:\xampp\htdocs\site_iuhm\vendor\laravel\framework\src\Illuminate\Routing\Router.php(821): Illuminate\Routing\Router->prepareResponse(Object(Illuminate\Http\Request), Object(Laravel\Fortify\Http\Responses\SimpleViewResponse))
#48 C:\xampp\htdocs\site_iuhm\vendor\laravel\framework\src\Illuminate\Pipeline\Pipeline.php(180): Illuminate\Routing\Router->{closure:Illuminate\Routing\Router::runRouteWithinStack():821}(Object(Illuminate\Http\Request))
#49 C:\xampp\htdocs\site_iuhm\vendor\laravel\framework\src\Illuminate\Auth\Middleware\RedirectIfAuthenticated.php(47): Illuminate\Pipeline\Pipeline->{closure:Illuminate\Pipeline\Pipeline::prepareDestination():178}(Object(Illuminate\Http\Request))
#50 C:\xampp\htdocs\site_iuhm\vendor\laravel\framework\src\Illuminate\Pipeline\Pipeline.php(219): Illuminate\Auth\Middleware\RedirectIfAuthenticated->handle(Object(Illuminate\Http\Request), Object(Closure), 'web')
#51 C:\xampp\htdocs\site_iuhm\app\Http\Middleware\SetTeamUrlDefaults.php(26): Illuminate\Pipeline\Pipeline->{closure:{closure:Illuminate\Pipeline\Pipeline::carry():194}:195}(Object(Illuminate\Http\Request))
#52 C:\xampp\htdocs\site_iuhm\vendor\laravel\framework\src\Illuminate\Pipeline\Pipeline.php(219): App\Http\Middleware\SetTeamUrlDefaults->handle(Object(Illuminate\Http\Request), Object(Closure))
#53 C:\xampp\htdocs\site_iuhm\app\Http\Middleware\SetLocale.php(28): Illuminate\Pipeline\Pipeline->{closure:{closure:Illuminate\Pipeline\Pipeline::carry():194}:195}(Object(Illuminate\Http\Request))
#54 C:\xampp\htdocs\site_iuhm\vendor\laravel\framework\src\Illuminate\Pipeline\Pipeline.php(219): App\Http\Middleware\SetLocale->handle(Object(Illuminate\Http\Request), Object(Closure))
#55 C:\xampp\htdocs\site_iuhm\vendor\laravel\framework\src\Illuminate\Routing\Middleware\SubstituteBindings.php(52): Illuminate\Pipeline\Pipeline->{closure:{closure:Illuminate\Pipeline\Pipeline::carry():194}:195}(Object(Illuminate\Http\Request))
#56 C:\xampp\htdocs\site_iuhm\vendor\laravel\framework\src\Illuminate\Pipeline\Pipeline.php(219): Illuminate\Routing\Middleware\SubstituteBindings->handle(Object(Illuminate\Http\Request), Object(Closure))
#57 C:\xampp\htdocs\site_iuhm\vendor\laravel\framework\src\Illuminate\Foundation\Http\Middleware\PreventRequestForgery.php(104): Illuminate\Pipeline\Pipeline->{closure:{closure:Illuminate\Pipeline\Pipeline::carry():194}:195}(Object(Illuminate\Http\Request))
#58 C:\xampp\htdocs\site_iuhm\vendor\laravel\framework\src\Illuminate\Pipeline\Pipeline.php(219): Illuminate\Foundation\Http\Middleware\PreventRequestForgery->handle(Object(Illuminate\Http\Request), Object(Closure))
#59 C:\xampp\htdocs\site_iuhm\vendor\laravel\framework\src\Illuminate\View\Middleware\ShareErrorsFromSession.php(48): Illuminate\Pipeline\Pipeline->{closure:{closure:Illuminate\Pipeline\Pipeline::carry():194}:195}(Object(Illuminate\Http\Request))
#60 C:\xampp\htdocs\site_iuhm\vendor\laravel\framework\src\Illuminate\Pipeline\Pipeline.php(219): Illuminate\View\Middleware\ShareErrorsFromSession->handle(Object(Illuminate\Http\Request), Object(Closure))
#61 C:\xampp\htdocs\site_iuhm\vendor\laravel\framework\src\Illuminate\Session\Middleware\StartSession.php(120): Illuminate\Pipeline\Pipeline->{closure:{closure:Illuminate\Pipeline\Pipeline::carry():194}:195}(Object(Illuminate\Http\Request))
#62 C:\xampp\htdocs\site_iuhm\vendor\laravel\framework\src\Illuminate\Session\Middleware\StartSession.php(63): Illuminate\Session\Middleware\StartSession->handleStatefulRequest(Object(Illuminate\Http\Request), Object(Illuminate\Session\Store), Object(Closure))
#63 C:\xampp\htdocs\site_iuhm\vendor\laravel\framework\src\Illuminate\Pipeline\Pipeline.php(219): Illuminate\Session\Middleware\StartSession->handle(Object(Illuminate\Http\Request), Object(Closure))
#64 C:\xampp\htdocs\site_iuhm\vendor\laravel\framework\src\Illuminate\Cookie\Middleware\AddQueuedCookiesToResponse.php(36): Illuminate\Pipeline\Pipeline->{closure:{closure:Illuminate\Pipeline\Pipeline::carry():194}:195}(Object(Illuminate\Http\Request))
#65 C:\xampp\htdocs\site_iuhm\vendor\laravel\framework\src\Illuminate\Pipeline\Pipeline.php(219): Illuminate\Cookie\Middleware\AddQueuedCookiesToResponse->handle(Object(Illuminate\Http\Request), Object(Closure))
#66 C:\xampp\htdocs\site_iuhm\vendor\laravel\framework\src\Illuminate\Cookie\Middleware\EncryptCookies.php(74): Illuminate\Pipeline\Pipeline->{closure:{closure:Illuminate\Pipeline\Pipeline::carry():194}:195}(Object(Illuminate\Http\Request))
#67 C:\xampp\htdocs\site_iuhm\vendor\laravel\framework\src\Illuminate\Pipeline\Pipeline.php(219): Illuminate\Cookie\Middleware\EncryptCookies->handle(Object(Illuminate\Http\Request), Object(Closure))
#68 C:\xampp\htdocs\site_iuhm\vendor\laravel\framework\src\Illuminate\Pipeline\Pipeline.php(137): Illuminate\Pipeline\Pipeline->{closure:{closure:Illuminate\Pipeline\Pipeline::carry():194}:195}(Object(Illuminate\Http\Request))
#69 C:\xampp\htdocs\site_iuhm\vendor\laravel\framework\src\Illuminate\Routing\Router.php(821): Illuminate\Pipeline\Pipeline->then(Object(Closure))
#70 C:\xampp\htdocs\site_iuhm\vendor\laravel\framework\src\Illuminate\Routing\Router.php(800): Illuminate\Routing\Router->runRouteWithinStack(Object(Illuminate\Routing\Route), Object(Illuminate\Http\Request))
#71 C:\xampp\htdocs\site_iuhm\vendor\laravel\framework\src\Illuminate\Routing\Router.php(764): Illuminate\Routing\Router->runRoute(Object(Illuminate\Http\Request), Object(Illuminate\Routing\Route))
#72 C:\xampp\htdocs\site_iuhm\vendor\laravel\framework\src\Illuminate\Routing\Router.php(753): Illuminate\Routing\Router->dispatchToRoute(Object(Illuminate\Http\Request))
#73 C:\xampp\htdocs\site_iuhm\vendor\laravel\framework\src\Illuminate\Foundation\Http\Kernel.php(200): Illuminate\Routing\Router->dispatch(Object(Illuminate\Http\Request))
#74 C:\xampp\htdocs\site_iuhm\vendor\laravel\framework\src\Illuminate\Pipeline\Pipeline.php(180): Illuminate\Foundation\Http\Kernel->{closure:Illuminate\Foundation\Http\Kernel::dispatchToRouter():197}(Object(Illuminate\Http\Request))
#75 C:\xampp\htdocs\site_iuhm\vendor\livewire\livewire\src\Features\SupportDisablingBackButtonCache\DisableBackButtonCacheMiddleware.php(19): Illuminate\Pipeline\Pipeline->{closure:Illuminate\Pipeline\Pipeline::prepareDestination():178}(Object(Illuminate\Http\Request))
#76 C:\xampp\htdocs\site_iuhm\vendor\laravel\framework\src\Illuminate\Pipeline\Pipeline.php(219): Livewire\Features\SupportDisablingBackButtonCache\DisableBackButtonCacheMiddleware->handle(Object(Illuminate\Http\Request), Object(Closure))
#77 C:\xampp\htdocs\site_iuhm\vendor\laravel\framework\src\Illuminate\Foundation\Http\Middleware\TransformsRequest.php(21): Illuminate\Pipeline\Pipeline->{closure:{closure:Illuminate\Pipeline\Pipeline::carry():194}:195}(Object(Illuminate\Http\Request))
#78 C:\xampp\htdocs\site_iuhm\vendor\laravel\framework\src\Illuminate\Foundation\Http\Middleware\ConvertEmptyStringsToNull.php(31): Illuminate\Foundation\Http\Middleware\TransformsRequest->handle(Object(Illuminate\Http\Request), Object(Closure))
#79 C:\xampp\htdocs\site_iuhm\vendor\laravel\framework\src\Illuminate\Pipeline\Pipeline.php(219): Illuminate\Foundation\Http\Middleware\ConvertEmptyStringsToNull->handle(Object(Illuminate\Http\Request), Object(Closure))
#80 C:\xampp\htdocs\site_iuhm\vendor\laravel\framework\src\Illuminate\Foundation\Http\Middleware\TransformsRequest.php(21): Illuminate\Pipeline\Pipeline->{closure:{closure:Illuminate\Pipeline\Pipeline::carry():194}:195}(Object(Illuminate\Http\Request))
#81 C:\xampp\htdocs\site_iuhm\vendor\laravel\framework\src\Illuminate\Foundation\Http\Middleware\TrimStrings.php(51): Illuminate\Foundation\Http\Middleware\TransformsRequest->handle(Object(Illuminate\Http\Request), Object(Closure))
#82 C:\xampp\htdocs\site_iuhm\vendor\laravel\framework\src\Illuminate\Pipeline\Pipeline.php(219): Illuminate\Foundation\Http\Middleware\TrimStrings->handle(Object(Illuminate\Http\Request), Object(Closure))
#83 C:\xampp\htdocs\site_iuhm\vendor\laravel\framework\src\Illuminate\Http\Middleware\ValidatePostSize.php(27): Illuminate\Pipeline\Pipeline->{closure:{closure:Illuminate\Pipeline\Pipeline::carry():194}:195}(Object(Illuminate\Http\Request))
#84 C:\xampp\htdocs\site_iuhm\vendor\laravel\framework\src\Illuminate\Pipeline\Pipeline.php(219): Illuminate\Http\Middleware\ValidatePostSize->handle(Object(Illuminate\Http\Request), Object(Closure))
#85 C:\xampp\htdocs\site_iuhm\vendor\laravel\framework\src\Illuminate\Foundation\Http\Middleware\PreventRequestsDuringMaintenance.php(109): Illuminate\Pipeline\Pipeline->{closure:{closure:Illuminate\Pipeline\Pipeline::carry():194}:195}(Object(Illuminate\Http\Request))
#86 C:\xampp\htdocs\site_iuhm\vendor\laravel\framework\src\Illuminate\Pipeline\Pipeline.php(219): Illuminate\Foundation\Http\Middleware\PreventRequestsDuringMaintenance->handle(Object(Illuminate\Http\Request), Object(Closure))
#87 C:\xampp\htdocs\site_iuhm\vendor\laravel\framework\src\Illuminate\Http\Middleware\HandleCors.php(61): Illuminate\Pipeline\Pipeline->{closure:{closure:Illuminate\Pipeline\Pipeline::carry():194}:195}(Object(Illuminate\Http\Request))
#88 C:\xampp\htdocs\site_iuhm\vendor\laravel\framework\src\Illuminate\Pipeline\Pipeline.php(219): Illuminate\Http\Middleware\HandleCors->handle(Object(Illuminate\Http\Request), Object(Closure))
#89 C:\xampp\htdocs\site_iuhm\vendor\laravel\framework\src\Illuminate\Http\Middleware\TrustProxies.php(58): Illuminate\Pipeline\Pipeline->{closure:{closure:Illuminate\Pipeline\Pipeline::carry():194}:195}(Object(Illuminate\Http\Request))
#90 C:\xampp\htdocs\site_iuhm\vendor\laravel\framework\src\Illuminate\Pipeline\Pipeline.php(219): Illuminate\Http\Middleware\TrustProxies->handle(Object(Illuminate\Http\Request), Object(Closure))
#91 C:\xampp\htdocs\site_iuhm\vendor\laravel\framework\src\Illuminate\Foundation\Http\Middleware\InvokeDeferredCallbacks.php(22): Illuminate\Pipeline\Pipeline->{closure:{closure:Illuminate\Pipeline\Pipeline::carry():194}:195}(Object(Illuminate\Http\Request))
#92 C:\xampp\htdocs\site_iuhm\vendor\laravel\framework\src\Illuminate\Pipeline\Pipeline.php(219): Illuminate\Foundation\Http\Middleware\InvokeDeferredCallbacks->handle(Object(Illuminate\Http\Request), Object(Closure))
#93 C:\xampp\htdocs\site_iuhm\vendor\laravel\framework\src\Illuminate\Http\Middleware\ValidatePathEncoding.php(28): Illuminate\Pipeline\Pipeline->{closure:{closure:Illuminate\Pipeline\Pipeline::carry():194}:195}(Object(Illuminate\Http\Request))
#94 C:\xampp\htdocs\site_iuhm\vendor\laravel\framework\src\Illuminate\Pipeline\Pipeline.php(219): Illuminate\Http\Middleware\ValidatePathEncoding->handle(Object(Illuminate\Http\Request), Object(Closure))
#95 C:\xampp\htdocs\site_iuhm\vendor\laravel\framework\src\Illuminate\Pipeline\Pipeline.php(137): Illuminate\Pipeline\Pipeline->{closure:{closure:Illuminate\Pipeline\Pipeline::carry():194}:195}(Object(Illuminate\Http\Request))
#96 C:\xampp\htdocs\site_iuhm\vendor\laravel\framework\src\Illuminate\Foundation\Http\Kernel.php(175): Illuminate\Pipeline\Pipeline->then(Object(Closure))
#97 C:\xampp\htdocs\site_iuhm\vendor\laravel\framework\src\Illuminate\Foundation\Http\Kernel.php(144): Illuminate\Foundation\Http\Kernel->sendRequestThroughRouter(Object(Illuminate\Http\Request))
#98 C:\xampp\htdocs\site_iuhm\vendor\laravel\framework\src\Illuminate\Foundation\Testing\Concerns\MakesHttpRequests.php(607): Illuminate\Foundation\Http\Kernel->handle(Object(Illuminate\Http\Request))
#99 C:\xampp\htdocs\site_iuhm\vendor\laravel\framework\src\Illuminate\Foundation\Testing\Concerns\MakesHttpRequests.php(368): Illuminate\Foundation\Testing\TestCase->call('GET', 'http://localhos...', Array, Array, Array, Array)
#100 C:\xampp\htdocs\site_iuhm\tests\Feature\Auth\PasswordResetTest.php(25): Illuminate\Foundation\Testing\TestCase->get('http://localhos...')
#101 C:\xampp\htdocs\site_iuhm\vendor\phpunit\phpunit\src\Framework\TestCase.php(1335): Tests\Feature\Auth\PasswordResetTest->test_reset_password_link_screen_can_be_rendered()
#102 C:\xampp\htdocs\site_iuhm\vendor\phpunit\phpunit\src\Framework\TestCase.php(519): PHPUnit\Framework\TestCase->runTest()
#103 C:\xampp\htdocs\site_iuhm\vendor\phpunit\phpunit\src\Framework\TestRunner\TestRunner.php(99): PHPUnit\Framework\TestCase->runBare()
#104 C:\xampp\htdocs\site_iuhm\vendor\phpunit\phpunit\src\Framework\TestCase.php(359): PHPUnit\Framework\TestRunner->run(Object(Tests\Feature\Auth\PasswordResetTest))
#105 C:\xampp\htdocs\site_iuhm\vendor\phpunit\phpunit\src\Framework\TestSuite.php(374): PHPUnit\Framework\TestCase->run()
#106 C:\xampp\htdocs\site_iuhm\vendor\phpunit\phpunit\src\Framework\TestSuite.php(374): PHPUnit\Framework\TestSuite->run()
#107 C:\xampp\htdocs\site_iuhm\vendor\phpunit\phpunit\src\Framework\TestSuite.php(374): PHPUnit\Framework\TestSuite->run()
#108 C:\xampp\htdocs\site_iuhm\vendor\phpunit\phpunit\src\TextUI\TestRunner.php(64): PHPUnit\Framework\TestSuite->run()
#109 C:\xampp\htdocs\site_iuhm\vendor\phpunit\phpunit\src\TextUI\Application.php(229): PHPUnit\TextUI\TestRunner->run(Object(PHPUnit\TextUI\Configuration\Configuration), Object(PHPUnit\Runner\ResultCache\DefaultResultCache), Object(PHPUnit\Framework\TestSuite))
#110 C:\xampp\htdocs\site_iuhm\vendor\phpunit\phpunit\phpunit(104): PHPUnit\TextUI\Application->run(Array)
#111 {main}

Next Illuminate\View\ViewException: Vite manifest not found at: C:\xampp\htdocs\site_iuhm\public\build/manifest.json (View: C:\xampp\htdocs\site_iuhm\resources\views\partials\head.blade.php) in C:\xampp\htdocs\site_iuhm\vendor\laravel\framework\src\Illuminate\Foundation\Vite.php:946
Stack trace:
#0 C:\xampp\htdocs\site_iuhm\vendor\livewire\livewire\src\Mechanisms\ExtendBlade\ExtendedCompilerEngine.php(58): Illuminate\View\Engines\CompilerEngine->handleViewException(Object(Illuminate\Foundation\ViteManifestNotFoundException), 4)
#1 C:\xampp\htdocs\site_iuhm\vendor\laravel\framework\src\Illuminate\View\Engines\PhpEngine.php(59): Livewire\Mechanisms\ExtendBlade\ExtendedCompilerEngine->handleViewException(Object(Illuminate\Foundation\ViteManifestNotFoundException), 4)
#2 C:\xampp\htdocs\site_iuhm\vendor\livewire\livewire\src\Mechanisms\ExtendBlade\ExtendedCompilerEngine.php(22): Illuminate\View\Engines\PhpEngine->evaluatePath('C:\\xampp\\htdocs...', Array)
#3 C:\xampp\htdocs\site_iuhm\vendor\laravel\framework\src\Illuminate\View\Engines\CompilerEngine.php(76): Livewire\Mechanisms\ExtendBlade\ExtendedCompilerEngine->evaluatePath('C:\\xampp\\htdocs...', Array)
#4 C:\xampp\htdocs\site_iuhm\vendor\livewire\livewire\src\Mechanisms\ExtendBlade\ExtendedCompilerEngine.php(10): Illuminate\View\Engines\CompilerEngine->get('C:\\xampp\\htdocs...', Array)
#5 C:\xampp\htdocs\site_iuhm\vendor\laravel\framework\src\Illuminate\View\View.php(208): Livewire\Mechanisms\ExtendBlade\ExtendedCompilerEngine->get('C:\\xampp\\htdocs...', Array)
#6 C:\xampp\htdocs\site_iuhm\vendor\laravel\framework\src\Illuminate\View\View.php(191): Illuminate\View\View->getContents()
#7 C:\xampp\htdocs\site_iuhm\vendor\laravel\framework\src\Illuminate\View\View.php(160): Illuminate\View\View->renderContents()
#8 C:\xampp\htdocs\site_iuhm\storage\framework\views\9f512d4add5423159fffe52151bd4fe8.php(4): Illuminate\View\View->render()
#9 C:\xampp\htdocs\site_iuhm\vendor\laravel\framework\src\Illuminate\Filesystem\Filesystem.php(123): require('C:\\xampp\\htdocs...')
#10 C:\xampp\htdocs\site_iuhm\vendor\laravel\framework\src\Illuminate\Filesystem\Filesystem.php(124): Illuminate\Filesystem\Filesystem::{closure:Illuminate\Filesystem\Filesystem::getRequire():120}()
#11 C:\xampp\htdocs\site_iuhm\vendor\laravel\framework\src\Illuminate\View\Engines\PhpEngine.php(57): Illuminate\Filesystem\Filesystem->getRequire('C:\\xampp\\htdocs...', Array)
#12 C:\xampp\htdocs\site_iuhm\vendor\livewire\livewire\src\Mechanisms\ExtendBlade\ExtendedCompilerEngine.php(22): Illuminate\View\Engines\PhpEngine->evaluatePath('C:\\xampp\\htdocs...', Array)
#13 C:\xampp\htdocs\site_iuhm\vendor\laravel\framework\src\Illuminate\View\Engines\CompilerEngine.php(76): Livewire\Mechanisms\ExtendBlade\ExtendedCompilerEngine->evaluatePath('C:\\xampp\\htdocs...', Array)
#14 C:\xampp\htdocs\site_iuhm\vendor\livewire\livewire\src\Mechanisms\ExtendBlade\ExtendedCompilerEngine.php(10): Illuminate\View\Engines\CompilerEngine->get('C:\\xampp\\htdocs...', Array)
#15 C:\xampp\htdocs\site_iuhm\vendor\laravel\framework\src\Illuminate\View\View.php(208): Livewire\Mechanisms\ExtendBlade\ExtendedCompilerEngine->get('C:\\xampp\\htdocs...', Array)
#16 C:\xampp\htdocs\site_iuhm\vendor\laravel\framework\src\Illuminate\View\View.php(191): Illuminate\View\View->getContents()
#17 C:\xampp\htdocs\site_iuhm\vendor\laravel\framework\src\Illuminate\View\View.php(160): Illuminate\View\View->renderContents()
#18 C:\xampp\htdocs\site_iuhm\vendor\laravel\framework\src\Illuminate\View\Concerns\ManagesComponents.php(103): Illuminate\View\View->render()
#19 C:\xampp\htdocs\site_iuhm\storage\framework\views\77efdc9d6b730fc9d8b06a63d669eb13.php(15): Illuminate\View\Factory->renderComponent()
#20 C:\xampp\htdocs\site_iuhm\vendor\laravel\framework\src\Illuminate\Filesystem\Filesystem.php(123): require('C:\\xampp\\htdocs...')
#21 C:\xampp\htdocs\site_iuhm\vendor\laravel\framework\src\Illuminate\Filesystem\Filesystem.php(124): Illuminate\Filesystem\Filesystem::{closure:Illuminate\Filesystem\Filesystem::getRequire():120}()
#22 C:\xampp\htdocs\site_iuhm\vendor\laravel\framework\src\Illuminate\View\Engines\PhpEngine.php(57): Illuminate\Filesystem\Filesystem->getRequire('C:\\xampp\\htdocs...', Array)
#23 C:\xampp\htdocs\site_iuhm\vendor\livewire\livewire\src\Mechanisms\ExtendBlade\ExtendedCompilerEngine.php(22): Illuminate\View\Engines\PhpEngine->evaluatePath('C:\\xampp\\htdocs...', Array)
#24 C:\xampp\htdocs\site_iuhm\vendor\laravel\framework\src\Illuminate\View\Engines\CompilerEngine.php(76): Livewire\Mechanisms\ExtendBlade\ExtendedCompilerEngine->evaluatePath('C:\\xampp\\htdocs...', Array)
#25 C:\xampp\htdocs\site_iuhm\vendor\livewire\livewire\src\Mechanisms\ExtendBlade\ExtendedCompilerEngine.php(10): Illuminate\View\Engines\CompilerEngine->get('C:\\xampp\\htdocs...', Array)
#26 C:\xampp\htdocs\site_iuhm\vendor\laravel\framework\src\Illuminate\View\View.php(208): Livewire\Mechanisms\ExtendBlade\ExtendedCompilerEngine->get('C:\\xampp\\htdocs...', Array)
#27 C:\xampp\htdocs\site_iuhm\vendor\laravel\framework\src\Illuminate\View\View.php(191): Illuminate\View\View->getContents()
#28 C:\xampp\htdocs\site_iuhm\vendor\laravel\framework\src\Illuminate\View\View.php(160): Illuminate\View\View->renderContents()
#29 C:\xampp\htdocs\site_iuhm\vendor\laravel\framework\src\Illuminate\View\Concerns\ManagesComponents.php(103): Illuminate\View\View->render()
#30 C:\xampp\htdocs\site_iuhm\storage\framework\views\66dbb0aa30a1ea5d2be12ee557459bf9.php(139): Illuminate\View\Factory->renderComponent()
#31 C:\xampp\htdocs\site_iuhm\vendor\laravel\framework\src\Illuminate\Filesystem\Filesystem.php(123): require('C:\\xampp\\htdocs...')
#32 C:\xampp\htdocs\site_iuhm\vendor\laravel\framework\src\Illuminate\Filesystem\Filesystem.php(124): Illuminate\Filesystem\Filesystem::{closure:Illuminate\Filesystem\Filesystem::getRequire():120}()
#33 C:\xampp\htdocs\site_iuhm\vendor\laravel\framework\src\Illuminate\View\Engines\PhpEngine.php(57): Illuminate\Filesystem\Filesystem->getRequire('C:\\xampp\\htdocs...', Array)
#34 C:\xampp\htdocs\site_iuhm\vendor\livewire\livewire\src\Mechanisms\ExtendBlade\ExtendedCompilerEngine.php(22): Illuminate\View\Engines\PhpEngine->evaluatePath('C:\\xampp\\htdocs...', Array)
#35 C:\xampp\htdocs\site_iuhm\vendor\laravel\framework\src\Illuminate\View\Engines\CompilerEngine.php(76): Livewire\Mechanisms\ExtendBlade\ExtendedCompilerEngine->evaluatePath('C:\\xampp\\htdocs...', Array)
#36 C:\xampp\htdocs\site_iuhm\vendor\livewire\livewire\src\Mechanisms\ExtendBlade\ExtendedCompilerEngine.php(10): Illuminate\View\Engines\CompilerEngine->get('C:\\xampp\\htdocs...', Array)
#37 C:\xampp\htdocs\site_iuhm\vendor\laravel\framework\src\Illuminate\View\View.php(208): Livewire\Mechanisms\ExtendBlade\ExtendedCompilerEngine->get('C:\\xampp\\htdocs...', Array)
#38 C:\xampp\htdocs\site_iuhm\vendor\laravel\framework\src\Illuminate\View\View.php(191): Illuminate\View\View->getContents()
#39 C:\xampp\htdocs\site_iuhm\vendor\laravel\framework\src\Illuminate\View\View.php(160): Illuminate\View\View->renderContents()
#40 C:\xampp\htdocs\site_iuhm\vendor\laravel\framework\src\Illuminate\Http\Response.php(78): Illuminate\View\View->render()
#41 C:\xampp\htdocs\site_iuhm\vendor\laravel\framework\src\Illuminate\Http\Response.php(34): Illuminate\Http\Response->setContent(Object(Illuminate\View\View))
#42 C:\xampp\htdocs\site_iuhm\vendor\laravel\framework\src\Illuminate\Routing\Router.php(939): Illuminate\Http\Response->__construct(Object(Illuminate\View\View), 200, Array)
#43 C:\xampp\htdocs\site_iuhm\vendor\laravel\framework\src\Illuminate\Routing\Router.php(906): Illuminate\Routing\Router::toResponse(Object(Illuminate\Http\Request), Object(Illuminate\View\View))
#44 C:\xampp\htdocs\site_iuhm\vendor\laravel\framework\src\Illuminate\Routing\Router.php(821): Illuminate\Routing\Router->prepareResponse(Object(Illuminate\Http\Request), Object(Laravel\Fortify\Http\Responses\SimpleViewResponse))
#45 C:\xampp\htdocs\site_iuhm\vendor\laravel\framework\src\Illuminate\Pipeline\Pipeline.php(180): Illuminate\Routing\Router->{closure:Illuminate\Routing\Router::runRouteWithinStack():821}(Object(Illuminate\Http\Request))
#46 C:\xampp\htdocs\site_iuhm\vendor\laravel\framework\src\Illuminate\Auth\Middleware\RedirectIfAuthenticated.php(47): Illuminate\Pipeline\Pipeline->{closure:Illuminate\Pipeline\Pipeline::prepareDestination():178}(Object(Illuminate\Http\Request))
#47 C:\xampp\htdocs\site_iuhm\vendor\laravel\framework\src\Illuminate\Pipeline\Pipeline.php(219): Illuminate\Auth\Middleware\RedirectIfAuthenticated->handle(Object(Illuminate\Http\Request), Object(Closure), 'web')
#48 C:\xampp\htdocs\site_iuhm\app\Http\Middleware\SetTeamUrlDefaults.php(26): Illuminate\Pipeline\Pipeline->{closure:{closure:Illuminate\Pipeline\Pipeline::carry():194}:195}(Object(Illuminate\Http\Request))
#49 C:\xampp\htdocs\site_iuhm\vendor\laravel\framework\src\Illuminate\Pipeline\Pipeline.php(219): App\Http\Middleware\SetTeamUrlDefaults->handle(Object(Illuminate\Http\Request), Object(Closure))
#50 C:\xampp\htdocs\site_iuhm\app\Http\Middleware\SetLocale.php(28): Illuminate\Pipeline\Pipeline->{closure:{closure:Illuminate\Pipeline\Pipeline::carry():194}:195}(Object(Illuminate\Http\Request))
#51 C:\xampp\htdocs\site_iuhm\vendor\laravel\framework\src\Illuminate\Pipeline\Pipeline.php(219): App\Http\Middleware\SetLocale->handle(Object(Illuminate\Http\Request), Object(Closure))
#52 C:\xampp\htdocs\site_iuhm\vendor\laravel\framework\src\Illuminate\Routing\Middleware\SubstituteBindings.php(52): Illuminate\Pipeline\Pipeline->{closure:{closure:Illuminate\Pipeline\Pipeline::carry():194}:195}(Object(Illuminate\Http\Request))
#53 C:\xampp\htdocs\site_iuhm\vendor\laravel\framework\src\Illuminate\Pipeline\Pipeline.php(219): Illuminate\Routing\Middleware\SubstituteBindings->handle(Object(Illuminate\Http\Request), Object(Closure))
#54 C:\xampp\htdocs\site_iuhm\vendor\laravel\framework\src\Illuminate\Foundation\Http\Middleware\PreventRequestForgery.php(104): Illuminate\Pipeline\Pipeline->{closure:{closure:Illuminate\Pipeline\Pipeline::carry():194}:195}(Object(Illuminate\Http\Request))
#55 C:\xampp\htdocs\site_iuhm\vendor\laravel\framework\src\Illuminate\Pipeline\Pipeline.php(219): Illuminate\Foundation\Http\Middleware\PreventRequestForgery->handle(Object(Illuminate\Http\Request), Object(Closure))
#56 C:\xampp\htdocs\site_iuhm\vendor\laravel\framework\src\Illuminate\View\Middleware\ShareErrorsFromSession.php(48): Illuminate\Pipeline\Pipeline->{closure:{closure:Illuminate\Pipeline\Pipeline::carry():194}:195}(Object(Illuminate\Http\Request))
#57 C:\xampp\htdocs\site_iuhm\vendor\laravel\framework\src\Illuminate\Pipeline\Pipeline.php(219): Illuminate\View\Middleware\ShareErrorsFromSession->handle(Object(Illuminate\Http\Request), Object(Closure))
#58 C:\xampp\htdocs\site_iuhm\vendor\laravel\framework\src\Illuminate\Session\Middleware\StartSession.php(120): Illuminate\Pipeline\Pipeline->{closure:{closure:Illuminate\Pipeline\Pipeline::carry():194}:195}(Object(Illuminate\Http\Request))
#59 C:\xampp\htdocs\site_iuhm\vendor\laravel\framework\src\Illuminate\Session\Middleware\StartSession.php(63): Illuminate\Session\Middleware\StartSession->handleStatefulRequest(Object(Illuminate\Http\Request), Object(Illuminate\Session\Store), Object(Closure))
#60 C:\xampp\htdocs\site_iuhm\vendor\laravel\framework\src\Illuminate\Pipeline\Pipeline.php(219): Illuminate\Session\Middleware\StartSession->handle(Object(Illuminate\Http\Request), Object(Closure))
#61 C:\xampp\htdocs\site_iuhm\vendor\laravel\framework\src\Illuminate\Cookie\Middleware\AddQueuedCookiesToResponse.php(36): Illuminate\Pipeline\Pipeline->{closure:{closure:Illuminate\Pipeline\Pipeline::carry():194}:195}(Object(Illuminate\Http\Request))
#62 C:\xampp\htdocs\site_iuhm\vendor\laravel\framework\src\Illuminate\Pipeline\Pipeline.php(219): Illuminate\Cookie\Middleware\AddQueuedCookiesToResponse->handle(Object(Illuminate\Http\Request), Object(Closure))
#63 C:\xampp\htdocs\site_iuhm\vendor\laravel\framework\src\Illuminate\Cookie\Middleware\EncryptCookies.php(74): Illuminate\Pipeline\Pipeline->{closure:{closure:Illuminate\Pipeline\Pipeline::carry():194}:195}(Object(Illuminate\Http\Request))
#64 C:\xampp\htdocs\site_iuhm\vendor\laravel\framework\src\Illuminate\Pipeline\Pipeline.php(219): Illuminate\Cookie\Middleware\EncryptCookies->handle(Object(Illuminate\Http\Request), Object(Closure))
#65 C:\xampp\htdocs\site_iuhm\vendor\laravel\framework\src\Illuminate\Pipeline\Pipeline.php(137): Illuminate\Pipeline\Pipeline->{closure:{closure:Illuminate\Pipeline\Pipeline::carry():194}:195}(Object(Illuminate\Http\Request))
#66 C:\xampp\htdocs\site_iuhm\vendor\laravel\framework\src\Illuminate\Routing\Router.php(821): Illuminate\Pipeline\Pipeline->then(Object(Closure))
#67 C:\xampp\htdocs\site_iuhm\vendor\laravel\framework\src\Illuminate\Routing\Router.php(800): Illuminate\Routing\Router->runRouteWithinStack(Object(Illuminate\Routing\Route), Object(Illuminate\Http\Request))
#68 C:\xampp\htdocs\site_iuhm\vendor\laravel\framework\src\Illuminate\Routing\Router.php(764): Illuminate\Routing\Router->runRoute(Object(Illuminate\Http\Request), Object(Illuminate\Routing\Route))
#69 C:\xampp\htdocs\site_iuhm\vendor\laravel\framework\src\Illuminate\Routing\Router.php(753): Illuminate\Routing\Router->dispatchToRoute(Object(Illuminate\Http\Request))
#70 C:\xampp\htdocs\site_iuhm\vendor\laravel\framework\src\Illuminate\Foundation\Http\Kernel.php(200): Illuminate\Routing\Router->dispatch(Object(Illuminate\Http\Request))
#71 C:\xampp\htdocs\site_iuhm\vendor\laravel\framework\src\Illuminate\Pipeline\Pipeline.php(180): Illuminate\Foundation\Http\Kernel->{closure:Illuminate\Foundation\Http\Kernel::dispatchToRouter():197}(Object(Illuminate\Http\Request))
#72 C:\xampp\htdocs\site_iuhm\vendor\livewire\livewire\src\Features\SupportDisablingBackButtonCache\DisableBackButtonCacheMiddleware.php(19): Illuminate\Pipeline\Pipeline->{closure:Illuminate\Pipeline\Pipeline::prepareDestination():178}(Object(Illuminate\Http\Request))
#73 C:\xampp\htdocs\site_iuhm\vendor\laravel\framework\src\Illuminate\Pipeline\Pipeline.php(219): Livewire\Features\SupportDisablingBackButtonCache\DisableBackButtonCacheMiddleware->handle(Object(Illuminate\Http\Request), Object(Closure))
#74 C:\xampp\htdocs\site_iuhm\vendor\laravel\framework\src\Illuminate\Foundation\Http\Middleware\TransformsRequest.php(21): Illuminate\Pipeline\Pipeline->{closure:{closure:Illuminate\Pipeline\Pipeline::carry():194}:195}(Object(Illuminate\Http\Request))
#75 C:\xampp\htdocs\site_iuhm\vendor\laravel\framework\src\Illuminate\Foundation\Http\Middleware\ConvertEmptyStringsToNull.php(31): Illuminate\Foundation\Http\Middleware\TransformsRequest->handle(Object(Illuminate\Http\Request), Object(Closure))
#76 C:\xampp\htdocs\site_iuhm\vendor\laravel\framework\src\Illuminate\Pipeline\Pipeline.php(219): Illuminate\Foundation\Http\Middleware\ConvertEmptyStringsToNull->handle(Object(Illuminate\Http\Request), Object(Closure))
#77 C:\xampp\htdocs\site_iuhm\vendor\laravel\framework\src\Illuminate\Foundation\Http\Middleware\TransformsRequest.php(21): Illuminate\Pipeline\Pipeline->{closure:{closure:Illuminate\Pipeline\Pipeline::carry():194}:195}(Object(Illuminate\Http\Request))
#78 C:\xampp\htdocs\site_iuhm\vendor\laravel\framework\src\Illuminate\Foundation\Http\Middleware\TrimStrings.php(51): Illuminate\Foundation\Http\Middleware\TransformsRequest->handle(Object(Illuminate\Http\Request), Object(Closure))
#79 C:\xampp\htdocs\site_iuhm\vendor\laravel\framework\src\Illuminate\Pipeline\Pipeline.php(219): Illuminate\Foundation\Http\Middleware\TrimStrings->handle(Object(Illuminate\Http\Request), Object(Closure))
#80 C:\xampp\htdocs\site_iuhm\vendor\laravel\framework\src\Illuminate\Http\Middleware\ValidatePostSize.php(27): Illuminate\Pipeline\Pipeline->{closure:{closure:Illuminate\Pipeline\Pipeline::carry():194}:195}(Object(Illuminate\Http\Request))
#81 C:\xampp\htdocs\site_iuhm\vendor\laravel\framework\src\Illuminate\Pipeline\Pipeline.php(219): Illuminate\Http\Middleware\ValidatePostSize->handle(Object(Illuminate\Http\Request), Object(Closure))
#82 C:\xampp\htdocs\site_iuhm\vendor\laravel\framework\src\Illuminate\Foundation\Http\Middleware\PreventRequestsDuringMaintenance.php(109): Illuminate\Pipeline\Pipeline->{closure:{closure:Illuminate\Pipeline\Pipeline::carry():194}:195}(Object(Illuminate\Http\Request))
#83 C:\xampp\htdocs\site_iuhm\vendor\laravel\framework\src\Illuminate\Pipeline\Pipeline.php(219): Illuminate\Foundation\Http\Middleware\PreventRequestsDuringMaintenance->handle(Object(Illuminate\Http\Request), Object(Closure))
#84 C:\xampp\htdocs\site_iuhm\vendor\laravel\framework\src\Illuminate\Http\Middleware\HandleCors.php(61): Illuminate\Pipeline\Pipeline->{closure:{closure:Illuminate\Pipeline\Pipeline::carry():194}:195}(Object(Illuminate\Http\Request))
#85 C:\xampp\htdocs\site_iuhm\vendor\laravel\framework\src\Illuminate\Pipeline\Pipeline.php(219): Illuminate\Http\Middleware\HandleCors->handle(Object(Illuminate\Http\Request), Object(Closure))
#86 C:\xampp\htdocs\site_iuhm\vendor\laravel\framework\src\Illuminate\Http\Middleware\TrustProxies.php(58): Illuminate\Pipeline\Pipeline->{closure:{closure:Illuminate\Pipeline\Pipeline::carry():194}:195}(Object(Illuminate\Http\Request))
#87 C:\xampp\htdocs\site_iuhm\vendor\laravel\framework\src\Illuminate\Pipeline\Pipeline.php(219): Illuminate\Http\Middleware\TrustProxies->handle(Object(Illuminate\Http\Request), Object(Closure))
#88 C:\xampp\htdocs\site_iuhm\vendor\laravel\framework\src\Illuminate\Foundation\Http\Middleware\InvokeDeferredCallbacks.php(22): Illuminate\Pipeline\Pipeline->{closure:{closure:Illuminate\Pipeline\Pipeline::carry():194}:195}(Object(Illuminate\Http\Request))
#89 C:\xampp\htdocs\site_iuhm\vendor\laravel\framework\src\Illuminate\Pipeline\Pipeline.php(219): Illuminate\Foundation\Http\Middleware\InvokeDeferredCallbacks->handle(Object(Illuminate\Http\Request), Object(Closure))
#90 C:\xampp\htdocs\site_iuhm\vendor\laravel\framework\src\Illuminate\Http\Middleware\ValidatePathEncoding.php(28): Illuminate\Pipeline\Pipeline->{closure:{closure:Illuminate\Pipeline\Pipeline::carry():194}:195}(Object(Illuminate\Http\Request))
#91 C:\xampp\htdocs\site_iuhm\vendor\laravel\framework\src\Illuminate\Pipeline\Pipeline.php(219): Illuminate\Http\Middleware\ValidatePathEncoding->handle(Object(Illuminate\Http\Request), Object(Closure))
#92 C:\xampp\htdocs\site_iuhm\vendor\laravel\framework\src\Illuminate\Pipeline\Pipeline.php(137): Illuminate\Pipeline\Pipeline->{closure:{closure:Illuminate\Pipeline\Pipeline::carry():194}:195}(Object(Illuminate\Http\Request))
#93 C:\xampp\htdocs\site_iuhm\vendor\laravel\framework\src\Illuminate\Foundation\Http\Kernel.php(175): Illuminate\Pipeline\Pipeline->then(Object(Closure))
#94 C:\xampp\htdocs\site_iuhm\vendor\laravel\framework\src\Illuminate\Foundation\Http\Kernel.php(144): Illuminate\Foundation\Http\Kernel->sendRequestThroughRouter(Object(Illuminate\Http\Request))
#95 C:\xampp\htdocs\site_iuhm\vendor\laravel\framework\src\Illuminate\Foundation\Testing\Concerns\MakesHttpRequests.php(607): Illuminate\Foundation\Http\Kernel->handle(Object(Illuminate\Http\Request))
#96 C:\xampp\htdocs\site_iuhm\vendor\laravel\framework\src\Illuminate\Foundation\Testing\Concerns\MakesHttpRequests.php(368): Illuminate\Foundation\Testing\TestCase->call('GET', 'http://localhos...', Array, Array, Array, Array)
#97 C:\xampp\htdocs\site_iuhm\tests\Feature\Auth\PasswordResetTest.php(25): Illuminate\Foundation\Testing\TestCase->get('http://localhos...')
#98 C:\xampp\htdocs\site_iuhm\vendor\phpunit\phpunit\src\Framework\TestCase.php(1335): Tests\Feature\Auth\PasswordResetTest->test_reset_password_link_screen_can_be_rendered()
#99 C:\xampp\htdocs\site_iuhm\vendor\phpunit\phpunit\src\Framework\TestCase.php(519): PHPUnit\Framework\TestCase->runTest()
#100 C:\xampp\htdocs\site_iuhm\vendor\phpunit\phpunit\src\Framework\TestRunner\TestRunner.php(99): PHPUnit\Framework\TestCase->runBare()
#101 C:\xampp\htdocs\site_iuhm\vendor\phpunit\phpunit\src\Framework\TestCase.php(359): PHPUnit\Framework\TestRunner->run(Object(Tests\Feature\Auth\PasswordResetTest))
#102 C:\xampp\htdocs\site_iuhm\vendor\phpunit\phpunit\src\Framework\TestSuite.php(374): PHPUnit\Framework\TestCase->run()
#103 C:\xampp\htdocs\site_iuhm\vendor\phpunit\phpunit\src\Framework\TestSuite.php(374): PHPUnit\Framework\TestSuite->run()
#104 C:\xampp\htdocs\site_iuhm\vendor\phpunit\phpunit\src\Framework\TestSuite.php(374): PHPUnit\Framework\TestSuite->run()
#105 C:\xampp\htdocs\site_iuhm\vendor\phpunit\phpunit\src\TextUI\TestRunner.php(64): PHPUnit\Framework\TestSuite->run()
#106 C:\xampp\htdocs\site_iuhm\vendor\phpunit\phpunit\src\TextUI\Application.php(229): PHPUnit\TextUI\TestRunner->run(Object(PHPUnit\TextUI\Configuration\Configuration), Object(PHPUnit\Runner\ResultCache\DefaultResultCache), Object(PHPUnit\Framework\TestSuite))
#107 C:\xampp\htdocs\site_iuhm\vendor\phpunit\phpunit\phpunit(104): PHPUnit\TextUI\Application->run(Array)
#108 {main}

Next Illuminate\View\ViewException: Vite manifest not found at: C:\xampp\htdocs\site_iuhm\public\build/manifest.json (View: C:\xampp\htdocs\site_iuhm\resources\views\partials\head.blade.php) (View: C:\xampp\htdocs\site_iuhm\resources\views\partials\head.blade.php) in C:\xampp\htdocs\site_iuhm\vendor\laravel\framework\src\Illuminate\Foundation\Vite.php:946
Stack trace:
#0 C:\xampp\htdocs\site_iuhm\vendor\livewire\livewire\src\Mechanisms\ExtendBlade\ExtendedCompilerEngine.php(58): Illuminate\View\Engines\CompilerEngine->handleViewException(Object(Illuminate\View\ViewException), 3)
#1 C:\xampp\htdocs\site_iuhm\vendor\laravel\framework\src\Illuminate\View\Engines\PhpEngine.php(59): Livewire\Mechanisms\ExtendBlade\ExtendedCompilerEngine->handleViewException(Object(Illuminate\View\ViewException), 3)
#2 C:\xampp\htdocs\site_iuhm\vendor\livewire\livewire\src\Mechanisms\ExtendBlade\ExtendedCompilerEngine.php(22): Illuminate\View\Engines\PhpEngine->evaluatePath('C:\\xampp\\htdocs...', Array)
#3 C:\xampp\htdocs\site_iuhm\vendor\laravel\framework\src\Illuminate\View\Engines\CompilerEngine.php(76): Livewire\Mechanisms\ExtendBlade\ExtendedCompilerEngine->evaluatePath('C:\\xampp\\htdocs...', Array)
#4 C:\xampp\htdocs\site_iuhm\vendor\livewire\livewire\src\Mechanisms\ExtendBlade\ExtendedCompilerEngine.php(10): Illuminate\View\Engines\CompilerEngine->get('C:\\xampp\\htdocs...', Array)
#5 C:\xampp\htdocs\site_iuhm\vendor\laravel\framework\src\Illuminate\View\View.php(208): Livewire\Mechanisms\ExtendBlade\ExtendedCompilerEngine->get('C:\\xampp\\htdocs...', Array)
#6 C:\xampp\htdocs\site_iuhm\vendor\laravel\framework\src\Illuminate\View\View.php(191): Illuminate\View\View->getContents()
#7 C:\xampp\htdocs\site_iuhm\vendor\laravel\framework\src\Illuminate\View\View.php(160): Illuminate\View\View->renderContents()
#8 C:\xampp\htdocs\site_iuhm\vendor\laravel\framework\src\Illuminate\View\Concerns\ManagesComponents.php(103): Illuminate\View\View->render()
#9 C:\xampp\htdocs\site_iuhm\storage\framework\views\77efdc9d6b730fc9d8b06a63d669eb13.php(15): Illuminate\View\Factory->renderComponent()
#10 C:\xampp\htdocs\site_iuhm\vendor\laravel\framework\src\Illuminate\Filesystem\Filesystem.php(123): require('C:\\xampp\\htdocs...')
#11 C:\xampp\htdocs\site_iuhm\vendor\laravel\framework\src\Illuminate\Filesystem\Filesystem.php(124): Illuminate\Filesystem\Filesystem::{closure:Illuminate\Filesystem\Filesystem::getRequire():120}()
#12 C:\xampp\htdocs\site_iuhm\vendor\laravel\framework\src\Illuminate\View\Engines\PhpEngine.php(57): Illuminate\Filesystem\Filesystem->getRequire('C:\\xampp\\htdocs...', Array)
#13 C:\xampp\htdocs\site_iuhm\vendor\livewire\livewire\src\Mechanisms\ExtendBlade\ExtendedCompilerEngine.php(22): Illuminate\View\Engines\PhpEngine->evaluatePath('C:\\xampp\\htdocs...', Array)
#14 C:\xampp\htdocs\site_iuhm\vendor\laravel\framework\src\Illuminate\View\Engines\CompilerEngine.php(76): Livewire\Mechanisms\ExtendBlade\ExtendedCompilerEngine->evaluatePath('C:\\xampp\\htdocs...', Array)
#15 C:\xampp\htdocs\site_iuhm\vendor\livewire\livewire\src\Mechanisms\ExtendBlade\ExtendedCompilerEngine.php(10): Illuminate\View\Engines\CompilerEngine->get('C:\\xampp\\htdocs...', Array)
#16 C:\xampp\htdocs\site_iuhm\vendor\laravel\framework\src\Illuminate\View\View.php(208): Livewire\Mechanisms\ExtendBlade\ExtendedCompilerEngine->get('C:\\xampp\\htdocs...', Array)
#17 C:\xampp\htdocs\site_iuhm\vendor\laravel\framework\src\Illuminate\View\View.php(191): Illuminate\View\View->getContents()
#18 C:\xampp\htdocs\site_iuhm\vendor\laravel\framework\src\Illuminate\View\View.php(160): Illuminate\View\View->renderContents()
#19 C:\xampp\htdocs\site_iuhm\vendor\laravel\framework\src\Illuminate\View\Concerns\ManagesComponents.php(103): Illuminate\View\View->render()
#20 C:\xampp\htdocs\site_iuhm\storage\framework\views\66dbb0aa30a1ea5d2be12ee557459bf9.php(139): Illuminate\View\Factory->renderComponent()
#21 C:\xampp\htdocs\site_iuhm\vendor\laravel\framework\src\Illuminate\Filesystem\Filesystem.php(123): require('C:\\xampp\\htdocs...')
#22 C:\xampp\htdocs\site_iuhm\vendor\laravel\framework\src\Illuminate\Filesystem\Filesystem.php(124): Illuminate\Filesystem\Filesystem::{closure:Illuminate\Filesystem\Filesystem::getRequire():120}()
#23 C:\xampp\htdocs\site_iuhm\vendor\laravel\framework\src\Illuminate\View\Engines\PhpEngine.php(57): Illuminate\Filesystem\Filesystem->getRequire('C:\\xampp\\htdocs...', Array)
#24 C:\xampp\htdocs\site_iuhm\vendor\livewire\livewire\src\Mechanisms\ExtendBlade\ExtendedCompilerEngine.php(22): Illuminate\View\Engines\PhpEngine->evaluatePath('C:\\xampp\\htdocs...', Array)
#25 C:\xampp\htdocs\site_iuhm\vendor\laravel\framework\src\Illuminate\View\Engines\CompilerEngine.php(76): Livewire\Mechanisms\ExtendBlade\ExtendedCompilerEngine->evaluatePath('C:\\xampp\\htdocs...', Array)
#26 C:\xampp\htdocs\site_iuhm\vendor\livewire\livewire\src\Mechanisms\ExtendBlade\ExtendedCompilerEngine.php(10): Illuminate\View\Engines\CompilerEngine->get('C:\\xampp\\htdocs...', Array)
#27 C:\xampp\htdocs\site_iuhm\vendor\laravel\framework\src\Illuminate\View\View.php(208): Livewire\Mechanisms\ExtendBlade\ExtendedCompilerEngine->get('C:\\xampp\\htdocs...', Array)
#28 C:\xampp\htdocs\site_iuhm\vendor\laravel\framework\src\Illuminate\View\View.php(191): Illuminate\View\View->getContents()
#29 C:\xampp\htdocs\site_iuhm\vendor\laravel\framework\src\Illuminate\View\View.php(160): Illuminate\View\View->renderContents()
#30 C:\xampp\htdocs\site_iuhm\vendor\laravel\framework\src\Illuminate\Http\Response.php(78): Illuminate\View\View->render()
#31 C:\xampp\htdocs\site_iuhm\vendor\laravel\framework\src\Illuminate\Http\Response.php(34): Illuminate\Http\Response->setContent(Object(Illuminate\View\View))
#32 C:\xampp\htdocs\site_iuhm\vendor\laravel\framework\src\Illuminate\Routing\Router.php(939): Illuminate\Http\Response->__construct(Object(Illuminate\View\View), 200, Array)
#33 C:\xampp\htdocs\site_iuhm\vendor\laravel\framework\src\Illuminate\Routing\Router.php(906): Illuminate\Routing\Router::toResponse(Object(Illuminate\Http\Request), Object(Illuminate\View\View))
#34 C:\xampp\htdocs\site_iuhm\vendor\laravel\framework\src\Illuminate\Routing\Router.php(821): Illuminate\Routing\Router->prepareResponse(Object(Illuminate\Http\Request), Object(Laravel\Fortify\Http\Responses\SimpleViewResponse))
#35 C:\xampp\htdocs\site_iuhm\vendor\laravel\framework\src\Illuminate\Pipeline\Pipeline.php(180): Illuminate\Routing\Router->{closure:Illuminate\Routing\Router::runRouteWithinStack():821}(Object(Illuminate\Http\Request))
#36 C:\xampp\htdocs\site_iuhm\vendor\laravel\framework\src\Illuminate\Auth\Middleware\RedirectIfAuthenticated.php(47): Illuminate\Pipeline\Pipeline->{closure:Illuminate\Pipeline\Pipeline::prepareDestination():178}(Object(Illuminate\Http\Request))
#37 C:\xampp\htdocs\site_iuhm\vendor\laravel\framework\src\Illuminate\Pipeline\Pipeline.php(219): Illuminate\Auth\Middleware\RedirectIfAuthenticated->handle(Object(Illuminate\Http\Request), Object(Closure), 'web')
#38 C:\xampp\htdocs\site_iuhm\app\Http\Middleware\SetTeamUrlDefaults.php(26): Illuminate\Pipeline\Pipeline->{closure:{closure:Illuminate\Pipeline\Pipeline::carry():194}:195}(Object(Illuminate\Http\Request))
#39 C:\xampp\htdocs\site_iuhm\vendor\laravel\framework\src\Illuminate\Pipeline\Pipeline.php(219): App\Http\Middleware\SetTeamUrlDefaults->handle(Object(Illuminate\Http\Request), Object(Closure))
#40 C:\xampp\htdocs\site_iuhm\app\Http\Middleware\SetLocale.php(28): Illuminate\Pipeline\Pipeline->{closure:{closure:Illuminate\Pipeline\Pipeline::carry():194}:195}(Object(Illuminate\Http\Request))
#41 C:\xampp\htdocs\site_iuhm\vendor\laravel\framework\src\Illuminate\Pipeline\Pipeline.php(219): App\Http\Middleware\SetLocale->handle(Object(Illuminate\Http\Request), Object(Closure))
#42 C:\xampp\htdocs\site_iuhm\vendor\laravel\framework\src\Illuminate\Routing\Middleware\SubstituteBindings.php(52): Illuminate\Pipeline\Pipeline->{closure:{closure:Illuminate\Pipeline\Pipeline::carry():194}:195}(Object(Illuminate\Http\Request))
#43 C:\xampp\htdocs\site_iuhm\vendor\laravel\framework\src\Illuminate\Pipeline\Pipeline.php(219): Illuminate\Routing\Middleware\SubstituteBindings->handle(Object(Illuminate\Http\Request), Object(Closure))
#44 C:\xampp\htdocs\site_iuhm\vendor\laravel\framework\src\Illuminate\Foundation\Http\Middleware\PreventRequestForgery.php(104): Illuminate\Pipeline\Pipeline->{closure:{closure:Illuminate\Pipeline\Pipeline::carry():194}:195}(Object(Illuminate\Http\Request))
#45 C:\xampp\htdocs\site_iuhm\vendor\laravel\framework\src\Illuminate\Pipeline\Pipeline.php(219): Illuminate\Foundation\Http\Middleware\PreventRequestForgery->handle(Object(Illuminate\Http\Request), Object(Closure))
#46 C:\xampp\htdocs\site_iuhm\vendor\laravel\framework\src\Illuminate\View\Middleware\ShareErrorsFromSession.php(48): Illuminate\Pipeline\Pipeline->{closure:{closure:Illuminate\Pipeline\Pipeline::carry():194}:195}(Object(Illuminate\Http\Request))
#47 C:\xampp\htdocs\site_iuhm\vendor\laravel\framework\src\Illuminate\Pipeline\Pipeline.php(219): Illuminate\View\Middleware\ShareErrorsFromSession->handle(Object(Illuminate\Http\Request), Object(Closure))
#48 C:\xampp\htdocs\site_iuhm\vendor\laravel\framework\src\Illuminate\Session\Middleware\StartSession.php(120): Illuminate\Pipeline\Pipeline->{closure:{closure:Illuminate\Pipeline\Pipeline::carry():194}:195}(Object(Illuminate\Http\Request))
#49 C:\xampp\htdocs\site_iuhm\vendor\laravel\framework\src\Illuminate\Session\Middleware\StartSession.php(63): Illuminate\Session\Middleware\StartSession->handleStatefulRequest(Object(Illuminate\Http\Request), Object(Illuminate\Session\Store), Object(Closure))
#50 C:\xampp\htdocs\site_iuhm\vendor\laravel\framework\src\Illuminate\Pipeline\Pipeline.php(219): Illuminate\Session\Middleware\StartSession->handle(Object(Illuminate\Http\Request), Object(Closure))
#51 C:\xampp\htdocs\site_iuhm\vendor\laravel\framework\src\Illuminate\Cookie\Middleware\AddQueuedCookiesToResponse.php(36): Illuminate\Pipeline\Pipeline->{closure:{closure:Illuminate\Pipeline\Pipeline::carry():194}:195}(Object(Illuminate\Http\Request))
#52 C:\xampp\htdocs\site_iuhm\vendor\laravel\framework\src\Illuminate\Pipeline\Pipeline.php(219): Illuminate\Cookie\Middleware\AddQueuedCookiesToResponse->handle(Object(Illuminate\Http\Request), Object(Closure))
#53 C:\xampp\htdocs\site_iuhm\vendor\laravel\framework\src\Illuminate\Cookie\Middleware\EncryptCookies.php(74): Illuminate\Pipeline\Pipeline->{closure:{closure:Illuminate\Pipeline\Pipeline::carry():194}:195}(Object(Illuminate\Http\Request))
#54 C:\xampp\htdocs\site_iuhm\vendor\laravel\framework\src\Illuminate\Pipeline\Pipeline.php(219): Illuminate\Cookie\Middleware\EncryptCookies->handle(Object(Illuminate\Http\Request), Object(Closure))
#55 C:\xampp\htdocs\site_iuhm\vendor\laravel\framework\src\Illuminate\Pipeline\Pipeline.php(137): Illuminate\Pipeline\Pipeline->{closure:{closure:Illuminate\Pipeline\Pipeline::carry():194}:195}(Object(Illuminate\Http\Request))
#56 C:\xampp\htdocs\site_iuhm\vendor\laravel\framework\src\Illuminate\Routing\Router.php(821): Illuminate\Pipeline\Pipeline->then(Object(Closure))
#57 C:\xampp\htdocs\site_iuhm\vendor\laravel\framework\src\Illuminate\Routing\Router.php(800): Illuminate\Routing\Router->runRouteWithinStack(Object(Illuminate\Routing\Route), Object(Illuminate\Http\Request))
#58 C:\xampp\htdocs\site_iuhm\vendor\laravel\framework\src\Illuminate\Routing\Router.php(764): Illuminate\Routing\Router->runRoute(Object(Illuminate\Http\Request), Object(Illuminate\Routing\Route))
#59 C:\xampp\htdocs\site_iuhm\vendor\laravel\framework\src\Illuminate\Routing\Router.php(753): Illuminate\Routing\Router->dispatchToRoute(Object(Illuminate\Http\Request))
#60 C:\xampp\htdocs\site_iuhm\vendor\laravel\framework\src\Illuminate\Foundation\Http\Kernel.php(200): Illuminate\Routing\Router->dispatch(Object(Illuminate\Http\Request))
#61 C:\xampp\htdocs\site_iuhm\vendor\laravel\framework\src\Illuminate\Pipeline\Pipeline.php(180): Illuminate\Foundation\Http\Kernel->{closure:Illuminate\Foundation\Http\Kernel::dispatchToRouter():197}(Object(Illuminate\Http\Request))
#62 C:\xampp\htdocs\site_iuhm\vendor\livewire\livewire\src\Features\SupportDisablingBackButtonCache\DisableBackButtonCacheMiddleware.php(19): Illuminate\Pipeline\Pipeline->{closure:Illuminate\Pipeline\Pipeline::prepareDestination():178}(Object(Illuminate\Http\Request))
#63 C:\xampp\htdocs\site_iuhm\vendor\laravel\framework\src\Illuminate\Pipeline\Pipeline.php(219): Livewire\Features\SupportDisablingBackButtonCache\DisableBackButtonCacheMiddleware->handle(Object(Illuminate\Http\Request), Object(Closure))
#64 C:\xampp\htdocs\site_iuhm\vendor\laravel\framework\src\Illuminate\Foundation\Http\Middleware\TransformsRequest.php(21): Illuminate\Pipeline\Pipeline->{closure:{closure:Illuminate\Pipeline\Pipeline::carry():194}:195}(Object(Illuminate\Http\Request))
#65 C:\xampp\htdocs\site_iuhm\vendor\laravel\framework\src\Illuminate\Foundation\Http\Middleware\ConvertEmptyStringsToNull.php(31): Illuminate\Foundation\Http\Middleware\TransformsRequest->handle(Object(Illuminate\Http\Request), Object(Closure))
#66 C:\xampp\htdocs\site_iuhm\vendor\laravel\framework\src\Illuminate\Pipeline\Pipeline.php(219): Illuminate\Foundation\Http\Middleware\ConvertEmptyStringsToNull->handle(Object(Illuminate\Http\Request), Object(Closure))
#67 C:\xampp\htdocs\site_iuhm\vendor\laravel\framework\src\Illuminate\Foundation\Http\Middleware\TransformsRequest.php(21): Illuminate\Pipeline\Pipeline->{closure:{closure:Illuminate\Pipeline\Pipeline::carry():194}:195}(Object(Illuminate\Http\Request))
#68 C:\xampp\htdocs\site_iuhm\vendor\laravel\framework\src\Illuminate\Foundation\Http\Middleware\TrimStrings.php(51): Illuminate\Foundation\Http\Middleware\TransformsRequest->handle(Object(Illuminate\Http\Request), Object(Closure))
#69 C:\xampp\htdocs\site_iuhm\vendor\laravel\framework\src\Illuminate\Pipeline\Pipeline.php(219): Illuminate\Foundation\Http\Middleware\TrimStrings->handle(Object(Illuminate\Http\Request), Object(Closure))
#70 C:\xampp\htdocs\site_iuhm\vendor\laravel\framework\src\Illuminate\Http\Middleware\ValidatePostSize.php(27): Illuminate\Pipeline\Pipeline->{closure:{closure:Illuminate\Pipeline\Pipeline::carry():194}:195}(Object(Illuminate\Http\Request))
#71 C:\xampp\htdocs\site_iuhm\vendor\laravel\framework\src\Illuminate\Pipeline\Pipeline.php(219): Illuminate\Http\Middleware\ValidatePostSize->handle(Object(Illuminate\Http\Request), Object(Closure))
#72 C:\xampp\htdocs\site_iuhm\vendor\laravel\framework\src\Illuminate\Foundation\Http\Middleware\PreventRequestsDuringMaintenance.php(109): Illuminate\Pipeline\Pipeline->{closure:{closure:Illuminate\Pipeline\Pipeline::carry():194}:195}(Object(Illuminate\Http\Request))
#73 C:\xampp\htdocs\site_iuhm\vendor\laravel\framework\src\Illuminate\Pipeline\Pipeline.php(219): Illuminate\Foundation\Http\Middleware\PreventRequestsDuringMaintenance->handle(Object(Illuminate\Http\Request), Object(Closure))
#74 C:\xampp\htdocs\site_iuhm\vendor\laravel\framework\src\Illuminate\Http\Middleware\HandleCors.php(61): Illuminate\Pipeline\Pipeline->{closure:{closure:Illuminate\Pipeline\Pipeline::carry():194}:195}(Object(Illuminate\Http\Request))
#75 C:\xampp\htdocs\site_iuhm\vendor\laravel\framework\src\Illuminate\Pipeline\Pipeline.php(219): Illuminate\Http\Middleware\HandleCors->handle(Object(Illuminate\Http\Request), Object(Closure))
#76 C:\xampp\htdocs\site_iuhm\vendor\laravel\framework\src\Illuminate\Http\Middleware\TrustProxies.php(58): Illuminate\Pipeline\Pipeline->{closure:{closure:Illuminate\Pipeline\Pipeline::carry():194}:195}(Object(Illuminate\Http\Request))
#77 C:\xampp\htdocs\site_iuhm\vendor\laravel\framework\src\Illuminate\Pipeline\Pipeline.php(219): Illuminate\Http\Middleware\TrustProxies->handle(Object(Illuminate\Http\Request), Object(Closure))
#78 C:\xampp\htdocs\site_iuhm\vendor\laravel\framework\src\Illuminate\Foundation\Http\Middleware\InvokeDeferredCallbacks.php(22): Illuminate\Pipeline\Pipeline->{closure:{closure:Illuminate\Pipeline\Pipeline::carry():194}:195}(Object(Illuminate\Http\Request))
#79 C:\xampp\htdocs\site_iuhm\vendor\laravel\framework\src\Illuminate\Pipeline\Pipeline.php(219): Illuminate\Foundation\Http\Middleware\InvokeDeferredCallbacks->handle(Object(Illuminate\Http\Request), Object(Closure))
#80 C:\xampp\htdocs\site_iuhm\vendor\laravel\framework\src\Illuminate\Http\Middleware\ValidatePathEncoding.php(28): Illuminate\Pipeline\Pipeline->{closure:{closure:Illuminate\Pipeline\Pipeline::carry():194}:195}(Object(Illuminate\Http\Request))
#81 C:\xampp\htdocs\site_iuhm\vendor\laravel\framework\src\Illuminate\Pipeline\Pipeline.php(219): Illuminate\Http\Middleware\ValidatePathEncoding->handle(Object(Illuminate\Http\Request), Object(Closure))
#82 C:\xampp\htdocs\site_iuhm\vendor\laravel\framework\src\Illuminate\Pipeline\Pipeline.php(137): Illuminate\Pipeline\Pipeline->{closure:{closure:Illuminate\Pipeline\Pipeline::carry():194}:195}(Object(Illuminate\Http\Request))
#83 C:\xampp\htdocs\site_iuhm\vendor\laravel\framework\src\Illuminate\Foundation\Http\Kernel.php(175): Illuminate\Pipeline\Pipeline->then(Object(Closure))
#84 C:\xampp\htdocs\site_iuhm\vendor\laravel\framework\src\Illuminate\Foundation\Http\Kernel.php(144): Illuminate\Foundation\Http\Kernel->sendRequestThroughRouter(Object(Illuminate\Http\Request))
#85 C:\xampp\htdocs\site_iuhm\vendor\laravel\framework\src\Illuminate\Foundation\Testing\Concerns\MakesHttpRequests.php(607): Illuminate\Foundation\Http\Kernel->handle(Object(Illuminate\Http\Request))
#86 C:\xampp\htdocs\site_iuhm\vendor\laravel\framework\src\Illuminate\Foundation\Testing\Concerns\MakesHttpRequests.php(368): Illuminate\Foundation\Testing\TestCase->call('GET', 'http://localhos...', Array, Array, Array, Array)
#87 C:\xampp\htdocs\site_iuhm\tests\Feature\Auth\PasswordResetTest.php(25): Illuminate\Foundation\Testing\TestCase->get('http://localhos...')
#88 C:\xampp\htdocs\site_iuhm\vendor\phpunit\phpunit\src\Framework\TestCase.php(1335): Tests\Feature\Auth\PasswordResetTest->test_reset_password_link_screen_can_be_rendered()
#89 C:\xampp\htdocs\site_iuhm\vendor\phpunit\phpunit\src\Framework\TestCase.php(519): PHPUnit\Framework\TestCase->runTest()
#90 C:\xampp\htdocs\site_iuhm\vendor\phpunit\phpunit\src\Framework\TestRunner\TestRunner.php(99): PHPUnit\Framework\TestCase->runBare()
#91 C:\xampp\htdocs\site_iuhm\vendor\phpunit\phpunit\src\Framework\TestCase.php(359): PHPUnit\Framework\TestRunner->run(Object(Tests\Feature\Auth\PasswordResetTest))
#92 C:\xampp\htdocs\site_iuhm\vendor\phpunit\phpunit\src\Framework\TestSuite.php(374): PHPUnit\Framework\TestCase->run()
#93 C:\xampp\htdocs\site_iuhm\vendor\phpunit\phpunit\src\Framework\TestSuite.php(374): PHPUnit\Framework\TestSuite->run()
#94 C:\xampp\htdocs\site_iuhm\vendor\phpunit\phpunit\src\Framework\TestSuite.php(374): PHPUnit\Framework\TestSuite->run()
#95 C:\xampp\htdocs\site_iuhm\vendor\phpunit\phpunit\src\TextUI\TestRunner.php(64): PHPUnit\Framework\TestSuite->run()
#96 C:\xampp\htdocs\site_iuhm\vendor\phpunit\phpunit\src\TextUI\Application.php(229): PHPUnit\TextUI\TestRunner->run(Object(PHPUnit\TextUI\Configuration\Configuration), Object(PHPUnit\Runner\ResultCache\DefaultResultCache), Object(PHPUnit\Framework\TestSuite))
#97 C:\xampp\htdocs\site_iuhm\vendor\phpunit\phpunit\phpunit(104): PHPUnit\TextUI\Application->run(Array)
#98 {main}

Next Illuminate\View\ViewException: Vite manifest not found at: C:\xampp\htdocs\site_iuhm\public\build/manifest.json (View: C:\xampp\htdocs\site_iuhm\resources\views\partials\head.blade.php) (View: C:\xampp\htdocs\site_iuhm\resources\views\partials\head.blade.php) (View: C:\xampp\htdocs\site_iuhm\resources\views\partials\head.blade.php) in C:\xampp\htdocs\site_iuhm\vendor\laravel\framework\src\Illuminate\Foundation\Vite.php:946
Stack trace:
#0 C:\xampp\htdocs\site_iuhm\vendor\livewire\livewire\src\Mechanisms\ExtendBlade\ExtendedCompilerEngine.php(58): Illuminate\View\Engines\CompilerEngine->handleViewException(Object(Illuminate\View\ViewException), 2)
#1 C:\xampp\htdocs\site_iuhm\vendor\laravel\framework\src\Illuminate\View\Engines\PhpEngine.php(59): Livewire\Mechanisms\ExtendBlade\ExtendedCompilerEngine->handleViewException(Object(Illuminate\View\ViewException), 2)
#2 C:\xampp\htdocs\site_iuhm\vendor\livewire\livewire\src\Mechanisms\ExtendBlade\ExtendedCompilerEngine.php(22): Illuminate\View\Engines\PhpEngine->evaluatePath('C:\\xampp\\htdocs...', Array)
#3 C:\xampp\htdocs\site_iuhm\vendor\laravel\framework\src\Illuminate\View\Engines\CompilerEngine.php(76): Livewire\Mechanisms\ExtendBlade\ExtendedCompilerEngine->evaluatePath('C:\\xampp\\htdocs...', Array)
#4 C:\xampp\htdocs\site_iuhm\vendor\livewire\livewire\src\Mechanisms\ExtendBlade\ExtendedCompilerEngine.php(10): Illuminate\View\Engines\CompilerEngine->get('C:\\xampp\\htdocs...', Array)
#5 C:\xampp\htdocs\site_iuhm\vendor\laravel\framework\src\Illuminate\View\View.php(208): Livewire\Mechanisms\ExtendBlade\ExtendedCompilerEngine->get('C:\\xampp\\htdocs...', Array)
#6 C:\xampp\htdocs\site_iuhm\vendor\laravel\framework\src\Illuminate\View\View.php(191): Illuminate\View\View->getContents()
#7 C:\xampp\htdocs\site_iuhm\vendor\laravel\framework\src\Illuminate\View\View.php(160): Illuminate\View\View->renderContents()
#8 C:\xampp\htdocs\site_iuhm\vendor\laravel\framework\src\Illuminate\View\Concerns\ManagesComponents.php(103): Illuminate\View\View->render()
#9 C:\xampp\htdocs\site_iuhm\storage\framework\views\66dbb0aa30a1ea5d2be12ee557459bf9.php(139): Illuminate\View\Factory->renderComponent()
#10 C:\xampp\htdocs\site_iuhm\vendor\laravel\framework\src\Illuminate\Filesystem\Filesystem.php(123): require('C:\\xampp\\htdocs...')
#11 C:\xampp\htdocs\site_iuhm\vendor\laravel\framework\src\Illuminate\Filesystem\Filesystem.php(124): Illuminate\Filesystem\Filesystem::{closure:Illuminate\Filesystem\Filesystem::getRequire():120}()
#12 C:\xampp\htdocs\site_iuhm\vendor\laravel\framework\src\Illuminate\View\Engines\PhpEngine.php(57): Illuminate\Filesystem\Filesystem->getRequire('C:\\xampp\\htdocs...', Array)
#13 C:\xampp\htdocs\site_iuhm\vendor\livewire\livewire\src\Mechanisms\ExtendBlade\ExtendedCompilerEngine.php(22): Illuminate\View\Engines\PhpEngine->evaluatePath('C:\\xampp\\htdocs...', Array)
#14 C:\xampp\htdocs\site_iuhm\vendor\laravel\framework\src\Illuminate\View\Engines\CompilerEngine.php(76): Livewire\Mechanisms\ExtendBlade\ExtendedCompilerEngine->evaluatePath('C:\\xampp\\htdocs...', Array)
#15 C:\xampp\htdocs\site_iuhm\vendor\livewire\livewire\src\Mechanisms\ExtendBlade\ExtendedCompilerEngine.php(10): Illuminate\View\Engines\CompilerEngine->get('C:\\xampp\\htdocs...', Array)
#16 C:\xampp\htdocs\site_iuhm\vendor\laravel\framework\src\Illuminate\View\View.php(208): Livewire\Mechanisms\ExtendBlade\ExtendedCompilerEngine->get('C:\\xampp\\htdocs...', Array)
#17 C:\xampp\htdocs\site_iuhm\vendor\laravel\framework\src\Illuminate\View\View.php(191): Illuminate\View\View->getContents()
#18 C:\xampp\htdocs\site_iuhm\vendor\laravel\framework\src\Illuminate\View\View.php(160): Illuminate\View\View->renderContents()
#19 C:\xampp\htdocs\site_iuhm\vendor\laravel\framework\src\Illuminate\Http\Response.php(78): Illuminate\View\View->render()
#20 C:\xampp\htdocs\site_iuhm\vendor\laravel\framework\src\Illuminate\Http\Response.php(34): Illuminate\Http\Response->setContent(Object(Illuminate\View\View))
#21 C:\xampp\htdocs\site_iuhm\vendor\laravel\framework\src\Illuminate\Routing\Router.php(939): Illuminate\Http\Response->__construct(Object(Illuminate\View\View), 200, Array)
#22 C:\xampp\htdocs\site_iuhm\vendor\laravel\framework\src\Illuminate\Routing\Router.php(906): Illuminate\Routing\Router::toResponse(Object(Illuminate\Http\Request), Object(Illuminate\View\View))
#23 C:\xampp\htdocs\site_iuhm\vendor\laravel\framework\src\Illuminate\Routing\Router.php(821): Illuminate\Routing\Router->prepareResponse(Object(Illuminate\Http\Request), Object(Laravel\Fortify\Http\Responses\SimpleViewResponse))
#24 C:\xampp\htdocs\site_iuhm\vendor\laravel\framework\src\Illuminate\Pipeline\Pipeline.php(180): Illuminate\Routing\Router->{closure:Illuminate\Routing\Router::runRouteWithinStack():821}(Object(Illuminate\Http\Request))
#25 C:\xampp\htdocs\site_iuhm\vendor\laravel\framework\src\Illuminate\Auth\Middleware\RedirectIfAuthenticated.php(47): Illuminate\Pipeline\Pipeline->{closure:Illuminate\Pipeline\Pipeline::prepareDestination():178}(Object(Illuminate\Http\Request))
#26 C:\xampp\htdocs\site_iuhm\vendor\laravel\framework\src\Illuminate\Pipeline\Pipeline.php(219): Illuminate\Auth\Middleware\RedirectIfAuthenticated->handle(Object(Illuminate\Http\Request), Object(Closure), 'web')
#27 C:\xampp\htdocs\site_iuhm\app\Http\Middleware\SetTeamUrlDefaults.php(26): Illuminate\Pipeline\Pipeline->{closure:{closure:Illuminate\Pipeline\Pipeline::carry():194}:195}(Object(Illuminate\Http\Request))
#28 C:\xampp\htdocs\site_iuhm\vendor\laravel\framework\src\Illuminate\Pipeline\Pipeline.php(219): App\Http\Middleware\SetTeamUrlDefaults->handle(Object(Illuminate\Http\Request), Object(Closure))
#29 C:\xampp\htdocs\site_iuhm\app\Http\Middleware\SetLocale.php(28): Illuminate\Pipeline\Pipeline->{closure:{closure:Illuminate\Pipeline\Pipeline::carry():194}:195}(Object(Illuminate\Http\Request))
#30 C:\xampp\htdocs\site_iuhm\vendor\laravel\framework\src\Illuminate\Pipeline\Pipeline.php(219): App\Http\Middleware\SetLocale->handle(Object(Illuminate\Http\Request), Object(Closure))
#31 C:\xampp\htdocs\site_iuhm\vendor\laravel\framework\src\Illuminate\Routing\Middleware\SubstituteBindings.php(52): Illuminate\Pipeline\Pipeline->{closure:{closure:Illuminate\Pipeline\Pipeline::carry():194}:195}(Object(Illuminate\Http\Request))
#32 C:\xampp\htdocs\site_iuhm\vendor\laravel\framework\src\Illuminate\Pipeline\Pipeline.php(219): Illuminate\Routing\Middleware\SubstituteBindings->handle(Object(Illuminate\Http\Request), Object(Closure))
#33 C:\xampp\htdocs\site_iuhm\vendor\laravel\framework\src\Illuminate\Foundation\Http\Middleware\PreventRequestForgery.php(104): Illuminate\Pipeline\Pipeline->{closure:{closure:Illuminate\Pipeline\Pipeline::carry():194}:195}(Object(Illuminate\Http\Request))
#34 C:\xampp\htdocs\site_iuhm\vendor\laravel\framework\src\Illuminate\Pipeline\Pipeline.php(219): Illuminate\Foundation\Http\Middleware\PreventRequestForgery->handle(Object(Illuminate\Http\Request), Object(Closure))
#35 C:\xampp\htdocs\site_iuhm\vendor\laravel\framework\src\Illuminate\View\Middleware\ShareErrorsFromSession.php(48): Illuminate\Pipeline\Pipeline->{closure:{closure:Illuminate\Pipeline\Pipeline::carry():194}:195}(Object(Illuminate\Http\Request))
#36 C:\xampp\htdocs\site_iuhm\vendor\laravel\framework\src\Illuminate\Pipeline\Pipeline.php(219): Illuminate\View\Middleware\ShareErrorsFromSession->handle(Object(Illuminate\Http\Request), Object(Closure))
#37 C:\xampp\htdocs\site_iuhm\vendor\laravel\framework\src\Illuminate\Session\Middleware\StartSession.php(120): Illuminate\Pipeline\Pipeline->{closure:{closure:Illuminate\Pipeline\Pipeline::carry():194}:195}(Object(Illuminate\Http\Request))
#38 C:\xampp\htdocs\site_iuhm\vendor\laravel\framework\src\Illuminate\Session\Middleware\StartSession.php(63): Illuminate\Session\Middleware\StartSession->handleStatefulRequest(Object(Illuminate\Http\Request), Object(Illuminate\Session\Store), Object(Closure))
#39 C:\xampp\htdocs\site_iuhm\vendor\laravel\framework\src\Illuminate\Pipeline\Pipeline.php(219): Illuminate\Session\Middleware\StartSession->handle(Object(Illuminate\Http\Request), Object(Closure))
#40 C:\xampp\htdocs\site_iuhm\vendor\laravel\framework\src\Illuminate\Cookie\Middleware\AddQueuedCookiesToResponse.php(36): Illuminate\Pipeline\Pipeline->{closure:{closure:Illuminate\Pipeline\Pipeline::carry():194}:195}(Object(Illuminate\Http\Request))
#41 C:\xampp\htdocs\site_iuhm\vendor\laravel\framework\src\Illuminate\Pipeline\Pipeline.php(219): Illuminate\Cookie\Middleware\AddQueuedCookiesToResponse->handle(Object(Illuminate\Http\Request), Object(Closure))
#42 C:\xampp\htdocs\site_iuhm\vendor\laravel\framework\src\Illuminate\Cookie\Middleware\EncryptCookies.php(74): Illuminate\Pipeline\Pipeline->{closure:{closure:Illuminate\Pipeline\Pipeline::carry():194}:195}(Object(Illuminate\Http\Request))
#43 C:\xampp\htdocs\site_iuhm\vendor\laravel\framework\src\Illuminate\Pipeline\Pipeline.php(219): Illuminate\Cookie\Middleware\EncryptCookies->handle(Object(Illuminate\Http\Request), Object(Closure))
#44 C:\xampp\htdocs\site_iuhm\vendor\laravel\framework\src\Illuminate\Pipeline\Pipeline.php(137): Illuminate\Pipeline\Pipeline->{closure:{closure:Illuminate\Pipeline\Pipeline::carry():194}:195}(Object(Illuminate\Http\Request))
#45 C:\xampp\htdocs\site_iuhm\vendor\laravel\framework\src\Illuminate\Routing\Router.php(821): Illuminate\Pipeline\Pipeline->then(Object(Closure))
#46 C:\xampp\htdocs\site_iuhm\vendor\laravel\framework\src\Illuminate\Routing\Router.php(800): Illuminate\Routing\Router->runRouteWithinStack(Object(Illuminate\Routing\Route), Object(Illuminate\Http\Request))
#47 C:\xampp\htdocs\site_iuhm\vendor\laravel\framework\src\Illuminate\Routing\Router.php(764): Illuminate\Routing\Router->runRoute(Object(Illuminate\Http\Request), Object(Illuminate\Routing\Route))
#48 C:\xampp\htdocs\site_iuhm\vendor\laravel\framework\src\Illuminate\Routing\Router.php(753): Illuminate\Routing\Router->dispatchToRoute(Object(Illuminate\Http\Request))
#49 C:\xampp\htdocs\site_iuhm\vendor\laravel\framework\src\Illuminate\Foundation\Http\Kernel.php(200): Illuminate\Routing\Router->dispatch(Object(Illuminate\Http\Request))
#50 C:\xampp\htdocs\site_iuhm\vendor\laravel\framework\src\Illuminate\Pipeline\Pipeline.php(180): Illuminate\Foundation\Http\Kernel->{closure:Illuminate\Foundation\Http\Kernel::dispatchToRouter():197}(Object(Illuminate\Http\Request))
#51 C:\xampp\htdocs\site_iuhm\vendor\livewire\livewire\src\Features\SupportDisablingBackButtonCache\DisableBackButtonCacheMiddleware.php(19): Illuminate\Pipeline\Pipeline->{closure:Illuminate\Pipeline\Pipeline::prepareDestination():178}(Object(Illuminate\Http\Request))
#52 C:\xampp\htdocs\site_iuhm\vendor\laravel\framework\src\Illuminate\Pipeline\Pipeline.php(219): Livewire\Features\SupportDisablingBackButtonCache\DisableBackButtonCacheMiddleware->handle(Object(Illuminate\Http\Request), Object(Closure))
#53 C:\xampp\htdocs\site_iuhm\vendor\laravel\framework\src\Illuminate\Foundation\Http\Middleware\TransformsRequest.php(21): Illuminate\Pipeline\Pipeline->{closure:{closure:Illuminate\Pipeline\Pipeline::carry():194}:195}(Object(Illuminate\Http\Request))
#54 C:\xampp\htdocs\site_iuhm\vendor\laravel\framework\src\Illuminate\Foundation\Http\Middleware\ConvertEmptyStringsToNull.php(31): Illuminate\Foundation\Http\Middleware\TransformsRequest->handle(Object(Illuminate\Http\Request), Object(Closure))
#55 C:\xampp\htdocs\site_iuhm\vendor\laravel\framework\src\Illuminate\Pipeline\Pipeline.php(219): Illuminate\Foundation\Http\Middleware\ConvertEmptyStringsToNull->handle(Object(Illuminate\Http\Request), Object(Closure))
#56 C:\xampp\htdocs\site_iuhm\vendor\laravel\framework\src\Illuminate\Foundation\Http\Middleware\TransformsRequest.php(21): Illuminate\Pipeline\Pipeline->{closure:{closure:Illuminate\Pipeline\Pipeline::carry():194}:195}(Object(Illuminate\Http\Request))
#57 C:\xampp\htdocs\site_iuhm\vendor\laravel\framework\src\Illuminate\Foundation\Http\Middleware\TrimStrings.php(51): Illuminate\Foundation\Http\Middleware\TransformsRequest->handle(Object(Illuminate\Http\Request), Object(Closure))
#58 C:\xampp\htdocs\site_iuhm\vendor\laravel\framework\src\Illuminate\Pipeline\Pipeline.php(219): Illuminate\Foundation\Http\Middleware\TrimStrings->handle(Object(Illuminate\Http\Request), Object(Closure))
#59 C:\xampp\htdocs\site_iuhm\vendor\laravel\framework\src\Illuminate\Http\Middleware\ValidatePostSize.php(27): Illuminate\Pipeline\Pipeline->{closure:{closure:Illuminate\Pipeline\Pipeline::carry():194}:195}(Object(Illuminate\Http\Request))
#60 C:\xampp\htdocs\site_iuhm\vendor\laravel\framework\src\Illuminate\Pipeline\Pipeline.php(219): Illuminate\Http\Middleware\ValidatePostSize->handle(Object(Illuminate\Http\Request), Object(Closure))
#61 C:\xampp\htdocs\site_iuhm\vendor\laravel\framework\src\Illuminate\Foundation\Http\Middleware\PreventRequestsDuringMaintenance.php(109): Illuminate\Pipeline\Pipeline->{closure:{closure:Illuminate\Pipeline\Pipeline::carry():194}:195}(Object(Illuminate\Http\Request))
#62 C:\xampp\htdocs\site_iuhm\vendor\laravel\framework\src\Illuminate\Pipeline\Pipeline.php(219): Illuminate\Foundation\Http\Middleware\PreventRequestsDuringMaintenance->handle(Object(Illuminate\Http\Request), Object(Closure))
#63 C:\xampp\htdocs\site_iuhm\vendor\laravel\framework\src\Illuminate\Http\Middleware\HandleCors.php(61): Illuminate\Pipeline\Pipeline->{closure:{closure:Illuminate\Pipeline\Pipeline::carry():194}:195}(Object(Illuminate\Http\Request))
#64 C:\xampp\htdocs\site_iuhm\vendor\laravel\framework\src\Illuminate\Pipeline\Pipeline.php(219): Illuminate\Http\Middleware\HandleCors->handle(Object(Illuminate\Http\Request), Object(Closure))
#65 C:\xampp\htdocs\site_iuhm\vendor\laravel\framework\src\Illuminate\Http\Middleware\TrustProxies.php(58): Illuminate\Pipeline\Pipeline->{closure:{closure:Illuminate\Pipeline\Pipeline::carry():194}:195}(Object(Illuminate\Http\Request))
#66 C:\xampp\htdocs\site_iuhm\vendor\laravel\framework\src\Illuminate\Pipeline\Pipeline.php(219): Illuminate\Http\Middleware\TrustProxies->handle(Object(Illuminate\Http\Request), Object(Closure))
#67 C:\xampp\htdocs\site_iuhm\vendor\laravel\framework\src\Illuminate\Foundation\Http\Middleware\InvokeDeferredCallbacks.php(22): Illuminate\Pipeline\Pipeline->{closure:{closure:Illuminate\Pipeline\Pipeline::carry():194}:195}(Object(Illuminate\Http\Request))
#68 C:\xampp\htdocs\site_iuhm\vendor\laravel\framework\src\Illuminate\Pipeline\Pipeline.php(219): Illuminate\Foundation\Http\Middleware\InvokeDeferredCallbacks->handle(Object(Illuminate\Http\Request), Object(Closure))
#69 C:\xampp\htdocs\site_iuhm\vendor\laravel\framework\src\Illuminate\Http\Middleware\ValidatePathEncoding.php(28): Illuminate\Pipeline\Pipeline->{closure:{closure:Illuminate\Pipeline\Pipeline::carry():194}:195}(Object(Illuminate\Http\Request))
#70 C:\xampp\htdocs\site_iuhm\vendor\laravel\framework\src\Illuminate\Pipeline\Pipeline.php(219): Illuminate\Http\Middleware\ValidatePathEncoding->handle(Object(Illuminate\Http\Request), Object(Closure))
#71 C:\xampp\htdocs\site_iuhm\vendor\laravel\framework\src\Illuminate\Pipeline\Pipeline.php(137): Illuminate\Pipeline\Pipeline->{closure:{closure:Illuminate\Pipeline\Pipeline::carry():194}:195}(Object(Illuminate\Http\Request))
#72 C:\xampp\htdocs\site_iuhm\vendor\laravel\framework\src\Illuminate\Foundation\Http\Kernel.php(175): Illuminate\Pipeline\Pipeline->then(Object(Closure))
#73 C:\xampp\htdocs\site_iuhm\vendor\laravel\framework\src\Illuminate\Foundation\Http\Kernel.php(144): Illuminate\Foundation\Http\Kernel->sendRequestThroughRouter(Object(Illuminate\Http\Request))
#74 C:\xampp\htdocs\site_iuhm\vendor\laravel\framework\src\Illuminate\Foundation\Testing\Concerns\MakesHttpRequests.php(607): Illuminate\Foundation\Http\Kernel->handle(Object(Illuminate\Http\Request))
#75 C:\xampp\htdocs\site_iuhm\vendor\laravel\framework\src\Illuminate\Foundation\Testing\Concerns\MakesHttpRequests.php(368): Illuminate\Foundation\Testing\TestCase->call('GET', 'http://localhos...', Array, Array, Array, Array)
#76 C:\xampp\htdocs\site_iuhm\tests\Feature\Auth\PasswordResetTest.php(25): Illuminate\Foundation\Testing\TestCase->get('http://localhos...')
#77 C:\xampp\htdocs\site_iuhm\vendor\phpunit\phpunit\src\Framework\TestCase.php(1335): Tests\Feature\Auth\PasswordResetTest->test_reset_password_link_screen_can_be_rendered()
#78 C:\xampp\htdocs\site_iuhm\vendor\phpunit\phpunit\src\Framework\TestCase.php(519): PHPUnit\Framework\TestCase->runTest()
#79 C:\xampp\htdocs\site_iuhm\vendor\phpunit\phpunit\src\Framework\TestRunner\TestRunner.php(99): PHPUnit\Framework\TestCase->runBare()
#80 C:\xampp\htdocs\site_iuhm\vendor\phpunit\phpunit\src\Framework\TestCase.php(359): PHPUnit\Framework\TestRunner->run(Object(Tests\Feature\Auth\PasswordResetTest))
#81 C:\xampp\htdocs\site_iuhm\vendor\phpunit\phpunit\src\Framework\TestSuite.php(374): PHPUnit\Framework\TestCase->run()
#82 C:\xampp\htdocs\site_iuhm\vendor\phpunit\phpunit\src\Framework\TestSuite.php(374): PHPUnit\Framework\TestSuite->run()
#83 C:\xampp\htdocs\site_iuhm\vendor\phpunit\phpunit\src\Framework\TestSuite.php(374): PHPUnit\Framework\TestSuite->run()
#84 C:\xampp\htdocs\site_iuhm\vendor\phpunit\phpunit\src\TextUI\TestRunner.php(64): PHPUnit\Framework\TestSuite->run()
#85 C:\xampp\htdocs\site_iuhm\vendor\phpunit\phpunit\src\TextUI\Application.php(229): PHPUnit\TextUI\TestRunner->run(Object(PHPUnit\TextUI\Configuration\Configuration), Object(PHPUnit\Runner\ResultCache\DefaultResultCache), Object(PHPUnit\Framework\TestSuite))
#86 C:\xampp\htdocs\site_iuhm\vendor\phpunit\phpunit\phpunit(104): PHPUnit\TextUI\Application->run(Array)
#87 {main}

Next Illuminate\View\ViewException: Vite manifest not found at: C:\xampp\htdocs\site_iuhm\public\build/manifest.json (View: C:\xampp\htdocs\site_iuhm\resources\views\partials\head.blade.php) (View: C:\xampp\htdocs\site_iuhm\resources\views\partials\head.blade.php) (View: C:\xampp\htdocs\site_iuhm\resources\views\partials\head.blade.php) (View: C:\xampp\htdocs\site_iuhm\resources\views\partials\head.blade.php) in C:\xampp\htdocs\site_iuhm\vendor\laravel\framework\src\Illuminate\Foundation\Vite.php:946
Stack trace:
#0 C:\xampp\htdocs\site_iuhm\vendor\livewire\livewire\src\Mechanisms\ExtendBlade\ExtendedCompilerEngine.php(58): Illuminate\View\Engines\CompilerEngine->handleViewException(Object(Illuminate\View\ViewException), 1)
#1 C:\xampp\htdocs\site_iuhm\vendor\laravel\framework\src\Illuminate\View\Engines\PhpEngine.php(59): Livewire\Mechanisms\ExtendBlade\ExtendedCompilerEngine->handleViewException(Object(Illuminate\View\ViewException), 1)
#2 C:\xampp\htdocs\site_iuhm\vendor\livewire\livewire\src\Mechanisms\ExtendBlade\ExtendedCompilerEngine.php(22): Illuminate\View\Engines\PhpEngine->evaluatePath('C:\\xampp\\htdocs...', Array)
#3 C:\xampp\htdocs\site_iuhm\vendor\laravel\framework\src\Illuminate\View\Engines\CompilerEngine.php(76): Livewire\Mechanisms\ExtendBlade\ExtendedCompilerEngine->evaluatePath('C:\\xampp\\htdocs...', Array)
#4 C:\xampp\htdocs\site_iuhm\vendor\livewire\livewire\src\Mechanisms\ExtendBlade\ExtendedCompilerEngine.php(10): Illuminate\View\Engines\CompilerEngine->get('C:\\xampp\\htdocs...', Array)
#5 C:\xampp\htdocs\site_iuhm\vendor\laravel\framework\src\Illuminate\View\View.php(208): Livewire\Mechanisms\ExtendBlade\ExtendedCompilerEngine->get('C:\\xampp\\htdocs...', Array)
#6 C:\xampp\htdocs\site_iuhm\vendor\laravel\framework\src\Illuminate\View\View.php(191): Illuminate\View\View->getContents()
#7 C:\xampp\htdocs\site_iuhm\vendor\laravel\framework\src\Illuminate\View\View.php(160): Illuminate\View\View->renderContents()
#8 C:\xampp\htdocs\site_iuhm\vendor\laravel\framework\src\Illuminate\Http\Response.php(78): Illuminate\View\View->render()
#9 C:\xampp\htdocs\site_iuhm\vendor\laravel\framework\src\Illuminate\Http\Response.php(34): Illuminate\Http\Response->setContent(Object(Illuminate\View\View))
#10 C:\xampp\htdocs\site_iuhm\vendor\laravel\framework\src\Illuminate\Routing\Router.php(939): Illuminate\Http\Response->__construct(Object(Illuminate\View\View), 200, Array)
#11 C:\xampp\htdocs\site_iuhm\vendor\laravel\framework\src\Illuminate\Routing\Router.php(906): Illuminate\Routing\Router::toResponse(Object(Illuminate\Http\Request), Object(Illuminate\View\View))
#12 C:\xampp\htdocs\site_iuhm\vendor\laravel\framework\src\Illuminate\Routing\Router.php(821): Illuminate\Routing\Router->prepareResponse(Object(Illuminate\Http\Request), Object(Laravel\Fortify\Http\Responses\SimpleViewResponse))
#13 C:\xampp\htdocs\site_iuhm\vendor\laravel\framework\src\Illuminate\Pipeline\Pipeline.php(180): Illuminate\Routing\Router->{closure:Illuminate\Routing\Router::runRouteWithinStack():821}(Object(Illuminate\Http\Request))
#14 C:\xampp\htdocs\site_iuhm\vendor\laravel\framework\src\Illuminate\Auth\Middleware\RedirectIfAuthenticated.php(47): Illuminate\Pipeline\Pipeline->{closure:Illuminate\Pipeline\Pipeline::prepareDestination():178}(Object(Illuminate\Http\Request))
#15 C:\xampp\htdocs\site_iuhm\vendor\laravel\framework\src\Illuminate\Pipeline\Pipeline.php(219): Illuminate\Auth\Middleware\RedirectIfAuthenticated->handle(Object(Illuminate\Http\Request), Object(Closure), 'web')
#16 C:\xampp\htdocs\site_iuhm\app\Http\Middleware\SetTeamUrlDefaults.php(26): Illuminate\Pipeline\Pipeline->{closure:{closure:Illuminate\Pipeline\Pipeline::carry():194}:195}(Object(Illuminate\Http\Request))
#17 C:\xampp\htdocs\site_iuhm\vendor\laravel\framework\src\Illuminate\Pipeline\Pipeline.php(219): App\Http\Middleware\SetTeamUrlDefaults->handle(Object(Illuminate\Http\Request), Object(Closure))
#18 C:\xampp\htdocs\site_iuhm\app\Http\Middleware\SetLocale.php(28): Illuminate\Pipeline\Pipeline->{closure:{closure:Illuminate\Pipeline\Pipeline::carry():194}:195}(Object(Illuminate\Http\Request))
#19 C:\xampp\htdocs\site_iuhm\vendor\laravel\framework\src\Illuminate\Pipeline\Pipeline.php(219): App\Http\Middleware\SetLocale->handle(Object(Illuminate\Http\Request), Object(Closure))
#20 C:\xampp\htdocs\site_iuhm\vendor\laravel\framework\src\Illuminate\Routing\Middleware\SubstituteBindings.php(52): Illuminate\Pipeline\Pipeline->{closure:{closure:Illuminate\Pipeline\Pipeline::carry():194}:195}(Object(Illuminate\Http\Request))
#21 C:\xampp\htdocs\site_iuhm\vendor\laravel\framework\src\Illuminate\Pipeline\Pipeline.php(219): Illuminate\Routing\Middleware\SubstituteBindings->handle(Object(Illuminate\Http\Request), Object(Closure))
#22 C:\xampp\htdocs\site_iuhm\vendor\laravel\framework\src\Illuminate\Foundation\Http\Middleware\PreventRequestForgery.php(104): Illuminate\Pipeline\Pipeline->{closure:{closure:Illuminate\Pipeline\Pipeline::carry():194}:195}(Object(Illuminate\Http\Request))
#23 C:\xampp\htdocs\site_iuhm\vendor\laravel\framework\src\Illuminate\Pipeline\Pipeline.php(219): Illuminate\Foundation\Http\Middleware\PreventRequestForgery->handle(Object(Illuminate\Http\Request), Object(Closure))
#24 C:\xampp\htdocs\site_iuhm\vendor\laravel\framework\src\Illuminate\View\Middleware\ShareErrorsFromSession.php(48): Illuminate\Pipeline\Pipeline->{closure:{closure:Illuminate\Pipeline\Pipeline::carry():194}:195}(Object(Illuminate\Http\Request))
#25 C:\xampp\htdocs\site_iuhm\vendor\laravel\framework\src\Illuminate\Pipeline\Pipeline.php(219): Illuminate\View\Middleware\ShareErrorsFromSession->handle(Object(Illuminate\Http\Request), Object(Closure))
#26 C:\xampp\htdocs\site_iuhm\vendor\laravel\framework\src\Illuminate\Session\Middleware\StartSession.php(120): Illuminate\Pipeline\Pipeline->{closure:{closure:Illuminate\Pipeline\Pipeline::carry():194}:195}(Object(Illuminate\Http\Request))
#27 C:\xampp\htdocs\site_iuhm\vendor\laravel\framework\src\Illuminate\Session\Middleware\StartSession.php(63): Illuminate\Session\Middleware\StartSession->handleStatefulRequest(Object(Illuminate\Http\Request), Object(Illuminate\Session\Store), Object(Closure))
#28 C:\xampp\htdocs\site_iuhm\vendor\laravel\framework\src\Illuminate\Pipeline\Pipeline.php(219): Illuminate\Session\Middleware\StartSession->handle(Object(Illuminate\Http\Request), Object(Closure))
#29 C:\xampp\htdocs\site_iuhm\vendor\laravel\framework\src\Illuminate\Cookie\Middleware\AddQueuedCookiesToResponse.php(36): Illuminate\Pipeline\Pipeline->{closure:{closure:Illuminate\Pipeline\Pipeline::carry():194}:195}(Object(Illuminate\Http\Request))
#30 C:\xampp\htdocs\site_iuhm\vendor\laravel\framework\src\Illuminate\Pipeline\Pipeline.php(219): Illuminate\Cookie\Middleware\AddQueuedCookiesToResponse->handle(Object(Illuminate\Http\Request), Object(Closure))
#31 C:\xampp\htdocs\site_iuhm\vendor\laravel\framework\src\Illuminate\Cookie\Middleware\EncryptCookies.php(74): Illuminate\Pipeline\Pipeline->{closure:{closure:Illuminate\Pipeline\Pipeline::carry():194}:195}(Object(Illuminate\Http\Request))
#32 C:\xampp\htdocs\site_iuhm\vendor\laravel\framework\src\Illuminate\Pipeline\Pipeline.php(219): Illuminate\Cookie\Middleware\EncryptCookies->handle(Object(Illuminate\Http\Request), Object(Closure))
#33 C:\xampp\htdocs\site_iuhm\vendor\laravel\framework\src\Illuminate\Pipeline\Pipeline.php(137): Illuminate\Pipeline\Pipeline->{closure:{closure:Illuminate\Pipeline\Pipeline::carry():194}:195}(Object(Illuminate\Http\Request))
#34 C:\xampp\htdocs\site_iuhm\vendor\laravel\framework\src\Illuminate\Routing\Router.php(821): Illuminate\Pipeline\Pipeline->then(Object(Closure))
#35 C:\xampp\htdocs\site_iuhm\vendor\laravel\framework\src\Illuminate\Routing\Router.php(800): Illuminate\Routing\Router->runRouteWithinStack(Object(Illuminate\Routing\Route), Object(Illuminate\Http\Request))
#36 C:\xampp\htdocs\site_iuhm\vendor\laravel\framework\src\Illuminate\Routing\Router.php(764): Illuminate\Routing\Router->runRoute(Object(Illuminate\Http\Request), Object(Illuminate\Routing\Route))
#37 C:\xampp\htdocs\site_iuhm\vendor\laravel\framework\src\Illuminate\Routing\Router.php(753): Illuminate\Routing\Router->dispatchToRoute(Object(Illuminate\Http\Request))
#38 C:\xampp\htdocs\site_iuhm\vendor\laravel\framework\src\Illuminate\Foundation\Http\Kernel.php(200): Illuminate\Routing\Router->dispatch(Object(Illuminate\Http\Request))
#39 C:\xampp\htdocs\site_iuhm\vendor\laravel\framework\src\Illuminate\Pipeline\Pipeline.php(180): Illuminate\Foundation\Http\Kernel->{closure:Illuminate\Foundation\Http\Kernel::dispatchToRouter():197}(Object(Illuminate\Http\Request))
#40 C:\xampp\htdocs\site_iuhm\vendor\livewire\livewire\src\Features\SupportDisablingBackButtonCache\DisableBackButtonCacheMiddleware.php(19): Illuminate\Pipeline\Pipeline->{closure:Illuminate\Pipeline\Pipeline::prepareDestination():178}(Object(Illuminate\Http\Request))
#41 C:\xampp\htdocs\site_iuhm\vendor\laravel\framework\src\Illuminate\Pipeline\Pipeline.php(219): Livewire\Features\SupportDisablingBackButtonCache\DisableBackButtonCacheMiddleware->handle(Object(Illuminate\Http\Request), Object(Closure))
#42 C:\xampp\htdocs\site_iuhm\vendor\laravel\framework\src\Illuminate\Foundation\Http\Middleware\TransformsRequest.php(21): Illuminate\Pipeline\Pipeline->{closure:{closure:Illuminate\Pipeline\Pipeline::carry():194}:195}(Object(Illuminate\Http\Request))
#43 C:\xampp\htdocs\site_iuhm\vendor\laravel\framework\src\Illuminate\Foundation\Http\Middleware\ConvertEmptyStringsToNull.php(31): Illuminate\Foundation\Http\Middleware\TransformsRequest->handle(Object(Illuminate\Http\Request), Object(Closure))
#44 C:\xampp\htdocs\site_iuhm\vendor\laravel\framework\src\Illuminate\Pipeline\Pipeline.php(219): Illuminate\Foundation\Http\Middleware\ConvertEmptyStringsToNull->handle(Object(Illuminate\Http\Request), Object(Closure))
#45 C:\xampp\htdocs\site_iuhm\vendor\laravel\framework\src\Illuminate\Foundation\Http\Middleware\TransformsRequest.php(21): Illuminate\Pipeline\Pipeline->{closure:{closure:Illuminate\Pipeline\Pipeline::carry():194}:195}(Object(Illuminate\Http\Request))
#46 C:\xampp\htdocs\site_iuhm\vendor\laravel\framework\src\Illuminate\Foundation\Http\Middleware\TrimStrings.php(51): Illuminate\Foundation\Http\Middleware\TransformsRequest->handle(Object(Illuminate\Http\Request), Object(Closure))
#47 C:\xampp\htdocs\site_iuhm\vendor\laravel\framework\src\Illuminate\Pipeline\Pipeline.php(219): Illuminate\Foundation\Http\Middleware\TrimStrings->handle(Object(Illuminate\Http\Request), Object(Closure))
#48 C:\xampp\htdocs\site_iuhm\vendor\laravel\framework\src\Illuminate\Http\Middleware\ValidatePostSize.php(27): Illuminate\Pipeline\Pipeline->{closure:{closure:Illuminate\Pipeline\Pipeline::carry():194}:195}(Object(Illuminate\Http\Request))
#49 C:\xampp\htdocs\site_iuhm\vendor\laravel\framework\src\Illuminate\Pipeline\Pipeline.php(219): Illuminate\Http\Middleware\ValidatePostSize->handle(Object(Illuminate\Http\Request), Object(Closure))
#50 C:\xampp\htdocs\site_iuhm\vendor\laravel\framework\src\Illuminate\Foundation\Http\Middleware\PreventRequestsDuringMaintenance.php(109): Illuminate\Pipeline\Pipeline->{closure:{closure:Illuminate\Pipeline\Pipeline::carry():194}:195}(Object(Illuminate\Http\Request))
#51 C:\xampp\htdocs\site_iuhm\vendor\laravel\framework\src\Illuminate\Pipeline\Pipeline.php(219): Illuminate\Foundation\Http\Middleware\PreventRequestsDuringMaintenance->handle(Object(Illuminate\Http\Request), Object(Closure))
#52 C:\xampp\htdocs\site_iuhm\vendor\laravel\framework\src\Illuminate\Http\Middleware\HandleCors.php(61): Illuminate\Pipeline\Pipeline->{closure:{closure:Illuminate\Pipeline\Pipeline::carry():194}:195}(Object(Illuminate\Http\Request))
#53 C:\xampp\htdocs\site_iuhm\vendor\laravel\framework\src\Illuminate\Pipeline\Pipeline.php(219): Illuminate\Http\Middleware\HandleCors->handle(Object(Illuminate\Http\Request), Object(Closure))
#54 C:\xampp\htdocs\site_iuhm\vendor\laravel\framework\src\Illuminate\Http\Middleware\TrustProxies.php(58): Illuminate\Pipeline\Pipeline->{closure:{closure:Illuminate\Pipeline\Pipeline::carry():194}:195}(Object(Illuminate\Http\Request))
#55 C:\xampp\htdocs\site_iuhm\vendor\laravel\framework\src\Illuminate\Pipeline\Pipeline.php(219): Illuminate\Http\Middleware\TrustProxies->handle(Object(Illuminate\Http\Request), Object(Closure))
#56 C:\xampp\htdocs\site_iuhm\vendor\laravel\framework\src\Illuminate\Foundation\Http\Middleware\InvokeDeferredCallbacks.php(22): Illuminate\Pipeline\Pipeline->{closure:{closure:Illuminate\Pipeline\Pipeline::carry():194}:195}(Object(Illuminate\Http\Request))
#57 C:\xampp\htdocs\site_iuhm\vendor\laravel\framework\src\Illuminate\Pipeline\Pipeline.php(219): Illuminate\Foundation\Http\Middleware\InvokeDeferredCallbacks->handle(Object(Illuminate\Http\Request), Object(Closure))
#58 C:\xampp\htdocs\site_iuhm\vendor\laravel\framework\src\Illuminate\Http\Middleware\ValidatePathEncoding.php(28): Illuminate\Pipeline\Pipeline->{closure:{closure:Illuminate\Pipeline\Pipeline::carry():194}:195}(Object(Illuminate\Http\Request))
#59 C:\xampp\htdocs\site_iuhm\vendor\laravel\framework\src\Illuminate\Pipeline\Pipeline.php(219): Illuminate\Http\Middleware\ValidatePathEncoding->handle(Object(Illuminate\Http\Request), Object(Closure))
#60 C:\xampp\htdocs\site_iuhm\vendor\laravel\framework\src\Illuminate\Pipeline\Pipeline.php(137): Illuminate\Pipeline\Pipeline->{closure:{closure:Illuminate\Pipeline\Pipeline::carry():194}:195}(Object(Illuminate\Http\Request))
#61 C:\xampp\htdocs\site_iuhm\vendor\laravel\framework\src\Illuminate\Foundation\Http\Kernel.php(175): Illuminate\Pipeline\Pipeline->then(Object(Closure))
#62 C:\xampp\htdocs\site_iuhm\vendor\laravel\framework\src\Illuminate\Foundation\Http\Kernel.php(144): Illuminate\Foundation\Http\Kernel->sendRequestThroughRouter(Object(Illuminate\Http\Request))
#63 C:\xampp\htdocs\site_iuhm\vendor\laravel\framework\src\Illuminate\Foundation\Testing\Concerns\MakesHttpRequests.php(607): Illuminate\Foundation\Http\Kernel->handle(Object(Illuminate\Http\Request))
#64 C:\xampp\htdocs\site_iuhm\vendor\laravel\framework\src\Illuminate\Foundation\Testing\Concerns\MakesHttpRequests.php(368): Illuminate\Foundation\Testing\TestCase->call('GET', 'http://localhos...', Array, Array, Array, Array)
#65 C:\xampp\htdocs\site_iuhm\tests\Feature\Auth\PasswordResetTest.php(25): Illuminate\Foundation\Testing\TestCase->get('http://localhos...')
#66 C:\xampp\htdocs\site_iuhm\vendor\phpunit\phpunit\src\Framework\TestCase.php(1335): Tests\Feature\Auth\PasswordResetTest->test_reset_password_link_screen_can_be_rendered()
#67 C:\xampp\htdocs\site_iuhm\vendor\phpunit\phpunit\src\Framework\TestCase.php(519): PHPUnit\Framework\TestCase->runTest()
#68 C:\xampp\htdocs\site_iuhm\vendor\phpunit\phpunit\src\Framework\TestRunner\TestRunner.php(99): PHPUnit\Framework\TestCase->runBare()
#69 C:\xampp\htdocs\site_iuhm\vendor\phpunit\phpunit\src\Framework\TestCase.php(359): PHPUnit\Framework\TestRunner->run(Object(Tests\Feature\Auth\PasswordResetTest))
#70 C:\xampp\htdocs\site_iuhm\vendor\phpunit\phpunit\src\Framework\TestSuite.php(374): PHPUnit\Framework\TestCase->run()
#71 C:\xampp\htdocs\site_iuhm\vendor\phpunit\phpunit\src\Framework\TestSuite.php(374): PHPUnit\Framework\TestSuite->run()
#72 C:\xampp\htdocs\site_iuhm\vendor\phpunit\phpunit\src\Framework\TestSuite.php(374): PHPUnit\Framework\TestSuite->run()
#73 C:\xampp\htdocs\site_iuhm\vendor\phpunit\phpunit\src\TextUI\TestRunner.php(64): PHPUnit\Framework\TestSuite->run()
#74 C:\xampp\htdocs\site_iuhm\vendor\phpunit\phpunit\src\TextUI\Application.php(229): PHPUnit\TextUI\TestRunner->run(Object(PHPUnit\TextUI\Configuration\Configuration), Object(PHPUnit\Runner\ResultCache\DefaultResultCache), Object(PHPUnit\Framework\TestSuite))
#75 C:\xampp\htdocs\site_iuhm\vendor\phpunit\phpunit\phpunit(104): PHPUnit\TextUI\Application->run(Array)
#76 {main}

----------------------------------------------------------------------------------

Vite manifest not found at: C:\xampp\htdocs\site_iuhm\public\build/manifest.json (View: C:\xampp\htdocs\site_iuhm\resources\views\partials\head.blade.php) (View: C:\xampp\htdocs\site_iuhm\resources\views\partials\head.blade.php) (View: C:\xampp\htdocs\site_iuhm\resources\views\partials\head.blade.php) (View: C:\xampp\htdocs\site_iuhm\resources\views\partials\head.blade.php)[39;22m

  at [32mtests\Feature\Auth\PasswordResetTest.php[39m:[32m27[39m
     23Ôûò     public function test_reset_password_link_screen_can_be_rendered(): void
     24Ôûò     {
     25Ôûò         $response = $this->get(route('password.request'));
     26Ôûò 
  Ô×£  27Ôûò         $response->assertOk();
     28Ôûò     }
     29Ôûò 
     30Ôûò     public function test_reset_password_link_can_be_requested(): void
     31Ôûò     {

  [31mÔöÇÔöÇÔöÇÔöÇÔöÇÔöÇÔöÇÔöÇÔöÇÔöÇÔöÇÔöÇÔöÇÔöÇÔöÇÔöÇÔöÇÔöÇÔöÇÔöÇÔöÇÔöÇÔöÇÔöÇÔöÇÔöÇÔöÇÔöÇÔöÇÔöÇÔöÇÔöÇÔöÇÔöÇÔöÇÔöÇÔöÇÔöÇÔöÇÔöÇÔöÇÔöÇÔöÇÔöÇÔöÇÔöÇÔöÇÔöÇÔöÇÔöÇÔöÇÔöÇÔöÇÔöÇÔöÇÔöÇÔöÇÔöÇÔöÇÔöÇÔöÇÔöÇÔöÇÔöÇÔöÇÔöÇÔöÇÔöÇÔöÇÔöÇÔöÇÔöÇÔöÇÔöÇÔöÇÔöÇ[39m  
  [41;1m FAILED [49;22m [1mTests\Feature\Auth\PasswordResetTest[22m [90m>[39m reset password screen canÔÇª    
[39;1m  Expected response status code [200] but received 500.
Failed asserting that 500 is identical to 200.

The following exception occurred during the last request:

Illuminate\Foundation\ViteManifestNotFoundException: Vite manifest not found at: C:\xampp\htdocs\site_iuhm\public\build/manifest.json in C:\xampp\htdocs\site_iuhm\vendor\laravel\framework\src\Illuminate\Foundation\Vite.php:946
Stack trace:
#0 C:\xampp\htdocs\site_iuhm\vendor\laravel\framework\src\Illuminate\Foundation\Vite.php(384): Illuminate\Foundation\Vite->manifest('build')
#1 C:\xampp\htdocs\site_iuhm\storage\framework\views\5fd94fc7a115eb01cf68443e349dcd01.php(16): Illuminate\Foundation\Vite->__invoke(Object(Illuminate\Support\Collection))
#2 C:\xampp\htdocs\site_iuhm\vendor\laravel\framework\src\Illuminate\Filesystem\Filesystem.php(123): require('C:\\xampp\\htdocs...')
#3 C:\xampp\htdocs\site_iuhm\vendor\laravel\framework\src\Illuminate\Filesystem\Filesystem.php(124): Illuminate\Filesystem\Filesystem::{closure:Illuminate\Filesystem\Filesystem::getRequire():120}()
#4 C:\xampp\htdocs\site_iuhm\vendor\laravel\framework\src\Illuminate\View\Engines\PhpEngine.php(57): Illuminate\Filesystem\Filesystem->getRequire('C:\\xampp\\htdocs...', Array)
#5 C:\xampp\htdocs\site_iuhm\vendor\livewire\livewire\src\Mechanisms\ExtendBlade\ExtendedCompilerEngine.php(22): Illuminate\View\Engines\PhpEngine->evaluatePath('C:\\xampp\\htdocs...', Array)
#6 C:\xampp\htdocs\site_iuhm\vendor\laravel\framework\src\Illuminate\View\Engines\CompilerEngine.php(76): Livewire\Mechanisms\ExtendBlade\ExtendedCompilerEngine->evaluatePath('C:\\xampp\\htdocs...', Array)
#7 C:\xampp\htdocs\site_iuhm\vendor\livewire\livewire\src\Mechanisms\ExtendBlade\ExtendedCompilerEngine.php(10): Illuminate\View\Engines\CompilerEngine->get('C:\\xampp\\htdocs...', Array)
#8 C:\xampp\htdocs\site_iuhm\vendor\laravel\framework\src\Illuminate\View\View.php(208): Livewire\Mechanisms\ExtendBlade\ExtendedCompilerEngine->get('C:\\xampp\\htdocs...', Array)
#9 C:\xampp\htdocs\site_iuhm\vendor\laravel\framework\src\Illuminate\View\View.php(191): Illuminate\View\View->getContents()
#10 C:\xampp\htdocs\site_iuhm\vendor\laravel\framework\src\Illuminate\View\View.php(160): Illuminate\View\View->renderContents()
#11 C:\xampp\htdocs\site_iuhm\storage\framework\views\9f512d4add5423159fffe52151bd4fe8.php(4): Illuminate\View\View->render()
#12 C:\xampp\htdocs\site_iuhm\vendor\laravel\framework\src\Illuminate\Filesystem\Filesystem.php(123): require('C:\\xampp\\htdocs...')
#13 C:\xampp\htdocs\site_iuhm\vendor\laravel\framework\src\Illuminate\Filesystem\Filesystem.php(124): Illuminate\Filesystem\Filesystem::{closure:Illuminate\Filesystem\Filesystem::getRequire():120}()
#14 C:\xampp\htdocs\site_iuhm\vendor\laravel\framework\src\Illuminate\View\Engines\PhpEngine.php(57): Illuminate\Filesystem\Filesystem->getRequire('C:\\xampp\\htdocs...', Array)
#15 C:\xampp\htdocs\site_iuhm\vendor\livewire\livewire\src\Mechanisms\ExtendBlade\ExtendedCompilerEngine.php(22): Illuminate\View\Engines\PhpEngine->evaluatePath('C:\\xampp\\htdocs...', Array)
#16 C:\xampp\htdocs\site_iuhm\vendor\laravel\framework\src\Illuminate\View\Engines\CompilerEngine.php(76): Livewire\Mechanisms\ExtendBlade\ExtendedCompilerEngine->evaluatePath('C:\\xampp\\htdocs...', Array)
#17 C:\xampp\htdocs\site_iuhm\vendor\livewire\livewire\src\Mechanisms\ExtendBlade\ExtendedCompilerEngine.php(10): Illuminate\View\Engines\CompilerEngine->get('C:\\xampp\\htdocs...', Array)
#18 C:\xampp\htdocs\site_iuhm\vendor\laravel\framework\src\Illuminate\View\View.php(208): Livewire\Mechanisms\ExtendBlade\ExtendedCompilerEngine->get('C:\\xampp\\htdocs...', Array)
#19 C:\xampp\htdocs\site_iuhm\vendor\laravel\framework\src\Illuminate\View\View.php(191): Illuminate\View\View->getContents()
#20 C:\xampp\htdocs\site_iuhm\vendor\laravel\framework\src\Illuminate\View\View.php(160): Illuminate\View\View->renderContents()
#21 C:\xampp\htdocs\site_iuhm\vendor\laravel\framework\src\Illuminate\View\Concerns\ManagesComponents.php(103): Illuminate\View\View->render()
#22 C:\xampp\htdocs\site_iuhm\storage\framework\views\77efdc9d6b730fc9d8b06a63d669eb13.php(15): Illuminate\View\Factory->renderComponent()
#23 C:\xampp\htdocs\site_iuhm\vendor\laravel\framework\src\Illuminate\Filesystem\Filesystem.php(123): require('C:\\xampp\\htdocs...')
#24 C:\xampp\htdocs\site_iuhm\vendor\laravel\framework\src\Illuminate\Filesystem\Filesystem.php(124): Illuminate\Filesystem\Filesystem::{closure:Illuminate\Filesystem\Filesystem::getRequire():120}()
#25 C:\xampp\htdocs\site_iuhm\vendor\laravel\framework\src\Illuminate\View\Engines\PhpEngine.php(57): Illuminate\Filesystem\Filesystem->getRequire('C:\\xampp\\htdocs...', Array)
#26 C:\xampp\htdocs\site_iuhm\vendor\livewire\livewire\src\Mechanisms\ExtendBlade\ExtendedCompilerEngine.php(22): Illuminate\View\Engines\PhpEngine->evaluatePath('C:\\xampp\\htdocs...', Array)
#27 C:\xampp\htdocs\site_iuhm\vendor\laravel\framework\src\Illuminate\View\Engines\CompilerEngine.php(76): Livewire\Mechanisms\ExtendBlade\ExtendedCompilerEngine->evaluatePath('C:\\xampp\\htdocs...', Array)
#28 C:\xampp\htdocs\site_iuhm\vendor\livewire\livewire\src\Mechanisms\ExtendBlade\ExtendedCompilerEngine.php(10): Illuminate\View\Engines\CompilerEngine->get('C:\\xampp\\htdocs...', Array)
#29 C:\xampp\htdocs\site_iuhm\vendor\laravel\framework\src\Illuminate\View\View.php(208): Livewire\Mechanisms\ExtendBlade\ExtendedCompilerEngine->get('C:\\xampp\\htdocs...', Array)
#30 C:\xampp\htdocs\site_iuhm\vendor\laravel\framework\src\Illuminate\View\View.php(191): Illuminate\View\View->getContents()
#31 C:\xampp\htdocs\site_iuhm\vendor\laravel\framework\src\Illuminate\View\View.php(160): Illuminate\View\View->renderContents()
#32 C:\xampp\htdocs\site_iuhm\vendor\laravel\framework\src\Illuminate\View\Concerns\ManagesComponents.php(103): Illuminate\View\View->render()
#33 C:\xampp\htdocs\site_iuhm\storage\framework\views\501fa2cce84219821d3c525bad27ab60.php(166): Illuminate\View\Factory->renderComponent()
#34 C:\xampp\htdocs\site_iuhm\vendor\laravel\framework\src\Illuminate\Filesystem\Filesystem.php(123): require('C:\\xampp\\htdocs...')
#35 C:\xampp\htdocs\site_iuhm\vendor\laravel\framework\src\Illuminate\Filesystem\Filesystem.php(124): Illuminate\Filesystem\Filesystem::{closure:Illuminate\Filesystem\Filesystem::getRequire():120}()
#36 C:\xampp\htdocs\site_iuhm\vendor\laravel\framework\src\Illuminate\View\Engines\PhpEngine.php(57): Illuminate\Filesystem\Filesystem->getRequire('C:\\xampp\\htdocs...', Array)
#37 C:\xampp\htdocs\site_iuhm\vendor\livewire\livewire\src\Mechanisms\ExtendBlade\ExtendedCompilerEngine.php(22): Illuminate\View\Engines\PhpEngine->evaluatePath('C:\\xampp\\htdocs...', Array)
#38 C:\xampp\htdocs\site_iuhm\vendor\laravel\framework\src\Illuminate\View\Engines\CompilerEngine.php(76): Livewire\Mechanisms\ExtendBlade\ExtendedCompilerEngine->evaluatePath('C:\\xampp\\htdocs...', Array)
#39 C:\xampp\htdocs\site_iuhm\vendor\livewire\livewire\src\Mechanisms\ExtendBlade\ExtendedCompilerEngine.php(10): Illuminate\View\Engines\CompilerEngine->get('C:\\xampp\\htdocs...', Array)
#40 C:\xampp\htdocs\site_iuhm\vendor\laravel\framework\src\Illuminate\View\View.php(208): Livewire\Mechanisms\ExtendBlade\ExtendedCompilerEngine->get('C:\\xampp\\htdocs...', Array)
#41 C:\xampp\htdocs\site_iuhm\vendor\laravel\framework\src\Illuminate\View\View.php(191): Illuminate\View\View->getContents()
#42 C:\xampp\htdocs\site_iuhm\vendor\laravel\framework\src\Illuminate\View\View.php(160): Illuminate\View\View->renderContents()
#43 C:\xampp\htdocs\site_iuhm\vendor\laravel\framework\src\Illuminate\Http\Response.php(78): Illuminate\View\View->render()
#44 C:\xampp\htdocs\site_iuhm\vendor\laravel\framework\src\Illuminate\Http\Response.php(34): Illuminate\Http\Response->setContent(Object(Illuminate\View\View))
#45 C:\xampp\htdocs\site_iuhm\vendor\laravel\framework\src\Illuminate\Routing\Router.php(939): Illuminate\Http\Response->__construct(Object(Illuminate\View\View), 200, Array)
#46 C:\xampp\htdocs\site_iuhm\vendor\laravel\framework\src\Illuminate\Routing\Router.php(906): Illuminate\Routing\Router::toResponse(Object(Illuminate\Http\Request), Object(Illuminate\View\View))
#47 C:\xampp\htdocs\site_iuhm\vendor\laravel\framework\src\Illuminate\Routing\Router.php(821): Illuminate\Routing\Router->prepareResponse(Object(Illuminate\Http\Request), Object(Laravel\Fortify\Http\Responses\SimpleViewResponse))
#48 C:\xampp\htdocs\site_iuhm\vendor\laravel\framework\src\Illuminate\Pipeline\Pipeline.php(180): Illuminate\Routing\Router->{closure:Illuminate\Routing\Router::runRouteWithinStack():821}(Object(Illuminate\Http\Request))
#49 C:\xampp\htdocs\site_iuhm\vendor\laravel\framework\src\Illuminate\Auth\Middleware\RedirectIfAuthenticated.php(47): Illuminate\Pipeline\Pipeline->{closure:Illuminate\Pipeline\Pipeline::prepareDestination():178}(Object(Illuminate\Http\Request))
#50 C:\xampp\htdocs\site_iuhm\vendor\laravel\framework\src\Illuminate\Pipeline\Pipeline.php(219): Illuminate\Auth\Middleware\RedirectIfAuthenticated->handle(Object(Illuminate\Http\Request), Object(Closure), 'web')
#51 C:\xampp\htdocs\site_iuhm\app\Http\Middleware\SetTeamUrlDefaults.php(26): Illuminate\Pipeline\Pipeline->{closure:{closure:Illuminate\Pipeline\Pipeline::carry():194}:195}(Object(Illuminate\Http\Request))
#52 C:\xampp\htdocs\site_iuhm\vendor\laravel\framework\src\Illuminate\Pipeline\Pipeline.php(219): App\Http\Middleware\SetTeamUrlDefaults->handle(Object(Illuminate\Http\Request), Object(Closure))
#53 C:\xampp\htdocs\site_iuhm\app\Http\Middleware\SetLocale.php(28): Illuminate\Pipeline\Pipeline->{closure:{closure:Illuminate\Pipeline\Pipeline::carry():194}:195}(Object(Illuminate\Http\Request))
#54 C:\xampp\htdocs\site_iuhm\vendor\laravel\framework\src\Illuminate\Pipeline\Pipeline.php(219): App\Http\Middleware\SetLocale->handle(Object(Illuminate\Http\Request), Object(Closure))
#55 C:\xampp\htdocs\site_iuhm\vendor\laravel\framework\src\Illuminate\Routing\Middleware\SubstituteBindings.php(52): Illuminate\Pipeline\Pipeline->{closure:{closure:Illuminate\Pipeline\Pipeline::carry():194}:195}(Object(Illuminate\Http\Request))
#56 C:\xampp\htdocs\site_iuhm\vendor\laravel\framework\src\Illuminate\Pipeline\Pipeline.php(219): Illuminate\Routing\Middleware\SubstituteBindings->handle(Object(Illuminate\Http\Request), Object(Closure))
#57 C:\xampp\htdocs\site_iuhm\vendor\laravel\framework\src\Illuminate\Foundation\Http\Middleware\PreventRequestForgery.php(104): Illuminate\Pipeline\Pipeline->{closure:{closure:Illuminate\Pipeline\Pipeline::carry():194}:195}(Object(Illuminate\Http\Request))
#58 C:\xampp\htdocs\site_iuhm\vendor\laravel\framework\src\Illuminate\Pipeline\Pipeline.php(219): Illuminate\Foundation\Http\Middleware\PreventRequestForgery->handle(Object(Illuminate\Http\Request), Object(Closure))
#59 C:\xampp\htdocs\site_iuhm\vendor\laravel\framework\src\Illuminate\View\Middleware\ShareErrorsFromSession.php(48): Illuminate\Pipeline\Pipeline->{closure:{closure:Illuminate\Pipeline\Pipeline::carry():194}:195}(Object(Illuminate\Http\Request))
#60 C:\xampp\htdocs\site_iuhm\vendor\laravel\framework\src\Illuminate\Pipeline\Pipeline.php(219): Illuminate\View\Middleware\ShareErrorsFromSession->handle(Object(Illuminate\Http\Request), Object(Closure))
#61 C:\xampp\htdocs\site_iuhm\vendor\laravel\framework\src\Illuminate\Session\Middleware\StartSession.php(120): Illuminate\Pipeline\Pipeline->{closure:{closure:Illuminate\Pipeline\Pipeline::carry():194}:195}(Object(Illuminate\Http\Request))
#62 C:\xampp\htdocs\site_iuhm\vendor\laravel\framework\src\Illuminate\Session\Middleware\StartSession.php(63): Illuminate\Session\Middleware\StartSession->handleStatefulRequest(Object(Illuminate\Http\Request), Object(Illuminate\Session\Store), Object(Closure))
#63 C:\xampp\htdocs\site_iuhm\vendor\laravel\framework\src\Illuminate\Pipeline\Pipeline.php(219): Illuminate\Session\Middleware\StartSession->handle(Object(Illuminate\Http\Request), Object(Closure))
#64 C:\xampp\htdocs\site_iuhm\vendor\laravel\framework\src\Illuminate\Cookie\Middleware\AddQueuedCookiesToResponse.php(36): Illuminate\Pipeline\Pipeline->{closure:{closure:Illuminate\Pipeline\Pipeline::carry():194}:195}(Object(Illuminate\Http\Request))
#65 C:\xampp\htdocs\site_iuhm\vendor\laravel\framework\src\Illuminate\Pipeline\Pipeline.php(219): Illuminate\Cookie\Middleware\AddQueuedCookiesToResponse->handle(Object(Illuminate\Http\Request), Object(Closure))
#66 C:\xampp\htdocs\site_iuhm\vendor\laravel\framework\src\Illuminate\Cookie\Middleware\EncryptCookies.php(74): Illuminate\Pipeline\Pipeline->{closure:{closure:Illuminate\Pipeline\Pipeline::carry():194}:195}(Object(Illuminate\Http\Request))
#67 C:\xampp\htdocs\site_iuhm\vendor\laravel\framework\src\Illuminate\Pipeline\Pipeline.php(219): Illuminate\Cookie\Middleware\EncryptCookies->handle(Object(Illuminate\Http\Request), Object(Closure))
#68 C:\xampp\htdocs\site_iuhm\vendor\laravel\framework\src\Illuminate\Pipeline\Pipeline.php(137): Illuminate\Pipeline\Pipeline->{closure:{closure:Illuminate\Pipeline\Pipeline::carry():194}:195}(Object(Illuminate\Http\Request))
#69 C:\xampp\htdocs\site_iuhm\vendor\laravel\framework\src\Illuminate\Routing\Router.php(821): Illuminate\Pipeline\Pipeline->then(Object(Closure))
#70 C:\xampp\htdocs\site_iuhm\vendor\laravel\framework\src\Illuminate\Routing\Router.php(800): Illuminate\Routing\Router->runRouteWithinStack(Object(Illuminate\Routing\Route), Object(Illuminate\Http\Request))
#71 C:\xampp\htdocs\site_iuhm\vendor\laravel\framework\src\Illuminate\Routing\Router.php(764): Illuminate\Routing\Router->runRoute(Object(Illuminate\Http\Request), Object(Illuminate\Routing\Route))
#72 C:\xampp\htdocs\site_iuhm\vendor\laravel\framework\src\Illuminate\Routing\Router.php(753): Illuminate\Routing\Router->dispatchToRoute(Object(Illuminate\Http\Request))
#73 C:\xampp\htdocs\site_iuhm\vendor\laravel\framework\src\Illuminate\Foundation\Http\Kernel.php(200): Illuminate\Routing\Router->dispatch(Object(Illuminate\Http\Request))
#74 C:\xampp\htdocs\site_iuhm\vendor\laravel\framework\src\Illuminate\Pipeline\Pipeline.php(180): Illuminate\Foundation\Http\Kernel->{closure:Illuminate\Foundation\Http\Kernel::dispatchToRouter():197}(Object(Illuminate\Http\Request))
#75 C:\xampp\htdocs\site_iuhm\vendor\livewire\livewire\src\Features\SupportDisablingBackButtonCache\DisableBackButtonCacheMiddleware.php(19): Illuminate\Pipeline\Pipeline->{closure:Illuminate\Pipeline\Pipeline::prepareDestination():178}(Object(Illuminate\Http\Request))
#76 C:\xampp\htdocs\site_iuhm\vendor\laravel\framework\src\Illuminate\Pipeline\Pipeline.php(219): Livewire\Features\SupportDisablingBackButtonCache\DisableBackButtonCacheMiddleware->handle(Object(Illuminate\Http\Request), Object(Closure))
#77 C:\xampp\htdocs\site_iuhm\vendor\laravel\framework\src\Illuminate\Foundation\Http\Middleware\TransformsRequest.php(21): Illuminate\Pipeline\Pipeline->{closure:{closure:Illuminate\Pipeline\Pipeline::carry():194}:195}(Object(Illuminate\Http\Request))
#78 C:\xampp\htdocs\site_iuhm\vendor\laravel\framework\src\Illuminate\Foundation\Http\Middleware\ConvertEmptyStringsToNull.php(31): Illuminate\Foundation\Http\Middleware\TransformsRequest->handle(Object(Illuminate\Http\Request), Object(Closure))
#79 C:\xampp\htdocs\site_iuhm\vendor\laravel\framework\src\Illuminate\Pipeline\Pipeline.php(219): Illuminate\Foundation\Http\Middleware\ConvertEmptyStringsToNull->handle(Object(Illuminate\Http\Request), Object(Closure))
#80 C:\xampp\htdocs\site_iuhm\vendor\laravel\framework\src\Illuminate\Foundation\Http\Middleware\TransformsRequest.php(21): Illuminate\Pipeline\Pipeline->{closure:{closure:Illuminate\Pipeline\Pipeline::carry():194}:195}(Object(Illuminate\Http\Request))
#81 C:\xampp\htdocs\site_iuhm\vendor\laravel\framework\src\Illuminate\Foundation\Http\Middleware\TrimStrings.php(51): Illuminate\Foundation\Http\Middleware\TransformsRequest->handle(Object(Illuminate\Http\Request), Object(Closure))
#82 C:\xampp\htdocs\site_iuhm\vendor\laravel\framework\src\Illuminate\Pipeline\Pipeline.php(219): Illuminate\Foundation\Http\Middleware\TrimStrings->handle(Object(Illuminate\Http\Request), Object(Closure))
#83 C:\xampp\htdocs\site_iuhm\vendor\laravel\framework\src\Illuminate\Http\Middleware\ValidatePostSize.php(27): Illuminate\Pipeline\Pipeline->{closure:{closure:Illuminate\Pipeline\Pipeline::carry():194}:195}(Object(Illuminate\Http\Request))
#84 C:\xampp\htdocs\site_iuhm\vendor\laravel\framework\src\Illuminate\Pipeline\Pipeline.php(219): Illuminate\Http\Middleware\ValidatePostSize->handle(Object(Illuminate\Http\Request), Object(Closure))
#85 C:\xampp\htdocs\site_iuhm\vendor\laravel\framework\src\Illuminate\Foundation\Http\Middleware\PreventRequestsDuringMaintenance.php(109): Illuminate\Pipeline\Pipeline->{closure:{closure:Illuminate\Pipeline\Pipeline::carry():194}:195}(Object(Illuminate\Http\Request))
#86 C:\xampp\htdocs\site_iuhm\vendor\laravel\framework\src\Illuminate\Pipeline\Pipeline.php(219): Illuminate\Foundation\Http\Middleware\PreventRequestsDuringMaintenance->handle(Object(Illuminate\Http\Request), Object(Closure))
#87 C:\xampp\htdocs\site_iuhm\vendor\laravel\framework\src\Illuminate\Http\Middleware\HandleCors.php(61): Illuminate\Pipeline\Pipeline->{closure:{closure:Illuminate\Pipeline\Pipeline::carry():194}:195}(Object(Illuminate\Http\Request))
#88 C:\xampp\htdocs\site_iuhm\vendor\laravel\framework\src\Illuminate\Pipeline\Pipeline.php(219): Illuminate\Http\Middleware\HandleCors->handle(Object(Illuminate\Http\Request), Object(Closure))
#89 C:\xampp\htdocs\site_iuhm\vendor\laravel\framework\src\Illuminate\Http\Middleware\TrustProxies.php(58): Illuminate\Pipeline\Pipeline->{closure:{closure:Illuminate\Pipeline\Pipeline::carry():194}:195}(Object(Illuminate\Http\Request))
#90 C:\xampp\htdocs\site_iuhm\vendor\laravel\framework\src\Illuminate\Pipeline\Pipeline.php(219): Illuminate\Http\Middleware\TrustProxies->handle(Object(Illuminate\Http\Request), Object(Closure))
#91 C:\xampp\htdocs\site_iuhm\vendor\laravel\framework\src\Illuminate\Foundation\Http\Middleware\InvokeDeferredCallbacks.php(22): Illuminate\Pipeline\Pipeline->{closure:{closure:Illuminate\Pipeline\Pipeline::carry():194}:195}(Object(Illuminate\Http\Request))
#92 C:\xampp\htdocs\site_iuhm\vendor\laravel\framework\src\Illuminate\Pipeline\Pipeline.php(219): Illuminate\Foundation\Http\Middleware\InvokeDeferredCallbacks->handle(Object(Illuminate\Http\Request), Object(Closure))
#93 C:\xampp\htdocs\site_iuhm\vendor\laravel\framework\src\Illuminate\Http\Middleware\ValidatePathEncoding.php(28): Illuminate\Pipeline\Pipeline->{closure:{closure:Illuminate\Pipeline\Pipeline::carry():194}:195}(Object(Illuminate\Http\Request))
#94 C:\xampp\htdocs\site_iuhm\vendor\laravel\framework\src\Illuminate\Pipeline\Pipeline.php(219): Illuminate\Http\Middleware\ValidatePathEncoding->handle(Object(Illuminate\Http\Request), Object(Closure))
#95 C:\xampp\htdocs\site_iuhm\vendor\laravel\framework\src\Illuminate\Pipeline\Pipeline.php(137): Illuminate\Pipeline\Pipeline->{closure:{closure:Illuminate\Pipeline\Pipeline::carry():194}:195}(Object(Illuminate\Http\Request))
#96 C:\xampp\htdocs\site_iuhm\vendor\laravel\framework\src\Illuminate\Foundation\Http\Kernel.php(175): Illuminate\Pipeline\Pipeline->then(Object(Closure))
#97 C:\xampp\htdocs\site_iuhm\vendor\laravel\framework\src\Illuminate\Foundation\Http\Kernel.php(144): Illuminate\Foundation\Http\Kernel->sendRequestThroughRouter(Object(Illuminate\Http\Request))
#98 C:\xampp\htdocs\site_iuhm\vendor\laravel\framework\src\Illuminate\Foundation\Testing\Concerns\MakesHttpRequests.php(607): Illuminate\Foundation\Http\Kernel->handle(Object(Illuminate\Http\Request))
#99 C:\xampp\htdocs\site_iuhm\vendor\laravel\framework\src\Illuminate\Foundation\Testing\Concerns\MakesHttpRequests.php(368): Illuminate\Foundation\Testing\TestCase->call('GET', 'http://localhos...', Array, Array, Array, Array)
#100 C:\xampp\htdocs\site_iuhm\tests\Feature\Auth\PasswordResetTest.php(50): Illuminate\Foundation\Testing\TestCase->get('http://localhos...')
#101 C:\xampp\htdocs\site_iuhm\vendor\laravel\framework\src\Illuminate\Support\Testing\Fakes\NotificationFake.php(261): Tests\Feature\Auth\PasswordResetTest->{closure:Tests\Feature\Auth\PasswordResetTest::test_reset_password_screen_can_be_rendered():49}(Object(Illuminate\Auth\Notifications\ResetPassword), Array, Object(App\Models\User), NULL)
#102 [internal function]: Illuminate\Support\Testing\Fakes\NotificationFake->{closure:Illuminate\Support\Testing\Fakes\NotificationFake::sent():261}(Array, 0)
#103 C:\xampp\htdocs\site_iuhm\vendor\laravel\framework\src\Illuminate\Collections\Arr.php(1240): array_filter(Array, Object(Closure), 1)
#104 C:\xampp\htdocs\site_iuhm\vendor\laravel\framework\src\Illuminate\Collections\Collection.php(426): Illuminate\Support\Arr::where(Array, Object(Closure))
#105 C:\xampp\htdocs\site_iuhm\vendor\laravel\framework\src\Illuminate\Support\Testing\Fakes\NotificationFake.php(260): Illuminate\Support\Collection->filter(Object(Closure))
#106 C:\xampp\htdocs\site_iuhm\vendor\laravel\framework\src\Illuminate\Support\Testing\Fakes\NotificationFake.php(90): Illuminate\Support\Testing\Fakes\NotificationFake->sent(Object(App\Models\User), 'Illuminate\\Auth...', Object(Closure))
#107 C:\xampp\htdocs\site_iuhm\vendor\laravel\framework\src\Illuminate\Support\Facades\Facade.php(363): Illuminate\Support\Testing\Fakes\NotificationFake->assertSentTo(Object(App\Models\User), 'Illuminate\\Auth...', Object(Closure))
#108 C:\xampp\htdocs\site_iuhm\tests\Feature\Auth\PasswordResetTest.php(49): Illuminate\Support\Facades\Facade::__callStatic('assertSentTo', Array)
#109 C:\xampp\htdocs\site_iuhm\vendor\phpunit\phpunit\src\Framework\TestCase.php(1335): Tests\Feature\Auth\PasswordResetTest->test_reset_password_screen_can_be_rendered()
#110 C:\xampp\htdocs\site_iuhm\vendor\phpunit\phpunit\src\Framework\TestCase.php(519): PHPUnit\Framework\TestCase->runTest()
#111 C:\xampp\htdocs\site_iuhm\vendor\phpunit\phpunit\src\Framework\TestRunner\TestRunner.php(99): PHPUnit\Framework\TestCase->runBare()
#112 C:\xampp\htdocs\site_iuhm\vendor\phpunit\phpunit\src\Framework\TestCase.php(359): PHPUnit\Framework\TestRunner->run(Object(Tests\Feature\Auth\PasswordResetTest))
#113 C:\xampp\htdocs\site_iuhm\vendor\phpunit\phpunit\src\Framework\TestSuite.php(374): PHPUnit\Framework\TestCase->run()
#114 C:\xampp\htdocs\site_iuhm\vendor\phpunit\phpunit\src\Framework\TestSuite.php(374): PHPUnit\Framework\TestSuite->run()
#115 C:\xampp\htdocs\site_iuhm\vendor\phpunit\phpunit\src\Framework\TestSuite.php(374): PHPUnit\Framework\TestSuite->run()
#116 C:\xampp\htdocs\site_iuhm\vendor\phpunit\phpunit\src\TextUI\TestRunner.php(64): PHPUnit\Framework\TestSuite->run()
#117 C:\xampp\htdocs\site_iuhm\vendor\phpunit\phpunit\src\TextUI\Application.php(229): PHPUnit\TextUI\TestRunner->run(Object(PHPUnit\TextUI\Configuration\Configuration), Object(PHPUnit\Runner\ResultCache\DefaultResultCache), Object(PHPUnit\Framework\TestSuite))
#118 C:\xampp\htdocs\site_iuhm\vendor\phpunit\phpunit\phpunit(104): PHPUnit\TextUI\Application->run(Array)
#119 {main}

Next Illuminate\View\ViewException: Vite manifest not found at: C:\xampp\htdocs\site_iuhm\public\build/manifest.json (View: C:\xampp\htdocs\site_iuhm\resources\views\partials\head.blade.php) in C:\xampp\htdocs\site_iuhm\vendor\laravel\framework\src\Illuminate\Foundation\Vite.php:946
Stack trace:
#0 C:\xampp\htdocs\site_iuhm\vendor\livewire\livewire\src\Mechanisms\ExtendBlade\ExtendedCompilerEngine.php(58): Illuminate\View\Engines\CompilerEngine->handleViewException(Object(Illuminate\Foundation\ViteManifestNotFoundException), 4)
#1 C:\xampp\htdocs\site_iuhm\vendor\laravel\framework\src\Illuminate\View\Engines\PhpEngine.php(59): Livewire\Mechanisms\ExtendBlade\ExtendedCompilerEngine->handleViewException(Object(Illuminate\Foundation\ViteManifestNotFoundException), 4)
#2 C:\xampp\htdocs\site_iuhm\vendor\livewire\livewire\src\Mechanisms\ExtendBlade\ExtendedCompilerEngine.php(22): Illuminate\View\Engines\PhpEngine->evaluatePath('C:\\xampp\\htdocs...', Array)
#3 C:\xampp\htdocs\site_iuhm\vendor\laravel\framework\src\Illuminate\View\Engines\CompilerEngine.php(76): Livewire\Mechanisms\ExtendBlade\ExtendedCompilerEngine->evaluatePath('C:\\xampp\\htdocs...', Array)
#4 C:\xampp\htdocs\site_iuhm\vendor\livewire\livewire\src\Mechanisms\ExtendBlade\ExtendedCompilerEngine.php(10): Illuminate\View\Engines\CompilerEngine->get('C:\\xampp\\htdocs...', Array)
#5 C:\xampp\htdocs\site_iuhm\vendor\laravel\framework\src\Illuminate\View\View.php(208): Livewire\Mechanisms\ExtendBlade\ExtendedCompilerEngine->get('C:\\xampp\\htdocs...', Array)
#6 C:\xampp\htdocs\site_iuhm\vendor\laravel\framework\src\Illuminate\View\View.php(191): Illuminate\View\View->getContents()
#7 C:\xampp\htdocs\site_iuhm\vendor\laravel\framework\src\Illuminate\View\View.php(160): Illuminate\View\View->renderContents()
#8 C:\xampp\htdocs\site_iuhm\storage\framework\views\9f512d4add5423159fffe52151bd4fe8.php(4): Illuminate\View\View->render()
#9 C:\xampp\htdocs\site_iuhm\vendor\laravel\framework\src\Illuminate\Filesystem\Filesystem.php(123): require('C:\\xampp\\htdocs...')
#10 C:\xampp\htdocs\site_iuhm\vendor\laravel\framework\src\Illuminate\Filesystem\Filesystem.php(124): Illuminate\Filesystem\Filesystem::{closure:Illuminate\Filesystem\Filesystem::getRequire():120}()
#11 C:\xampp\htdocs\site_iuhm\vendor\laravel\framework\src\Illuminate\View\Engines\PhpEngine.php(57): Illuminate\Filesystem\Filesystem->getRequire('C:\\xampp\\htdocs...', Array)
#12 C:\xampp\htdocs\site_iuhm\vendor\livewire\livewire\src\Mechanisms\ExtendBlade\ExtendedCompilerEngine.php(22): Illuminate\View\Engines\PhpEngine->evaluatePath('C:\\xampp\\htdocs...', Array)
#13 C:\xampp\htdocs\site_iuhm\vendor\laravel\framework\src\Illuminate\View\Engines\CompilerEngine.php(76): Livewire\Mechanisms\ExtendBlade\ExtendedCompilerEngine->evaluatePath('C:\\xampp\\htdocs...', Array)
#14 C:\xampp\htdocs\site_iuhm\vendor\livewire\livewire\src\Mechanisms\ExtendBlade\ExtendedCompilerEngine.php(10): Illuminate\View\Engines\CompilerEngine->get('C:\\xampp\\htdocs...', Array)
#15 C:\xampp\htdocs\site_iuhm\vendor\laravel\framework\src\Illuminate\View\View.php(208): Livewire\Mechanisms\ExtendBlade\ExtendedCompilerEngine->get('C:\\xampp\\htdocs...', Array)
#16 C:\xampp\htdocs\site_iuhm\vendor\laravel\framework\src\Illuminate\View\View.php(191): Illuminate\View\View->getContents()
#17 C:\xampp\htdocs\site_iuhm\vendor\laravel\framework\src\Illuminate\View\View.php(160): Illuminate\View\View->renderContents()
#18 C:\xampp\htdocs\site_iuhm\vendor\laravel\framework\src\Illuminate\View\Concerns\ManagesComponents.php(103): Illuminate\View\View->render()
#19 C:\xampp\htdocs\site_iuhm\storage\framework\views\77efdc9d6b730fc9d8b06a63d669eb13.php(15): Illuminate\View\Factory->renderComponent()
#20 C:\xampp\htdocs\site_iuhm\vendor\laravel\framework\src\Illuminate\Filesystem\Filesystem.php(123): require('C:\\xampp\\htdocs...')
#21 C:\xampp\htdocs\site_iuhm\vendor\laravel\framework\src\Illuminate\Filesystem\Filesystem.php(124): Illuminate\Filesystem\Filesystem::{closure:Illuminate\Filesystem\Filesystem::getRequire():120}()
#22 C:\xampp\htdocs\site_iuhm\vendor\laravel\framework\src\Illuminate\View\Engines\PhpEngine.php(57): Illuminate\Filesystem\Filesystem->getRequire('C:\\xampp\\htdocs...', Array)
#23 C:\xampp\htdocs\site_iuhm\vendor\livewire\livewire\src\Mechanisms\ExtendBlade\ExtendedCompilerEngine.php(22): Illuminate\View\Engines\PhpEngine->evaluatePath('C:\\xampp\\htdocs...', Array)
#24 C:\xampp\htdocs\site_iuhm\vendor\laravel\framework\src\Illuminate\View\Engines\CompilerEngine.php(76): Livewire\Mechanisms\ExtendBlade\ExtendedCompilerEngine->evaluatePath('C:\\xampp\\htdocs...', Array)
#25 C:\xampp\htdocs\site_iuhm\vendor\livewire\livewire\src\Mechanisms\ExtendBlade\ExtendedCompilerEngine.php(10): Illuminate\View\Engines\CompilerEngine->get('C:\\xampp\\htdocs...', Array)
#26 C:\xampp\htdocs\site_iuhm\vendor\laravel\framework\src\Illuminate\View\View.php(208): Livewire\Mechanisms\ExtendBlade\ExtendedCompilerEngine->get('C:\\xampp\\htdocs...', Array)
#27 C:\xampp\htdocs\site_iuhm\vendor\laravel\framework\src\Illuminate\View\View.php(191): Illuminate\View\View->getContents()
#28 C:\xampp\htdocs\site_iuhm\vendor\laravel\framework\src\Illuminate\View\View.php(160): Illuminate\View\View->renderContents()
#29 C:\xampp\htdocs\site_iuhm\vendor\laravel\framework\src\Illuminate\View\Concerns\ManagesComponents.php(103): Illuminate\View\View->render()
#30 C:\xampp\htdocs\site_iuhm\storage\framework\views\501fa2cce84219821d3c525bad27ab60.php(166): Illuminate\View\Factory->renderComponent()
#31 C:\xampp\htdocs\site_iuhm\vendor\laravel\framework\src\Illuminate\Filesystem\Filesystem.php(123): require('C:\\xampp\\htdocs...')
#32 C:\xampp\htdocs\site_iuhm\vendor\laravel\framework\src\Illuminate\Filesystem\Filesystem.php(124): Illuminate\Filesystem\Filesystem::{closure:Illuminate\Filesystem\Filesystem::getRequire():120}()
#33 C:\xampp\htdocs\site_iuhm\vendor\laravel\framework\src\Illuminate\View\Engines\PhpEngine.php(57): Illuminate\Filesystem\Filesystem->getRequire('C:\\xampp\\htdocs...', Array)
#34 C:\xampp\htdocs\site_iuhm\vendor\livewire\livewire\src\Mechanisms\ExtendBlade\ExtendedCompilerEngine.php(22): Illuminate\View\Engines\PhpEngine->evaluatePath('C:\\xampp\\htdocs...', Array)
#35 C:\xampp\htdocs\site_iuhm\vendor\laravel\framework\src\Illuminate\View\Engines\CompilerEngine.php(76): Livewire\Mechanisms\ExtendBlade\ExtendedCompilerEngine->evaluatePath('C:\\xampp\\htdocs...', Array)
#36 C:\xampp\htdocs\site_iuhm\vendor\livewire\livewire\src\Mechanisms\ExtendBlade\ExtendedCompilerEngine.php(10): Illuminate\View\Engines\CompilerEngine->get('C:\\xampp\\htdocs...', Array)
#37 C:\xampp\htdocs\site_iuhm\vendor\laravel\framework\src\Illuminate\View\View.php(208): Livewire\Mechanisms\ExtendBlade\ExtendedCompilerEngine->get('C:\\xampp\\htdocs...', Array)
#38 C:\xampp\htdocs\site_iuhm\vendor\laravel\framework\src\Illuminate\View\View.php(191): Illuminate\View\View->getContents()
#39 C:\xampp\htdocs\site_iuhm\vendor\laravel\framework\src\Illuminate\View\View.php(160): Illuminate\View\View->renderContents()
#40 C:\xampp\htdocs\site_iuhm\vendor\laravel\framework\src\Illuminate\Http\Response.php(78): Illuminate\View\View->render()
#41 C:\xampp\htdocs\site_iuhm\vendor\laravel\framework\src\Illuminate\Http\Response.php(34): Illuminate\Http\Response->setContent(Object(Illuminate\View\View))
#42 C:\xampp\htdocs\site_iuhm\vendor\laravel\framework\src\Illuminate\Routing\Router.php(939): Illuminate\Http\Response->__construct(Object(Illuminate\View\View), 200, Array)
#43 C:\xampp\htdocs\site_iuhm\vendor\laravel\framework\src\Illuminate\Routing\Router.php(906): Illuminate\Routing\Router::toResponse(Object(Illuminate\Http\Request), Object(Illuminate\View\View))
#44 C:\xampp\htdocs\site_iuhm\vendor\laravel\framework\src\Illuminate\Routing\Router.php(821): Illuminate\Routing\Router->prepareResponse(Object(Illuminate\Http\Request), Object(Laravel\Fortify\Http\Responses\SimpleViewResponse))
#45 C:\xampp\htdocs\site_iuhm\vendor\laravel\framework\src\Illuminate\Pipeline\Pipeline.php(180): Illuminate\Routing\Router->{closure:Illuminate\Routing\Router::runRouteWithinStack():821}(Object(Illuminate\Http\Request))
#46 C:\xampp\htdocs\site_iuhm\vendor\laravel\framework\src\Illuminate\Auth\Middleware\RedirectIfAuthenticated.php(47): Illuminate\Pipeline\Pipeline->{closure:Illuminate\Pipeline\Pipeline::prepareDestination():178}(Object(Illuminate\Http\Request))
#47 C:\xampp\htdocs\site_iuhm\vendor\laravel\framework\src\Illuminate\Pipeline\Pipeline.php(219): Illuminate\Auth\Middleware\RedirectIfAuthenticated->handle(Object(Illuminate\Http\Request), Object(Closure), 'web')
#48 C:\xampp\htdocs\site_iuhm\app\Http\Middleware\SetTeamUrlDefaults.php(26): Illuminate\Pipeline\Pipeline->{closure:{closure:Illuminate\Pipeline\Pipeline::carry():194}:195}(Object(Illuminate\Http\Request))
#49 C:\xampp\htdocs\site_iuhm\vendor\laravel\framework\src\Illuminate\Pipeline\Pipeline.php(219): App\Http\Middleware\SetTeamUrlDefaults->handle(Object(Illuminate\Http\Request), Object(Closure))
#50 C:\xampp\htdocs\site_iuhm\app\Http\Middleware\SetLocale.php(28): Illuminate\Pipeline\Pipeline->{closure:{closure:Illuminate\Pipeline\Pipeline::carry():194}:195}(Object(Illuminate\Http\Request))
#51 C:\xampp\htdocs\site_iuhm\vendor\laravel\framework\src\Illuminate\Pipeline\Pipeline.php(219): App\Http\Middleware\SetLocale->handle(Object(Illuminate\Http\Request), Object(Closure))
#52 C:\xampp\htdocs\site_iuhm\vendor\laravel\framework\src\Illuminate\Routing\Middleware\SubstituteBindings.php(52): Illuminate\Pipeline\Pipeline->{closure:{closure:Illuminate\Pipeline\Pipeline::carry():194}:195}(Object(Illuminate\Http\Request))
#53 C:\xampp\htdocs\site_iuhm\vendor\laravel\framework\src\Illuminate\Pipeline\Pipeline.php(219): Illuminate\Routing\Middleware\SubstituteBindings->handle(Object(Illuminate\Http\Request), Object(Closure))
#54 C:\xampp\htdocs\site_iuhm\vendor\laravel\framework\src\Illuminate\Foundation\Http\Middleware\PreventRequestForgery.php(104): Illuminate\Pipeline\Pipeline->{closure:{closure:Illuminate\Pipeline\Pipeline::carry():194}:195}(Object(Illuminate\Http\Request))
#55 C:\xampp\htdocs\site_iuhm\vendor\laravel\framework\src\Illuminate\Pipeline\Pipeline.php(219): Illuminate\Foundation\Http\Middleware\PreventRequestForgery->handle(Object(Illuminate\Http\Request), Object(Closure))
#56 C:\xampp\htdocs\site_iuhm\vendor\laravel\framework\src\Illuminate\View\Middleware\ShareErrorsFromSession.php(48): Illuminate\Pipeline\Pipeline->{closure:{closure:Illuminate\Pipeline\Pipeline::carry():194}:195}(Object(Illuminate\Http\Request))
#57 C:\xampp\htdocs\site_iuhm\vendor\laravel\framework\src\Illuminate\Pipeline\Pipeline.php(219): Illuminate\View\Middleware\ShareErrorsFromSession->handle(Object(Illuminate\Http\Request), Object(Closure))
#58 C:\xampp\htdocs\site_iuhm\vendor\laravel\framework\src\Illuminate\Session\Middleware\StartSession.php(120): Illuminate\Pipeline\Pipeline->{closure:{closure:Illuminate\Pipeline\Pipeline::carry():194}:195}(Object(Illuminate\Http\Request))
#59 C:\xampp\htdocs\site_iuhm\vendor\laravel\framework\src\Illuminate\Session\Middleware\StartSession.php(63): Illuminate\Session\Middleware\StartSession->handleStatefulRequest(Object(Illuminate\Http\Request), Object(Illuminate\Session\Store), Object(Closure))
#60 C:\xampp\htdocs\site_iuhm\vendor\laravel\framework\src\Illuminate\Pipeline\Pipeline.php(219): Illuminate\Session\Middleware\StartSession->handle(Object(Illuminate\Http\Request), Object(Closure))
#61 C:\xampp\htdocs\site_iuhm\vendor\laravel\framework\src\Illuminate\Cookie\Middleware\AddQueuedCookiesToResponse.php(36): Illuminate\Pipeline\Pipeline->{closure:{closure:Illuminate\Pipeline\Pipeline::carry():194}:195}(Object(Illuminate\Http\Request))
#62 C:\xampp\htdocs\site_iuhm\vendor\laravel\framework\src\Illuminate\Pipeline\Pipeline.php(219): Illuminate\Cookie\Middleware\AddQueuedCookiesToResponse->handle(Object(Illuminate\Http\Request), Object(Closure))
#63 C:\xampp\htdocs\site_iuhm\vendor\laravel\framework\src\Illuminate\Cookie\Middleware\EncryptCookies.php(74): Illuminate\Pipeline\Pipeline->{closure:{closure:Illuminate\Pipeline\Pipeline::carry():194}:195}(Object(Illuminate\Http\Request))
#64 C:\xampp\htdocs\site_iuhm\vendor\laravel\framework\src\Illuminate\Pipeline\Pipeline.php(219): Illuminate\Cookie\Middleware\EncryptCookies->handle(Object(Illuminate\Http\Request), Object(Closure))
#65 C:\xampp\htdocs\site_iuhm\vendor\laravel\framework\src\Illuminate\Pipeline\Pipeline.php(137): Illuminate\Pipeline\Pipeline->{closure:{closure:Illuminate\Pipeline\Pipeline::carry():194}:195}(Object(Illuminate\Http\Request))
#66 C:\xampp\htdocs\site_iuhm\vendor\laravel\framework\src\Illuminate\Routing\Router.php(821): Illuminate\Pipeline\Pipeline->then(Object(Closure))
#67 C:\xampp\htdocs\site_iuhm\vendor\laravel\framework\src\Illuminate\Routing\Router.php(800): Illuminate\Routing\Router->runRouteWithinStack(Object(Illuminate\Routing\Route), Object(Illuminate\Http\Request))
#68 C:\xampp\htdocs\site_iuhm\vendor\laravel\framework\src\Illuminate\Routing\Router.php(764): Illuminate\Routing\Router->runRoute(Object(Illuminate\Http\Request), Object(Illuminate\Routing\Route))
#69 C:\xampp\htdocs\site_iuhm\vendor\laravel\framework\src\Illuminate\Routing\Router.php(753): Illuminate\Routing\Router->dispatchToRoute(Object(Illuminate\Http\Request))
#70 C:\xampp\htdocs\site_iuhm\vendor\laravel\framework\src\Illuminate\Foundation\Http\Kernel.php(200): Illuminate\Routing\Router->dispatch(Object(Illuminate\Http\Request))
#71 C:\xampp\htdocs\site_iuhm\vendor\laravel\framework\src\Illuminate\Pipeline\Pipeline.php(180): Illuminate\Foundation\Http\Kernel->{closure:Illuminate\Foundation\Http\Kernel::dispatchToRouter():197}(Object(Illuminate\Http\Request))
#72 C:\xampp\htdocs\site_iuhm\vendor\livewire\livewire\src\Features\SupportDisablingBackButtonCache\DisableBackButtonCacheMiddleware.php(19): Illuminate\Pipeline\Pipeline->{closure:Illuminate\Pipeline\Pipeline::prepareDestination():178}(Object(Illuminate\Http\Request))
#73 C:\xampp\htdocs\site_iuhm\vendor\laravel\framework\src\Illuminate\Pipeline\Pipeline.php(219): Livewire\Features\SupportDisablingBackButtonCache\DisableBackButtonCacheMiddleware->handle(Object(Illuminate\Http\Request), Object(Closure))
#74 C:\xampp\htdocs\site_iuhm\vendor\laravel\framework\src\Illuminate\Foundation\Http\Middleware\TransformsRequest.php(21): Illuminate\Pipeline\Pipeline->{closure:{closure:Illuminate\Pipeline\Pipeline::carry():194}:195}(Object(Illuminate\Http\Request))
#75 C:\xampp\htdocs\site_iuhm\vendor\laravel\framework\src\Illuminate\Foundation\Http\Middleware\ConvertEmptyStringsToNull.php(31): Illuminate\Foundation\Http\Middleware\TransformsRequest->handle(Object(Illuminate\Http\Request), Object(Closure))
#76 C:\xampp\htdocs\site_iuhm\vendor\laravel\framework\src\Illuminate\Pipeline\Pipeline.php(219): Illuminate\Foundation\Http\Middleware\ConvertEmptyStringsToNull->handle(Object(Illuminate\Http\Request), Object(Closure))
#77 C:\xampp\htdocs\site_iuhm\vendor\laravel\framework\src\Illuminate\Foundation\Http\Middleware\TransformsRequest.php(21): Illuminate\Pipeline\Pipeline->{closure:{closure:Illuminate\Pipeline\Pipeline::carry():194}:195}(Object(Illuminate\Http\Request))
#78 C:\xampp\htdocs\site_iuhm\vendor\laravel\framework\src\Illuminate\Foundation\Http\Middleware\TrimStrings.php(51): Illuminate\Foundation\Http\Middleware\TransformsRequest->handle(Object(Illuminate\Http\Request), Object(Closure))
#79 C:\xampp\htdocs\site_iuhm\vendor\laravel\framework\src\Illuminate\Pipeline\Pipeline.php(219): Illuminate\Foundation\Http\Middleware\TrimStrings->handle(Object(Illuminate\Http\Request), Object(Closure))
#80 C:\xampp\htdocs\site_iuhm\vendor\laravel\framework\src\Illuminate\Http\Middleware\ValidatePostSize.php(27): Illuminate\Pipeline\Pipeline->{closure:{closure:Illuminate\Pipeline\Pipeline::carry():194}:195}(Object(Illuminate\Http\Request))
#81 C:\xampp\htdocs\site_iuhm\vendor\laravel\framework\src\Illuminate\Pipeline\Pipeline.php(219): Illuminate\Http\Middleware\ValidatePostSize->handle(Object(Illuminate\Http\Request), Object(Closure))
#82 C:\xampp\htdocs\site_iuhm\vendor\laravel\framework\src\Illuminate\Foundation\Http\Middleware\PreventRequestsDuringMaintenance.php(109): Illuminate\Pipeline\Pipeline->{closure:{closure:Illuminate\Pipeline\Pipeline::carry():194}:195}(Object(Illuminate\Http\Request))
#83 C:\xampp\htdocs\site_iuhm\vendor\laravel\framework\src\Illuminate\Pipeline\Pipeline.php(219): Illuminate\Foundation\Http\Middleware\PreventRequestsDuringMaintenance->handle(Object(Illuminate\Http\Request), Object(Closure))
#84 C:\xampp\htdocs\site_iuhm\vendor\laravel\framework\src\Illuminate\Http\Middleware\HandleCors.php(61): Illuminate\Pipeline\Pipeline->{closure:{closure:Illuminate\Pipeline\Pipeline::carry():194}:195}(Object(Illuminate\Http\Request))
#85 C:\xampp\htdocs\site_iuhm\vendor\laravel\framework\src\Illuminate\Pipeline\Pipeline.php(219): Illuminate\Http\Middleware\HandleCors->handle(Object(Illuminate\Http\Request), Object(Closure))
#86 C:\xampp\htdocs\site_iuhm\vendor\laravel\framework\src\Illuminate\Http\Middleware\TrustProxies.php(58): Illuminate\Pipeline\Pipeline->{closure:{closure:Illuminate\Pipeline\Pipeline::carry():194}:195}(Object(Illuminate\Http\Request))
#87 C:\xampp\htdocs\site_iuhm\vendor\laravel\framework\src\Illuminate\Pipeline\Pipeline.php(219): Illuminate\Http\Middleware\TrustProxies->handle(Object(Illuminate\Http\Request), Object(Closure))
#88 C:\xampp\htdocs\site_iuhm\vendor\laravel\framework\src\Illuminate\Foundation\Http\Middleware\InvokeDeferredCallbacks.php(22): Illuminate\Pipeline\Pipeline->{closure:{closure:Illuminate\Pipeline\Pipeline::carry():194}:195}(Object(Illuminate\Http\Request))
#89 C:\xampp\htdocs\site_iuhm\vendor\laravel\framework\src\Illuminate\Pipeline\Pipeline.php(219): Illuminate\Foundation\Http\Middleware\InvokeDeferredCallbacks->handle(Object(Illuminate\Http\Request), Object(Closure))
#90 C:\xampp\htdocs\site_iuhm\vendor\laravel\framework\src\Illuminate\Http\Middleware\ValidatePathEncoding.php(28): Illuminate\Pipeline\Pipeline->{closure:{closure:Illuminate\Pipeline\Pipeline::carry():194}:195}(Object(Illuminate\Http\Request))
#91 C:\xampp\htdocs\site_iuhm\vendor\laravel\framework\src\Illuminate\Pipeline\Pipeline.php(219): Illuminate\Http\Middleware\ValidatePathEncoding->handle(Object(Illuminate\Http\Request), Object(Closure))
#92 C:\xampp\htdocs\site_iuhm\vendor\laravel\framework\src\Illuminate\Pipeline\Pipeline.php(137): Illuminate\Pipeline\Pipeline->{closure:{closure:Illuminate\Pipeline\Pipeline::carry():194}:195}(Object(Illuminate\Http\Request))
#93 C:\xampp\htdocs\site_iuhm\vendor\laravel\framework\src\Illuminate\Foundation\Http\Kernel.php(175): Illuminate\Pipeline\Pipeline->then(Object(Closure))
#94 C:\xampp\htdocs\site_iuhm\vendor\laravel\framework\src\Illuminate\Foundation\Http\Kernel.php(144): Illuminate\Foundation\Http\Kernel->sendRequestThroughRouter(Object(Illuminate\Http\Request))
#95 C:\xampp\htdocs\site_iuhm\vendor\laravel\framework\src\Illuminate\Foundation\Testing\Concerns\MakesHttpRequests.php(607): Illuminate\Foundation\Http\Kernel->handle(Object(Illuminate\Http\Request))
#96 C:\xampp\htdocs\site_iuhm\vendor\laravel\framework\src\Illuminate\Foundation\Testing\Concerns\MakesHttpRequests.php(368): Illuminate\Foundation\Testing\TestCase->call('GET', 'http://localhos...', Array, Array, Array, Array)
#97 C:\xampp\htdocs\site_iuhm\tests\Feature\Auth\PasswordResetTest.php(50): Illuminate\Foundation\Testing\TestCase->get('http://localhos...')
#98 C:\xampp\htdocs\site_iuhm\vendor\laravel\framework\src\Illuminate\Support\Testing\Fakes\NotificationFake.php(261): Tests\Feature\Auth\PasswordResetTest->{closure:Tests\Feature\Auth\PasswordResetTest::test_reset_password_screen_can_be_rendered():49}(Object(Illuminate\Auth\Notifications\ResetPassword), Array, Object(App\Models\User), NULL)
#99 [internal function]: Illuminate\Support\Testing\Fakes\NotificationFake->{closure:Illuminate\Support\Testing\Fakes\NotificationFake::sent():261}(Array, 0)
#100 C:\xampp\htdocs\site_iuhm\vendor\laravel\framework\src\Illuminate\Collections\Arr.php(1240): array_filter(Array, Object(Closure), 1)
#101 C:\xampp\htdocs\site_iuhm\vendor\laravel\framework\src\Illuminate\Collections\Collection.php(426): Illuminate\Support\Arr::where(Array, Object(Closure))
#102 C:\xampp\htdocs\site_iuhm\vendor\laravel\framework\src\Illuminate\Support\Testing\Fakes\NotificationFake.php(260): Illuminate\Support\Collection->filter(Object(Closure))
#103 C:\xampp\htdocs\site_iuhm\vendor\laravel\framework\src\Illuminate\Support\Testing\Fakes\NotificationFake.php(90): Illuminate\Support\Testing\Fakes\NotificationFake->sent(Object(App\Models\User), 'Illuminate\\Auth...', Object(Closure))
#104 C:\xampp\htdocs\site_iuhm\vendor\laravel\framework\src\Illuminate\Support\Facades\Facade.php(363): Illuminate\Support\Testing\Fakes\NotificationFake->assertSentTo(Object(App\Models\User), 'Illuminate\\Auth...', Object(Closure))
#105 C:\xampp\htdocs\site_iuhm\tests\Feature\Auth\PasswordResetTest.php(49): Illuminate\Support\Facades\Facade::__callStatic('assertSentTo', Array)
#106 C:\xampp\htdocs\site_iuhm\vendor\phpunit\phpunit\src\Framework\TestCase.php(1335): Tests\Feature\Auth\PasswordResetTest->test_reset_password_screen_can_be_rendered()
#107 C:\xampp\htdocs\site_iuhm\vendor\phpunit\phpunit\src\Framework\TestCase.php(519): PHPUnit\Framework\TestCase->runTest()
#108 C:\xampp\htdocs\site_iuhm\vendor\phpunit\phpunit\src\Framework\TestRunner\TestRunner.php(99): PHPUnit\Framework\TestCase->runBare()
#109 C:\xampp\htdocs\site_iuhm\vendor\phpunit\phpunit\src\Framework\TestCase.php(359): PHPUnit\Framework\TestRunner->run(Object(Tests\Feature\Auth\PasswordResetTest))
#110 C:\xampp\htdocs\site_iuhm\vendor\phpunit\phpunit\src\Framework\TestSuite.php(374): PHPUnit\Framework\TestCase->run()
#111 C:\xampp\htdocs\site_iuhm\vendor\phpunit\phpunit\src\Framework\TestSuite.php(374): PHPUnit\Framework\TestSuite->run()
#112 C:\xampp\htdocs\site_iuhm\vendor\phpunit\phpunit\src\Framework\TestSuite.php(374): PHPUnit\Framework\TestSuite->run()
#113 C:\xampp\htdocs\site_iuhm\vendor\phpunit\phpunit\src\TextUI\TestRunner.php(64): PHPUnit\Framework\TestSuite->run()
#114 C:\xampp\htdocs\site_iuhm\vendor\phpunit\phpunit\src\TextUI\Application.php(229): PHPUnit\TextUI\TestRunner->run(Object(PHPUnit\TextUI\Configuration\Configuration), Object(PHPUnit\Runner\ResultCache\DefaultResultCache), Object(PHPUnit\Framework\TestSuite))
#115 C:\xampp\htdocs\site_iuhm\vendor\phpunit\phpunit\phpunit(104): PHPUnit\TextUI\Application->run(Array)
#116 {main}

Next Illuminate\View\ViewException: Vite manifest not found at: C:\xampp\htdocs\site_iuhm\public\build/manifest.json (View: C:\xampp\htdocs\site_iuhm\resources\views\partials\head.blade.php) (View: C:\xampp\htdocs\site_iuhm\resources\views\partials\head.blade.php) in C:\xampp\htdocs\site_iuhm\vendor\laravel\framework\src\Illuminate\Foundation\Vite.php:946
Stack trace:
#0 C:\xampp\htdocs\site_iuhm\vendor\livewire\livewire\src\Mechanisms\ExtendBlade\ExtendedCompilerEngine.php(58): Illuminate\View\Engines\CompilerEngine->handleViewException(Object(Illuminate\View\ViewException), 3)
#1 C:\xampp\htdocs\site_iuhm\vendor\laravel\framework\src\Illuminate\View\Engines\PhpEngine.php(59): Livewire\Mechanisms\ExtendBlade\ExtendedCompilerEngine->handleViewException(Object(Illuminate\View\ViewException), 3)
#2 C:\xampp\htdocs\site_iuhm\vendor\livewire\livewire\src\Mechanisms\ExtendBlade\ExtendedCompilerEngine.php(22): Illuminate\View\Engines\PhpEngine->evaluatePath('C:\\xampp\\htdocs...', Array)
#3 C:\xampp\htdocs\site_iuhm\vendor\laravel\framework\src\Illuminate\View\Engines\CompilerEngine.php(76): Livewire\Mechanisms\ExtendBlade\ExtendedCompilerEngine->evaluatePath('C:\\xampp\\htdocs...', Array)
#4 C:\xampp\htdocs\site_iuhm\vendor\livewire\livewire\src\Mechanisms\ExtendBlade\ExtendedCompilerEngine.php(10): Illuminate\View\Engines\CompilerEngine->get('C:\\xampp\\htdocs...', Array)
#5 C:\xampp\htdocs\site_iuhm\vendor\laravel\framework\src\Illuminate\View\View.php(208): Livewire\Mechanisms\ExtendBlade\ExtendedCompilerEngine->get('C:\\xampp\\htdocs...', Array)
#6 C:\xampp\htdocs\site_iuhm\vendor\laravel\framework\src\Illuminate\View\View.php(191): Illuminate\View\View->getContents()
#7 C:\xampp\htdocs\site_iuhm\vendor\laravel\framework\src\Illuminate\View\View.php(160): Illuminate\View\View->renderContents()
#8 C:\xampp\htdocs\site_iuhm\vendor\laravel\framework\src\Illuminate\View\Concerns\ManagesComponents.php(103): Illuminate\View\View->render()
#9 C:\xampp\htdocs\site_iuhm\storage\framework\views\77efdc9d6b730fc9d8b06a63d669eb13.php(15): Illuminate\View\Factory->renderComponent()
#10 C:\xampp\htdocs\site_iuhm\vendor\laravel\framework\src\Illuminate\Filesystem\Filesystem.php(123): require('C:\\xampp\\htdocs...')
#11 C:\xampp\htdocs\site_iuhm\vendor\laravel\framework\src\Illuminate\Filesystem\Filesystem.php(124): Illuminate\Filesystem\Filesystem::{closure:Illuminate\Filesystem\Filesystem::getRequire():120}()
#12 C:\xampp\htdocs\site_iuhm\vendor\laravel\framework\src\Illuminate\View\Engines\PhpEngine.php(57): Illuminate\Filesystem\Filesystem->getRequire('C:\\xampp\\htdocs...', Array)
#13 C:\xampp\htdocs\site_iuhm\vendor\livewire\livewire\src\Mechanisms\ExtendBlade\ExtendedCompilerEngine.php(22): Illuminate\View\Engines\PhpEngine->evaluatePath('C:\\xampp\\htdocs...', Array)
#14 C:\xampp\htdocs\site_iuhm\vendor\laravel\framework\src\Illuminate\View\Engines\CompilerEngine.php(76): Livewire\Mechanisms\ExtendBlade\ExtendedCompilerEngine->evaluatePath('C:\\xampp\\htdocs...', Array)
#15 C:\xampp\htdocs\site_iuhm\vendor\livewire\livewire\src\Mechanisms\ExtendBlade\ExtendedCompilerEngine.php(10): Illuminate\View\Engines\CompilerEngine->get('C:\\xampp\\htdocs...', Array)
#16 C:\xampp\htdocs\site_iuhm\vendor\laravel\framework\src\Illuminate\View\View.php(208): Livewire\Mechanisms\ExtendBlade\ExtendedCompilerEngine->get('C:\\xampp\\htdocs...', Array)
#17 C:\xampp\htdocs\site_iuhm\vendor\laravel\framework\src\Illuminate\View\View.php(191): Illuminate\View\View->getContents()
#18 C:\xampp\htdocs\site_iuhm\vendor\laravel\framework\src\Illuminate\View\View.php(160): Illuminate\View\View->renderContents()
#19 C:\xampp\htdocs\site_iuhm\vendor\laravel\framework\src\Illuminate\View\Concerns\ManagesComponents.php(103): Illuminate\View\View->render()
#20 C:\xampp\htdocs\site_iuhm\storage\framework\views\501fa2cce84219821d3c525bad27ab60.php(166): Illuminate\View\Factory->renderComponent()
#21 C:\xampp\htdocs\site_iuhm\vendor\laravel\framework\src\Illuminate\Filesystem\Filesystem.php(123): require('C:\\xampp\\htdocs...')
#22 C:\xampp\htdocs\site_iuhm\vendor\laravel\framework\src\Illuminate\Filesystem\Filesystem.php(124): Illuminate\Filesystem\Filesystem::{closure:Illuminate\Filesystem\Filesystem::getRequire():120}()
#23 C:\xampp\htdocs\site_iuhm\vendor\laravel\framework\src\Illuminate\View\Engines\PhpEngine.php(57): Illuminate\Filesystem\Filesystem->getRequire('C:\\xampp\\htdocs...', Array)
#24 C:\xampp\htdocs\site_iuhm\vendor\livewire\livewire\src\Mechanisms\ExtendBlade\ExtendedCompilerEngine.php(22): Illuminate\View\Engines\PhpEngine->evaluatePath('C:\\xampp\\htdocs...', Array)
#25 C:\xampp\htdocs\site_iuhm\vendor\laravel\framework\src\Illuminate\View\Engines\CompilerEngine.php(76): Livewire\Mechanisms\ExtendBlade\ExtendedCompilerEngine->evaluatePath('C:\\xampp\\htdocs...', Array)
#26 C:\xampp\htdocs\site_iuhm\vendor\livewire\livewire\src\Mechanisms\ExtendBlade\ExtendedCompilerEngine.php(10): Illuminate\View\Engines\CompilerEngine->get('C:\\xampp\\htdocs...', Array)
#27 C:\xampp\htdocs\site_iuhm\vendor\laravel\framework\src\Illuminate\View\View.php(208): Livewire\Mechanisms\ExtendBlade\ExtendedCompilerEngine->get('C:\\xampp\\htdocs...', Array)
#28 C:\xampp\htdocs\site_iuhm\vendor\laravel\framework\src\Illuminate\View\View.php(191): Illuminate\View\View->getContents()
#29 C:\xampp\htdocs\site_iuhm\vendor\laravel\framework\src\Illuminate\View\View.php(160): Illuminate\View\View->renderContents()
#30 C:\xampp\htdocs\site_iuhm\vendor\laravel\framework\src\Illuminate\Http\Response.php(78): Illuminate\View\View->render()
#31 C:\xampp\htdocs\site_iuhm\vendor\laravel\framework\src\Illuminate\Http\Response.php(34): Illuminate\Http\Response->setContent(Object(Illuminate\View\View))
#32 C:\xampp\htdocs\site_iuhm\vendor\laravel\framework\src\Illuminate\Routing\Router.php(939): Illuminate\Http\Response->__construct(Object(Illuminate\View\View), 200, Array)
#33 C:\xampp\htdocs\site_iuhm\vendor\laravel\framework\src\Illuminate\Routing\Router.php(906): Illuminate\Routing\Router::toResponse(Object(Illuminate\Http\Request), Object(Illuminate\View\View))
#34 C:\xampp\htdocs\site_iuhm\vendor\laravel\framework\src\Illuminate\Routing\Router.php(821): Illuminate\Routing\Router->prepareResponse(Object(Illuminate\Http\Request), Object(Laravel\Fortify\Http\Responses\SimpleViewResponse))
#35 C:\xampp\htdocs\site_iuhm\vendor\laravel\framework\src\Illuminate\Pipeline\Pipeline.php(180): Illuminate\Routing\Router->{closure:Illuminate\Routing\Router::runRouteWithinStack():821}(Object(Illuminate\Http\Request))
#36 C:\xampp\htdocs\site_iuhm\vendor\laravel\framework\src\Illuminate\Auth\Middleware\RedirectIfAuthenticated.php(47): Illuminate\Pipeline\Pipeline->{closure:Illuminate\Pipeline\Pipeline::prepareDestination():178}(Object(Illuminate\Http\Request))
#37 C:\xampp\htdocs\site_iuhm\vendor\laravel\framework\src\Illuminate\Pipeline\Pipeline.php(219): Illuminate\Auth\Middleware\RedirectIfAuthenticated->handle(Object(Illuminate\Http\Request), Object(Closure), 'web')
#38 C:\xampp\htdocs\site_iuhm\app\Http\Middleware\SetTeamUrlDefaults.php(26): Illuminate\Pipeline\Pipeline->{closure:{closure:Illuminate\Pipeline\Pipeline::carry():194}:195}(Object(Illuminate\Http\Request))
#39 C:\xampp\htdocs\site_iuhm\vendor\laravel\framework\src\Illuminate\Pipeline\Pipeline.php(219): App\Http\Middleware\SetTeamUrlDefaults->handle(Object(Illuminate\Http\Request), Object(Closure))
#40 C:\xampp\htdocs\site_iuhm\app\Http\Middleware\SetLocale.php(28): Illuminate\Pipeline\Pipeline->{closure:{closure:Illuminate\Pipeline\Pipeline::carry():194}:195}(Object(Illuminate\Http\Request))
#41 C:\xampp\htdocs\site_iuhm\vendor\laravel\framework\src\Illuminate\Pipeline\Pipeline.php(219): App\Http\Middleware\SetLocale->handle(Object(Illuminate\Http\Request), Object(Closure))
#42 C:\xampp\htdocs\site_iuhm\vendor\laravel\framework\src\Illuminate\Routing\Middleware\SubstituteBindings.php(52): Illuminate\Pipeline\Pipeline->{closure:{closure:Illuminate\Pipeline\Pipeline::carry():194}:195}(Object(Illuminate\Http\Request))
#43 C:\xampp\htdocs\site_iuhm\vendor\laravel\framework\src\Illuminate\Pipeline\Pipeline.php(219): Illuminate\Routing\Middleware\SubstituteBindings->handle(Object(Illuminate\Http\Request), Object(Closure))
#44 C:\xampp\htdocs\site_iuhm\vendor\laravel\framework\src\Illuminate\Foundation\Http\Middleware\PreventRequestForgery.php(104): Illuminate\Pipeline\Pipeline->{closure:{closure:Illuminate\Pipeline\Pipeline::carry():194}:195}(Object(Illuminate\Http\Request))
#45 C:\xampp\htdocs\site_iuhm\vendor\laravel\framework\src\Illuminate\Pipeline\Pipeline.php(219): Illuminate\Foundation\Http\Middleware\PreventRequestForgery->handle(Object(Illuminate\Http\Request), Object(Closure))
#46 C:\xampp\htdocs\site_iuhm\vendor\laravel\framework\src\Illuminate\View\Middleware\ShareErrorsFromSession.php(48): Illuminate\Pipeline\Pipeline->{closure:{closure:Illuminate\Pipeline\Pipeline::carry():194}:195}(Object(Illuminate\Http\Request))
#47 C:\xampp\htdocs\site_iuhm\vendor\laravel\framework\src\Illuminate\Pipeline\Pipeline.php(219): Illuminate\View\Middleware\ShareErrorsFromSession->handle(Object(Illuminate\Http\Request), Object(Closure))
#48 C:\xampp\htdocs\site_iuhm\vendor\laravel\framework\src\Illuminate\Session\Middleware\StartSession.php(120): Illuminate\Pipeline\Pipeline->{closure:{closure:Illuminate\Pipeline\Pipeline::carry():194}:195}(Object(Illuminate\Http\Request))
#49 C:\xampp\htdocs\site_iuhm\vendor\laravel\framework\src\Illuminate\Session\Middleware\StartSession.php(63): Illuminate\Session\Middleware\StartSession->handleStatefulRequest(Object(Illuminate\Http\Request), Object(Illuminate\Session\Store), Object(Closure))
#50 C:\xampp\htdocs\site_iuhm\vendor\laravel\framework\src\Illuminate\Pipeline\Pipeline.php(219): Illuminate\Session\Middleware\StartSession->handle(Object(Illuminate\Http\Request), Object(Closure))
#51 C:\xampp\htdocs\site_iuhm\vendor\laravel\framework\src\Illuminate\Cookie\Middleware\AddQueuedCookiesToResponse.php(36): Illuminate\Pipeline\Pipeline->{closure:{closure:Illuminate\Pipeline\Pipeline::carry():194}:195}(Object(Illuminate\Http\Request))
#52 C:\xampp\htdocs\site_iuhm\vendor\laravel\framework\src\Illuminate\Pipeline\Pipeline.php(219): Illuminate\Cookie\Middleware\AddQueuedCookiesToResponse->handle(Object(Illuminate\Http\Request), Object(Closure))
#53 C:\xampp\htdocs\site_iuhm\vendor\laravel\framework\src\Illuminate\Cookie\Middleware\EncryptCookies.php(74): Illuminate\Pipeline\Pipeline->{closure:{closure:Illuminate\Pipeline\Pipeline::carry():194}:195}(Object(Illuminate\Http\Request))
#54 C:\xampp\htdocs\site_iuhm\vendor\laravel\framework\src\Illuminate\Pipeline\Pipeline.php(219): Illuminate\Cookie\Middleware\EncryptCookies->handle(Object(Illuminate\Http\Request), Object(Closure))
#55 C:\xampp\htdocs\site_iuhm\vendor\laravel\framework\src\Illuminate\Pipeline\Pipeline.php(137): Illuminate\Pipeline\Pipeline->{closure:{closure:Illuminate\Pipeline\Pipeline::carry():194}:195}(Object(Illuminate\Http\Request))
#56 C:\xampp\htdocs\site_iuhm\vendor\laravel\framework\src\Illuminate\Routing\Router.php(821): Illuminate\Pipeline\Pipeline->then(Object(Closure))
#57 C:\xampp\htdocs\site_iuhm\vendor\laravel\framework\src\Illuminate\Routing\Router.php(800): Illuminate\Routing\Router->runRouteWithinStack(Object(Illuminate\Routing\Route), Object(Illuminate\Http\Request))
#58 C:\xampp\htdocs\site_iuhm\vendor\laravel\framework\src\Illuminate\Routing\Router.php(764): Illuminate\Routing\Router->runRoute(Object(Illuminate\Http\Request), Object(Illuminate\Routing\Route))
#59 C:\xampp\htdocs\site_iuhm\vendor\laravel\framework\src\Illuminate\Routing\Router.php(753): Illuminate\Routing\Router->dispatchToRoute(Object(Illuminate\Http\Request))
#60 C:\xampp\htdocs\site_iuhm\vendor\laravel\framework\src\Illuminate\Foundation\Http\Kernel.php(200): Illuminate\Routing\Router->dispatch(Object(Illuminate\Http\Request))
#61 C:\xampp\htdocs\site_iuhm\vendor\laravel\framework\src\Illuminate\Pipeline\Pipeline.php(180): Illuminate\Foundation\Http\Kernel->{closure:Illuminate\Foundation\Http\Kernel::dispatchToRouter():197}(Object(Illuminate\Http\Request))
#62 C:\xampp\htdocs\site_iuhm\vendor\livewire\livewire\src\Features\SupportDisablingBackButtonCache\DisableBackButtonCacheMiddleware.php(19): Illuminate\Pipeline\Pipeline->{closure:Illuminate\Pipeline\Pipeline::prepareDestination():178}(Object(Illuminate\Http\Request))
#63 C:\xampp\htdocs\site_iuhm\vendor\laravel\framework\src\Illuminate\Pipeline\Pipeline.php(219): Livewire\Features\SupportDisablingBackButtonCache\DisableBackButtonCacheMiddleware->handle(Object(Illuminate\Http\Request), Object(Closure))
#64 C:\xampp\htdocs\site_iuhm\vendor\laravel\framework\src\Illuminate\Foundation\Http\Middleware\TransformsRequest.php(21): Illuminate\Pipeline\Pipeline->{closure:{closure:Illuminate\Pipeline\Pipeline::carry():194}:195}(Object(Illuminate\Http\Request))
#65 C:\xampp\htdocs\site_iuhm\vendor\laravel\framework\src\Illuminate\Foundation\Http\Middleware\ConvertEmptyStringsToNull.php(31): Illuminate\Foundation\Http\Middleware\TransformsRequest->handle(Object(Illuminate\Http\Request), Object(Closure))
#66 C:\xampp\htdocs\site_iuhm\vendor\laravel\framework\src\Illuminate\Pipeline\Pipeline.php(219): Illuminate\Foundation\Http\Middleware\ConvertEmptyStringsToNull->handle(Object(Illuminate\Http\Request), Object(Closure))
#67 C:\xampp\htdocs\site_iuhm\vendor\laravel\framework\src\Illuminate\Foundation\Http\Middleware\TransformsRequest.php(21): Illuminate\Pipeline\Pipeline->{closure:{closure:Illuminate\Pipeline\Pipeline::carry():194}:195}(Object(Illuminate\Http\Request))
#68 C:\xampp\htdocs\site_iuhm\vendor\laravel\framework\src\Illuminate\Foundation\Http\Middleware\TrimStrings.php(51): Illuminate\Foundation\Http\Middleware\TransformsRequest->handle(Object(Illuminate\Http\Request), Object(Closure))
#69 C:\xampp\htdocs\site_iuhm\vendor\laravel\framework\src\Illuminate\Pipeline\Pipeline.php(219): Illuminate\Foundation\Http\Middleware\TrimStrings->handle(Object(Illuminate\Http\Request), Object(Closure))
#70 C:\xampp\htdocs\site_iuhm\vendor\laravel\framework\src\Illuminate\Http\Middleware\ValidatePostSize.php(27): Illuminate\Pipeline\Pipeline->{closure:{closure:Illuminate\Pipeline\Pipeline::carry():194}:195}(Object(Illuminate\Http\Request))
#71 C:\xampp\htdocs\site_iuhm\vendor\laravel\framework\src\Illuminate\Pipeline\Pipeline.php(219): Illuminate\Http\Middleware\ValidatePostSize->handle(Object(Illuminate\Http\Request), Object(Closure))
#72 C:\xampp\htdocs\site_iuhm\vendor\laravel\framework\src\Illuminate\Foundation\Http\Middleware\PreventRequestsDuringMaintenance.php(109): Illuminate\Pipeline\Pipeline->{closure:{closure:Illuminate\Pipeline\Pipeline::carry():194}:195}(Object(Illuminate\Http\Request))
#73 C:\xampp\htdocs\site_iuhm\vendor\laravel\framework\src\Illuminate\Pipeline\Pipeline.php(219): Illuminate\Foundation\Http\Middleware\PreventRequestsDuringMaintenance->handle(Object(Illuminate\Http\Request), Object(Closure))
#74 C:\xampp\htdocs\site_iuhm\vendor\laravel\framework\src\Illuminate\Http\Middleware\HandleCors.php(61): Illuminate\Pipeline\Pipeline->{closure:{closure:Illuminate\Pipeline\Pipeline::carry():194}:195}(Object(Illuminate\Http\Request))
#75 C:\xampp\htdocs\site_iuhm\vendor\laravel\framework\src\Illuminate\Pipeline\Pipeline.php(219): Illuminate\Http\Middleware\HandleCors->handle(Object(Illuminate\Http\Request), Object(Closure))
#76 C:\xampp\htdocs\site_iuhm\vendor\laravel\framework\src\Illuminate\Http\Middleware\TrustProxies.php(58): Illuminate\Pipeline\Pipeline->{closure:{closure:Illuminate\Pipeline\Pipeline::carry():194}:195}(Object(Illuminate\Http\Request))
#77 C:\xampp\htdocs\site_iuhm\vendor\laravel\framework\src\Illuminate\Pipeline\Pipeline.php(219): Illuminate\Http\Middleware\TrustProxies->handle(Object(Illuminate\Http\Request), Object(Closure))
#78 C:\xampp\htdocs\site_iuhm\vendor\laravel\framework\src\Illuminate\Foundation\Http\Middleware\InvokeDeferredCallbacks.php(22): Illuminate\Pipeline\Pipeline->{closure:{closure:Illuminate\Pipeline\Pipeline::carry():194}:195}(Object(Illuminate\Http\Request))
#79 C:\xampp\htdocs\site_iuhm\vendor\laravel\framework\src\Illuminate\Pipeline\Pipeline.php(219): Illuminate\Foundation\Http\Middleware\InvokeDeferredCallbacks->handle(Object(Illuminate\Http\Request), Object(Closure))
#80 C:\xampp\htdocs\site_iuhm\vendor\laravel\framework\src\Illuminate\Http\Middleware\ValidatePathEncoding.php(28): Illuminate\Pipeline\Pipeline->{closure:{closure:Illuminate\Pipeline\Pipeline::carry():194}:195}(Object(Illuminate\Http\Request))
#81 C:\xampp\htdocs\site_iuhm\vendor\laravel\framework\src\Illuminate\Pipeline\Pipeline.php(219): Illuminate\Http\Middleware\ValidatePathEncoding->handle(Object(Illuminate\Http\Request), Object(Closure))
#82 C:\xampp\htdocs\site_iuhm\vendor\laravel\framework\src\Illuminate\Pipeline\Pipeline.php(137): Illuminate\Pipeline\Pipeline->{closure:{closure:Illuminate\Pipeline\Pipeline::carry():194}:195}(Object(Illuminate\Http\Request))
#83 C:\xampp\htdocs\site_iuhm\vendor\laravel\framework\src\Illuminate\Foundation\Http\Kernel.php(175): Illuminate\Pipeline\Pipeline->then(Object(Closure))
#84 C:\xampp\htdocs\site_iuhm\vendor\laravel\framework\src\Illuminate\Foundation\Http\Kernel.php(144): Illuminate\Foundation\Http\Kernel->sendRequestThroughRouter(Object(Illuminate\Http\Request))
#85 C:\xampp\htdocs\site_iuhm\vendor\laravel\framework\src\Illuminate\Foundation\Testing\Concerns\MakesHttpRequests.php(607): Illuminate\Foundation\Http\Kernel->handle(Object(Illuminate\Http\Request))
#86 C:\xampp\htdocs\site_iuhm\vendor\laravel\framework\src\Illuminate\Foundation\Testing\Concerns\MakesHttpRequests.php(368): Illuminate\Foundation\Testing\TestCase->call('GET', 'http://localhos...', Array, Array, Array, Array)
#87 C:\xampp\htdocs\site_iuhm\tests\Feature\Auth\PasswordResetTest.php(50): Illuminate\Foundation\Testing\TestCase->get('http://localhos...')
#88 C:\xampp\htdocs\site_iuhm\vendor\laravel\framework\src\Illuminate\Support\Testing\Fakes\NotificationFake.php(261): Tests\Feature\Auth\PasswordResetTest->{closure:Tests\Feature\Auth\PasswordResetTest::test_reset_password_screen_can_be_rendered():49}(Object(Illuminate\Auth\Notifications\ResetPassword), Array, Object(App\Models\User), NULL)
#89 [internal function]: Illuminate\Support\Testing\Fakes\NotificationFake->{closure:Illuminate\Support\Testing\Fakes\NotificationFake::sent():261}(Array, 0)
#90 C:\xampp\htdocs\site_iuhm\vendor\laravel\framework\src\Illuminate\Collections\Arr.php(1240): array_filter(Array, Object(Closure), 1)
#91 C:\xampp\htdocs\site_iuhm\vendor\laravel\framework\src\Illuminate\Collections\Collection.php(426): Illuminate\Support\Arr::where(Array, Object(Closure))
#92 C:\xampp\htdocs\site_iuhm\vendor\laravel\framework\src\Illuminate\Support\Testing\Fakes\NotificationFake.php(260): Illuminate\Support\Collection->filter(Object(Closure))
#93 C:\xampp\htdocs\site_iuhm\vendor\laravel\framework\src\Illuminate\Support\Testing\Fakes\NotificationFake.php(90): Illuminate\Support\Testing\Fakes\NotificationFake->sent(Object(App\Models\User), 'Illuminate\\Auth...', Object(Closure))
#94 C:\xampp\htdocs\site_iuhm\vendor\laravel\framework\src\Illuminate\Support\Facades\Facade.php(363): Illuminate\Support\Testing\Fakes\NotificationFake->assertSentTo(Object(App\Models\User), 'Illuminate\\Auth...', Object(Closure))
#95 C:\xampp\htdocs\site_iuhm\tests\Feature\Auth\PasswordResetTest.php(49): Illuminate\Support\Facades\Facade::__callStatic('assertSentTo', Array)
#96 C:\xampp\htdocs\site_iuhm\vendor\phpunit\phpunit\src\Framework\TestCase.php(1335): Tests\Feature\Auth\PasswordResetTest->test_reset_password_screen_can_be_rendered()
#97 C:\xampp\htdocs\site_iuhm\vendor\phpunit\phpunit\src\Framework\TestCase.php(519): PHPUnit\Framework\TestCase->runTest()
#98 C:\xampp\htdocs\site_iuhm\vendor\phpunit\phpunit\src\Framework\TestRunner\TestRunner.php(99): PHPUnit\Framework\TestCase->runBare()
#99 C:\xampp\htdocs\site_iuhm\vendor\phpunit\phpunit\src\Framework\TestCase.php(359): PHPUnit\Framework\TestRunner->run(Object(Tests\Feature\Auth\PasswordResetTest))
#100 C:\xampp\htdocs\site_iuhm\vendor\phpunit\phpunit\src\Framework\TestSuite.php(374): PHPUnit\Framework\TestCase->run()
#101 C:\xampp\htdocs\site_iuhm\vendor\phpunit\phpunit\src\Framework\TestSuite.php(374): PHPUnit\Framework\TestSuite->run()
#102 C:\xampp\htdocs\site_iuhm\vendor\phpunit\phpunit\src\Framework\TestSuite.php(374): PHPUnit\Framework\TestSuite->run()
#103 C:\xampp\htdocs\site_iuhm\vendor\phpunit\phpunit\src\TextUI\TestRunner.php(64): PHPUnit\Framework\TestSuite->run()
#104 C:\xampp\htdocs\site_iuhm\vendor\phpunit\phpunit\src\TextUI\Application.php(229): PHPUnit\TextUI\TestRunner->run(Object(PHPUnit\TextUI\Configuration\Configuration), Object(PHPUnit\Runner\ResultCache\DefaultResultCache), Object(PHPUnit\Framework\TestSuite))
#105 C:\xampp\htdocs\site_iuhm\vendor\phpunit\phpunit\phpunit(104): PHPUnit\TextUI\Application->run(Array)
#106 {main}

Next Illuminate\View\ViewException: Vite manifest not found at: C:\xampp\htdocs\site_iuhm\public\build/manifest.json (View: C:\xampp\htdocs\site_iuhm\resources\views\partials\head.blade.php) (View: C:\xampp\htdocs\site_iuhm\resources\views\partials\head.blade.php) (View: C:\xampp\htdocs\site_iuhm\resources\views\partials\head.blade.php) in C:\xampp\htdocs\site_iuhm\vendor\laravel\framework\src\Illuminate\Foundation\Vite.php:946
Stack trace:
#0 C:\xampp\htdocs\site_iuhm\vendor\livewire\livewire\src\Mechanisms\ExtendBlade\ExtendedCompilerEngine.php(58): Illuminate\View\Engines\CompilerEngine->handleViewException(Object(Illuminate\View\ViewException), 2)
#1 C:\xampp\htdocs\site_iuhm\vendor\laravel\framework\src\Illuminate\View\Engines\PhpEngine.php(59): Livewire\Mechanisms\ExtendBlade\ExtendedCompilerEngine->handleViewException(Object(Illuminate\View\ViewException), 2)
#2 C:\xampp\htdocs\site_iuhm\vendor\livewire\livewire\src\Mechanisms\ExtendBlade\ExtendedCompilerEngine.php(22): Illuminate\View\Engines\PhpEngine->evaluatePath('C:\\xampp\\htdocs...', Array)
#3 C:\xampp\htdocs\site_iuhm\vendor\laravel\framework\src\Illuminate\View\Engines\CompilerEngine.php(76): Livewire\Mechanisms\ExtendBlade\ExtendedCompilerEngine->evaluatePath('C:\\xampp\\htdocs...', Array)
#4 C:\xampp\htdocs\site_iuhm\vendor\livewire\livewire\src\Mechanisms\ExtendBlade\ExtendedCompilerEngine.php(10): Illuminate\View\Engines\CompilerEngine->get('C:\\xampp\\htdocs...', Array)
#5 C:\xampp\htdocs\site_iuhm\vendor\laravel\framework\src\Illuminate\View\View.php(208): Livewire\Mechanisms\ExtendBlade\ExtendedCompilerEngine->get('C:\\xampp\\htdocs...', Array)
#6 C:\xampp\htdocs\site_iuhm\vendor\laravel\framework\src\Illuminate\View\View.php(191): Illuminate\View\View->getContents()
#7 C:\xampp\htdocs\site_iuhm\vendor\laravel\framework\src\Illuminate\View\View.php(160): Illuminate\View\View->renderContents()
#8 C:\xampp\htdocs\site_iuhm\vendor\laravel\framework\src\Illuminate\View\Concerns\ManagesComponents.php(103): Illuminate\View\View->render()
#9 C:\xampp\htdocs\site_iuhm\storage\framework\views\501fa2cce84219821d3c525bad27ab60.php(166): Illuminate\View\Factory->renderComponent()
#10 C:\xampp\htdocs\site_iuhm\vendor\laravel\framework\src\Illuminate\Filesystem\Filesystem.php(123): require('C:\\xampp\\htdocs...')
#11 C:\xampp\htdocs\site_iuhm\vendor\laravel\framework\src\Illuminate\Filesystem\Filesystem.php(124): Illuminate\Filesystem\Filesystem::{closure:Illuminate\Filesystem\Filesystem::getRequire():120}()
#12 C:\xampp\htdocs\site_iuhm\vendor\laravel\framework\src\Illuminate\View\Engines\PhpEngine.php(57): Illuminate\Filesystem\Filesystem->getRequire('C:\\xampp\\htdocs...', Array)
#13 C:\xampp\htdocs\site_iuhm\vendor\livewire\livewire\src\Mechanisms\ExtendBlade\ExtendedCompilerEngine.php(22): Illuminate\View\Engines\PhpEngine->evaluatePath('C:\\xampp\\htdocs...', Array)
#14 C:\xampp\htdocs\site_iuhm\vendor\laravel\framework\src\Illuminate\View\Engines\CompilerEngine.php(76): Livewire\Mechanisms\ExtendBlade\ExtendedCompilerEngine->evaluatePath('C:\\xampp\\htdocs...', Array)
#15 C:\xampp\htdocs\site_iuhm\vendor\livewire\livewire\src\Mechanisms\ExtendBlade\ExtendedCompilerEngine.php(10): Illuminate\View\Engines\CompilerEngine->get('C:\\xampp\\htdocs...', Array)
#16 C:\xampp\htdocs\site_iuhm\vendor\laravel\framework\src\Illuminate\View\View.php(208): Livewire\Mechanisms\ExtendBlade\ExtendedCompilerEngine->get('C:\\xampp\\htdocs...', Array)
#17 C:\xampp\htdocs\site_iuhm\vendor\laravel\framework\src\Illuminate\View\View.php(191): Illuminate\View\View->getContents()
#18 C:\xampp\htdocs\site_iuhm\vendor\laravel\framework\src\Illuminate\View\View.php(160): Illuminate\View\View->renderContents()
#19 C:\xampp\htdocs\site_iuhm\vendor\laravel\framework\src\Illuminate\Http\Response.php(78): Illuminate\View\View->render()
#20 C:\xampp\htdocs\site_iuhm\vendor\laravel\framework\src\Illuminate\Http\Response.php(34): Illuminate\Http\Response->setContent(Object(Illuminate\View\View))
#21 C:\xampp\htdocs\site_iuhm\vendor\laravel\framework\src\Illuminate\Routing\Router.php(939): Illuminate\Http\Response->__construct(Object(Illuminate\View\View), 200, Array)
#22 C:\xampp\htdocs\site_iuhm\vendor\laravel\framework\src\Illuminate\Routing\Router.php(906): Illuminate\Routing\Router::toResponse(Object(Illuminate\Http\Request), Object(Illuminate\View\View))
#23 C:\xampp\htdocs\site_iuhm\vendor\laravel\framework\src\Illuminate\Routing\Router.php(821): Illuminate\Routing\Router->prepareResponse(Object(Illuminate\Http\Request), Object(Laravel\Fortify\Http\Responses\SimpleViewResponse))
#24 C:\xampp\htdocs\site_iuhm\vendor\laravel\framework\src\Illuminate\Pipeline\Pipeline.php(180): Illuminate\Routing\Router->{closure:Illuminate\Routing\Router::runRouteWithinStack():821}(Object(Illuminate\Http\Request))
#25 C:\xampp\htdocs\site_iuhm\vendor\laravel\framework\src\Illuminate\Auth\Middleware\RedirectIfAuthenticated.php(47): Illuminate\Pipeline\Pipeline->{closure:Illuminate\Pipeline\Pipeline::prepareDestination():178}(Object(Illuminate\Http\Request))
#26 C:\xampp\htdocs\site_iuhm\vendor\laravel\framework\src\Illuminate\Pipeline\Pipeline.php(219): Illuminate\Auth\Middleware\RedirectIfAuthenticated->handle(Object(Illuminate\Http\Request), Object(Closure), 'web')
#27 C:\xampp\htdocs\site_iuhm\app\Http\Middleware\SetTeamUrlDefaults.php(26): Illuminate\Pipeline\Pipeline->{closure:{closure:Illuminate\Pipeline\Pipeline::carry():194}:195}(Object(Illuminate\Http\Request))
#28 C:\xampp\htdocs\site_iuhm\vendor\laravel\framework\src\Illuminate\Pipeline\Pipeline.php(219): App\Http\Middleware\SetTeamUrlDefaults->handle(Object(Illuminate\Http\Request), Object(Closure))
#29 C:\xampp\htdocs\site_iuhm\app\Http\Middleware\SetLocale.php(28): Illuminate\Pipeline\Pipeline->{closure:{closure:Illuminate\Pipeline\Pipeline::carry():194}:195}(Object(Illuminate\Http\Request))
#30 C:\xampp\htdocs\site_iuhm\vendor\laravel\framework\src\Illuminate\Pipeline\Pipeline.php(219): App\Http\Middleware\SetLocale->handle(Object(Illuminate\Http\Request), Object(Closure))
#31 C:\xampp\htdocs\site_iuhm\vendor\laravel\framework\src\Illuminate\Routing\Middleware\SubstituteBindings.php(52): Illuminate\Pipeline\Pipeline->{closure:{closure:Illuminate\Pipeline\Pipeline::carry():194}:195}(Object(Illuminate\Http\Request))
#32 C:\xampp\htdocs\site_iuhm\vendor\laravel\framework\src\Illuminate\Pipeline\Pipeline.php(219): Illuminate\Routing\Middleware\SubstituteBindings->handle(Object(Illuminate\Http\Request), Object(Closure))
#33 C:\xampp\htdocs\site_iuhm\vendor\laravel\framework\src\Illuminate\Foundation\Http\Middleware\PreventRequestForgery.php(104): Illuminate\Pipeline\Pipeline->{closure:{closure:Illuminate\Pipeline\Pipeline::carry():194}:195}(Object(Illuminate\Http\Request))
#34 C:\xampp\htdocs\site_iuhm\vendor\laravel\framework\src\Illuminate\Pipeline\Pipeline.php(219): Illuminate\Foundation\Http\Middleware\PreventRequestForgery->handle(Object(Illuminate\Http\Request), Object(Closure))
#35 C:\xampp\htdocs\site_iuhm\vendor\laravel\framework\src\Illuminate\View\Middleware\ShareErrorsFromSession.php(48): Illuminate\Pipeline\Pipeline->{closure:{closure:Illuminate\Pipeline\Pipeline::carry():194}:195}(Object(Illuminate\Http\Request))
#36 C:\xampp\htdocs\site_iuhm\vendor\laravel\framework\src\Illuminate\Pipeline\Pipeline.php(219): Illuminate\View\Middleware\ShareErrorsFromSession->handle(Object(Illuminate\Http\Request), Object(Closure))
#37 C:\xampp\htdocs\site_iuhm\vendor\laravel\framework\src\Illuminate\Session\Middleware\StartSession.php(120): Illuminate\Pipeline\Pipeline->{closure:{closure:Illuminate\Pipeline\Pipeline::carry():194}:195}(Object(Illuminate\Http\Request))
#38 C:\xampp\htdocs\site_iuhm\vendor\laravel\framework\src\Illuminate\Session\Middleware\StartSession.php(63): Illuminate\Session\Middleware\StartSession->handleStatefulRequest(Object(Illuminate\Http\Request), Object(Illuminate\Session\Store), Object(Closure))
#39 C:\xampp\htdocs\site_iuhm\vendor\laravel\framework\src\Illuminate\Pipeline\Pipeline.php(219): Illuminate\Session\Middleware\StartSession->handle(Object(Illuminate\Http\Request), Object(Closure))
#40 C:\xampp\htdocs\site_iuhm\vendor\laravel\framework\src\Illuminate\Cookie\Middleware\AddQueuedCookiesToResponse.php(36): Illuminate\Pipeline\Pipeline->{closure:{closure:Illuminate\Pipeline\Pipeline::carry():194}:195}(Object(Illuminate\Http\Request))
#41 C:\xampp\htdocs\site_iuhm\vendor\laravel\framework\src\Illuminate\Pipeline\Pipeline.php(219): Illuminate\Cookie\Middleware\AddQueuedCookiesToResponse->handle(Object(Illuminate\Http\Request), Object(Closure))
#42 C:\xampp\htdocs\site_iuhm\vendor\laravel\framework\src\Illuminate\Cookie\Middleware\EncryptCookies.php(74): Illuminate\Pipeline\Pipeline->{closure:{closure:Illuminate\Pipeline\Pipeline::carry():194}:195}(Object(Illuminate\Http\Request))
#43 C:\xampp\htdocs\site_iuhm\vendor\laravel\framework\src\Illuminate\Pipeline\Pipeline.php(219): Illuminate\Cookie\Middleware\EncryptCookies->handle(Object(Illuminate\Http\Request), Object(Closure))
#44 C:\xampp\htdocs\site_iuhm\vendor\laravel\framework\src\Illuminate\Pipeline\Pipeline.php(137): Illuminate\Pipeline\Pipeline->{closure:{closure:Illuminate\Pipeline\Pipeline::carry():194}:195}(Object(Illuminate\Http\Request))
#45 C:\xampp\htdocs\site_iuhm\vendor\laravel\framework\src\Illuminate\Routing\Router.php(821): Illuminate\Pipeline\Pipeline->then(Object(Closure))
#46 C:\xampp\htdocs\site_iuhm\vendor\laravel\framework\src\Illuminate\Routing\Router.php(800): Illuminate\Routing\Router->runRouteWithinStack(Object(Illuminate\Routing\Route), Object(Illuminate\Http\Request))
#47 C:\xampp\htdocs\site_iuhm\vendor\laravel\framework\src\Illuminate\Routing\Router.php(764): Illuminate\Routing\Router->runRoute(Object(Illuminate\Http\Request), Object(Illuminate\Routing\Route))
#48 C:\xampp\htdocs\site_iuhm\vendor\laravel\framework\src\Illuminate\Routing\Router.php(753): Illuminate\Routing\Router->dispatchToRoute(Object(Illuminate\Http\Request))
#49 C:\xampp\htdocs\site_iuhm\vendor\laravel\framework\src\Illuminate\Foundation\Http\Kernel.php(200): Illuminate\Routing\Router->dispatch(Object(Illuminate\Http\Request))
#50 C:\xampp\htdocs\site_iuhm\vendor\laravel\framework\src\Illuminate\Pipeline\Pipeline.php(180): Illuminate\Foundation\Http\Kernel->{closure:Illuminate\Foundation\Http\Kernel::dispatchToRouter():197}(Object(Illuminate\Http\Request))
#51 C:\xampp\htdocs\site_iuhm\vendor\livewire\livewire\src\Features\SupportDisablingBackButtonCache\DisableBackButtonCacheMiddleware.php(19): Illuminate\Pipeline\Pipeline->{closure:Illuminate\Pipeline\Pipeline::prepareDestination():178}(Object(Illuminate\Http\Request))
#52 C:\xampp\htdocs\site_iuhm\vendor\laravel\framework\src\Illuminate\Pipeline\Pipeline.php(219): Livewire\Features\SupportDisablingBackButtonCache\DisableBackButtonCacheMiddleware->handle(Object(Illuminate\Http\Request), Object(Closure))
#53 C:\xampp\htdocs\site_iuhm\vendor\laravel\framework\src\Illuminate\Foundation\Http\Middleware\TransformsRequest.php(21): Illuminate\Pipeline\Pipeline->{closure:{closure:Illuminate\Pipeline\Pipeline::carry():194}:195}(Object(Illuminate\Http\Request))
#54 C:\xampp\htdocs\site_iuhm\vendor\laravel\framework\src\Illuminate\Foundation\Http\Middleware\ConvertEmptyStringsToNull.php(31): Illuminate\Foundation\Http\Middleware\TransformsRequest->handle(Object(Illuminate\Http\Request), Object(Closure))
#55 C:\xampp\htdocs\site_iuhm\vendor\laravel\framework\src\Illuminate\Pipeline\Pipeline.php(219): Illuminate\Foundation\Http\Middleware\ConvertEmptyStringsToNull->handle(Object(Illuminate\Http\Request), Object(Closure))
#56 C:\xampp\htdocs\site_iuhm\vendor\laravel\framework\src\Illuminate\Foundation\Http\Middleware\TransformsRequest.php(21): Illuminate\Pipeline\Pipeline->{closure:{closure:Illuminate\Pipeline\Pipeline::carry():194}:195}(Object(Illuminate\Http\Request))
#57 C:\xampp\htdocs\site_iuhm\vendor\laravel\framework\src\Illuminate\Foundation\Http\Middleware\TrimStrings.php(51): Illuminate\Foundation\Http\Middleware\TransformsRequest->handle(Object(Illuminate\Http\Request), Object(Closure))
#58 C:\xampp\htdocs\site_iuhm\vendor\laravel\framework\src\Illuminate\Pipeline\Pipeline.php(219): Illuminate\Foundation\Http\Middleware\TrimStrings->handle(Object(Illuminate\Http\Request), Object(Closure))
#59 C:\xampp\htdocs\site_iuhm\vendor\laravel\framework\src\Illuminate\Http\Middleware\ValidatePostSize.php(27): Illuminate\Pipeline\Pipeline->{closure:{closure:Illuminate\Pipeline\Pipeline::carry():194}:195}(Object(Illuminate\Http\Request))
#60 C:\xampp\htdocs\site_iuhm\vendor\laravel\framework\src\Illuminate\Pipeline\Pipeline.php(219): Illuminate\Http\Middleware\ValidatePostSize->handle(Object(Illuminate\Http\Request), Object(Closure))
#61 C:\xampp\htdocs\site_iuhm\vendor\laravel\framework\src\Illuminate\Foundation\Http\Middleware\PreventRequestsDuringMaintenance.php(109): Illuminate\Pipeline\Pipeline->{closure:{closure:Illuminate\Pipeline\Pipeline::carry():194}:195}(Object(Illuminate\Http\Request))
#62 C:\xampp\htdocs\site_iuhm\vendor\laravel\framework\src\Illuminate\Pipeline\Pipeline.php(219): Illuminate\Foundation\Http\Middleware\PreventRequestsDuringMaintenance->handle(Object(Illuminate\Http\Request), Object(Closure))
#63 C:\xampp\htdocs\site_iuhm\vendor\laravel\framework\src\Illuminate\Http\Middleware\HandleCors.php(61): Illuminate\Pipeline\Pipeline->{closure:{closure:Illuminate\Pipeline\Pipeline::carry():194}:195}(Object(Illuminate\Http\Request))
#64 C:\xampp\htdocs\site_iuhm\vendor\laravel\framework\src\Illuminate\Pipeline\Pipeline.php(219): Illuminate\Http\Middleware\HandleCors->handle(Object(Illuminate\Http\Request), Object(Closure))
#65 C:\xampp\htdocs\site_iuhm\vendor\laravel\framework\src\Illuminate\Http\Middleware\TrustProxies.php(58): Illuminate\Pipeline\Pipeline->{closure:{closure:Illuminate\Pipeline\Pipeline::carry():194}:195}(Object(Illuminate\Http\Request))
#66 C:\xampp\htdocs\site_iuhm\vendor\laravel\framework\src\Illuminate\Pipeline\Pipeline.php(219): Illuminate\Http\Middleware\TrustProxies->handle(Object(Illuminate\Http\Request), Object(Closure))
#67 C:\xampp\htdocs\site_iuhm\vendor\laravel\framework\src\Illuminate\Foundation\Http\Middleware\InvokeDeferredCallbacks.php(22): Illuminate\Pipeline\Pipeline->{closure:{closure:Illuminate\Pipeline\Pipeline::carry():194}:195}(Object(Illuminate\Http\Request))
#68 C:\xampp\htdocs\site_iuhm\vendor\laravel\framework\src\Illuminate\Pipeline\Pipeline.php(219): Illuminate\Foundation\Http\Middleware\InvokeDeferredCallbacks->handle(Object(Illuminate\Http\Request), Object(Closure))
#69 C:\xampp\htdocs\site_iuhm\vendor\laravel\framework\src\Illuminate\Http\Middleware\ValidatePathEncoding.php(28): Illuminate\Pipeline\Pipeline->{closure:{closure:Illuminate\Pipeline\Pipeline::carry():194}:195}(Object(Illuminate\Http\Request))
#70 C:\xampp\htdocs\site_iuhm\vendor\laravel\framework\src\Illuminate\Pipeline\Pipeline.php(219): Illuminate\Http\Middleware\ValidatePathEncoding->handle(Object(Illuminate\Http\Request), Object(Closure))
#71 C:\xampp\htdocs\site_iuhm\vendor\laravel\framework\src\Illuminate\Pipeline\Pipeline.php(137): Illuminate\Pipeline\Pipeline->{closure:{closure:Illuminate\Pipeline\Pipeline::carry():194}:195}(Object(Illuminate\Http\Request))
#72 C:\xampp\htdocs\site_iuhm\vendor\laravel\framework\src\Illuminate\Foundation\Http\Kernel.php(175): Illuminate\Pipeline\Pipeline->then(Object(Closure))
#73 C:\xampp\htdocs\site_iuhm\vendor\laravel\framework\src\Illuminate\Foundation\Http\Kernel.php(144): Illuminate\Foundation\Http\Kernel->sendRequestThroughRouter(Object(Illuminate\Http\Request))
#74 C:\xampp\htdocs\site_iuhm\vendor\laravel\framework\src\Illuminate\Foundation\Testing\Concerns\MakesHttpRequests.php(607): Illuminate\Foundation\Http\Kernel->handle(Object(Illuminate\Http\Request))
#75 C:\xampp\htdocs\site_iuhm\vendor\laravel\framework\src\Illuminate\Foundation\Testing\Concerns\MakesHttpRequests.php(368): Illuminate\Foundation\Testing\TestCase->call('GET', 'http://localhos...', Array, Array, Array, Array)
#76 C:\xampp\htdocs\site_iuhm\tests\Feature\Auth\PasswordResetTest.php(50): Illuminate\Foundation\Testing\TestCase->get('http://localhos...')
#77 C:\xampp\htdocs\site_iuhm\vendor\laravel\framework\src\Illuminate\Support\Testing\Fakes\NotificationFake.php(261): Tests\Feature\Auth\PasswordResetTest->{closure:Tests\Feature\Auth\PasswordResetTest::test_reset_password_screen_can_be_rendered():49}(Object(Illuminate\Auth\Notifications\ResetPassword), Array, Object(App\Models\User), NULL)
#78 [internal function]: Illuminate\Support\Testing\Fakes\NotificationFake->{closure:Illuminate\Support\Testing\Fakes\NotificationFake::sent():261}(Array, 0)
#79 C:\xampp\htdocs\site_iuhm\vendor\laravel\framework\src\Illuminate\Collections\Arr.php(1240): array_filter(Array, Object(Closure), 1)
#80 C:\xampp\htdocs\site_iuhm\vendor\laravel\framework\src\Illuminate\Collections\Collection.php(426): Illuminate\Support\Arr::where(Array, Object(Closure))
#81 C:\xampp\htdocs\site_iuhm\vendor\laravel\framework\src\Illuminate\Support\Testing\Fakes\NotificationFake.php(260): Illuminate\Support\Collection->filter(Object(Closure))
#82 C:\xampp\htdocs\site_iuhm\vendor\laravel\framework\src\Illuminate\Support\Testing\Fakes\NotificationFake.php(90): Illuminate\Support\Testing\Fakes\NotificationFake->sent(Object(App\Models\User), 'Illuminate\\Auth...', Object(Closure))
#83 C:\xampp\htdocs\site_iuhm\vendor\laravel\framework\src\Illuminate\Support\Facades\Facade.php(363): Illuminate\Support\Testing\Fakes\NotificationFake->assertSentTo(Object(App\Models\User), 'Illuminate\\Auth...', Object(Closure))
#84 C:\xampp\htdocs\site_iuhm\tests\Feature\Auth\PasswordResetTest.php(49): Illuminate\Support\Facades\Facade::__callStatic('assertSentTo', Array)
#85 C:\xampp\htdocs\site_iuhm\vendor\phpunit\phpunit\src\Framework\TestCase.php(1335): Tests\Feature\Auth\PasswordResetTest->test_reset_password_screen_can_be_rendered()
#86 C:\xampp\htdocs\site_iuhm\vendor\phpunit\phpunit\src\Framework\TestCase.php(519): PHPUnit\Framework\TestCase->runTest()
#87 C:\xampp\htdocs\site_iuhm\vendor\phpunit\phpunit\src\Framework\TestRunner\TestRunner.php(99): PHPUnit\Framework\TestCase->runBare()
#88 C:\xampp\htdocs\site_iuhm\vendor\phpunit\phpunit\src\Framework\TestCase.php(359): PHPUnit\Framework\TestRunner->run(Object(Tests\Feature\Auth\PasswordResetTest))
#89 C:\xampp\htdocs\site_iuhm\vendor\phpunit\phpunit\src\Framework\TestSuite.php(374): PHPUnit\Framework\TestCase->run()
#90 C:\xampp\htdocs\site_iuhm\vendor\phpunit\phpunit\src\Framework\TestSuite.php(374): PHPUnit\Framework\TestSuite->run()
#91 C:\xampp\htdocs\site_iuhm\vendor\phpunit\phpunit\src\Framework\TestSuite.php(374): PHPUnit\Framework\TestSuite->run()
#92 C:\xampp\htdocs\site_iuhm\vendor\phpunit\phpunit\src\TextUI\TestRunner.php(64): PHPUnit\Framework\TestSuite->run()
#93 C:\xampp\htdocs\site_iuhm\vendor\phpunit\phpunit\src\TextUI\Application.php(229): PHPUnit\TextUI\TestRunner->run(Object(PHPUnit\TextUI\Configuration\Configuration), Object(PHPUnit\Runner\ResultCache\DefaultResultCache), Object(PHPUnit\Framework\TestSuite))
#94 C:\xampp\htdocs\site_iuhm\vendor\phpunit\phpunit\phpunit(104): PHPUnit\TextUI\Application->run(Array)
#95 {main}

Next Illuminate\View\ViewException: Vite manifest not found at: C:\xampp\htdocs\site_iuhm\public\build/manifest.json (View: C:\xampp\htdocs\site_iuhm\resources\views\partials\head.blade.php) (View: C:\xampp\htdocs\site_iuhm\resources\views\partials\head.blade.php) (View: C:\xampp\htdocs\site_iuhm\resources\views\partials\head.blade.php) (View: C:\xampp\htdocs\site_iuhm\resources\views\partials\head.blade.php) in C:\xampp\htdocs\site_iuhm\vendor\laravel\framework\src\Illuminate\Foundation\Vite.php:946
Stack trace:
#0 C:\xampp\htdocs\site_iuhm\vendor\livewire\livewire\src\Mechanisms\ExtendBlade\ExtendedCompilerEngine.php(58): Illuminate\View\Engines\CompilerEngine->handleViewException(Object(Illuminate\View\ViewException), 1)
#1 C:\xampp\htdocs\site_iuhm\vendor\laravel\framework\src\Illuminate\View\Engines\PhpEngine.php(59): Livewire\Mechanisms\ExtendBlade\ExtendedCompilerEngine->handleViewException(Object(Illuminate\View\ViewException), 1)
#2 C:\xampp\htdocs\site_iuhm\vendor\livewire\livewire\src\Mechanisms\ExtendBlade\ExtendedCompilerEngine.php(22): Illuminate\View\Engines\PhpEngine->evaluatePath('C:\\xampp\\htdocs...', Array)
#3 C:\xampp\htdocs\site_iuhm\vendor\laravel\framework\src\Illuminate\View\Engines\CompilerEngine.php(76): Livewire\Mechanisms\ExtendBlade\ExtendedCompilerEngine->evaluatePath('C:\\xampp\\htdocs...', Array)
#4 C:\xampp\htdocs\site_iuhm\vendor\livewire\livewire\src\Mechanisms\ExtendBlade\ExtendedCompilerEngine.php(10): Illuminate\View\Engines\CompilerEngine->get('C:\\xampp\\htdocs...', Array)
#5 C:\xampp\htdocs\site_iuhm\vendor\laravel\framework\src\Illuminate\View\View.php(208): Livewire\Mechanisms\ExtendBlade\ExtendedCompilerEngine->get('C:\\xampp\\htdocs...', Array)
#6 C:\xampp\htdocs\site_iuhm\vendor\laravel\framework\src\Illuminate\View\View.php(191): Illuminate\View\View->getContents()
#7 C:\xampp\htdocs\site_iuhm\vendor\laravel\framework\src\Illuminate\View\View.php(160): Illuminate\View\View->renderContents()
#8 C:\xampp\htdocs\site_iuhm\vendor\laravel\framework\src\Illuminate\Http\Response.php(78): Illuminate\View\View->render()
#9 C:\xampp\htdocs\site_iuhm\vendor\laravel\framework\src\Illuminate\Http\Response.php(34): Illuminate\Http\Response->setContent(Object(Illuminate\View\View))
#10 C:\xampp\htdocs\site_iuhm\vendor\laravel\framework\src\Illuminate\Routing\Router.php(939): Illuminate\Http\Response->__construct(Object(Illuminate\View\View), 200, Array)
#11 C:\xampp\htdocs\site_iuhm\vendor\laravel\framework\src\Illuminate\Routing\Router.php(906): Illuminate\Routing\Router::toResponse(Object(Illuminate\Http\Request), Object(Illuminate\View\View))
#12 C:\xampp\htdocs\site_iuhm\vendor\laravel\framework\src\Illuminate\Routing\Router.php(821): Illuminate\Routing\Router->prepareResponse(Object(Illuminate\Http\Request), Object(Laravel\Fortify\Http\Responses\SimpleViewResponse))
#13 C:\xampp\htdocs\site_iuhm\vendor\laravel\framework\src\Illuminate\Pipeline\Pipeline.php(180): Illuminate\Routing\Router->{closure:Illuminate\Routing\Router::runRouteWithinStack():821}(Object(Illuminate\Http\Request))
#14 C:\xampp\htdocs\site_iuhm\vendor\laravel\framework\src\Illuminate\Auth\Middleware\RedirectIfAuthenticated.php(47): Illuminate\Pipeline\Pipeline->{closure:Illuminate\Pipeline\Pipeline::prepareDestination():178}(Object(Illuminate\Http\Request))
#15 C:\xampp\htdocs\site_iuhm\vendor\laravel\framework\src\Illuminate\Pipeline\Pipeline.php(219): Illuminate\Auth\Middleware\RedirectIfAuthenticated->handle(Object(Illuminate\Http\Request), Object(Closure), 'web')
#16 C:\xampp\htdocs\site_iuhm\app\Http\Middleware\SetTeamUrlDefaults.php(26): Illuminate\Pipeline\Pipeline->{closure:{closure:Illuminate\Pipeline\Pipeline::carry():194}:195}(Object(Illuminate\Http\Request))
#17 C:\xampp\htdocs\site_iuhm\vendor\laravel\framework\src\Illuminate\Pipeline\Pipeline.php(219): App\Http\Middleware\SetTeamUrlDefaults->handle(Object(Illuminate\Http\Request), Object(Closure))
#18 C:\xampp\htdocs\site_iuhm\app\Http\Middleware\SetLocale.php(28): Illuminate\Pipeline\Pipeline->{closure:{closure:Illuminate\Pipeline\Pipeline::carry():194}:195}(Object(Illuminate\Http\Request))
#19 C:\xampp\htdocs\site_iuhm\vendor\laravel\framework\src\Illuminate\Pipeline\Pipeline.php(219): App\Http\Middleware\SetLocale->handle(Object(Illuminate\Http\Request), Object(Closure))
#20 C:\xampp\htdocs\site_iuhm\vendor\laravel\framework\src\Illuminate\Routing\Middleware\SubstituteBindings.php(52): Illuminate\Pipeline\Pipeline->{closure:{closure:Illuminate\Pipeline\Pipeline::carry():194}:195}(Object(Illuminate\Http\Request))
#21 C:\xampp\htdocs\site_iuhm\vendor\laravel\framework\src\Illuminate\Pipeline\Pipeline.php(219): Illuminate\Routing\Middleware\SubstituteBindings->handle(Object(Illuminate\Http\Request), Object(Closure))
#22 C:\xampp\htdocs\site_iuhm\vendor\laravel\framework\src\Illuminate\Foundation\Http\Middleware\PreventRequestForgery.php(104): Illuminate\Pipeline\Pipeline->{closure:{closure:Illuminate\Pipeline\Pipeline::carry():194}:195}(Object(Illuminate\Http\Request))
#23 C:\xampp\htdocs\site_iuhm\vendor\laravel\framework\src\Illuminate\Pipeline\Pipeline.php(219): Illuminate\Foundation\Http\Middleware\PreventRequestForgery->handle(Object(Illuminate\Http\Request), Object(Closure))
#24 C:\xampp\htdocs\site_iuhm\vendor\laravel\framework\src\Illuminate\View\Middleware\ShareErrorsFromSession.php(48): Illuminate\Pipeline\Pipeline->{closure:{closure:Illuminate\Pipeline\Pipeline::carry():194}:195}(Object(Illuminate\Http\Request))
#25 C:\xampp\htdocs\site_iuhm\vendor\laravel\framework\src\Illuminate\Pipeline\Pipeline.php(219): Illuminate\View\Middleware\ShareErrorsFromSession->handle(Object(Illuminate\Http\Request), Object(Closure))
#26 C:\xampp\htdocs\site_iuhm\vendor\laravel\framework\src\Illuminate\Session\Middleware\StartSession.php(120): Illuminate\Pipeline\Pipeline->{closure:{closure:Illuminate\Pipeline\Pipeline::carry():194}:195}(Object(Illuminate\Http\Request))
#27 C:\xampp\htdocs\site_iuhm\vendor\laravel\framework\src\Illuminate\Session\Middleware\StartSession.php(63): Illuminate\Session\Middleware\StartSession->handleStatefulRequest(Object(Illuminate\Http\Request), Object(Illuminate\Session\Store), Object(Closure))
#28 C:\xampp\htdocs\site_iuhm\vendor\laravel\framework\src\Illuminate\Pipeline\Pipeline.php(219): Illuminate\Session\Middleware\StartSession->handle(Object(Illuminate\Http\Request), Object(Closure))
#29 C:\xampp\htdocs\site_iuhm\vendor\laravel\framework\src\Illuminate\Cookie\Middleware\AddQueuedCookiesToResponse.php(36): Illuminate\Pipeline\Pipeline->{closure:{closure:Illuminate\Pipeline\Pipeline::carry():194}:195}(Object(Illuminate\Http\Request))
#30 C:\xampp\htdocs\site_iuhm\vendor\laravel\framework\src\Illuminate\Pipeline\Pipeline.php(219): Illuminate\Cookie\Middleware\AddQueuedCookiesToResponse->handle(Object(Illuminate\Http\Request), Object(Closure))
#31 C:\xampp\htdocs\site_iuhm\vendor\laravel\framework\src\Illuminate\Cookie\Middleware\EncryptCookies.php(74): Illuminate\Pipeline\Pipeline->{closure:{closure:Illuminate\Pipeline\Pipeline::carry():194}:195}(Object(Illuminate\Http\Request))
#32 C:\xampp\htdocs\site_iuhm\vendor\laravel\framework\src\Illuminate\Pipeline\Pipeline.php(219): Illuminate\Cookie\Middleware\EncryptCookies->handle(Object(Illuminate\Http\Request), Object(Closure))
#33 C:\xampp\htdocs\site_iuhm\vendor\laravel\framework\src\Illuminate\Pipeline\Pipeline.php(137): Illuminate\Pipeline\Pipeline->{closure:{closure:Illuminate\Pipeline\Pipeline::carry():194}:195}(Object(Illuminate\Http\Request))
#34 C:\xampp\htdocs\site_iuhm\vendor\laravel\framework\src\Illuminate\Routing\Router.php(821): Illuminate\Pipeline\Pipeline->then(Object(Closure))
#35 C:\xampp\htdocs\site_iuhm\vendor\laravel\framework\src\Illuminate\Routing\Router.php(800): Illuminate\Routing\Router->runRouteWithinStack(Object(Illuminate\Routing\Route), Object(Illuminate\Http\Request))
#36 C:\xampp\htdocs\site_iuhm\vendor\laravel\framework\src\Illuminate\Routing\Router.php(764): Illuminate\Routing\Router->runRoute(Object(Illuminate\Http\Request), Object(Illuminate\Routing\Route))
#37 C:\xampp\htdocs\site_iuhm\vendor\laravel\framework\src\Illuminate\Routing\Router.php(753): Illuminate\Routing\Router->dispatchToRoute(Object(Illuminate\Http\Request))
#38 C:\xampp\htdocs\site_iuhm\vendor\laravel\framework\src\Illuminate\Foundation\Http\Kernel.php(200): Illuminate\Routing\Router->dispatch(Object(Illuminate\Http\Request))
#39 C:\xampp\htdocs\site_iuhm\vendor\laravel\framework\src\Illuminate\Pipeline\Pipeline.php(180): Illuminate\Foundation\Http\Kernel->{closure:Illuminate\Foundation\Http\Kernel::dispatchToRouter():197}(Object(Illuminate\Http\Request))
#40 C:\xampp\htdocs\site_iuhm\vendor\livewire\livewire\src\Features\SupportDisablingBackButtonCache\DisableBackButtonCacheMiddleware.php(19): Illuminate\Pipeline\Pipeline->{closure:Illuminate\Pipeline\Pipeline::prepareDestination():178}(Object(Illuminate\Http\Request))
#41 C:\xampp\htdocs\site_iuhm\vendor\laravel\framework\src\Illuminate\Pipeline\Pipeline.php(219): Livewire\Features\SupportDisablingBackButtonCache\DisableBackButtonCacheMiddleware->handle(Object(Illuminate\Http\Request), Object(Closure))
#42 C:\xampp\htdocs\site_iuhm\vendor\laravel\framework\src\Illuminate\Foundation\Http\Middleware\TransformsRequest.php(21): Illuminate\Pipeline\Pipeline->{closure:{closure:Illuminate\Pipeline\Pipeline::carry():194}:195}(Object(Illuminate\Http\Request))
#43 C:\xampp\htdocs\site_iuhm\vendor\laravel\framework\src\Illuminate\Foundation\Http\Middleware\ConvertEmptyStringsToNull.php(31): Illuminate\Foundation\Http\Middleware\TransformsRequest->handle(Object(Illuminate\Http\Request), Object(Closure))
#44 C:\xampp\htdocs\site_iuhm\vendor\laravel\framework\src\Illuminate\Pipeline\Pipeline.php(219): Illuminate\Foundation\Http\Middleware\ConvertEmptyStringsToNull->handle(Object(Illuminate\Http\Request), Object(Closure))
#45 C:\xampp\htdocs\site_iuhm\vendor\laravel\framework\src\Illuminate\Foundation\Http\Middleware\TransformsRequest.php(21): Illuminate\Pipeline\Pipeline->{closure:{closure:Illuminate\Pipeline\Pipeline::carry():194}:195}(Object(Illuminate\Http\Request))
#46 C:\xampp\htdocs\site_iuhm\vendor\laravel\framework\src\Illuminate\Foundation\Http\Middleware\TrimStrings.php(51): Illuminate\Foundation\Http\Middleware\TransformsRequest->handle(Object(Illuminate\Http\Request), Object(Closure))
#47 C:\xampp\htdocs\site_iuhm\vendor\laravel\framework\src\Illuminate\Pipeline\Pipeline.php(219): Illuminate\Foundation\Http\Middleware\TrimStrings->handle(Object(Illuminate\Http\Request), Object(Closure))
#48 C:\xampp\htdocs\site_iuhm\vendor\laravel\framework\src\Illuminate\Http\Middleware\ValidatePostSize.php(27): Illuminate\Pipeline\Pipeline->{closure:{closure:Illuminate\Pipeline\Pipeline::carry():194}:195}(Object(Illuminate\Http\Request))
#49 C:\xampp\htdocs\site_iuhm\vendor\laravel\framework\src\Illuminate\Pipeline\Pipeline.php(219): Illuminate\Http\Middleware\ValidatePostSize->handle(Object(Illuminate\Http\Request), Object(Closure))
#50 C:\xampp\htdocs\site_iuhm\vendor\laravel\framework\src\Illuminate\Foundation\Http\Middleware\PreventRequestsDuringMaintenance.php(109): Illuminate\Pipeline\Pipeline->{closure:{closure:Illuminate\Pipeline\Pipeline::carry():194}:195}(Object(Illuminate\Http\Request))
#51 C:\xampp\htdocs\site_iuhm\vendor\laravel\framework\src\Illuminate\Pipeline\Pipeline.php(219): Illuminate\Foundation\Http\Middleware\PreventRequestsDuringMaintenance->handle(Object(Illuminate\Http\Request), Object(Closure))
#52 C:\xampp\htdocs\site_iuhm\vendor\laravel\framework\src\Illuminate\Http\Middleware\HandleCors.php(61): Illuminate\Pipeline\Pipeline->{closure:{closure:Illuminate\Pipeline\Pipeline::carry():194}:195}(Object(Illuminate\Http\Request))
#53 C:\xampp\htdocs\site_iuhm\vendor\laravel\framework\src\Illuminate\Pipeline\Pipeline.php(219): Illuminate\Http\Middleware\HandleCors->handle(Object(Illuminate\Http\Request), Object(Closure))
#54 C:\xampp\htdocs\site_iuhm\vendor\laravel\framework\src\Illuminate\Http\Middleware\TrustProxies.php(58): Illuminate\Pipeline\Pipeline->{closure:{closure:Illuminate\Pipeline\Pipeline::carry():194}:195}(Object(Illuminate\Http\Request))
#55 C:\xampp\htdocs\site_iuhm\vendor\laravel\framework\src\Illuminate\Pipeline\Pipeline.php(219): Illuminate\Http\Middleware\TrustProxies->handle(Object(Illuminate\Http\Request), Object(Closure))
#56 C:\xampp\htdocs\site_iuhm\vendor\laravel\framework\src\Illuminate\Foundation\Http\Middleware\InvokeDeferredCallbacks.php(22): Illuminate\Pipeline\Pipeline->{closure:{closure:Illuminate\Pipeline\Pipeline::carry():194}:195}(Object(Illuminate\Http\Request))
#57 C:\xampp\htdocs\site_iuhm\vendor\laravel\framework\src\Illuminate\Pipeline\Pipeline.php(219): Illuminate\Foundation\Http\Middleware\InvokeDeferredCallbacks->handle(Object(Illuminate\Http\Request), Object(Closure))
#58 C:\xampp\htdocs\site_iuhm\vendor\laravel\framework\src\Illuminate\Http\Middleware\ValidatePathEncoding.php(28): Illuminate\Pipeline\Pipeline->{closure:{closure:Illuminate\Pipeline\Pipeline::carry():194}:195}(Object(Illuminate\Http\Request))
#59 C:\xampp\htdocs\site_iuhm\vendor\laravel\framework\src\Illuminate\Pipeline\Pipeline.php(219): Illuminate\Http\Middleware\ValidatePathEncoding->handle(Object(Illuminate\Http\Request), Object(Closure))
#60 C:\xampp\htdocs\site_iuhm\vendor\laravel\framework\src\Illuminate\Pipeline\Pipeline.php(137): Illuminate\Pipeline\Pipeline->{closure:{closure:Illuminate\Pipeline\Pipeline::carry():194}:195}(Object(Illuminate\Http\Request))
#61 C:\xampp\htdocs\site_iuhm\vendor\laravel\framework\src\Illuminate\Foundation\Http\Kernel.php(175): Illuminate\Pipeline\Pipeline->then(Object(Closure))
#62 C:\xampp\htdocs\site_iuhm\vendor\laravel\framework\src\Illuminate\Foundation\Http\Kernel.php(144): Illuminate\Foundation\Http\Kernel->sendRequestThroughRouter(Object(Illuminate\Http\Request))
#63 C:\xampp\htdocs\site_iuhm\vendor\laravel\framework\src\Illuminate\Foundation\Testing\Concerns\MakesHttpRequests.php(607): Illuminate\Foundation\Http\Kernel->handle(Object(Illuminate\Http\Request))
#64 C:\xampp\htdocs\site_iuhm\vendor\laravel\framework\src\Illuminate\Foundation\Testing\Concerns\MakesHttpRequests.php(368): Illuminate\Foundation\Testing\TestCase->call('GET', 'http://localhos...', Array, Array, Array, Array)
#65 C:\xampp\htdocs\site_iuhm\tests\Feature\Auth\PasswordResetTest.php(50): Illuminate\Foundation\Testing\TestCase->get('http://localhos...')
#66 C:\xampp\htdocs\site_iuhm\vendor\laravel\framework\src\Illuminate\Support\Testing\Fakes\NotificationFake.php(261): Tests\Feature\Auth\PasswordResetTest->{closure:Tests\Feature\Auth\PasswordResetTest::test_reset_password_screen_can_be_rendered():49}(Object(Illuminate\Auth\Notifications\ResetPassword), Array, Object(App\Models\User), NULL)
#67 [internal function]: Illuminate\Support\Testing\Fakes\NotificationFake->{closure:Illuminate\Support\Testing\Fakes\NotificationFake::sent():261}(Array, 0)
#68 C:\xampp\htdocs\site_iuhm\vendor\laravel\framework\src\Illuminate\Collections\Arr.php(1240): array_filter(Array, Object(Closure), 1)
#69 C:\xampp\htdocs\site_iuhm\vendor\laravel\framework\src\Illuminate\Collections\Collection.php(426): Illuminate\Support\Arr::where(Array, Object(Closure))
#70 C:\xampp\htdocs\site_iuhm\vendor\laravel\framework\src\Illuminate\Support\Testing\Fakes\NotificationFake.php(260): Illuminate\Support\Collection->filter(Object(Closure))
#71 C:\xampp\htdocs\site_iuhm\vendor\laravel\framework\src\Illuminate\Support\Testing\Fakes\NotificationFake.php(90): Illuminate\Support\Testing\Fakes\NotificationFake->sent(Object(App\Models\User), 'Illuminate\\Auth...', Object(Closure))
#72 C:\xampp\htdocs\site_iuhm\vendor\laravel\framework\src\Illuminate\Support\Facades\Facade.php(363): Illuminate\Support\Testing\Fakes\NotificationFake->assertSentTo(Object(App\Models\User), 'Illuminate\\Auth...', Object(Closure))
#73 C:\xampp\htdocs\site_iuhm\tests\Feature\Auth\PasswordResetTest.php(49): Illuminate\Support\Facades\Facade::__callStatic('assertSentTo', Array)
#74 C:\xampp\htdocs\site_iuhm\vendor\phpunit\phpunit\src\Framework\TestCase.php(1335): Tests\Feature\Auth\PasswordResetTest->test_reset_password_screen_can_be_rendered()
#75 C:\xampp\htdocs\site_iuhm\vendor\phpunit\phpunit\src\Framework\TestCase.php(519): PHPUnit\Framework\TestCase->runTest()
#76 C:\xampp\htdocs\site_iuhm\vendor\phpunit\phpunit\src\Framework\TestRunner\TestRunner.php(99): PHPUnit\Framework\TestCase->runBare()
#77 C:\xampp\htdocs\site_iuhm\vendor\phpunit\phpunit\src\Framework\TestCase.php(359): PHPUnit\Framework\TestRunner->run(Object(Tests\Feature\Auth\PasswordResetTest))
#78 C:\xampp\htdocs\site_iuhm\vendor\phpunit\phpunit\src\Framework\TestSuite.php(374): PHPUnit\Framework\TestCase->run()
#79 C:\xampp\htdocs\site_iuhm\vendor\phpunit\phpunit\src\Framework\TestSuite.php(374): PHPUnit\Framework\TestSuite->run()
#80 C:\xampp\htdocs\site_iuhm\vendor\phpunit\phpunit\src\Framework\TestSuite.php(374): PHPUnit\Framework\TestSuite->run()
#81 C:\xampp\htdocs\site_iuhm\vendor\phpunit\phpunit\src\TextUI\TestRunner.php(64): PHPUnit\Framework\TestSuite->run()
#82 C:\xampp\htdocs\site_iuhm\vendor\phpunit\phpunit\src\TextUI\Application.php(229): PHPUnit\TextUI\TestRunner->run(Object(PHPUnit\TextUI\Configuration\Configuration), Object(PHPUnit\Runner\ResultCache\DefaultResultCache), Object(PHPUnit\Framework\TestSuite))
#83 C:\xampp\htdocs\site_iuhm\vendor\phpunit\phpunit\phpunit(104): PHPUnit\TextUI\Application->run(Array)
#84 {main}

----------------------------------------------------------------------------------

Vite manifest not found at: C:\xampp\htdocs\site_iuhm\public\build/manifest.json (View: C:\xampp\htdocs\site_iuhm\resources\views\partials\head.blade.php) (View: C:\xampp\htdocs\site_iuhm\resources\views\partials\head.blade.php) (View: C:\xampp\htdocs\site_iuhm\resources\views\partials\head.blade.php) (View: C:\xampp\htdocs\site_iuhm\resources\views\partials\head.blade.php)[39;22m

  at [32mtests\Feature\Auth\PasswordResetTest.php[39m:[32m52[39m
     48Ôûò 
     49Ôûò         Notification::assertSentTo($user, ResetPassword::class, function ($notification) {
     50Ôûò             $response = $this->get(route('password.reset', $notification->token));
     51Ôûò 
  Ô×£  52Ôûò             $response->assertOk();
     53Ôûò 
     54Ôûò             return true;
     55Ôûò         });
     56Ôûò     }

  [33m1   [39m[39;1mvendor\laravel\framework\src\Illuminate\Support\Testing\Fakes\NotificationFake.php[39;22m:[39;1m261[39;22m
  [33m2   [39m[39;1mvendor\laravel\framework\src\Illuminate\Collections\Arr.php[39;22m:[39;1m1240[39;22m

  [31mÔöÇÔöÇÔöÇÔöÇÔöÇÔöÇÔöÇÔöÇÔöÇÔöÇÔöÇÔöÇÔöÇÔöÇÔöÇÔöÇÔöÇÔöÇÔöÇÔöÇÔöÇÔöÇÔöÇÔöÇÔöÇÔöÇÔöÇÔöÇÔöÇÔöÇÔöÇÔöÇÔöÇÔöÇÔöÇÔöÇÔöÇÔöÇÔöÇÔöÇÔöÇÔöÇÔöÇÔöÇÔöÇÔöÇÔöÇÔöÇÔöÇÔöÇÔöÇÔöÇÔöÇÔöÇÔöÇÔöÇÔöÇÔöÇÔöÇÔöÇÔöÇÔöÇÔöÇÔöÇÔöÇÔöÇÔöÇÔöÇÔöÇÔöÇÔöÇÔöÇÔöÇÔöÇÔöÇÔöÇ[39m  
  [41;1m FAILED [49;22m [1mTests\Feature\Auth\RegistrationTest[22m [90m>[39m registration screen can beÔÇª    
[39;1m  Expected response status code [200] but received 500.
Failed asserting that 500 is identical to 200.

The following exception occurred during the last request:

Illuminate\Foundation\ViteManifestNotFoundException: Vite manifest not found at: C:\xampp\htdocs\site_iuhm\public\build/manifest.json in C:\xampp\htdocs\site_iuhm\vendor\laravel\framework\src\Illuminate\Foundation\Vite.php:946
Stack trace:
#0 C:\xampp\htdocs\site_iuhm\vendor\laravel\framework\src\Illuminate\Foundation\Vite.php(384): Illuminate\Foundation\Vite->manifest('build')
#1 C:\xampp\htdocs\site_iuhm\storage\framework\views\5fd94fc7a115eb01cf68443e349dcd01.php(16): Illuminate\Foundation\Vite->__invoke(Object(Illuminate\Support\Collection))
#2 C:\xampp\htdocs\site_iuhm\vendor\laravel\framework\src\Illuminate\Filesystem\Filesystem.php(123): require('C:\\xampp\\htdocs...')
#3 C:\xampp\htdocs\site_iuhm\vendor\laravel\framework\src\Illuminate\Filesystem\Filesystem.php(124): Illuminate\Filesystem\Filesystem::{closure:Illuminate\Filesystem\Filesystem::getRequire():120}()
#4 C:\xampp\htdocs\site_iuhm\vendor\laravel\framework\src\Illuminate\View\Engines\PhpEngine.php(57): Illuminate\Filesystem\Filesystem->getRequire('C:\\xampp\\htdocs...', Array)
#5 C:\xampp\htdocs\site_iuhm\vendor\livewire\livewire\src\Mechanisms\ExtendBlade\ExtendedCompilerEngine.php(22): Illuminate\View\Engines\PhpEngine->evaluatePath('C:\\xampp\\htdocs...', Array)
#6 C:\xampp\htdocs\site_iuhm\vendor\laravel\framework\src\Illuminate\View\Engines\CompilerEngine.php(76): Livewire\Mechanisms\ExtendBlade\ExtendedCompilerEngine->evaluatePath('C:\\xampp\\htdocs...', Array)
#7 C:\xampp\htdocs\site_iuhm\vendor\livewire\livewire\src\Mechanisms\ExtendBlade\ExtendedCompilerEngine.php(10): Illuminate\View\Engines\CompilerEngine->get('C:\\xampp\\htdocs...', Array)
#8 C:\xampp\htdocs\site_iuhm\vendor\laravel\framework\src\Illuminate\View\View.php(208): Livewire\Mechanisms\ExtendBlade\ExtendedCompilerEngine->get('C:\\xampp\\htdocs...', Array)
#9 C:\xampp\htdocs\site_iuhm\vendor\laravel\framework\src\Illuminate\View\View.php(191): Illuminate\View\View->getContents()
#10 C:\xampp\htdocs\site_iuhm\vendor\laravel\framework\src\Illuminate\View\View.php(160): Illuminate\View\View->renderContents()
#11 C:\xampp\htdocs\site_iuhm\storage\framework\views\9f512d4add5423159fffe52151bd4fe8.php(4): Illuminate\View\View->render()
#12 C:\xampp\htdocs\site_iuhm\vendor\laravel\framework\src\Illuminate\Filesystem\Filesystem.php(123): require('C:\\xampp\\htdocs...')
#13 C:\xampp\htdocs\site_iuhm\vendor\laravel\framework\src\Illuminate\Filesystem\Filesystem.php(124): Illuminate\Filesystem\Filesystem::{closure:Illuminate\Filesystem\Filesystem::getRequire():120}()
#14 C:\xampp\htdocs\site_iuhm\vendor\laravel\framework\src\Illuminate\View\Engines\PhpEngine.php(57): Illuminate\Filesystem\Filesystem->getRequire('C:\\xampp\\htdocs...', Array)
#15 C:\xampp\htdocs\site_iuhm\vendor\livewire\livewire\src\Mechanisms\ExtendBlade\ExtendedCompilerEngine.php(22): Illuminate\View\Engines\PhpEngine->evaluatePath('C:\\xampp\\htdocs...', Array)
#16 C:\xampp\htdocs\site_iuhm\vendor\laravel\framework\src\Illuminate\View\Engines\CompilerEngine.php(76): Livewire\Mechanisms\ExtendBlade\ExtendedCompilerEngine->evaluatePath('C:\\xampp\\htdocs...', Array)
#17 C:\xampp\htdocs\site_iuhm\vendor\livewire\livewire\src\Mechanisms\ExtendBlade\ExtendedCompilerEngine.php(10): Illuminate\View\Engines\CompilerEngine->get('C:\\xampp\\htdocs...', Array)
#18 C:\xampp\htdocs\site_iuhm\vendor\laravel\framework\src\Illuminate\View\View.php(208): Livewire\Mechanisms\ExtendBlade\ExtendedCompilerEngine->get('C:\\xampp\\htdocs...', Array)
#19 C:\xampp\htdocs\site_iuhm\vendor\laravel\framework\src\Illuminate\View\View.php(191): Illuminate\View\View->getContents()
#20 C:\xampp\htdocs\site_iuhm\vendor\laravel\framework\src\Illuminate\View\View.php(160): Illuminate\View\View->renderContents()
#21 C:\xampp\htdocs\site_iuhm\vendor\laravel\framework\src\Illuminate\View\Concerns\ManagesComponents.php(103): Illuminate\View\View->render()
#22 C:\xampp\htdocs\site_iuhm\storage\framework\views\77efdc9d6b730fc9d8b06a63d669eb13.php(15): Illuminate\View\Factory->renderComponent()
#23 C:\xampp\htdocs\site_iuhm\vendor\laravel\framework\src\Illuminate\Filesystem\Filesystem.php(123): require('C:\\xampp\\htdocs...')
#24 C:\xampp\htdocs\site_iuhm\vendor\laravel\framework\src\Illuminate\Filesystem\Filesystem.php(124): Illuminate\Filesystem\Filesystem::{closure:Illuminate\Filesystem\Filesystem::getRequire():120}()
#25 C:\xampp\htdocs\site_iuhm\vendor\laravel\framework\src\Illuminate\View\Engines\PhpEngine.php(57): Illuminate\Filesystem\Filesystem->getRequire('C:\\xampp\\htdocs...', Array)
#26 C:\xampp\htdocs\site_iuhm\vendor\livewire\livewire\src\Mechanisms\ExtendBlade\ExtendedCompilerEngine.php(22): Illuminate\View\Engines\PhpEngine->evaluatePath('C:\\xampp\\htdocs...', Array)
#27 C:\xampp\htdocs\site_iuhm\vendor\laravel\framework\src\Illuminate\View\Engines\CompilerEngine.php(76): Livewire\Mechanisms\ExtendBlade\ExtendedCompilerEngine->evaluatePath('C:\\xampp\\htdocs...', Array)
#28 C:\xampp\htdocs\site_iuhm\vendor\livewire\livewire\src\Mechanisms\ExtendBlade\ExtendedCompilerEngine.php(10): Illuminate\View\Engines\CompilerEngine->get('C:\\xampp\\htdocs...', Array)
#29 C:\xampp\htdocs\site_iuhm\vendor\laravel\framework\src\Illuminate\View\View.php(208): Livewire\Mechanisms\ExtendBlade\ExtendedCompilerEngine->get('C:\\xampp\\htdocs...', Array)
#30 C:\xampp\htdocs\site_iuhm\vendor\laravel\framework\src\Illuminate\View\View.php(191): Illuminate\View\View->getContents()
#31 C:\xampp\htdocs\site_iuhm\vendor\laravel\framework\src\Illuminate\View\View.php(160): Illuminate\View\View->renderContents()
#32 C:\xampp\htdocs\site_iuhm\vendor\laravel\framework\src\Illuminate\View\Concerns\ManagesComponents.php(103): Illuminate\View\View->render()
#33 C:\xampp\htdocs\site_iuhm\storage\framework\views\4c0855c7012a24e9d7678c082b60e9e4.php(212): Illuminate\View\Factory->renderComponent()
#34 C:\xampp\htdocs\site_iuhm\vendor\laravel\framework\src\Illuminate\Filesystem\Filesystem.php(123): require('C:\\xampp\\htdocs...')
#35 C:\xampp\htdocs\site_iuhm\vendor\laravel\framework\src\Illuminate\Filesystem\Filesystem.php(124): Illuminate\Filesystem\Filesystem::{closure:Illuminate\Filesystem\Filesystem::getRequire():120}()
#36 C:\xampp\htdocs\site_iuhm\vendor\laravel\framework\src\Illuminate\View\Engines\PhpEngine.php(57): Illuminate\Filesystem\Filesystem->getRequire('C:\\xampp\\htdocs...', Array)
#37 C:\xampp\htdocs\site_iuhm\vendor\livewire\livewire\src\Mechanisms\ExtendBlade\ExtendedCompilerEngine.php(22): Illuminate\View\Engines\PhpEngine->evaluatePath('C:\\xampp\\htdocs...', Array)
#38 C:\xampp\htdocs\site_iuhm\vendor\laravel\framework\src\Illuminate\View\Engines\CompilerEngine.php(76): Livewire\Mechanisms\ExtendBlade\ExtendedCompilerEngine->evaluatePath('C:\\xampp\\htdocs...', Array)
#39 C:\xampp\htdocs\site_iuhm\vendor\livewire\livewire\src\Mechanisms\ExtendBlade\ExtendedCompilerEngine.php(10): Illuminate\View\Engines\CompilerEngine->get('C:\\xampp\\htdocs...', Array)
#40 C:\xampp\htdocs\site_iuhm\vendor\laravel\framework\src\Illuminate\View\View.php(208): Livewire\Mechanisms\ExtendBlade\ExtendedCompilerEngine->get('C:\\xampp\\htdocs...', Array)
#41 C:\xampp\htdocs\site_iuhm\vendor\laravel\framework\src\Illuminate\View\View.php(191): Illuminate\View\View->getContents()
#42 C:\xampp\htdocs\site_iuhm\vendor\laravel\framework\src\Illuminate\View\View.php(160): Illuminate\View\View->renderContents()
#43 C:\xampp\htdocs\site_iuhm\vendor\laravel\framework\src\Illuminate\Http\Response.php(78): Illuminate\View\View->render()
#44 C:\xampp\htdocs\site_iuhm\vendor\laravel\framework\src\Illuminate\Http\Response.php(34): Illuminate\Http\Response->setContent(Object(Illuminate\View\View))
#45 C:\xampp\htdocs\site_iuhm\vendor\laravel\framework\src\Illuminate\Routing\Router.php(939): Illuminate\Http\Response->__construct(Object(Illuminate\View\View), 200, Array)
#46 C:\xampp\htdocs\site_iuhm\vendor\laravel\framework\src\Illuminate\Routing\Router.php(906): Illuminate\Routing\Router::toResponse(Object(Illuminate\Http\Request), Object(Illuminate\View\View))
#47 C:\xampp\htdocs\site_iuhm\vendor\laravel\framework\src\Illuminate\Routing\Router.php(821): Illuminate\Routing\Router->prepareResponse(Object(Illuminate\Http\Request), Object(Laravel\Fortify\Http\Responses\SimpleViewResponse))
#48 C:\xampp\htdocs\site_iuhm\vendor\laravel\framework\src\Illuminate\Pipeline\Pipeline.php(180): Illuminate\Routing\Router->{closure:Illuminate\Routing\Router::runRouteWithinStack():821}(Object(Illuminate\Http\Request))
#49 C:\xampp\htdocs\site_iuhm\vendor\laravel\framework\src\Illuminate\Auth\Middleware\RedirectIfAuthenticated.php(47): Illuminate\Pipeline\Pipeline->{closure:Illuminate\Pipeline\Pipeline::prepareDestination():178}(Object(Illuminate\Http\Request))
#50 C:\xampp\htdocs\site_iuhm\vendor\laravel\framework\src\Illuminate\Pipeline\Pipeline.php(219): Illuminate\Auth\Middleware\RedirectIfAuthenticated->handle(Object(Illuminate\Http\Request), Object(Closure), 'web')
#51 C:\xampp\htdocs\site_iuhm\app\Http\Middleware\SetTeamUrlDefaults.php(26): Illuminate\Pipeline\Pipeline->{closure:{closure:Illuminate\Pipeline\Pipeline::carry():194}:195}(Object(Illuminate\Http\Request))
#52 C:\xampp\htdocs\site_iuhm\vendor\laravel\framework\src\Illuminate\Pipeline\Pipeline.php(219): App\Http\Middleware\SetTeamUrlDefaults->handle(Object(Illuminate\Http\Request), Object(Closure))
#53 C:\xampp\htdocs\site_iuhm\app\Http\Middleware\SetLocale.php(28): Illuminate\Pipeline\Pipeline->{closure:{closure:Illuminate\Pipeline\Pipeline::carry():194}:195}(Object(Illuminate\Http\Request))
#54 C:\xampp\htdocs\site_iuhm\vendor\laravel\framework\src\Illuminate\Pipeline\Pipeline.php(219): App\Http\Middleware\SetLocale->handle(Object(Illuminate\Http\Request), Object(Closure))
#55 C:\xampp\htdocs\site_iuhm\vendor\laravel\framework\src\Illuminate\Routing\Middleware\SubstituteBindings.php(52): Illuminate\Pipeline\Pipeline->{closure:{closure:Illuminate\Pipeline\Pipeline::carry():194}:195}(Object(Illuminate\Http\Request))
#56 C:\xampp\htdocs\site_iuhm\vendor\laravel\framework\src\Illuminate\Pipeline\Pipeline.php(219): Illuminate\Routing\Middleware\SubstituteBindings->handle(Object(Illuminate\Http\Request), Object(Closure))
#57 C:\xampp\htdocs\site_iuhm\vendor\laravel\framework\src\Illuminate\Foundation\Http\Middleware\PreventRequestForgery.php(104): Illuminate\Pipeline\Pipeline->{closure:{closure:Illuminate\Pipeline\Pipeline::carry():194}:195}(Object(Illuminate\Http\Request))
#58 C:\xampp\htdocs\site_iuhm\vendor\laravel\framework\src\Illuminate\Pipeline\Pipeline.php(219): Illuminate\Foundation\Http\Middleware\PreventRequestForgery->handle(Object(Illuminate\Http\Request), Object(Closure))
#59 C:\xampp\htdocs\site_iuhm\vendor\laravel\framework\src\Illuminate\View\Middleware\ShareErrorsFromSession.php(48): Illuminate\Pipeline\Pipeline->{closure:{closure:Illuminate\Pipeline\Pipeline::carry():194}:195}(Object(Illuminate\Http\Request))
#60 C:\xampp\htdocs\site_iuhm\vendor\laravel\framework\src\Illuminate\Pipeline\Pipeline.php(219): Illuminate\View\Middleware\ShareErrorsFromSession->handle(Object(Illuminate\Http\Request), Object(Closure))
#61 C:\xampp\htdocs\site_iuhm\vendor\laravel\framework\src\Illuminate\Session\Middleware\StartSession.php(120): Illuminate\Pipeline\Pipeline->{closure:{closure:Illuminate\Pipeline\Pipeline::carry():194}:195}(Object(Illuminate\Http\Request))
#62 C:\xampp\htdocs\site_iuhm\vendor\laravel\framework\src\Illuminate\Session\Middleware\StartSession.php(63): Illuminate\Session\Middleware\StartSession->handleStatefulRequest(Object(Illuminate\Http\Request), Object(Illuminate\Session\Store), Object(Closure))
#63 C:\xampp\htdocs\site_iuhm\vendor\laravel\framework\src\Illuminate\Pipeline\Pipeline.php(219): Illuminate\Session\Middleware\StartSession->handle(Object(Illuminate\Http\Request), Object(Closure))
#64 C:\xampp\htdocs\site_iuhm\vendor\laravel\framework\src\Illuminate\Cookie\Middleware\AddQueuedCookiesToResponse.php(36): Illuminate\Pipeline\Pipeline->{closure:{closure:Illuminate\Pipeline\Pipeline::carry():194}:195}(Object(Illuminate\Http\Request))
#65 C:\xampp\htdocs\site_iuhm\vendor\laravel\framework\src\Illuminate\Pipeline\Pipeline.php(219): Illuminate\Cookie\Middleware\AddQueuedCookiesToResponse->handle(Object(Illuminate\Http\Request), Object(Closure))
#66 C:\xampp\htdocs\site_iuhm\vendor\laravel\framework\src\Illuminate\Cookie\Middleware\EncryptCookies.php(74): Illuminate\Pipeline\Pipeline->{closure:{closure:Illuminate\Pipeline\Pipeline::carry():194}:195}(Object(Illuminate\Http\Request))
#67 C:\xampp\htdocs\site_iuhm\vendor\laravel\framework\src\Illuminate\Pipeline\Pipeline.php(219): Illuminate\Cookie\Middleware\EncryptCookies->handle(Object(Illuminate\Http\Request), Object(Closure))
#68 C:\xampp\htdocs\site_iuhm\vendor\laravel\framework\src\Illuminate\Pipeline\Pipeline.php(137): Illuminate\Pipeline\Pipeline->{closure:{closure:Illuminate\Pipeline\Pipeline::carry():194}:195}(Object(Illuminate\Http\Request))
#69 C:\xampp\htdocs\site_iuhm\vendor\laravel\framework\src\Illuminate\Routing\Router.php(821): Illuminate\Pipeline\Pipeline->then(Object(Closure))
#70 C:\xampp\htdocs\site_iuhm\vendor\laravel\framework\src\Illuminate\Routing\Router.php(800): Illuminate\Routing\Router->runRouteWithinStack(Object(Illuminate\Routing\Route), Object(Illuminate\Http\Request))
#71 C:\xampp\htdocs\site_iuhm\vendor\laravel\framework\src\Illuminate\Routing\Router.php(764): Illuminate\Routing\Router->runRoute(Object(Illuminate\Http\Request), Object(Illuminate\Routing\Route))
#72 C:\xampp\htdocs\site_iuhm\vendor\laravel\framework\src\Illuminate\Routing\Router.php(753): Illuminate\Routing\Router->dispatchToRoute(Object(Illuminate\Http\Request))
#73 C:\xampp\htdocs\site_iuhm\vendor\laravel\framework\src\Illuminate\Foundation\Http\Kernel.php(200): Illuminate\Routing\Router->dispatch(Object(Illuminate\Http\Request))
#74 C:\xampp\htdocs\site_iuhm\vendor\laravel\framework\src\Illuminate\Pipeline\Pipeline.php(180): Illuminate\Foundation\Http\Kernel->{closure:Illuminate\Foundation\Http\Kernel::dispatchToRouter():197}(Object(Illuminate\Http\Request))
#75 C:\xampp\htdocs\site_iuhm\vendor\livewire\livewire\src\Features\SupportDisablingBackButtonCache\DisableBackButtonCacheMiddleware.php(19): Illuminate\Pipeline\Pipeline->{closure:Illuminate\Pipeline\Pipeline::prepareDestination():178}(Object(Illuminate\Http\Request))
#76 C:\xampp\htdocs\site_iuhm\vendor\laravel\framework\src\Illuminate\Pipeline\Pipeline.php(219): Livewire\Features\SupportDisablingBackButtonCache\DisableBackButtonCacheMiddleware->handle(Object(Illuminate\Http\Request), Object(Closure))
#77 C:\xampp\htdocs\site_iuhm\vendor\laravel\framework\src\Illuminate\Foundation\Http\Middleware\TransformsRequest.php(21): Illuminate\Pipeline\Pipeline->{closure:{closure:Illuminate\Pipeline\Pipeline::carry():194}:195}(Object(Illuminate\Http\Request))
#78 C:\xampp\htdocs\site_iuhm\vendor\laravel\framework\src\Illuminate\Foundation\Http\Middleware\ConvertEmptyStringsToNull.php(31): Illuminate\Foundation\Http\Middleware\TransformsRequest->handle(Object(Illuminate\Http\Request), Object(Closure))
#79 C:\xampp\htdocs\site_iuhm\vendor\laravel\framework\src\Illuminate\Pipeline\Pipeline.php(219): Illuminate\Foundation\Http\Middleware\ConvertEmptyStringsToNull->handle(Object(Illuminate\Http\Request), Object(Closure))
#80 C:\xampp\htdocs\site_iuhm\vendor\laravel\framework\src\Illuminate\Foundation\Http\Middleware\TransformsRequest.php(21): Illuminate\Pipeline\Pipeline->{closure:{closure:Illuminate\Pipeline\Pipeline::carry():194}:195}(Object(Illuminate\Http\Request))
#81 C:\xampp\htdocs\site_iuhm\vendor\laravel\framework\src\Illuminate\Foundation\Http\Middleware\TrimStrings.php(51): Illuminate\Foundation\Http\Middleware\TransformsRequest->handle(Object(Illuminate\Http\Request), Object(Closure))
#82 C:\xampp\htdocs\site_iuhm\vendor\laravel\framework\src\Illuminate\Pipeline\Pipeline.php(219): Illuminate\Foundation\Http\Middleware\TrimStrings->handle(Object(Illuminate\Http\Request), Object(Closure))
#83 C:\xampp\htdocs\site_iuhm\vendor\laravel\framework\src\Illuminate\Http\Middleware\ValidatePostSize.php(27): Illuminate\Pipeline\Pipeline->{closure:{closure:Illuminate\Pipeline\Pipeline::carry():194}:195}(Object(Illuminate\Http\Request))
#84 C:\xampp\htdocs\site_iuhm\vendor\laravel\framework\src\Illuminate\Pipeline\Pipeline.php(219): Illuminate\Http\Middleware\ValidatePostSize->handle(Object(Illuminate\Http\Request), Object(Closure))
#85 C:\xampp\htdocs\site_iuhm\vendor\laravel\framework\src\Illuminate\Foundation\Http\Middleware\PreventRequestsDuringMaintenance.php(109): Illuminate\Pipeline\Pipeline->{closure:{closure:Illuminate\Pipeline\Pipeline::carry():194}:195}(Object(Illuminate\Http\Request))
#86 C:\xampp\htdocs\site_iuhm\vendor\laravel\framework\src\Illuminate\Pipeline\Pipeline.php(219): Illuminate\Foundation\Http\Middleware\PreventRequestsDuringMaintenance->handle(Object(Illuminate\Http\Request), Object(Closure))
#87 C:\xampp\htdocs\site_iuhm\vendor\laravel\framework\src\Illuminate\Http\Middleware\HandleCors.php(61): Illuminate\Pipeline\Pipeline->{closure:{closure:Illuminate\Pipeline\Pipeline::carry():194}:195}(Object(Illuminate\Http\Request))
#88 C:\xampp\htdocs\site_iuhm\vendor\laravel\framework\src\Illuminate\Pipeline\Pipeline.php(219): Illuminate\Http\Middleware\HandleCors->handle(Object(Illuminate\Http\Request), Object(Closure))
#89 C:\xampp\htdocs\site_iuhm\vendor\laravel\framework\src\Illuminate\Http\Middleware\TrustProxies.php(58): Illuminate\Pipeline\Pipeline->{closure:{closure:Illuminate\Pipeline\Pipeline::carry():194}:195}(Object(Illuminate\Http\Request))
#90 C:\xampp\htdocs\site_iuhm\vendor\laravel\framework\src\Illuminate\Pipeline\Pipeline.php(219): Illuminate\Http\Middleware\TrustProxies->handle(Object(Illuminate\Http\Request), Object(Closure))
#91 C:\xampp\htdocs\site_iuhm\vendor\laravel\framework\src\Illuminate\Foundation\Http\Middleware\InvokeDeferredCallbacks.php(22): Illuminate\Pipeline\Pipeline->{closure:{closure:Illuminate\Pipeline\Pipeline::carry():194}:195}(Object(Illuminate\Http\Request))
#92 C:\xampp\htdocs\site_iuhm\vendor\laravel\framework\src\Illuminate\Pipeline\Pipeline.php(219): Illuminate\Foundation\Http\Middleware\InvokeDeferredCallbacks->handle(Object(Illuminate\Http\Request), Object(Closure))
#93 C:\xampp\htdocs\site_iuhm\vendor\laravel\framework\src\Illuminate\Http\Middleware\ValidatePathEncoding.php(28): Illuminate\Pipeline\Pipeline->{closure:{closure:Illuminate\Pipeline\Pipeline::carry():194}:195}(Object(Illuminate\Http\Request))
#94 C:\xampp\htdocs\site_iuhm\vendor\laravel\framework\src\Illuminate\Pipeline\Pipeline.php(219): Illuminate\Http\Middleware\ValidatePathEncoding->handle(Object(Illuminate\Http\Request), Object(Closure))
#95 C:\xampp\htdocs\site_iuhm\vendor\laravel\framework\src\Illuminate\Pipeline\Pipeline.php(137): Illuminate\Pipeline\Pipeline->{closure:{closure:Illuminate\Pipeline\Pipeline::carry():194}:195}(Object(Illuminate\Http\Request))
#96 C:\xampp\htdocs\site_iuhm\vendor\laravel\framework\src\Illuminate\Foundation\Http\Kernel.php(175): Illuminate\Pipeline\Pipeline->then(Object(Closure))
#97 C:\xampp\htdocs\site_iuhm\vendor\laravel\framework\src\Illuminate\Foundation\Http\Kernel.php(144): Illuminate\Foundation\Http\Kernel->sendRequestThroughRouter(Object(Illuminate\Http\Request))
#98 C:\xampp\htdocs\site_iuhm\vendor\laravel\framework\src\Illuminate\Foundation\Testing\Concerns\MakesHttpRequests.php(607): Illuminate\Foundation\Http\Kernel->handle(Object(Illuminate\Http\Request))
#99 C:\xampp\htdocs\site_iuhm\vendor\laravel\framework\src\Illuminate\Foundation\Testing\Concerns\MakesHttpRequests.php(368): Illuminate\Foundation\Testing\TestCase->call('GET', 'http://localhos...', Array, Array, Array, Array)
#100 C:\xampp\htdocs\site_iuhm\tests\Feature\Auth\RegistrationTest.php(15): Illuminate\Foundation\Testing\TestCase->get('http://localhos...')
#101 C:\xampp\htdocs\site_iuhm\vendor\phpunit\phpunit\src\Framework\TestCase.php(1335): Tests\Feature\Auth\RegistrationTest->test_registration_screen_can_be_rendered()
#102 C:\xampp\htdocs\site_iuhm\vendor\phpunit\phpunit\src\Framework\TestCase.php(519): PHPUnit\Framework\TestCase->runTest()
#103 C:\xampp\htdocs\site_iuhm\vendor\phpunit\phpunit\src\Framework\TestRunner\TestRunner.php(99): PHPUnit\Framework\TestCase->runBare()
#104 C:\xampp\htdocs\site_iuhm\vendor\phpunit\phpunit\src\Framework\TestCase.php(359): PHPUnit\Framework\TestRunner->run(Object(Tests\Feature\Auth\RegistrationTest))
#105 C:\xampp\htdocs\site_iuhm\vendor\phpunit\phpunit\src\Framework\TestSuite.php(374): PHPUnit\Framework\TestCase->run()
#106 C:\xampp\htdocs\site_iuhm\vendor\phpunit\phpunit\src\Framework\TestSuite.php(374): PHPUnit\Framework\TestSuite->run()
#107 C:\xampp\htdocs\site_iuhm\vendor\phpunit\phpunit\src\Framework\TestSuite.php(374): PHPUnit\Framework\TestSuite->run()
#108 C:\xampp\htdocs\site_iuhm\vendor\phpunit\phpunit\src\TextUI\TestRunner.php(64): PHPUnit\Framework\TestSuite->run()
#109 C:\xampp\htdocs\site_iuhm\vendor\phpunit\phpunit\src\TextUI\Application.php(229): PHPUnit\TextUI\TestRunner->run(Object(PHPUnit\TextUI\Configuration\Configuration), Object(PHPUnit\Runner\ResultCache\DefaultResultCache), Object(PHPUnit\Framework\TestSuite))
#110 C:\xampp\htdocs\site_iuhm\vendor\phpunit\phpunit\phpunit(104): PHPUnit\TextUI\Application->run(Array)
#111 {main}

Next Illuminate\View\ViewException: Vite manifest not found at: C:\xampp\htdocs\site_iuhm\public\build/manifest.json (View: C:\xampp\htdocs\site_iuhm\resources\views\partials\head.blade.php) in C:\xampp\htdocs\site_iuhm\vendor\laravel\framework\src\Illuminate\Foundation\Vite.php:946
Stack trace:
#0 C:\xampp\htdocs\site_iuhm\vendor\livewire\livewire\src\Mechanisms\ExtendBlade\ExtendedCompilerEngine.php(58): Illuminate\View\Engines\CompilerEngine->handleViewException(Object(Illuminate\Foundation\ViteManifestNotFoundException), 4)
#1 C:\xampp\htdocs\site_iuhm\vendor\laravel\framework\src\Illuminate\View\Engines\PhpEngine.php(59): Livewire\Mechanisms\ExtendBlade\ExtendedCompilerEngine->handleViewException(Object(Illuminate\Foundation\ViteManifestNotFoundException), 4)
#2 C:\xampp\htdocs\site_iuhm\vendor\livewire\livewire\src\Mechanisms\ExtendBlade\ExtendedCompilerEngine.php(22): Illuminate\View\Engines\PhpEngine->evaluatePath('C:\\xampp\\htdocs...', Array)
#3 C:\xampp\htdocs\site_iuhm\vendor\laravel\framework\src\Illuminate\View\Engines\CompilerEngine.php(76): Livewire\Mechanisms\ExtendBlade\ExtendedCompilerEngine->evaluatePath('C:\\xampp\\htdocs...', Array)
#4 C:\xampp\htdocs\site_iuhm\vendor\livewire\livewire\src\Mechanisms\ExtendBlade\ExtendedCompilerEngine.php(10): Illuminate\View\Engines\CompilerEngine->get('C:\\xampp\\htdocs...', Array)
#5 C:\xampp\htdocs\site_iuhm\vendor\laravel\framework\src\Illuminate\View\View.php(208): Livewire\Mechanisms\ExtendBlade\ExtendedCompilerEngine->get('C:\\xampp\\htdocs...', Array)
#6 C:\xampp\htdocs\site_iuhm\vendor\laravel\framework\src\Illuminate\View\View.php(191): Illuminate\View\View->getContents()
#7 C:\xampp\htdocs\site_iuhm\vendor\laravel\framework\src\Illuminate\View\View.php(160): Illuminate\View\View->renderContents()
#8 C:\xampp\htdocs\site_iuhm\storage\framework\views\9f512d4add5423159fffe52151bd4fe8.php(4): Illuminate\View\View->render()
#9 C:\xampp\htdocs\site_iuhm\vendor\laravel\framework\src\Illuminate\Filesystem\Filesystem.php(123): require('C:\\xampp\\htdocs...')
#10 C:\xampp\htdocs\site_iuhm\vendor\laravel\framework\src\Illuminate\Filesystem\Filesystem.php(124): Illuminate\Filesystem\Filesystem::{closure:Illuminate\Filesystem\Filesystem::getRequire():120}()
#11 C:\xampp\htdocs\site_iuhm\vendor\laravel\framework\src\Illuminate\View\Engines\PhpEngine.php(57): Illuminate\Filesystem\Filesystem->getRequire('C:\\xampp\\htdocs...', Array)
#12 C:\xampp\htdocs\site_iuhm\vendor\livewire\livewire\src\Mechanisms\ExtendBlade\ExtendedCompilerEngine.php(22): Illuminate\View\Engines\PhpEngine->evaluatePath('C:\\xampp\\htdocs...', Array)
#13 C:\xampp\htdocs\site_iuhm\vendor\laravel\framework\src\Illuminate\View\Engines\CompilerEngine.php(76): Livewire\Mechanisms\ExtendBlade\ExtendedCompilerEngine->evaluatePath('C:\\xampp\\htdocs...', Array)
#14 C:\xampp\htdocs\site_iuhm\vendor\livewire\livewire\src\Mechanisms\ExtendBlade\ExtendedCompilerEngine.php(10): Illuminate\View\Engines\CompilerEngine->get('C:\\xampp\\htdocs...', Array)
#15 C:\xampp\htdocs\site_iuhm\vendor\laravel\framework\src\Illuminate\View\View.php(208): Livewire\Mechanisms\ExtendBlade\ExtendedCompilerEngine->get('C:\\xampp\\htdocs...', Array)
#16 C:\xampp\htdocs\site_iuhm\vendor\laravel\framework\src\Illuminate\View\View.php(191): Illuminate\View\View->getContents()
#17 C:\xampp\htdocs\site_iuhm\vendor\laravel\framework\src\Illuminate\View\View.php(160): Illuminate\View\View->renderContents()
#18 C:\xampp\htdocs\site_iuhm\vendor\laravel\framework\src\Illuminate\View\Concerns\ManagesComponents.php(103): Illuminate\View\View->render()
#19 C:\xampp\htdocs\site_iuhm\storage\framework\views\77efdc9d6b730fc9d8b06a63d669eb13.php(15): Illuminate\View\Factory->renderComponent()
#20 C:\xampp\htdocs\site_iuhm\vendor\laravel\framework\src\Illuminate\Filesystem\Filesystem.php(123): require('C:\\xampp\\htdocs...')
#21 C:\xampp\htdocs\site_iuhm\vendor\laravel\framework\src\Illuminate\Filesystem\Filesystem.php(124): Illuminate\Filesystem\Filesystem::{closure:Illuminate\Filesystem\Filesystem::getRequire():120}()
#22 C:\xampp\htdocs\site_iuhm\vendor\laravel\framework\src\Illuminate\View\Engines\PhpEngine.php(57): Illuminate\Filesystem\Filesystem->getRequire('C:\\xampp\\htdocs...', Array)
#23 C:\xampp\htdocs\site_iuhm\vendor\livewire\livewire\src\Mechanisms\ExtendBlade\ExtendedCompilerEngine.php(22): Illuminate\View\Engines\PhpEngine->evaluatePath('C:\\xampp\\htdocs...', Array)
#24 C:\xampp\htdocs\site_iuhm\vendor\laravel\framework\src\Illuminate\View\Engines\CompilerEngine.php(76): Livewire\Mechanisms\ExtendBlade\ExtendedCompilerEngine->evaluatePath('C:\\xampp\\htdocs...', Array)
#25 C:\xampp\htdocs\site_iuhm\vendor\livewire\livewire\src\Mechanisms\ExtendBlade\ExtendedCompilerEngine.php(10): Illuminate\View\Engines\CompilerEngine->get('C:\\xampp\\htdocs...', Array)
#26 C:\xampp\htdocs\site_iuhm\vendor\laravel\framework\src\Illuminate\View\View.php(208): Livewire\Mechanisms\ExtendBlade\ExtendedCompilerEngine->get('C:\\xampp\\htdocs...', Array)
#27 C:\xampp\htdocs\site_iuhm\vendor\laravel\framework\src\Illuminate\View\View.php(191): Illuminate\View\View->getContents()
#28 C:\xampp\htdocs\site_iuhm\vendor\laravel\framework\src\Illuminate\View\View.php(160): Illuminate\View\View->renderContents()
#29 C:\xampp\htdocs\site_iuhm\vendor\laravel\framework\src\Illuminate\View\Concerns\ManagesComponents.php(103): Illuminate\View\View->render()
#30 C:\xampp\htdocs\site_iuhm\storage\framework\views\4c0855c7012a24e9d7678c082b60e9e4.php(212): Illuminate\View\Factory->renderComponent()
#31 C:\xampp\htdocs\site_iuhm\vendor\laravel\framework\src\Illuminate\Filesystem\Filesystem.php(123): require('C:\\xampp\\htdocs...')
#32 C:\xampp\htdocs\site_iuhm\vendor\laravel\framework\src\Illuminate\Filesystem\Filesystem.php(124): Illuminate\Filesystem\Filesystem::{closure:Illuminate\Filesystem\Filesystem::getRequire():120}()
#33 C:\xampp\htdocs\site_iuhm\vendor\laravel\framework\src\Illuminate\View\Engines\PhpEngine.php(57): Illuminate\Filesystem\Filesystem->getRequire('C:\\xampp\\htdocs...', Array)
#34 C:\xampp\htdocs\site_iuhm\vendor\livewire\livewire\src\Mechanisms\ExtendBlade\ExtendedCompilerEngine.php(22): Illuminate\View\Engines\PhpEngine->evaluatePath('C:\\xampp\\htdocs...', Array)
#35 C:\xampp\htdocs\site_iuhm\vendor\laravel\framework\src\Illuminate\View\Engines\CompilerEngine.php(76): Livewire\Mechanisms\ExtendBlade\ExtendedCompilerEngine->evaluatePath('C:\\xampp\\htdocs...', Array)
#36 C:\xampp\htdocs\site_iuhm\vendor\livewire\livewire\src\Mechanisms\ExtendBlade\ExtendedCompilerEngine.php(10): Illuminate\View\Engines\CompilerEngine->get('C:\\xampp\\htdocs...', Array)
#37 C:\xampp\htdocs\site_iuhm\vendor\laravel\framework\src\Illuminate\View\View.php(208): Livewire\Mechanisms\ExtendBlade\ExtendedCompilerEngine->get('C:\\xampp\\htdocs...', Array)
#38 C:\xampp\htdocs\site_iuhm\vendor\laravel\framework\src\Illuminate\View\View.php(191): Illuminate\View\View->getContents()
#39 C:\xampp\htdocs\site_iuhm\vendor\laravel\framework\src\Illuminate\View\View.php(160): Illuminate\View\View->renderContents()
#40 C:\xampp\htdocs\site_iuhm\vendor\laravel\framework\src\Illuminate\Http\Response.php(78): Illuminate\View\View->render()
#41 C:\xampp\htdocs\site_iuhm\vendor\laravel\framework\src\Illuminate\Http\Response.php(34): Illuminate\Http\Response->setContent(Object(Illuminate\View\View))
#42 C:\xampp\htdocs\site_iuhm\vendor\laravel\framework\src\Illuminate\Routing\Router.php(939): Illuminate\Http\Response->__construct(Object(Illuminate\View\View), 200, Array)
#43 C:\xampp\htdocs\site_iuhm\vendor\laravel\framework\src\Illuminate\Routing\Router.php(906): Illuminate\Routing\Router::toResponse(Object(Illuminate\Http\Request), Object(Illuminate\View\View))
#44 C:\xampp\htdocs\site_iuhm\vendor\laravel\framework\src\Illuminate\Routing\Router.php(821): Illuminate\Routing\Router->prepareResponse(Object(Illuminate\Http\Request), Object(Laravel\Fortify\Http\Responses\SimpleViewResponse))
#45 C:\xampp\htdocs\site_iuhm\vendor\laravel\framework\src\Illuminate\Pipeline\Pipeline.php(180): Illuminate\Routing\Router->{closure:Illuminate\Routing\Router::runRouteWithinStack():821}(Object(Illuminate\Http\Request))
#46 C:\xampp\htdocs\site_iuhm\vendor\laravel\framework\src\Illuminate\Auth\Middleware\RedirectIfAuthenticated.php(47): Illuminate\Pipeline\Pipeline->{closure:Illuminate\Pipeline\Pipeline::prepareDestination():178}(Object(Illuminate\Http\Request))
#47 C:\xampp\htdocs\site_iuhm\vendor\laravel\framework\src\Illuminate\Pipeline\Pipeline.php(219): Illuminate\Auth\Middleware\RedirectIfAuthenticated->handle(Object(Illuminate\Http\Request), Object(Closure), 'web')
#48 C:\xampp\htdocs\site_iuhm\app\Http\Middleware\SetTeamUrlDefaults.php(26): Illuminate\Pipeline\Pipeline->{closure:{closure:Illuminate\Pipeline\Pipeline::carry():194}:195}(Object(Illuminate\Http\Request))
#49 C:\xampp\htdocs\site_iuhm\vendor\laravel\framework\src\Illuminate\Pipeline\Pipeline.php(219): App\Http\Middleware\SetTeamUrlDefaults->handle(Object(Illuminate\Http\Request), Object(Closure))
#50 C:\xampp\htdocs\site_iuhm\app\Http\Middleware\SetLocale.php(28): Illuminate\Pipeline\Pipeline->{closure:{closure:Illuminate\Pipeline\Pipeline::carry():194}:195}(Object(Illuminate\Http\Request))
#51 C:\xampp\htdocs\site_iuhm\vendor\laravel\framework\src\Illuminate\Pipeline\Pipeline.php(219): App\Http\Middleware\SetLocale->handle(Object(Illuminate\Http\Request), Object(Closure))
#52 C:\xampp\htdocs\site_iuhm\vendor\laravel\framework\src\Illuminate\Routing\Middleware\SubstituteBindings.php(52): Illuminate\Pipeline\Pipeline->{closure:{closure:Illuminate\Pipeline\Pipeline::carry():194}:195}(Object(Illuminate\Http\Request))
#53 C:\xampp\htdocs\site_iuhm\vendor\laravel\framework\src\Illuminate\Pipeline\Pipeline.php(219): Illuminate\Routing\Middleware\SubstituteBindings->handle(Object(Illuminate\Http\Request), Object(Closure))
#54 C:\xampp\htdocs\site_iuhm\vendor\laravel\framework\src\Illuminate\Foundation\Http\Middleware\PreventRequestForgery.php(104): Illuminate\Pipeline\Pipeline->{closure:{closure:Illuminate\Pipeline\Pipeline::carry():194}:195}(Object(Illuminate\Http\Request))
#55 C:\xampp\htdocs\site_iuhm\vendor\laravel\framework\src\Illuminate\Pipeline\Pipeline.php(219): Illuminate\Foundation\Http\Middleware\PreventRequestForgery->handle(Object(Illuminate\Http\Request), Object(Closure))
#56 C:\xampp\htdocs\site_iuhm\vendor\laravel\framework\src\Illuminate\View\Middleware\ShareErrorsFromSession.php(48): Illuminate\Pipeline\Pipeline->{closure:{closure:Illuminate\Pipeline\Pipeline::carry():194}:195}(Object(Illuminate\Http\Request))
#57 C:\xampp\htdocs\site_iuhm\vendor\laravel\framework\src\Illuminate\Pipeline\Pipeline.php(219): Illuminate\View\Middleware\ShareErrorsFromSession->handle(Object(Illuminate\Http\Request), Object(Closure))
#58 C:\xampp\htdocs\site_iuhm\vendor\laravel\framework\src\Illuminate\Session\Middleware\StartSession.php(120): Illuminate\Pipeline\Pipeline->{closure:{closure:Illuminate\Pipeline\Pipeline::carry():194}:195}(Object(Illuminate\Http\Request))
#59 C:\xampp\htdocs\site_iuhm\vendor\laravel\framework\src\Illuminate\Session\Middleware\StartSession.php(63): Illuminate\Session\Middleware\StartSession->handleStatefulRequest(Object(Illuminate\Http\Request), Object(Illuminate\Session\Store), Object(Closure))
#60 C:\xampp\htdocs\site_iuhm\vendor\laravel\framework\src\Illuminate\Pipeline\Pipeline.php(219): Illuminate\Session\Middleware\StartSession->handle(Object(Illuminate\Http\Request), Object(Closure))
#61 C:\xampp\htdocs\site_iuhm\vendor\laravel\framework\src\Illuminate\Cookie\Middleware\AddQueuedCookiesToResponse.php(36): Illuminate\Pipeline\Pipeline->{closure:{closure:Illuminate\Pipeline\Pipeline::carry():194}:195}(Object(Illuminate\Http\Request))
#62 C:\xampp\htdocs\site_iuhm\vendor\laravel\framework\src\Illuminate\Pipeline\Pipeline.php(219): Illuminate\Cookie\Middleware\AddQueuedCookiesToResponse->handle(Object(Illuminate\Http\Request), Object(Closure))
#63 C:\xampp\htdocs\site_iuhm\vendor\laravel\framework\src\Illuminate\Cookie\Middleware\EncryptCookies.php(74): Illuminate\Pipeline\Pipeline->{closure:{closure:Illuminate\Pipeline\Pipeline::carry():194}:195}(Object(Illuminate\Http\Request))
#64 C:\xampp\htdocs\site_iuhm\vendor\laravel\framework\src\Illuminate\Pipeline\Pipeline.php(219): Illuminate\Cookie\Middleware\EncryptCookies->handle(Object(Illuminate\Http\Request), Object(Closure))
#65 C:\xampp\htdocs\site_iuhm\vendor\laravel\framework\src\Illuminate\Pipeline\Pipeline.php(137): Illuminate\Pipeline\Pipeline->{closure:{closure:Illuminate\Pipeline\Pipeline::carry():194}:195}(Object(Illuminate\Http\Request))
#66 C:\xampp\htdocs\site_iuhm\vendor\laravel\framework\src\Illuminate\Routing\Router.php(821): Illuminate\Pipeline\Pipeline->then(Object(Closure))
#67 C:\xampp\htdocs\site_iuhm\vendor\laravel\framework\src\Illuminate\Routing\Router.php(800): Illuminate\Routing\Router->runRouteWithinStack(Object(Illuminate\Routing\Route), Object(Illuminate\Http\Request))
#68 C:\xampp\htdocs\site_iuhm\vendor\laravel\framework\src\Illuminate\Routing\Router.php(764): Illuminate\Routing\Router->runRoute(Object(Illuminate\Http\Request), Object(Illuminate\Routing\Route))
#69 C:\xampp\htdocs\site_iuhm\vendor\laravel\framework\src\Illuminate\Routing\Router.php(753): Illuminate\Routing\Router->dispatchToRoute(Object(Illuminate\Http\Request))
#70 C:\xampp\htdocs\site_iuhm\vendor\laravel\framework\src\Illuminate\Foundation\Http\Kernel.php(200): Illuminate\Routing\Router->dispatch(Object(Illuminate\Http\Request))
#71 C:\xampp\htdocs\site_iuhm\vendor\laravel\framework\src\Illuminate\Pipeline\Pipeline.php(180): Illuminate\Foundation\Http\Kernel->{closure:Illuminate\Foundation\Http\Kernel::dispatchToRouter():197}(Object(Illuminate\Http\Request))
#72 C:\xampp\htdocs\site_iuhm\vendor\livewire\livewire\src\Features\SupportDisablingBackButtonCache\DisableBackButtonCacheMiddleware.php(19): Illuminate\Pipeline\Pipeline->{closure:Illuminate\Pipeline\Pipeline::prepareDestination():178}(Object(Illuminate\Http\Request))
#73 C:\xampp\htdocs\site_iuhm\vendor\laravel\framework\src\Illuminate\Pipeline\Pipeline.php(219): Livewire\Features\SupportDisablingBackButtonCache\DisableBackButtonCacheMiddleware->handle(Object(Illuminate\Http\Request), Object(Closure))
#74 C:\xampp\htdocs\site_iuhm\vendor\laravel\framework\src\Illuminate\Foundation\Http\Middleware\TransformsRequest.php(21): Illuminate\Pipeline\Pipeline->{closure:{closure:Illuminate\Pipeline\Pipeline::carry():194}:195}(Object(Illuminate\Http\Request))
#75 C:\xampp\htdocs\site_iuhm\vendor\laravel\framework\src\Illuminate\Foundation\Http\Middleware\ConvertEmptyStringsToNull.php(31): Illuminate\Foundation\Http\Middleware\TransformsRequest->handle(Object(Illuminate\Http\Request), Object(Closure))
#76 C:\xampp\htdocs\site_iuhm\vendor\laravel\framework\src\Illuminate\Pipeline\Pipeline.php(219): Illuminate\Foundation\Http\Middleware\ConvertEmptyStringsToNull->handle(Object(Illuminate\Http\Request), Object(Closure))
#77 C:\xampp\htdocs\site_iuhm\vendor\laravel\framework\src\Illuminate\Foundation\Http\Middleware\TransformsRequest.php(21): Illuminate\Pipeline\Pipeline->{closure:{closure:Illuminate\Pipeline\Pipeline::carry():194}:195}(Object(Illuminate\Http\Request))
#78 C:\xampp\htdocs\site_iuhm\vendor\laravel\framework\src\Illuminate\Foundation\Http\Middleware\TrimStrings.php(51): Illuminate\Foundation\Http\Middleware\TransformsRequest->handle(Object(Illuminate\Http\Request), Object(Closure))
#79 C:\xampp\htdocs\site_iuhm\vendor\laravel\framework\src\Illuminate\Pipeline\Pipeline.php(219): Illuminate\Foundation\Http\Middleware\TrimStrings->handle(Object(Illuminate\Http\Request), Object(Closure))
#80 C:\xampp\htdocs\site_iuhm\vendor\laravel\framework\src\Illuminate\Http\Middleware\ValidatePostSize.php(27): Illuminate\Pipeline\Pipeline->{closure:{closure:Illuminate\Pipeline\Pipeline::carry():194}:195}(Object(Illuminate\Http\Request))
#81 C:\xampp\htdocs\site_iuhm\vendor\laravel\framework\src\Illuminate\Pipeline\Pipeline.php(219): Illuminate\Http\Middleware\ValidatePostSize->handle(Object(Illuminate\Http\Request), Object(Closure))
#82 C:\xampp\htdocs\site_iuhm\vendor\laravel\framework\src\Illuminate\Foundation\Http\Middleware\PreventRequestsDuringMaintenance.php(109): Illuminate\Pipeline\Pipeline->{closure:{closure:Illuminate\Pipeline\Pipeline::carry():194}:195}(Object(Illuminate\Http\Request))
#83 C:\xampp\htdocs\site_iuhm\vendor\laravel\framework\src\Illuminate\Pipeline\Pipeline.php(219): Illuminate\Foundation\Http\Middleware\PreventRequestsDuringMaintenance->handle(Object(Illuminate\Http\Request), Object(Closure))
#84 C:\xampp\htdocs\site_iuhm\vendor\laravel\framework\src\Illuminate\Http\Middleware\HandleCors.php(61): Illuminate\Pipeline\Pipeline->{closure:{closure:Illuminate\Pipeline\Pipeline::carry():194}:195}(Object(Illuminate\Http\Request))
#85 C:\xampp\htdocs\site_iuhm\vendor\laravel\framework\src\Illuminate\Pipeline\Pipeline.php(219): Illuminate\Http\Middleware\HandleCors->handle(Object(Illuminate\Http\Request), Object(Closure))
#86 C:\xampp\htdocs\site_iuhm\vendor\laravel\framework\src\Illuminate\Http\Middleware\TrustProxies.php(58): Illuminate\Pipeline\Pipeline->{closure:{closure:Illuminate\Pipeline\Pipeline::carry():194}:195}(Object(Illuminate\Http\Request))
#87 C:\xampp\htdocs\site_iuhm\vendor\laravel\framework\src\Illuminate\Pipeline\Pipeline.php(219): Illuminate\Http\Middleware\TrustProxies->handle(Object(Illuminate\Http\Request), Object(Closure))
#88 C:\xampp\htdocs\site_iuhm\vendor\laravel\framework\src\Illuminate\Foundation\Http\Middleware\InvokeDeferredCallbacks.php(22): Illuminate\Pipeline\Pipeline->{closure:{closure:Illuminate\Pipeline\Pipeline::carry():194}:195}(Object(Illuminate\Http\Request))
#89 C:\xampp\htdocs\site_iuhm\vendor\laravel\framework\src\Illuminate\Pipeline\Pipeline.php(219): Illuminate\Foundation\Http\Middleware\InvokeDeferredCallbacks->handle(Object(Illuminate\Http\Request), Object(Closure))
#90 C:\xampp\htdocs\site_iuhm\vendor\laravel\framework\src\Illuminate\Http\Middleware\ValidatePathEncoding.php(28): Illuminate\Pipeline\Pipeline->{closure:{closure:Illuminate\Pipeline\Pipeline::carry():194}:195}(Object(Illuminate\Http\Request))
#91 C:\xampp\htdocs\site_iuhm\vendor\laravel\framework\src\Illuminate\Pipeline\Pipeline.php(219): Illuminate\Http\Middleware\ValidatePathEncoding->handle(Object(Illuminate\Http\Request), Object(Closure))
#92 C:\xampp\htdocs\site_iuhm\vendor\laravel\framework\src\Illuminate\Pipeline\Pipeline.php(137): Illuminate\Pipeline\Pipeline->{closure:{closure:Illuminate\Pipeline\Pipeline::carry():194}:195}(Object(Illuminate\Http\Request))
#93 C:\xampp\htdocs\site_iuhm\vendor\laravel\framework\src\Illuminate\Foundation\Http\Kernel.php(175): Illuminate\Pipeline\Pipeline->then(Object(Closure))
#94 C:\xampp\htdocs\site_iuhm\vendor\laravel\framework\src\Illuminate\Foundation\Http\Kernel.php(144): Illuminate\Foundation\Http\Kernel->sendRequestThroughRouter(Object(Illuminate\Http\Request))
#95 C:\xampp\htdocs\site_iuhm\vendor\laravel\framework\src\Illuminate\Foundation\Testing\Concerns\MakesHttpRequests.php(607): Illuminate\Foundation\Http\Kernel->handle(Object(Illuminate\Http\Request))
#96 C:\xampp\htdocs\site_iuhm\vendor\laravel\framework\src\Illuminate\Foundation\Testing\Concerns\MakesHttpRequests.php(368): Illuminate\Foundation\Testing\TestCase->call('GET', 'http://localhos...', Array, Array, Array, Array)
#97 C:\xampp\htdocs\site_iuhm\tests\Feature\Auth\RegistrationTest.php(15): Illuminate\Foundation\Testing\TestCase->get('http://localhos...')
#98 C:\xampp\htdocs\site_iuhm\vendor\phpunit\phpunit\src\Framework\TestCase.php(1335): Tests\Feature\Auth\RegistrationTest->test_registration_screen_can_be_rendered()
#99 C:\xampp\htdocs\site_iuhm\vendor\phpunit\phpunit\src\Framework\TestCase.php(519): PHPUnit\Framework\TestCase->runTest()
#100 C:\xampp\htdocs\site_iuhm\vendor\phpunit\phpunit\src\Framework\TestRunner\TestRunner.php(99): PHPUnit\Framework\TestCase->runBare()
#101 C:\xampp\htdocs\site_iuhm\vendor\phpunit\phpunit\src\Framework\TestCase.php(359): PHPUnit\Framework\TestRunner->run(Object(Tests\Feature\Auth\RegistrationTest))
#102 C:\xampp\htdocs\site_iuhm\vendor\phpunit\phpunit\src\Framework\TestSuite.php(374): PHPUnit\Framework\TestCase->run()
#103 C:\xampp\htdocs\site_iuhm\vendor\phpunit\phpunit\src\Framework\TestSuite.php(374): PHPUnit\Framework\TestSuite->run()
#104 C:\xampp\htdocs\site_iuhm\vendor\phpunit\phpunit\src\Framework\TestSuite.php(374): PHPUnit\Framework\TestSuite->run()
#105 C:\xampp\htdocs\site_iuhm\vendor\phpunit\phpunit\src\TextUI\TestRunner.php(64): PHPUnit\Framework\TestSuite->run()
#106 C:\xampp\htdocs\site_iuhm\vendor\phpunit\phpunit\src\TextUI\Application.php(229): PHPUnit\TextUI\TestRunner->run(Object(PHPUnit\TextUI\Configuration\Configuration), Object(PHPUnit\Runner\ResultCache\DefaultResultCache), Object(PHPUnit\Framework\TestSuite))
#107 C:\xampp\htdocs\site_iuhm\vendor\phpunit\phpunit\phpunit(104): PHPUnit\TextUI\Application->run(Array)
#108 {main}

Next Illuminate\View\ViewException: Vite manifest not found at: C:\xampp\htdocs\site_iuhm\public\build/manifest.json (View: C:\xampp\htdocs\site_iuhm\resources\views\partials\head.blade.php) (View: C:\xampp\htdocs\site_iuhm\resources\views\partials\head.blade.php) in C:\xampp\htdocs\site_iuhm\vendor\laravel\framework\src\Illuminate\Foundation\Vite.php:946
Stack trace:
#0 C:\xampp\htdocs\site_iuhm\vendor\livewire\livewire\src\Mechanisms\ExtendBlade\ExtendedCompilerEngine.php(58): Illuminate\View\Engines\CompilerEngine->handleViewException(Object(Illuminate\View\ViewException), 3)
#1 C:\xampp\htdocs\site_iuhm\vendor\laravel\framework\src\Illuminate\View\Engines\PhpEngine.php(59): Livewire\Mechanisms\ExtendBlade\ExtendedCompilerEngine->handleViewException(Object(Illuminate\View\ViewException), 3)
#2 C:\xampp\htdocs\site_iuhm\vendor\livewire\livewire\src\Mechanisms\ExtendBlade\ExtendedCompilerEngine.php(22): Illuminate\View\Engines\PhpEngine->evaluatePath('C:\\xampp\\htdocs...', Array)
#3 C:\xampp\htdocs\site_iuhm\vendor\laravel\framework\src\Illuminate\View\Engines\CompilerEngine.php(76): Livewire\Mechanisms\ExtendBlade\ExtendedCompilerEngine->evaluatePath('C:\\xampp\\htdocs...', Array)
#4 C:\xampp\htdocs\site_iuhm\vendor\livewire\livewire\src\Mechanisms\ExtendBlade\ExtendedCompilerEngine.php(10): Illuminate\View\Engines\CompilerEngine->get('C:\\xampp\\htdocs...', Array)
#5 C:\xampp\htdocs\site_iuhm\vendor\laravel\framework\src\Illuminate\View\View.php(208): Livewire\Mechanisms\ExtendBlade\ExtendedCompilerEngine->get('C:\\xampp\\htdocs...', Array)
#6 C:\xampp\htdocs\site_iuhm\vendor\laravel\framework\src\Illuminate\View\View.php(191): Illuminate\View\View->getContents()
#7 C:\xampp\htdocs\site_iuhm\vendor\laravel\framework\src\Illuminate\View\View.php(160): Illuminate\View\View->renderContents()
#8 C:\xampp\htdocs\site_iuhm\vendor\laravel\framework\src\Illuminate\View\Concerns\ManagesComponents.php(103): Illuminate\View\View->render()
#9 C:\xampp\htdocs\site_iuhm\storage\framework\views\77efdc9d6b730fc9d8b06a63d669eb13.php(15): Illuminate\View\Factory->renderComponent()
#10 C:\xampp\htdocs\site_iuhm\vendor\laravel\framework\src\Illuminate\Filesystem\Filesystem.php(123): require('C:\\xampp\\htdocs...')
#11 C:\xampp\htdocs\site_iuhm\vendor\laravel\framework\src\Illuminate\Filesystem\Filesystem.php(124): Illuminate\Filesystem\Filesystem::{closure:Illuminate\Filesystem\Filesystem::getRequire():120}()
#12 C:\xampp\htdocs\site_iuhm\vendor\laravel\framework\src\Illuminate\View\Engines\PhpEngine.php(57): Illuminate\Filesystem\Filesystem->getRequire('C:\\xampp\\htdocs...', Array)
#13 C:\xampp\htdocs\site_iuhm\vendor\livewire\livewire\src\Mechanisms\ExtendBlade\ExtendedCompilerEngine.php(22): Illuminate\View\Engines\PhpEngine->evaluatePath('C:\\xampp\\htdocs...', Array)
#14 C:\xampp\htdocs\site_iuhm\vendor\laravel\framework\src\Illuminate\View\Engines\CompilerEngine.php(76): Livewire\Mechanisms\ExtendBlade\ExtendedCompilerEngine->evaluatePath('C:\\xampp\\htdocs...', Array)
#15 C:\xampp\htdocs\site_iuhm\vendor\livewire\livewire\src\Mechanisms\ExtendBlade\ExtendedCompilerEngine.php(10): Illuminate\View\Engines\CompilerEngine->get('C:\\xampp\\htdocs...', Array)
#16 C:\xampp\htdocs\site_iuhm\vendor\laravel\framework\src\Illuminate\View\View.php(208): Livewire\Mechanisms\ExtendBlade\ExtendedCompilerEngine->get('C:\\xampp\\htdocs...', Array)
#17 C:\xampp\htdocs\site_iuhm\vendor\laravel\framework\src\Illuminate\View\View.php(191): Illuminate\View\View->getContents()
#18 C:\xampp\htdocs\site_iuhm\vendor\laravel\framework\src\Illuminate\View\View.php(160): Illuminate\View\View->renderContents()
#19 C:\xampp\htdocs\site_iuhm\vendor\laravel\framework\src\Illuminate\View\Concerns\ManagesComponents.php(103): Illuminate\View\View->render()
#20 C:\xampp\htdocs\site_iuhm\storage\framework\views\4c0855c7012a24e9d7678c082b60e9e4.php(212): Illuminate\View\Factory->renderComponent()
#21 C:\xampp\htdocs\site_iuhm\vendor\laravel\framework\src\Illuminate\Filesystem\Filesystem.php(123): require('C:\\xampp\\htdocs...')
#22 C:\xampp\htdocs\site_iuhm\vendor\laravel\framework\src\Illuminate\Filesystem\Filesystem.php(124): Illuminate\Filesystem\Filesystem::{closure:Illuminate\Filesystem\Filesystem::getRequire():120}()
#23 C:\xampp\htdocs\site_iuhm\vendor\laravel\framework\src\Illuminate\View\Engines\PhpEngine.php(57): Illuminate\Filesystem\Filesystem->getRequire('C:\\xampp\\htdocs...', Array)
#24 C:\xampp\htdocs\site_iuhm\vendor\livewire\livewire\src\Mechanisms\ExtendBlade\ExtendedCompilerEngine.php(22): Illuminate\View\Engines\PhpEngine->evaluatePath('C:\\xampp\\htdocs...', Array)
#25 C:\xampp\htdocs\site_iuhm\vendor\laravel\framework\src\Illuminate\View\Engines\CompilerEngine.php(76): Livewire\Mechanisms\ExtendBlade\ExtendedCompilerEngine->evaluatePath('C:\\xampp\\htdocs...', Array)
#26 C:\xampp\htdocs\site_iuhm\vendor\livewire\livewire\src\Mechanisms\ExtendBlade\ExtendedCompilerEngine.php(10): Illuminate\View\Engines\CompilerEngine->get('C:\\xampp\\htdocs...', Array)
#27 C:\xampp\htdocs\site_iuhm\vendor\laravel\framework\src\Illuminate\View\View.php(208): Livewire\Mechanisms\ExtendBlade\ExtendedCompilerEngine->get('C:\\xampp\\htdocs...', Array)
#28 C:\xampp\htdocs\site_iuhm\vendor\laravel\framework\src\Illuminate\View\View.php(191): Illuminate\View\View->getContents()
#29 C:\xampp\htdocs\site_iuhm\vendor\laravel\framework\src\Illuminate\View\View.php(160): Illuminate\View\View->renderContents()
#30 C:\xampp\htdocs\site_iuhm\vendor\laravel\framework\src\Illuminate\Http\Response.php(78): Illuminate\View\View->render()
#31 C:\xampp\htdocs\site_iuhm\vendor\laravel\framework\src\Illuminate\Http\Response.php(34): Illuminate\Http\Response->setContent(Object(Illuminate\View\View))
#32 C:\xampp\htdocs\site_iuhm\vendor\laravel\framework\src\Illuminate\Routing\Router.php(939): Illuminate\Http\Response->__construct(Object(Illuminate\View\View), 200, Array)
#33 C:\xampp\htdocs\site_iuhm\vendor\laravel\framework\src\Illuminate\Routing\Router.php(906): Illuminate\Routing\Router::toResponse(Object(Illuminate\Http\Request), Object(Illuminate\View\View))
#34 C:\xampp\htdocs\site_iuhm\vendor\laravel\framework\src\Illuminate\Routing\Router.php(821): Illuminate\Routing\Router->prepareResponse(Object(Illuminate\Http\Request), Object(Laravel\Fortify\Http\Responses\SimpleViewResponse))
#35 C:\xampp\htdocs\site_iuhm\vendor\laravel\framework\src\Illuminate\Pipeline\Pipeline.php(180): Illuminate\Routing\Router->{closure:Illuminate\Routing\Router::runRouteWithinStack():821}(Object(Illuminate\Http\Request))
#36 C:\xampp\htdocs\site_iuhm\vendor\laravel\framework\src\Illuminate\Auth\Middleware\RedirectIfAuthenticated.php(47): Illuminate\Pipeline\Pipeline->{closure:Illuminate\Pipeline\Pipeline::prepareDestination():178}(Object(Illuminate\Http\Request))
#37 C:\xampp\htdocs\site_iuhm\vendor\laravel\framework\src\Illuminate\Pipeline\Pipeline.php(219): Illuminate\Auth\Middleware\RedirectIfAuthenticated->handle(Object(Illuminate\Http\Request), Object(Closure), 'web')
#38 C:\xampp\htdocs\site_iuhm\app\Http\Middleware\SetTeamUrlDefaults.php(26): Illuminate\Pipeline\Pipeline->{closure:{closure:Illuminate\Pipeline\Pipeline::carry():194}:195}(Object(Illuminate\Http\Request))
#39 C:\xampp\htdocs\site_iuhm\vendor\laravel\framework\src\Illuminate\Pipeline\Pipeline.php(219): App\Http\Middleware\SetTeamUrlDefaults->handle(Object(Illuminate\Http\Request), Object(Closure))
#40 C:\xampp\htdocs\site_iuhm\app\Http\Middleware\SetLocale.php(28): Illuminate\Pipeline\Pipeline->{closure:{closure:Illuminate\Pipeline\Pipeline::carry():194}:195}(Object(Illuminate\Http\Request))
#41 C:\xampp\htdocs\site_iuhm\vendor\laravel\framework\src\Illuminate\Pipeline\Pipeline.php(219): App\Http\Middleware\SetLocale->handle(Object(Illuminate\Http\Request), Object(Closure))
#42 C:\xampp\htdocs\site_iuhm\vendor\laravel\framework\src\Illuminate\Routing\Middleware\SubstituteBindings.php(52): Illuminate\Pipeline\Pipeline->{closure:{closure:Illuminate\Pipeline\Pipeline::carry():194}:195}(Object(Illuminate\Http\Request))
#43 C:\xampp\htdocs\site_iuhm\vendor\laravel\framework\src\Illuminate\Pipeline\Pipeline.php(219): Illuminate\Routing\Middleware\SubstituteBindings->handle(Object(Illuminate\Http\Request), Object(Closure))
#44 C:\xampp\htdocs\site_iuhm\vendor\laravel\framework\src\Illuminate\Foundation\Http\Middleware\PreventRequestForgery.php(104): Illuminate\Pipeline\Pipeline->{closure:{closure:Illuminate\Pipeline\Pipeline::carry():194}:195}(Object(Illuminate\Http\Request))
#45 C:\xampp\htdocs\site_iuhm\vendor\laravel\framework\src\Illuminate\Pipeline\Pipeline.php(219): Illuminate\Foundation\Http\Middleware\PreventRequestForgery->handle(Object(Illuminate\Http\Request), Object(Closure))
#46 C:\xampp\htdocs\site_iuhm\vendor\laravel\framework\src\Illuminate\View\Middleware\ShareErrorsFromSession.php(48): Illuminate\Pipeline\Pipeline->{closure:{closure:Illuminate\Pipeline\Pipeline::carry():194}:195}(Object(Illuminate\Http\Request))
#47 C:\xampp\htdocs\site_iuhm\vendor\laravel\framework\src\Illuminate\Pipeline\Pipeline.php(219): Illuminate\View\Middleware\ShareErrorsFromSession->handle(Object(Illuminate\Http\Request), Object(Closure))
#48 C:\xampp\htdocs\site_iuhm\vendor\laravel\framework\src\Illuminate\Session\Middleware\StartSession.php(120): Illuminate\Pipeline\Pipeline->{closure:{closure:Illuminate\Pipeline\Pipeline::carry():194}:195}(Object(Illuminate\Http\Request))
#49 C:\xampp\htdocs\site_iuhm\vendor\laravel\framework\src\Illuminate\Session\Middleware\StartSession.php(63): Illuminate\Session\Middleware\StartSession->handleStatefulRequest(Object(Illuminate\Http\Request), Object(Illuminate\Session\Store), Object(Closure))
#50 C:\xampp\htdocs\site_iuhm\vendor\laravel\framework\src\Illuminate\Pipeline\Pipeline.php(219): Illuminate\Session\Middleware\StartSession->handle(Object(Illuminate\Http\Request), Object(Closure))
#51 C:\xampp\htdocs\site_iuhm\vendor\laravel\framework\src\Illuminate\Cookie\Middleware\AddQueuedCookiesToResponse.php(36): Illuminate\Pipeline\Pipeline->{closure:{closure:Illuminate\Pipeline\Pipeline::carry():194}:195}(Object(Illuminate\Http\Request))
#52 C:\xampp\htdocs\site_iuhm\vendor\laravel\framework\src\Illuminate\Pipeline\Pipeline.php(219): Illuminate\Cookie\Middleware\AddQueuedCookiesToResponse->handle(Object(Illuminate\Http\Request), Object(Closure))
#53 C:\xampp\htdocs\site_iuhm\vendor\laravel\framework\src\Illuminate\Cookie\Middleware\EncryptCookies.php(74): Illuminate\Pipeline\Pipeline->{closure:{closure:Illuminate\Pipeline\Pipeline::carry():194}:195}(Object(Illuminate\Http\Request))
#54 C:\xampp\htdocs\site_iuhm\vendor\laravel\framework\src\Illuminate\Pipeline\Pipeline.php(219): Illuminate\Cookie\Middleware\EncryptCookies->handle(Object(Illuminate\Http\Request), Object(Closure))
#55 C:\xampp\htdocs\site_iuhm\vendor\laravel\framework\src\Illuminate\Pipeline\Pipeline.php(137): Illuminate\Pipeline\Pipeline->{closure:{closure:Illuminate\Pipeline\Pipeline::carry():194}:195}(Object(Illuminate\Http\Request))
#56 C:\xampp\htdocs\site_iuhm\vendor\laravel\framework\src\Illuminate\Routing\Router.php(821): Illuminate\Pipeline\Pipeline->then(Object(Closure))
#57 C:\xampp\htdocs\site_iuhm\vendor\laravel\framework\src\Illuminate\Routing\Router.php(800): Illuminate\Routing\Router->runRouteWithinStack(Object(Illuminate\Routing\Route), Object(Illuminate\Http\Request))
#58 C:\xampp\htdocs\site_iuhm\vendor\laravel\framework\src\Illuminate\Routing\Router.php(764): Illuminate\Routing\Router->runRoute(Object(Illuminate\Http\Request), Object(Illuminate\Routing\Route))
#59 C:\xampp\htdocs\site_iuhm\vendor\laravel\framework\src\Illuminate\Routing\Router.php(753): Illuminate\Routing\Router->dispatchToRoute(Object(Illuminate\Http\Request))
#60 C:\xampp\htdocs\site_iuhm\vendor\laravel\framework\src\Illuminate\Foundation\Http\Kernel.php(200): Illuminate\Routing\Router->dispatch(Object(Illuminate\Http\Request))
#61 C:\xampp\htdocs\site_iuhm\vendor\laravel\framework\src\Illuminate\Pipeline\Pipeline.php(180): Illuminate\Foundation\Http\Kernel->{closure:Illuminate\Foundation\Http\Kernel::dispatchToRouter():197}(Object(Illuminate\Http\Request))
#62 C:\xampp\htdocs\site_iuhm\vendor\livewire\livewire\src\Features\SupportDisablingBackButtonCache\DisableBackButtonCacheMiddleware.php(19): Illuminate\Pipeline\Pipeline->{closure:Illuminate\Pipeline\Pipeline::prepareDestination():178}(Object(Illuminate\Http\Request))
#63 C:\xampp\htdocs\site_iuhm\vendor\laravel\framework\src\Illuminate\Pipeline\Pipeline.php(219): Livewire\Features\SupportDisablingBackButtonCache\DisableBackButtonCacheMiddleware->handle(Object(Illuminate\Http\Request), Object(Closure))
#64 C:\xampp\htdocs\site_iuhm\vendor\laravel\framework\src\Illuminate\Foundation\Http\Middleware\TransformsRequest.php(21): Illuminate\Pipeline\Pipeline->{closure:{closure:Illuminate\Pipeline\Pipeline::carry():194}:195}(Object(Illuminate\Http\Request))
#65 C:\xampp\htdocs\site_iuhm\vendor\laravel\framework\src\Illuminate\Foundation\Http\Middleware\ConvertEmptyStringsToNull.php(31): Illuminate\Foundation\Http\Middleware\TransformsRequest->handle(Object(Illuminate\Http\Request), Object(Closure))
#66 C:\xampp\htdocs\site_iuhm\vendor\laravel\framework\src\Illuminate\Pipeline\Pipeline.php(219): Illuminate\Foundation\Http\Middleware\ConvertEmptyStringsToNull->handle(Object(Illuminate\Http\Request), Object(Closure))
#67 C:\xampp\htdocs\site_iuhm\vendor\laravel\framework\src\Illuminate\Foundation\Http\Middleware\TransformsRequest.php(21): Illuminate\Pipeline\Pipeline->{closure:{closure:Illuminate\Pipeline\Pipeline::carry():194}:195}(Object(Illuminate\Http\Request))
#68 C:\xampp\htdocs\site_iuhm\vendor\laravel\framework\src\Illuminate\Foundation\Http\Middleware\TrimStrings.php(51): Illuminate\Foundation\Http\Middleware\TransformsRequest->handle(Object(Illuminate\Http\Request), Object(Closure))
#69 C:\xampp\htdocs\site_iuhm\vendor\laravel\framework\src\Illuminate\Pipeline\Pipeline.php(219): Illuminate\Foundation\Http\Middleware\TrimStrings->handle(Object(Illuminate\Http\Request), Object(Closure))
#70 C:\xampp\htdocs\site_iuhm\vendor\laravel\framework\src\Illuminate\Http\Middleware\ValidatePostSize.php(27): Illuminate\Pipeline\Pipeline->{closure:{closure:Illuminate\Pipeline\Pipeline::carry():194}:195}(Object(Illuminate\Http\Request))
#71 C:\xampp\htdocs\site_iuhm\vendor\laravel\framework\src\Illuminate\Pipeline\Pipeline.php(219): Illuminate\Http\Middleware\ValidatePostSize->handle(Object(Illuminate\Http\Request), Object(Closure))
#72 C:\xampp\htdocs\site_iuhm\vendor\laravel\framework\src\Illuminate\Foundation\Http\Middleware\PreventRequestsDuringMaintenance.php(109): Illuminate\Pipeline\Pipeline->{closure:{closure:Illuminate\Pipeline\Pipeline::carry():194}:195}(Object(Illuminate\Http\Request))
#73 C:\xampp\htdocs\site_iuhm\vendor\laravel\framework\src\Illuminate\Pipeline\Pipeline.php(219): Illuminate\Foundation\Http\Middleware\PreventRequestsDuringMaintenance->handle(Object(Illuminate\Http\Request), Object(Closure))
#74 C:\xampp\htdocs\site_iuhm\vendor\laravel\framework\src\Illuminate\Http\Middleware\HandleCors.php(61): Illuminate\Pipeline\Pipeline->{closure:{closure:Illuminate\Pipeline\Pipeline::carry():194}:195}(Object(Illuminate\Http\Request))
#75 C:\xampp\htdocs\site_iuhm\vendor\laravel\framework\src\Illuminate\Pipeline\Pipeline.php(219): Illuminate\Http\Middleware\HandleCors->handle(Object(Illuminate\Http\Request), Object(Closure))
#76 C:\xampp\htdocs\site_iuhm\vendor\laravel\framework\src\Illuminate\Http\Middleware\TrustProxies.php(58): Illuminate\Pipeline\Pipeline->{closure:{closure:Illuminate\Pipeline\Pipeline::carry():194}:195}(Object(Illuminate\Http\Request))
#77 C:\xampp\htdocs\site_iuhm\vendor\laravel\framework\src\Illuminate\Pipeline\Pipeline.php(219): Illuminate\Http\Middleware\TrustProxies->handle(Object(Illuminate\Http\Request), Object(Closure))
#78 C:\xampp\htdocs\site_iuhm\vendor\laravel\framework\src\Illuminate\Foundation\Http\Middleware\InvokeDeferredCallbacks.php(22): Illuminate\Pipeline\Pipeline->{closure:{closure:Illuminate\Pipeline\Pipeline::carry():194}:195}(Object(Illuminate\Http\Request))
#79 C:\xampp\htdocs\site_iuhm\vendor\laravel\framework\src\Illuminate\Pipeline\Pipeline.php(219): Illuminate\Foundation\Http\Middleware\InvokeDeferredCallbacks->handle(Object(Illuminate\Http\Request), Object(Closure))
#80 C:\xampp\htdocs\site_iuhm\vendor\laravel\framework\src\Illuminate\Http\Middleware\ValidatePathEncoding.php(28): Illuminate\Pipeline\Pipeline->{closure:{closure:Illuminate\Pipeline\Pipeline::carry():194}:195}(Object(Illuminate\Http\Request))
#81 C:\xampp\htdocs\site_iuhm\vendor\laravel\framework\src\Illuminate\Pipeline\Pipeline.php(219): Illuminate\Http\Middleware\ValidatePathEncoding->handle(Object(Illuminate\Http\Request), Object(Closure))
#82 C:\xampp\htdocs\site_iuhm\vendor\laravel\framework\src\Illuminate\Pipeline\Pipeline.php(137): Illuminate\Pipeline\Pipeline->{closure:{closure:Illuminate\Pipeline\Pipeline::carry():194}:195}(Object(Illuminate\Http\Request))
#83 C:\xampp\htdocs\site_iuhm\vendor\laravel\framework\src\Illuminate\Foundation\Http\Kernel.php(175): Illuminate\Pipeline\Pipeline->then(Object(Closure))
#84 C:\xampp\htdocs\site_iuhm\vendor\laravel\framework\src\Illuminate\Foundation\Http\Kernel.php(144): Illuminate\Foundation\Http\Kernel->sendRequestThroughRouter(Object(Illuminate\Http\Request))
#85 C:\xampp\htdocs\site_iuhm\vendor\laravel\framework\src\Illuminate\Foundation\Testing\Concerns\MakesHttpRequests.php(607): Illuminate\Foundation\Http\Kernel->handle(Object(Illuminate\Http\Request))
#86 C:\xampp\htdocs\site_iuhm\vendor\laravel\framework\src\Illuminate\Foundation\Testing\Concerns\MakesHttpRequests.php(368): Illuminate\Foundation\Testing\TestCase->call('GET', 'http://localhos...', Array, Array, Array, Array)
#87 C:\xampp\htdocs\site_iuhm\tests\Feature\Auth\RegistrationTest.php(15): Illuminate\Foundation\Testing\TestCase->get('http://localhos...')
#88 C:\xampp\htdocs\site_iuhm\vendor\phpunit\phpunit\src\Framework\TestCase.php(1335): Tests\Feature\Auth\RegistrationTest->test_registration_screen_can_be_rendered()
#89 C:\xampp\htdocs\site_iuhm\vendor\phpunit\phpunit\src\Framework\TestCase.php(519): PHPUnit\Framework\TestCase->runTest()
#90 C:\xampp\htdocs\site_iuhm\vendor\phpunit\phpunit\src\Framework\TestRunner\TestRunner.php(99): PHPUnit\Framework\TestCase->runBare()
#91 C:\xampp\htdocs\site_iuhm\vendor\phpunit\phpunit\src\Framework\TestCase.php(359): PHPUnit\Framework\TestRunner->run(Object(Tests\Feature\Auth\RegistrationTest))
#92 C:\xampp\htdocs\site_iuhm\vendor\phpunit\phpunit\src\Framework\TestSuite.php(374): PHPUnit\Framework\TestCase->run()
#93 C:\xampp\htdocs\site_iuhm\vendor\phpunit\phpunit\src\Framework\TestSuite.php(374): PHPUnit\Framework\TestSuite->run()
#94 C:\xampp\htdocs\site_iuhm\vendor\phpunit\phpunit\src\Framework\TestSuite.php(374): PHPUnit\Framework\TestSuite->run()
#95 C:\xampp\htdocs\site_iuhm\vendor\phpunit\phpunit\src\TextUI\TestRunner.php(64): PHPUnit\Framework\TestSuite->run()
#96 C:\xampp\htdocs\site_iuhm\vendor\phpunit\phpunit\src\TextUI\Application.php(229): PHPUnit\TextUI\TestRunner->run(Object(PHPUnit\TextUI\Configuration\Configuration), Object(PHPUnit\Runner\ResultCache\DefaultResultCache), Object(PHPUnit\Framework\TestSuite))
#97 C:\xampp\htdocs\site_iuhm\vendor\phpunit\phpunit\phpunit(104): PHPUnit\TextUI\Application->run(Array)
#98 {main}

Next Illuminate\View\ViewException: Vite manifest not found at: C:\xampp\htdocs\site_iuhm\public\build/manifest.json (View: C:\xampp\htdocs\site_iuhm\resources\views\partials\head.blade.php) (View: C:\xampp\htdocs\site_iuhm\resources\views\partials\head.blade.php) (View: C:\xampp\htdocs\site_iuhm\resources\views\partials\head.blade.php) in C:\xampp\htdocs\site_iuhm\vendor\laravel\framework\src\Illuminate\Foundation\Vite.php:946
Stack trace:
#0 C:\xampp\htdocs\site_iuhm\vendor\livewire\livewire\src\Mechanisms\ExtendBlade\ExtendedCompilerEngine.php(58): Illuminate\View\Engines\CompilerEngine->handleViewException(Object(Illuminate\View\ViewException), 2)
#1 C:\xampp\htdocs\site_iuhm\vendor\laravel\framework\src\Illuminate\View\Engines\PhpEngine.php(59): Livewire\Mechanisms\ExtendBlade\ExtendedCompilerEngine->handleViewException(Object(Illuminate\View\ViewException), 2)
#2 C:\xampp\htdocs\site_iuhm\vendor\livewire\livewire\src\Mechanisms\ExtendBlade\ExtendedCompilerEngine.php(22): Illuminate\View\Engines\PhpEngine->evaluatePath('C:\\xampp\\htdocs...', Array)
#3 C:\xampp\htdocs\site_iuhm\vendor\laravel\framework\src\Illuminate\View\Engines\CompilerEngine.php(76): Livewire\Mechanisms\ExtendBlade\ExtendedCompilerEngine->evaluatePath('C:\\xampp\\htdocs...', Array)
#4 C:\xampp\htdocs\site_iuhm\vendor\livewire\livewire\src\Mechanisms\ExtendBlade\ExtendedCompilerEngine.php(10): Illuminate\View\Engines\CompilerEngine->get('C:\\xampp\\htdocs...', Array)
#5 C:\xampp\htdocs\site_iuhm\vendor\laravel\framework\src\Illuminate\View\View.php(208): Livewire\Mechanisms\ExtendBlade\ExtendedCompilerEngine->get('C:\\xampp\\htdocs...', Array)
#6 C:\xampp\htdocs\site_iuhm\vendor\laravel\framework\src\Illuminate\View\View.php(191): Illuminate\View\View->getContents()
#7 C:\xampp\htdocs\site_iuhm\vendor\laravel\framework\src\Illuminate\View\View.php(160): Illuminate\View\View->renderContents()
#8 C:\xampp\htdocs\site_iuhm\vendor\laravel\framework\src\Illuminate\View\Concerns\ManagesComponents.php(103): Illuminate\View\View->render()
#9 C:\xampp\htdocs\site_iuhm\storage\framework\views\4c0855c7012a24e9d7678c082b60e9e4.php(212): Illuminate\View\Factory->renderComponent()
#10 C:\xampp\htdocs\site_iuhm\vendor\laravel\framework\src\Illuminate\Filesystem\Filesystem.php(123): require('C:\\xampp\\htdocs...')
#11 C:\xampp\htdocs\site_iuhm\vendor\laravel\framework\src\Illuminate\Filesystem\Filesystem.php(124): Illuminate\Filesystem\Filesystem::{closure:Illuminate\Filesystem\Filesystem::getRequire():120}()
#12 C:\xampp\htdocs\site_iuhm\vendor\laravel\framework\src\Illuminate\View\Engines\PhpEngine.php(57): Illuminate\Filesystem\Filesystem->getRequire('C:\\xampp\\htdocs...', Array)
#13 C:\xampp\htdocs\site_iuhm\vendor\livewire\livewire\src\Mechanisms\ExtendBlade\ExtendedCompilerEngine.php(22): Illuminate\View\Engines\PhpEngine->evaluatePath('C:\\xampp\\htdocs...', Array)
#14 C:\xampp\htdocs\site_iuhm\vendor\laravel\framework\src\Illuminate\View\Engines\CompilerEngine.php(76): Livewire\Mechanisms\ExtendBlade\ExtendedCompilerEngine->evaluatePath('C:\\xampp\\htdocs...', Array)
#15 C:\xampp\htdocs\site_iuhm\vendor\livewire\livewire\src\Mechanisms\ExtendBlade\ExtendedCompilerEngine.php(10): Illuminate\View\Engines\CompilerEngine->get('C:\\xampp\\htdocs...', Array)
#16 C:\xampp\htdocs\site_iuhm\vendor\laravel\framework\src\Illuminate\View\View.php(208): Livewire\Mechanisms\ExtendBlade\ExtendedCompilerEngine->get('C:\\xampp\\htdocs...', Array)
#17 C:\xampp\htdocs\site_iuhm\vendor\laravel\framework\src\Illuminate\View\View.php(191): Illuminate\View\View->getContents()
#18 C:\xampp\htdocs\site_iuhm\vendor\laravel\framework\src\Illuminate\View\View.php(160): Illuminate\View\View->renderContents()
#19 C:\xampp\htdocs\site_iuhm\vendor\laravel\framework\src\Illuminate\Http\Response.php(78): Illuminate\View\View->render()
#20 C:\xampp\htdocs\site_iuhm\vendor\laravel\framework\src\Illuminate\Http\Response.php(34): Illuminate\Http\Response->setContent(Object(Illuminate\View\View))
#21 C:\xampp\htdocs\site_iuhm\vendor\laravel\framework\src\Illuminate\Routing\Router.php(939): Illuminate\Http\Response->__construct(Object(Illuminate\View\View), 200, Array)
#22 C:\xampp\htdocs\site_iuhm\vendor\laravel\framework\src\Illuminate\Routing\Router.php(906): Illuminate\Routing\Router::toResponse(Object(Illuminate\Http\Request), Object(Illuminate\View\View))
#23 C:\xampp\htdocs\site_iuhm\vendor\laravel\framework\src\Illuminate\Routing\Router.php(821): Illuminate\Routing\Router->prepareResponse(Object(Illuminate\Http\Request), Object(Laravel\Fortify\Http\Responses\SimpleViewResponse))
#24 C:\xampp\htdocs\site_iuhm\vendor\laravel\framework\src\Illuminate\Pipeline\Pipeline.php(180): Illuminate\Routing\Router->{closure:Illuminate\Routing\Router::runRouteWithinStack():821}(Object(Illuminate\Http\Request))
#25 C:\xampp\htdocs\site_iuhm\vendor\laravel\framework\src\Illuminate\Auth\Middleware\RedirectIfAuthenticated.php(47): Illuminate\Pipeline\Pipeline->{closure:Illuminate\Pipeline\Pipeline::prepareDestination():178}(Object(Illuminate\Http\Request))
#26 C:\xampp\htdocs\site_iuhm\vendor\laravel\framework\src\Illuminate\Pipeline\Pipeline.php(219): Illuminate\Auth\Middleware\RedirectIfAuthenticated->handle(Object(Illuminate\Http\Request), Object(Closure), 'web')
#27 C:\xampp\htdocs\site_iuhm\app\Http\Middleware\SetTeamUrlDefaults.php(26): Illuminate\Pipeline\Pipeline->{closure:{closure:Illuminate\Pipeline\Pipeline::carry():194}:195}(Object(Illuminate\Http\Request))
#28 C:\xampp\htdocs\site_iuhm\vendor\laravel\framework\src\Illuminate\Pipeline\Pipeline.php(219): App\Http\Middleware\SetTeamUrlDefaults->handle(Object(Illuminate\Http\Request), Object(Closure))
#29 C:\xampp\htdocs\site_iuhm\app\Http\Middleware\SetLocale.php(28): Illuminate\Pipeline\Pipeline->{closure:{closure:Illuminate\Pipeline\Pipeline::carry():194}:195}(Object(Illuminate\Http\Request))
#30 C:\xampp\htdocs\site_iuhm\vendor\laravel\framework\src\Illuminate\Pipeline\Pipeline.php(219): App\Http\Middleware\SetLocale->handle(Object(Illuminate\Http\Request), Object(Closure))
#31 C:\xampp\htdocs\site_iuhm\vendor\laravel\framework\src\Illuminate\Routing\Middleware\SubstituteBindings.php(52): Illuminate\Pipeline\Pipeline->{closure:{closure:Illuminate\Pipeline\Pipeline::carry():194}:195}(Object(Illuminate\Http\Request))
#32 C:\xampp\htdocs\site_iuhm\vendor\laravel\framework\src\Illuminate\Pipeline\Pipeline.php(219): Illuminate\Routing\Middleware\SubstituteBindings->handle(Object(Illuminate\Http\Request), Object(Closure))
#33 C:\xampp\htdocs\site_iuhm\vendor\laravel\framework\src\Illuminate\Foundation\Http\Middleware\PreventRequestForgery.php(104): Illuminate\Pipeline\Pipeline->{closure:{closure:Illuminate\Pipeline\Pipeline::carry():194}:195}(Object(Illuminate\Http\Request))
#34 C:\xampp\htdocs\site_iuhm\vendor\laravel\framework\src\Illuminate\Pipeline\Pipeline.php(219): Illuminate\Foundation\Http\Middleware\PreventRequestForgery->handle(Object(Illuminate\Http\Request), Object(Closure))
#35 C:\xampp\htdocs\site_iuhm\vendor\laravel\framework\src\Illuminate\View\Middleware\ShareErrorsFromSession.php(48): Illuminate\Pipeline\Pipeline->{closure:{closure:Illuminate\Pipeline\Pipeline::carry():194}:195}(Object(Illuminate\Http\Request))
#36 C:\xampp\htdocs\site_iuhm\vendor\laravel\framework\src\Illuminate\Pipeline\Pipeline.php(219): Illuminate\View\Middleware\ShareErrorsFromSession->handle(Object(Illuminate\Http\Request), Object(Closure))
#37 C:\xampp\htdocs\site_iuhm\vendor\laravel\framework\src\Illuminate\Session\Middleware\StartSession.php(120): Illuminate\Pipeline\Pipeline->{closure:{closure:Illuminate\Pipeline\Pipeline::carry():194}:195}(Object(Illuminate\Http\Request))
#38 C:\xampp\htdocs\site_iuhm\vendor\laravel\framework\src\Illuminate\Session\Middleware\StartSession.php(63): Illuminate\Session\Middleware\StartSession->handleStatefulRequest(Object(Illuminate\Http\Request), Object(Illuminate\Session\Store), Object(Closure))
#39 C:\xampp\htdocs\site_iuhm\vendor\laravel\framework\src\Illuminate\Pipeline\Pipeline.php(219): Illuminate\Session\Middleware\StartSession->handle(Object(Illuminate\Http\Request), Object(Closure))
#40 C:\xampp\htdocs\site_iuhm\vendor\laravel\framework\src\Illuminate\Cookie\Middleware\AddQueuedCookiesToResponse.php(36): Illuminate\Pipeline\Pipeline->{closure:{closure:Illuminate\Pipeline\Pipeline::carry():194}:195}(Object(Illuminate\Http\Request))
#41 C:\xampp\htdocs\site_iuhm\vendor\laravel\framework\src\Illuminate\Pipeline\Pipeline.php(219): Illuminate\Cookie\Middleware\AddQueuedCookiesToResponse->handle(Object(Illuminate\Http\Request), Object(Closure))
#42 C:\xampp\htdocs\site_iuhm\vendor\laravel\framework\src\Illuminate\Cookie\Middleware\EncryptCookies.php(74): Illuminate\Pipeline\Pipeline->{closure:{closure:Illuminate\Pipeline\Pipeline::carry():194}:195}(Object(Illuminate\Http\Request))
#43 C:\xampp\htdocs\site_iuhm\vendor\laravel\framework\src\Illuminate\Pipeline\Pipeline.php(219): Illuminate\Cookie\Middleware\EncryptCookies->handle(Object(Illuminate\Http\Request), Object(Closure))
#44 C:\xampp\htdocs\site_iuhm\vendor\laravel\framework\src\Illuminate\Pipeline\Pipeline.php(137): Illuminate\Pipeline\Pipeline->{closure:{closure:Illuminate\Pipeline\Pipeline::carry():194}:195}(Object(Illuminate\Http\Request))
#45 C:\xampp\htdocs\site_iuhm\vendor\laravel\framework\src\Illuminate\Routing\Router.php(821): Illuminate\Pipeline\Pipeline->then(Object(Closure))
#46 C:\xampp\htdocs\site_iuhm\vendor\laravel\framework\src\Illuminate\Routing\Router.php(800): Illuminate\Routing\Router->runRouteWithinStack(Object(Illuminate\Routing\Route), Object(Illuminate\Http\Request))
#47 C:\xampp\htdocs\site_iuhm\vendor\laravel\framework\src\Illuminate\Routing\Router.php(764): Illuminate\Routing\Router->runRoute(Object(Illuminate\Http\Request), Object(Illuminate\Routing\Route))
#48 C:\xampp\htdocs\site_iuhm\vendor\laravel\framework\src\Illuminate\Routing\Router.php(753): Illuminate\Routing\Router->dispatchToRoute(Object(Illuminate\Http\Request))
#49 C:\xampp\htdocs\site_iuhm\vendor\laravel\framework\src\Illuminate\Foundation\Http\Kernel.php(200): Illuminate\Routing\Router->dispatch(Object(Illuminate\Http\Request))
#50 C:\xampp\htdocs\site_iuhm\vendor\laravel\framework\src\Illuminate\Pipeline\Pipeline.php(180): Illuminate\Foundation\Http\Kernel->{closure:Illuminate\Foundation\Http\Kernel::dispatchToRouter():197}(Object(Illuminate\Http\Request))
#51 C:\xampp\htdocs\site_iuhm\vendor\livewire\livewire\src\Features\SupportDisablingBackButtonCache\DisableBackButtonCacheMiddleware.php(19): Illuminate\Pipeline\Pipeline->{closure:Illuminate\Pipeline\Pipeline::prepareDestination():178}(Object(Illuminate\Http\Request))
#52 C:\xampp\htdocs\site_iuhm\vendor\laravel\framework\src\Illuminate\Pipeline\Pipeline.php(219): Livewire\Features\SupportDisablingBackButtonCache\DisableBackButtonCacheMiddleware->handle(Object(Illuminate\Http\Request), Object(Closure))
#53 C:\xampp\htdocs\site_iuhm\vendor\laravel\framework\src\Illuminate\Foundation\Http\Middleware\TransformsRequest.php(21): Illuminate\Pipeline\Pipeline->{closure:{closure:Illuminate\Pipeline\Pipeline::carry():194}:195}(Object(Illuminate\Http\Request))
#54 C:\xampp\htdocs\site_iuhm\vendor\laravel\framework\src\Illuminate\Foundation\Http\Middleware\ConvertEmptyStringsToNull.php(31): Illuminate\Foundation\Http\Middleware\TransformsRequest->handle(Object(Illuminate\Http\Request), Object(Closure))
#55 C:\xampp\htdocs\site_iuhm\vendor\laravel\framework\src\Illuminate\Pipeline\Pipeline.php(219): Illuminate\Foundation\Http\Middleware\ConvertEmptyStringsToNull->handle(Object(Illuminate\Http\Request), Object(Closure))
#56 C:\xampp\htdocs\site_iuhm\vendor\laravel\framework\src\Illuminate\Foundation\Http\Middleware\TransformsRequest.php(21): Illuminate\Pipeline\Pipeline->{closure:{closure:Illuminate\Pipeline\Pipeline::carry():194}:195}(Object(Illuminate\Http\Request))
#57 C:\xampp\htdocs\site_iuhm\vendor\laravel\framework\src\Illuminate\Foundation\Http\Middleware\TrimStrings.php(51): Illuminate\Foundation\Http\Middleware\TransformsRequest->handle(Object(Illuminate\Http\Request), Object(Closure))
#58 C:\xampp\htdocs\site_iuhm\vendor\laravel\framework\src\Illuminate\Pipeline\Pipeline.php(219): Illuminate\Foundation\Http\Middleware\TrimStrings->handle(Object(Illuminate\Http\Request), Object(Closure))
#59 C:\xampp\htdocs\site_iuhm\vendor\laravel\framework\src\Illuminate\Http\Middleware\ValidatePostSize.php(27): Illuminate\Pipeline\Pipeline->{closure:{closure:Illuminate\Pipeline\Pipeline::carry():194}:195}(Object(Illuminate\Http\Request))
#60 C:\xampp\htdocs\site_iuhm\vendor\laravel\framework\src\Illuminate\Pipeline\Pipeline.php(219): Illuminate\Http\Middleware\ValidatePostSize->handle(Object(Illuminate\Http\Request), Object(Closure))
#61 C:\xampp\htdocs\site_iuhm\vendor\laravel\framework\src\Illuminate\Foundation\Http\Middleware\PreventRequestsDuringMaintenance.php(109): Illuminate\Pipeline\Pipeline->{closure:{closure:Illuminate\Pipeline\Pipeline::carry():194}:195}(Object(Illuminate\Http\Request))
#62 C:\xampp\htdocs\site_iuhm\vendor\laravel\framework\src\Illuminate\Pipeline\Pipeline.php(219): Illuminate\Foundation\Http\Middleware\PreventRequestsDuringMaintenance->handle(Object(Illuminate\Http\Request), Object(Closure))
#63 C:\xampp\htdocs\site_iuhm\vendor\laravel\framework\src\Illuminate\Http\Middleware\HandleCors.php(61): Illuminate\Pipeline\Pipeline->{closure:{closure:Illuminate\Pipeline\Pipeline::carry():194}:195}(Object(Illuminate\Http\Request))
#64 C:\xampp\htdocs\site_iuhm\vendor\laravel\framework\src\Illuminate\Pipeline\Pipeline.php(219): Illuminate\Http\Middleware\HandleCors->handle(Object(Illuminate\Http\Request), Object(Closure))
#65 C:\xampp\htdocs\site_iuhm\vendor\laravel\framework\src\Illuminate\Http\Middleware\TrustProxies.php(58): Illuminate\Pipeline\Pipeline->{closure:{closure:Illuminate\Pipeline\Pipeline::carry():194}:195}(Object(Illuminate\Http\Request))
#66 C:\xampp\htdocs\site_iuhm\vendor\laravel\framework\src\Illuminate\Pipeline\Pipeline.php(219): Illuminate\Http\Middleware\TrustProxies->handle(Object(Illuminate\Http\Request), Object(Closure))
#67 C:\xampp\htdocs\site_iuhm\vendor\laravel\framework\src\Illuminate\Foundation\Http\Middleware\InvokeDeferredCallbacks.php(22): Illuminate\Pipeline\Pipeline->{closure:{closure:Illuminate\Pipeline\Pipeline::carry():194}:195}(Object(Illuminate\Http\Request))
#68 C:\xampp\htdocs\site_iuhm\vendor\laravel\framework\src\Illuminate\Pipeline\Pipeline.php(219): Illuminate\Foundation\Http\Middleware\InvokeDeferredCallbacks->handle(Object(Illuminate\Http\Request), Object(Closure))
#69 C:\xampp\htdocs\site_iuhm\vendor\laravel\framework\src\Illuminate\Http\Middleware\ValidatePathEncoding.php(28): Illuminate\Pipeline\Pipeline->{closure:{closure:Illuminate\Pipeline\Pipeline::carry():194}:195}(Object(Illuminate\Http\Request))
#70 C:\xampp\htdocs\site_iuhm\vendor\laravel\framework\src\Illuminate\Pipeline\Pipeline.php(219): Illuminate\Http\Middleware\ValidatePathEncoding->handle(Object(Illuminate\Http\Request), Object(Closure))
#71 C:\xampp\htdocs\site_iuhm\vendor\laravel\framework\src\Illuminate\Pipeline\Pipeline.php(137): Illuminate\Pipeline\Pipeline->{closure:{closure:Illuminate\Pipeline\Pipeline::carry():194}:195}(Object(Illuminate\Http\Request))
#72 C:\xampp\htdocs\site_iuhm\vendor\laravel\framework\src\Illuminate\Foundation\Http\Kernel.php(175): Illuminate\Pipeline\Pipeline->then(Object(Closure))
#73 C:\xampp\htdocs\site_iuhm\vendor\laravel\framework\src\Illuminate\Foundation\Http\Kernel.php(144): Illuminate\Foundation\Http\Kernel->sendRequestThroughRouter(Object(Illuminate\Http\Request))
#74 C:\xampp\htdocs\site_iuhm\vendor\laravel\framework\src\Illuminate\Foundation\Testing\Concerns\MakesHttpRequests.php(607): Illuminate\Foundation\Http\Kernel->handle(Object(Illuminate\Http\Request))
#75 C:\xampp\htdocs\site_iuhm\vendor\laravel\framework\src\Illuminate\Foundation\Testing\Concerns\MakesHttpRequests.php(368): Illuminate\Foundation\Testing\TestCase->call('GET', 'http://localhos...', Array, Array, Array, Array)
#76 C:\xampp\htdocs\site_iuhm\tests\Feature\Auth\RegistrationTest.php(15): Illuminate\Foundation\Testing\TestCase->get('http://localhos...')
#77 C:\xampp\htdocs\site_iuhm\vendor\phpunit\phpunit\src\Framework\TestCase.php(1335): Tests\Feature\Auth\RegistrationTest->test_registration_screen_can_be_rendered()
#78 C:\xampp\htdocs\site_iuhm\vendor\phpunit\phpunit\src\Framework\TestCase.php(519): PHPUnit\Framework\TestCase->runTest()
#79 C:\xampp\htdocs\site_iuhm\vendor\phpunit\phpunit\src\Framework\TestRunner\TestRunner.php(99): PHPUnit\Framework\TestCase->runBare()
#80 C:\xampp\htdocs\site_iuhm\vendor\phpunit\phpunit\src\Framework\TestCase.php(359): PHPUnit\Framework\TestRunner->run(Object(Tests\Feature\Auth\RegistrationTest))
#81 C:\xampp\htdocs\site_iuhm\vendor\phpunit\phpunit\src\Framework\TestSuite.php(374): PHPUnit\Framework\TestCase->run()
#82 C:\xampp\htdocs\site_iuhm\vendor\phpunit\phpunit\src\Framework\TestSuite.php(374): PHPUnit\Framework\TestSuite->run()
#83 C:\xampp\htdocs\site_iuhm\vendor\phpunit\phpunit\src\Framework\TestSuite.php(374): PHPUnit\Framework\TestSuite->run()
#84 C:\xampp\htdocs\site_iuhm\vendor\phpunit\phpunit\src\TextUI\TestRunner.php(64): PHPUnit\Framework\TestSuite->run()
#85 C:\xampp\htdocs\site_iuhm\vendor\phpunit\phpunit\src\TextUI\Application.php(229): PHPUnit\TextUI\TestRunner->run(Object(PHPUnit\TextUI\Configuration\Configuration), Object(PHPUnit\Runner\ResultCache\DefaultResultCache), Object(PHPUnit\Framework\TestSuite))
#86 C:\xampp\htdocs\site_iuhm\vendor\phpunit\phpunit\phpunit(104): PHPUnit\TextUI\Application->run(Array)
#87 {main}

Next Illuminate\View\ViewException: Vite manifest not found at: C:\xampp\htdocs\site_iuhm\public\build/manifest.json (View: C:\xampp\htdocs\site_iuhm\resources\views\partials\head.blade.php) (View: C:\xampp\htdocs\site_iuhm\resources\views\partials\head.blade.php) (View: C:\xampp\htdocs\site_iuhm\resources\views\partials\head.blade.php) (View: C:\xampp\htdocs\site_iuhm\resources\views\partials\head.blade.php) in C:\xampp\htdocs\site_iuhm\vendor\laravel\framework\src\Illuminate\Foundation\Vite.php:946
Stack trace:
#0 C:\xampp\htdocs\site_iuhm\vendor\livewire\livewire\src\Mechanisms\ExtendBlade\ExtendedCompilerEngine.php(58): Illuminate\View\Engines\CompilerEngine->handleViewException(Object(Illuminate\View\ViewException), 1)
#1 C:\xampp\htdocs\site_iuhm\vendor\laravel\framework\src\Illuminate\View\Engines\PhpEngine.php(59): Livewire\Mechanisms\ExtendBlade\ExtendedCompilerEngine->handleViewException(Object(Illuminate\View\ViewException), 1)
#2 C:\xampp\htdocs\site_iuhm\vendor\livewire\livewire\src\Mechanisms\ExtendBlade\ExtendedCompilerEngine.php(22): Illuminate\View\Engines\PhpEngine->evaluatePath('C:\\xampp\\htdocs...', Array)
#3 C:\xampp\htdocs\site_iuhm\vendor\laravel\framework\src\Illuminate\View\Engines\CompilerEngine.php(76): Livewire\Mechanisms\ExtendBlade\ExtendedCompilerEngine->evaluatePath('C:\\xampp\\htdocs...', Array)
#4 C:\xampp\htdocs\site_iuhm\vendor\livewire\livewire\src\Mechanisms\ExtendBlade\ExtendedCompilerEngine.php(10): Illuminate\View\Engines\CompilerEngine->get('C:\\xampp\\htdocs...', Array)
#5 C:\xampp\htdocs\site_iuhm\vendor\laravel\framework\src\Illuminate\View\View.php(208): Livewire\Mechanisms\ExtendBlade\ExtendedCompilerEngine->get('C:\\xampp\\htdocs...', Array)
#6 C:\xampp\htdocs\site_iuhm\vendor\laravel\framework\src\Illuminate\View\View.php(191): Illuminate\View\View->getContents()
#7 C:\xampp\htdocs\site_iuhm\vendor\laravel\framework\src\Illuminate\View\View.php(160): Illuminate\View\View->renderContents()
#8 C:\xampp\htdocs\site_iuhm\vendor\laravel\framework\src\Illuminate\Http\Response.php(78): Illuminate\View\View->render()
#9 C:\xampp\htdocs\site_iuhm\vendor\laravel\framework\src\Illuminate\Http\Response.php(34): Illuminate\Http\Response->setContent(Object(Illuminate\View\View))
#10 C:\xampp\htdocs\site_iuhm\vendor\laravel\framework\src\Illuminate\Routing\Router.php(939): Illuminate\Http\Response->__construct(Object(Illuminate\View\View), 200, Array)
#11 C:\xampp\htdocs\site_iuhm\vendor\laravel\framework\src\Illuminate\Routing\Router.php(906): Illuminate\Routing\Router::toResponse(Object(Illuminate\Http\Request), Object(Illuminate\View\View))
#12 C:\xampp\htdocs\site_iuhm\vendor\laravel\framework\src\Illuminate\Routing\Router.php(821): Illuminate\Routing\Router->prepareResponse(Object(Illuminate\Http\Request), Object(Laravel\Fortify\Http\Responses\SimpleViewResponse))
#13 C:\xampp\htdocs\site_iuhm\vendor\laravel\framework\src\Illuminate\Pipeline\Pipeline.php(180): Illuminate\Routing\Router->{closure:Illuminate\Routing\Router::runRouteWithinStack():821}(Object(Illuminate\Http\Request))
#14 C:\xampp\htdocs\site_iuhm\vendor\laravel\framework\src\Illuminate\Auth\Middleware\RedirectIfAuthenticated.php(47): Illuminate\Pipeline\Pipeline->{closure:Illuminate\Pipeline\Pipeline::prepareDestination():178}(Object(Illuminate\Http\Request))
#15 C:\xampp\htdocs\site_iuhm\vendor\laravel\framework\src\Illuminate\Pipeline\Pipeline.php(219): Illuminate\Auth\Middleware\RedirectIfAuthenticated->handle(Object(Illuminate\Http\Request), Object(Closure), 'web')
#16 C:\xampp\htdocs\site_iuhm\app\Http\Middleware\SetTeamUrlDefaults.php(26): Illuminate\Pipeline\Pipeline->{closure:{closure:Illuminate\Pipeline\Pipeline::carry():194}:195}(Object(Illuminate\Http\Request))
#17 C:\xampp\htdocs\site_iuhm\vendor\laravel\framework\src\Illuminate\Pipeline\Pipeline.php(219): App\Http\Middleware\SetTeamUrlDefaults->handle(Object(Illuminate\Http\Request), Object(Closure))
#18 C:\xampp\htdocs\site_iuhm\app\Http\Middleware\SetLocale.php(28): Illuminate\Pipeline\Pipeline->{closure:{closure:Illuminate\Pipeline\Pipeline::carry():194}:195}(Object(Illuminate\Http\Request))
#19 C:\xampp\htdocs\site_iuhm\vendor\laravel\framework\src\Illuminate\Pipeline\Pipeline.php(219): App\Http\Middleware\SetLocale->handle(Object(Illuminate\Http\Request), Object(Closure))
#20 C:\xampp\htdocs\site_iuhm\vendor\laravel\framework\src\Illuminate\Routing\Middleware\SubstituteBindings.php(52): Illuminate\Pipeline\Pipeline->{closure:{closure:Illuminate\Pipeline\Pipeline::carry():194}:195}(Object(Illuminate\Http\Request))
#21 C:\xampp\htdocs\site_iuhm\vendor\laravel\framework\src\Illuminate\Pipeline\Pipeline.php(219): Illuminate\Routing\Middleware\SubstituteBindings->handle(Object(Illuminate\Http\Request), Object(Closure))
#22 C:\xampp\htdocs\site_iuhm\vendor\laravel\framework\src\Illuminate\Foundation\Http\Middleware\PreventRequestForgery.php(104): Illuminate\Pipeline\Pipeline->{closure:{closure:Illuminate\Pipeline\Pipeline::carry():194}:195}(Object(Illuminate\Http\Request))
#23 C:\xampp\htdocs\site_iuhm\vendor\laravel\framework\src\Illuminate\Pipeline\Pipeline.php(219): Illuminate\Foundation\Http\Middleware\PreventRequestForgery->handle(Object(Illuminate\Http\Request), Object(Closure))
#24 C:\xampp\htdocs\site_iuhm\vendor\laravel\framework\src\Illuminate\View\Middleware\ShareErrorsFromSession.php(48): Illuminate\Pipeline\Pipeline->{closure:{closure:Illuminate\Pipeline\Pipeline::carry():194}:195}(Object(Illuminate\Http\Request))
#25 C:\xampp\htdocs\site_iuhm\vendor\laravel\framework\src\Illuminate\Pipeline\Pipeline.php(219): Illuminate\View\Middleware\ShareErrorsFromSession->handle(Object(Illuminate\Http\Request), Object(Closure))
#26 C:\xampp\htdocs\site_iuhm\vendor\laravel\framework\src\Illuminate\Session\Middleware\StartSession.php(120): Illuminate\Pipeline\Pipeline->{closure:{closure:Illuminate\Pipeline\Pipeline::carry():194}:195}(Object(Illuminate\Http\Request))
#27 C:\xampp\htdocs\site_iuhm\vendor\laravel\framework\src\Illuminate\Session\Middleware\StartSession.php(63): Illuminate\Session\Middleware\StartSession->handleStatefulRequest(Object(Illuminate\Http\Request), Object(Illuminate\Session\Store), Object(Closure))
#28 C:\xampp\htdocs\site_iuhm\vendor\laravel\framework\src\Illuminate\Pipeline\Pipeline.php(219): Illuminate\Session\Middleware\StartSession->handle(Object(Illuminate\Http\Request), Object(Closure))
#29 C:\xampp\htdocs\site_iuhm\vendor\laravel\framework\src\Illuminate\Cookie\Middleware\AddQueuedCookiesToResponse.php(36): Illuminate\Pipeline\Pipeline->{closure:{closure:Illuminate\Pipeline\Pipeline::carry():194}:195}(Object(Illuminate\Http\Request))
#30 C:\xampp\htdocs\site_iuhm\vendor\laravel\framework\src\Illuminate\Pipeline\Pipeline.php(219): Illuminate\Cookie\Middleware\AddQueuedCookiesToResponse->handle(Object(Illuminate\Http\Request), Object(Closure))
#31 C:\xampp\htdocs\site_iuhm\vendor\laravel\framework\src\Illuminate\Cookie\Middleware\EncryptCookies.php(74): Illuminate\Pipeline\Pipeline->{closure:{closure:Illuminate\Pipeline\Pipeline::carry():194}:195}(Object(Illuminate\Http\Request))
#32 C:\xampp\htdocs\site_iuhm\vendor\laravel\framework\src\Illuminate\Pipeline\Pipeline.php(219): Illuminate\Cookie\Middleware\EncryptCookies->handle(Object(Illuminate\Http\Request), Object(Closure))
#33 C:\xampp\htdocs\site_iuhm\vendor\laravel\framework\src\Illuminate\Pipeline\Pipeline.php(137): Illuminate\Pipeline\Pipeline->{closure:{closure:Illuminate\Pipeline\Pipeline::carry():194}:195}(Object(Illuminate\Http\Request))
#34 C:\xampp\htdocs\site_iuhm\vendor\laravel\framework\src\Illuminate\Routing\Router.php(821): Illuminate\Pipeline\Pipeline->then(Object(Closure))
#35 C:\xampp\htdocs\site_iuhm\vendor\laravel\framework\src\Illuminate\Routing\Router.php(800): Illuminate\Routing\Router->runRouteWithinStack(Object(Illuminate\Routing\Route), Object(Illuminate\Http\Request))
#36 C:\xampp\htdocs\site_iuhm\vendor\laravel\framework\src\Illuminate\Routing\Router.php(764): Illuminate\Routing\Router->runRoute(Object(Illuminate\Http\Request), Object(Illuminate\Routing\Route))
#37 C:\xampp\htdocs\site_iuhm\vendor\laravel\framework\src\Illuminate\Routing\Router.php(753): Illuminate\Routing\Router->dispatchToRoute(Object(Illuminate\Http\Request))
#38 C:\xampp\htdocs\site_iuhm\vendor\laravel\framework\src\Illuminate\Foundation\Http\Kernel.php(200): Illuminate\Routing\Router->dispatch(Object(Illuminate\Http\Request))
#39 C:\xampp\htdocs\site_iuhm\vendor\laravel\framework\src\Illuminate\Pipeline\Pipeline.php(180): Illuminate\Foundation\Http\Kernel->{closure:Illuminate\Foundation\Http\Kernel::dispatchToRouter():197}(Object(Illuminate\Http\Request))
#40 C:\xampp\htdocs\site_iuhm\vendor\livewire\livewire\src\Features\SupportDisablingBackButtonCache\DisableBackButtonCacheMiddleware.php(19): Illuminate\Pipeline\Pipeline->{closure:Illuminate\Pipeline\Pipeline::prepareDestination():178}(Object(Illuminate\Http\Request))
#41 C:\xampp\htdocs\site_iuhm\vendor\laravel\framework\src\Illuminate\Pipeline\Pipeline.php(219): Livewire\Features\SupportDisablingBackButtonCache\DisableBackButtonCacheMiddleware->handle(Object(Illuminate\Http\Request), Object(Closure))
#42 C:\xampp\htdocs\site_iuhm\vendor\laravel\framework\src\Illuminate\Foundation\Http\Middleware\TransformsRequest.php(21): Illuminate\Pipeline\Pipeline->{closure:{closure:Illuminate\Pipeline\Pipeline::carry():194}:195}(Object(Illuminate\Http\Request))
#43 C:\xampp\htdocs\site_iuhm\vendor\laravel\framework\src\Illuminate\Foundation\Http\Middleware\ConvertEmptyStringsToNull.php(31): Illuminate\Foundation\Http\Middleware\TransformsRequest->handle(Object(Illuminate\Http\Request), Object(Closure))
#44 C:\xampp\htdocs\site_iuhm\vendor\laravel\framework\src\Illuminate\Pipeline\Pipeline.php(219): Illuminate\Foundation\Http\Middleware\ConvertEmptyStringsToNull->handle(Object(Illuminate\Http\Request), Object(Closure))
#45 C:\xampp\htdocs\site_iuhm\vendor\laravel\framework\src\Illuminate\Foundation\Http\Middleware\TransformsRequest.php(21): Illuminate\Pipeline\Pipeline->{closure:{closure:Illuminate\Pipeline\Pipeline::carry():194}:195}(Object(Illuminate\Http\Request))
#46 C:\xampp\htdocs\site_iuhm\vendor\laravel\framework\src\Illuminate\Foundation\Http\Middleware\TrimStrings.php(51): Illuminate\Foundation\Http\Middleware\TransformsRequest->handle(Object(Illuminate\Http\Request), Object(Closure))
#47 C:\xampp\htdocs\site_iuhm\vendor\laravel\framework\src\Illuminate\Pipeline\Pipeline.php(219): Illuminate\Foundation\Http\Middleware\TrimStrings->handle(Object(Illuminate\Http\Request), Object(Closure))
#48 C:\xampp\htdocs\site_iuhm\vendor\laravel\framework\src\Illuminate\Http\Middleware\ValidatePostSize.php(27): Illuminate\Pipeline\Pipeline->{closure:{closure:Illuminate\Pipeline\Pipeline::carry():194}:195}(Object(Illuminate\Http\Request))
#49 C:\xampp\htdocs\site_iuhm\vendor\laravel\framework\src\Illuminate\Pipeline\Pipeline.php(219): Illuminate\Http\Middleware\ValidatePostSize->handle(Object(Illuminate\Http\Request), Object(Closure))
#50 C:\xampp\htdocs\site_iuhm\vendor\laravel\framework\src\Illuminate\Foundation\Http\Middleware\PreventRequestsDuringMaintenance.php(109): Illuminate\Pipeline\Pipeline->{closure:{closure:Illuminate\Pipeline\Pipeline::carry():194}:195}(Object(Illuminate\Http\Request))
#51 C:\xampp\htdocs\site_iuhm\vendor\laravel\framework\src\Illuminate\Pipeline\Pipeline.php(219): Illuminate\Foundation\Http\Middleware\PreventRequestsDuringMaintenance->handle(Object(Illuminate\Http\Request), Object(Closure))
#52 C:\xampp\htdocs\site_iuhm\vendor\laravel\framework\src\Illuminate\Http\Middleware\HandleCors.php(61): Illuminate\Pipeline\Pipeline->{closure:{closure:Illuminate\Pipeline\Pipeline::carry():194}:195}(Object(Illuminate\Http\Request))
#53 C:\xampp\htdocs\site_iuhm\vendor\laravel\framework\src\Illuminate\Pipeline\Pipeline.php(219): Illuminate\Http\Middleware\HandleCors->handle(Object(Illuminate\Http\Request), Object(Closure))
#54 C:\xampp\htdocs\site_iuhm\vendor\laravel\framework\src\Illuminate\Http\Middleware\TrustProxies.php(58): Illuminate\Pipeline\Pipeline->{closure:{closure:Illuminate\Pipeline\Pipeline::carry():194}:195}(Object(Illuminate\Http\Request))
#55 C:\xampp\htdocs\site_iuhm\vendor\laravel\framework\src\Illuminate\Pipeline\Pipeline.php(219): Illuminate\Http\Middleware\TrustProxies->handle(Object(Illuminate\Http\Request), Object(Closure))
#56 C:\xampp\htdocs\site_iuhm\vendor\laravel\framework\src\Illuminate\Foundation\Http\Middleware\InvokeDeferredCallbacks.php(22): Illuminate\Pipeline\Pipeline->{closure:{closure:Illuminate\Pipeline\Pipeline::carry():194}:195}(Object(Illuminate\Http\Request))
#57 C:\xampp\htdocs\site_iuhm\vendor\laravel\framework\src\Illuminate\Pipeline\Pipeline.php(219): Illuminate\Foundation\Http\Middleware\InvokeDeferredCallbacks->handle(Object(Illuminate\Http\Request), Object(Closure))
#58 C:\xampp\htdocs\site_iuhm\vendor\laravel\framework\src\Illuminate\Http\Middleware\ValidatePathEncoding.php(28): Illuminate\Pipeline\Pipeline->{closure:{closure:Illuminate\Pipeline\Pipeline::carry():194}:195}(Object(Illuminate\Http\Request))
#59 C:\xampp\htdocs\site_iuhm\vendor\laravel\framework\src\Illuminate\Pipeline\Pipeline.php(219): Illuminate\Http\Middleware\ValidatePathEncoding->handle(Object(Illuminate\Http\Request), Object(Closure))
#60 C:\xampp\htdocs\site_iuhm\vendor\laravel\framework\src\Illuminate\Pipeline\Pipeline.php(137): Illuminate\Pipeline\Pipeline->{closure:{closure:Illuminate\Pipeline\Pipeline::carry():194}:195}(Object(Illuminate\Http\Request))
#61 C:\xampp\htdocs\site_iuhm\vendor\laravel\framework\src\Illuminate\Foundation\Http\Kernel.php(175): Illuminate\Pipeline\Pipeline->then(Object(Closure))
#62 C:\xampp\htdocs\site_iuhm\vendor\laravel\framework\src\Illuminate\Foundation\Http\Kernel.php(144): Illuminate\Foundation\Http\Kernel->sendRequestThroughRouter(Object(Illuminate\Http\Request))
#63 C:\xampp\htdocs\site_iuhm\vendor\laravel\framework\src\Illuminate\Foundation\Testing\Concerns\MakesHttpRequests.php(607): Illuminate\Foundation\Http\Kernel->handle(Object(Illuminate\Http\Request))
#64 C:\xampp\htdocs\site_iuhm\vendor\laravel\framework\src\Illuminate\Foundation\Testing\Concerns\MakesHttpRequests.php(368): Illuminate\Foundation\Testing\TestCase->call('GET', 'http://localhos...', Array, Array, Array, Array)
#65 C:\xampp\htdocs\site_iuhm\tests\Feature\Auth\RegistrationTest.php(15): Illuminate\Foundation\Testing\TestCase->get('http://localhos...')
#66 C:\xampp\htdocs\site_iuhm\vendor\phpunit\phpunit\src\Framework\TestCase.php(1335): Tests\Feature\Auth\RegistrationTest->test_registration_screen_can_be_rendered()
#67 C:\xampp\htdocs\site_iuhm\vendor\phpunit\phpunit\src\Framework\TestCase.php(519): PHPUnit\Framework\TestCase->runTest()
#68 C:\xampp\htdocs\site_iuhm\vendor\phpunit\phpunit\src\Framework\TestRunner\TestRunner.php(99): PHPUnit\Framework\TestCase->runBare()
#69 C:\xampp\htdocs\site_iuhm\vendor\phpunit\phpunit\src\Framework\TestCase.php(359): PHPUnit\Framework\TestRunner->run(Object(Tests\Feature\Auth\RegistrationTest))
#70 C:\xampp\htdocs\site_iuhm\vendor\phpunit\phpunit\src\Framework\TestSuite.php(374): PHPUnit\Framework\TestCase->run()
#71 C:\xampp\htdocs\site_iuhm\vendor\phpunit\phpunit\src\Framework\TestSuite.php(374): PHPUnit\Framework\TestSuite->run()
#72 C:\xampp\htdocs\site_iuhm\vendor\phpunit\phpunit\src\Framework\TestSuite.php(374): PHPUnit\Framework\TestSuite->run()
#73 C:\xampp\htdocs\site_iuhm\vendor\phpunit\phpunit\src\TextUI\TestRunner.php(64): PHPUnit\Framework\TestSuite->run()
#74 C:\xampp\htdocs\site_iuhm\vendor\phpunit\phpunit\src\TextUI\Application.php(229): PHPUnit\TextUI\TestRunner->run(Object(PHPUnit\TextUI\Configuration\Configuration), Object(PHPUnit\Runner\ResultCache\DefaultResultCache), Object(PHPUnit\Framework\TestSuite))
#75 C:\xampp\htdocs\site_iuhm\vendor\phpunit\phpunit\phpunit(104): PHPUnit\TextUI\Application->run(Array)
#76 {main}

----------------------------------------------------------------------------------

Vite manifest not found at: C:\xampp\htdocs\site_iuhm\public\build/manifest.json (View: C:\xampp\htdocs\site_iuhm\resources\views\partials\head.blade.php) (View: C:\xampp\htdocs\site_iuhm\resources\views\partials\head.blade.php) (View: C:\xampp\htdocs\site_iuhm\resources\views\partials\head.blade.php) (View: C:\xampp\htdocs\site_iuhm\resources\views\partials\head.blade.php)[39;22m

  at [32mtests\Feature\Auth\RegistrationTest.php[39m:[32m17[39m
     13Ôûò     public function test_registration_screen_can_be_rendered(): void
     14Ôûò     {
     15Ôûò         $response = $this->get(route('register'));
     16Ôûò 
  Ô×£  17Ôûò         $response->assertOk();
     18Ôûò     }
     19Ôûò 
     20Ôûò     public function test_new_users_can_register(): void
     21Ôûò     {

  [31mÔöÇÔöÇÔöÇÔöÇÔöÇÔöÇÔöÇÔöÇÔöÇÔöÇÔöÇÔöÇÔöÇÔöÇÔöÇÔöÇÔöÇÔöÇÔöÇÔöÇÔöÇÔöÇÔöÇÔöÇÔöÇÔöÇÔöÇÔöÇÔöÇÔöÇÔöÇÔöÇÔöÇÔöÇÔöÇÔöÇÔöÇÔöÇÔöÇÔöÇÔöÇÔöÇÔöÇÔöÇÔöÇÔöÇÔöÇÔöÇÔöÇÔöÇÔöÇÔöÇÔöÇÔöÇÔöÇÔöÇÔöÇÔöÇÔöÇÔöÇÔöÇÔöÇÔöÇÔöÇÔöÇÔöÇÔöÇÔöÇÔöÇÔöÇÔöÇÔöÇÔöÇÔöÇÔöÇÔöÇ[39m  
  [41;1m FAILED [49;22m [1mTests\Feature\DashboardTest[22m [90m>[39m authenticated users can visit the dÔÇª   
[39;1m  Expected response status code [200] but received 500.
Failed asserting that 500 is identical to 200.

The following exception occurred during the last request:

ErrorException: Undefined variable $navigationPages in C:\xampp\htdocs\site_iuhm\storage\framework\views\7051f6576562b2dc7a02a46a651d2c4e.php:19
Stack trace:
#0 C:\xampp\htdocs\site_iuhm\vendor\laravel\framework\src\Illuminate\Foundation\Bootstrap\HandleExceptions.php(258): Illuminate\Foundation\Bootstrap\HandleExceptions->handleError(2, 'Undefined varia...', 'C:\\xampp\\htdocs...', 19)
#1 C:\xampp\htdocs\site_iuhm\storage\framework\views\7051f6576562b2dc7a02a46a651d2c4e.php(19): Illuminate\Foundation\Bootstrap\HandleExceptions->{closure:Illuminate\Foundation\Bootstrap\HandleExceptions::forwardsTo():257}(2, 'Undefined varia...', 'C:\\xampp\\htdocs...', 19)
#2 C:\xampp\htdocs\site_iuhm\vendor\laravel\framework\src\Illuminate\Filesystem\Filesystem.php(123): require('C:\\xampp\\htdocs...')
#3 C:\xampp\htdocs\site_iuhm\vendor\laravel\framework\src\Illuminate\Filesystem\Filesystem.php(124): Illuminate\Filesystem\Filesystem::{closure:Illuminate\Filesystem\Filesystem::getRequire():120}()
#4 C:\xampp\htdocs\site_iuhm\vendor\laravel\framework\src\Illuminate\View\Engines\PhpEngine.php(57): Illuminate\Filesystem\Filesystem->getRequire('C:\\xampp\\htdocs...', Array)
#5 C:\xampp\htdocs\site_iuhm\vendor\livewire\livewire\src\Mechanisms\ExtendBlade\ExtendedCompilerEngine.php(22): Illuminate\View\Engines\PhpEngine->evaluatePath('C:\\xampp\\htdocs...', Array)
#6 C:\xampp\htdocs\site_iuhm\vendor\laravel\framework\src\Illuminate\View\Engines\CompilerEngine.php(76): Livewire\Mechanisms\ExtendBlade\ExtendedCompilerEngine->evaluatePath('C:\\xampp\\htdocs...', Array)
#7 C:\xampp\htdocs\site_iuhm\vendor\livewire\livewire\src\Mechanisms\ExtendBlade\ExtendedCompilerEngine.php(10): Illuminate\View\Engines\CompilerEngine->get('C:\\xampp\\htdocs...', Array)
#8 C:\xampp\htdocs\site_iuhm\vendor\laravel\framework\src\Illuminate\View\View.php(208): Livewire\Mechanisms\ExtendBlade\ExtendedCompilerEngine->get('C:\\xampp\\htdocs...', Array)
#9 C:\xampp\htdocs\site_iuhm\vendor\laravel\framework\src\Illuminate\View\View.php(191): Illuminate\View\View->getContents()
#10 C:\xampp\htdocs\site_iuhm\vendor\laravel\framework\src\Illuminate\View\View.php(160): Illuminate\View\View->renderContents()
#11 C:\xampp\htdocs\site_iuhm\storage\framework\views\4371cdfbde3995413764711384cce958.php(19): Illuminate\View\View->render()
#12 C:\xampp\htdocs\site_iuhm\vendor\laravel\framework\src\Illuminate\Filesystem\Filesystem.php(123): require('C:\\xampp\\htdocs...')
#13 C:\xampp\htdocs\site_iuhm\vendor\laravel\framework\src\Illuminate\Filesystem\Filesystem.php(124): Illuminate\Filesystem\Filesystem::{closure:Illuminate\Filesystem\Filesystem::getRequire():120}()
#14 C:\xampp\htdocs\site_iuhm\vendor\laravel\framework\src\Illuminate\View\Engines\PhpEngine.php(57): Illuminate\Filesystem\Filesystem->getRequire('C:\\xampp\\htdocs...', Array)
#15 C:\xampp\htdocs\site_iuhm\vendor\livewire\livewire\src\Mechanisms\ExtendBlade\ExtendedCompilerEngine.php(22): Illuminate\View\Engines\PhpEngine->evaluatePath('C:\\xampp\\htdocs...', Array)
#16 C:\xampp\htdocs\site_iuhm\vendor\laravel\framework\src\Illuminate\View\Engines\CompilerEngine.php(76): Livewire\Mechanisms\ExtendBlade\ExtendedCompilerEngine->evaluatePath('C:\\xampp\\htdocs...', Array)
#17 C:\xampp\htdocs\site_iuhm\vendor\livewire\livewire\src\Mechanisms\ExtendBlade\ExtendedCompilerEngine.php(10): Illuminate\View\Engines\CompilerEngine->get('C:\\xampp\\htdocs...', Array)
#18 C:\xampp\htdocs\site_iuhm\vendor\laravel\framework\src\Illuminate\View\View.php(208): Livewire\Mechanisms\ExtendBlade\ExtendedCompilerEngine->get('C:\\xampp\\htdocs...', Array)
#19 C:\xampp\htdocs\site_iuhm\vendor\laravel\framework\src\Illuminate\View\View.php(191): Illuminate\View\View->getContents()
#20 C:\xampp\htdocs\site_iuhm\vendor\laravel\framework\src\Illuminate\View\View.php(160): Illuminate\View\View->renderContents()
#21 C:\xampp\htdocs\site_iuhm\vendor\laravel\framework\src\Illuminate\View\Concerns\ManagesComponents.php(103): Illuminate\View\View->render()
#22 C:\xampp\htdocs\site_iuhm\storage\framework\views\c61a6b266cb685d09d043de9ba30fb9e.php(113): Illuminate\View\Factory->renderComponent()
#23 C:\xampp\htdocs\site_iuhm\vendor\laravel\framework\src\Illuminate\Filesystem\Filesystem.php(123): require('C:\\xampp\\htdocs...')
#24 C:\xampp\htdocs\site_iuhm\vendor\laravel\framework\src\Illuminate\Filesystem\Filesystem.php(124): Illuminate\Filesystem\Filesystem::{closure:Illuminate\Filesystem\Filesystem::getRequire():120}()
#25 C:\xampp\htdocs\site_iuhm\vendor\laravel\framework\src\Illuminate\View\Engines\PhpEngine.php(57): Illuminate\Filesystem\Filesystem->getRequire('C:\\xampp\\htdocs...', Array)
#26 C:\xampp\htdocs\site_iuhm\vendor\livewire\livewire\src\Mechanisms\ExtendBlade\ExtendedCompilerEngine.php(22): Illuminate\View\Engines\PhpEngine->evaluatePath('C:\\xampp\\htdocs...', Array)
#27 C:\xampp\htdocs\site_iuhm\vendor\laravel\framework\src\Illuminate\View\Engines\CompilerEngine.php(76): Livewire\Mechanisms\ExtendBlade\ExtendedCompilerEngine->evaluatePath('C:\\xampp\\htdocs...', Array)
#28 C:\xampp\htdocs\site_iuhm\vendor\livewire\livewire\src\Mechanisms\ExtendBlade\ExtendedCompilerEngine.php(10): Illuminate\View\Engines\CompilerEngine->get('C:\\xampp\\htdocs...', Array)
#29 C:\xampp\htdocs\site_iuhm\vendor\laravel\framework\src\Illuminate\View\View.php(208): Livewire\Mechanisms\ExtendBlade\ExtendedCompilerEngine->get('C:\\xampp\\htdocs...', Array)
#30 C:\xampp\htdocs\site_iuhm\vendor\laravel\framework\src\Illuminate\View\View.php(191): Illuminate\View\View->getContents()
#31 C:\xampp\htdocs\site_iuhm\vendor\laravel\framework\src\Illuminate\View\View.php(160): Illuminate\View\View->renderContents()
#32 C:\xampp\htdocs\site_iuhm\vendor\laravel\framework\src\Illuminate\Http\Response.php(78): Illuminate\View\View->render()
#33 C:\xampp\htdocs\site_iuhm\vendor\laravel\framework\src\Illuminate\Http\Response.php(34): Illuminate\Http\Response->setContent(Object(Illuminate\View\View))
#34 C:\xampp\htdocs\site_iuhm\vendor\laravel\framework\src\Illuminate\Routing\ResponseFactory.php(61): Illuminate\Http\Response->__construct(Object(Illuminate\View\View), 200, Array)
#35 C:\xampp\htdocs\site_iuhm\vendor\laravel\framework\src\Illuminate\Routing\ResponseFactory.php(91): Illuminate\Routing\ResponseFactory->make(Object(Illuminate\View\View), 200, Array)
#36 C:\xampp\htdocs\site_iuhm\vendor\laravel\framework\src\Illuminate\Routing\ViewController.php(40): Illuminate\Routing\ResponseFactory->view('dashboard', Array, 200, Array)
#37 C:\xampp\htdocs\site_iuhm\vendor\laravel\framework\src\Illuminate\Routing\ViewController.php(57): Illuminate\Routing\ViewController->__invoke(current_team: 'haag-roob-and-b...', view: 'dashboard', data: Array, status: 200, headers: Array)
#38 C:\xampp\htdocs\site_iuhm\vendor\laravel\framework\src\Illuminate\Routing\ControllerDispatcher.php(43): Illuminate\Routing\ViewController->callAction('__invoke', Array)
#39 C:\xampp\htdocs\site_iuhm\vendor\laravel\framework\src\Illuminate\Routing\Route.php(269): Illuminate\Routing\ControllerDispatcher->dispatch(Object(Illuminate\Routing\Route), Object(Illuminate\Routing\ViewController), '__invoke')
#40 C:\xampp\htdocs\site_iuhm\vendor\laravel\framework\src\Illuminate\Routing\Route.php(215): Illuminate\Routing\Route->runController()
#41 C:\xampp\htdocs\site_iuhm\vendor\laravel\framework\src\Illuminate\Routing\Router.php(822): Illuminate\Routing\Route->run()
#42 C:\xampp\htdocs\site_iuhm\vendor\laravel\framework\src\Illuminate\Pipeline\Pipeline.php(180): Illuminate\Routing\Router->{closure:Illuminate\Routing\Router::runRouteWithinStack():821}(Object(Illuminate\Http\Request))
#43 C:\xampp\htdocs\site_iuhm\app\Http\Middleware\EnsureTeamMembership.php(31): Illuminate\Pipeline\Pipeline->{closure:Illuminate\Pipeline\Pipeline::prepareDestination():178}(Object(Illuminate\Http\Request))
#44 C:\xampp\htdocs\site_iuhm\vendor\laravel\framework\src\Illuminate\Pipeline\Pipeline.php(219): App\Http\Middleware\EnsureTeamMembership->handle(Object(Illuminate\Http\Request), Object(Closure))
#45 C:\xampp\htdocs\site_iuhm\vendor\laravel\framework\src\Illuminate\Auth\Middleware\EnsureEmailIsVerified.php(41): Illuminate\Pipeline\Pipeline->{closure:{closure:Illuminate\Pipeline\Pipeline::carry():194}:195}(Object(Illuminate\Http\Request))
#46 C:\xampp\htdocs\site_iuhm\vendor\laravel\framework\src\Illuminate\Pipeline\Pipeline.php(219): Illuminate\Auth\Middleware\EnsureEmailIsVerified->handle(Object(Illuminate\Http\Request), Object(Closure))
#47 C:\xampp\htdocs\site_iuhm\app\Http\Middleware\SetTeamUrlDefaults.php(26): Illuminate\Pipeline\Pipeline->{closure:{closure:Illuminate\Pipeline\Pipeline::carry():194}:195}(Object(Illuminate\Http\Request))
#48 C:\xampp\htdocs\site_iuhm\vendor\laravel\framework\src\Illuminate\Pipeline\Pipeline.php(219): App\Http\Middleware\SetTeamUrlDefaults->handle(Object(Illuminate\Http\Request), Object(Closure))
#49 C:\xampp\htdocs\site_iuhm\app\Http\Middleware\SetLocale.php(28): Illuminate\Pipeline\Pipeline->{closure:{closure:Illuminate\Pipeline\Pipeline::carry():194}:195}(Object(Illuminate\Http\Request))
#50 C:\xampp\htdocs\site_iuhm\vendor\laravel\framework\src\Illuminate\Pipeline\Pipeline.php(219): App\Http\Middleware\SetLocale->handle(Object(Illuminate\Http\Request), Object(Closure))
#51 C:\xampp\htdocs\site_iuhm\vendor\laravel\framework\src\Illuminate\Routing\Middleware\SubstituteBindings.php(52): Illuminate\Pipeline\Pipeline->{closure:{closure:Illuminate\Pipeline\Pipeline::carry():194}:195}(Object(Illuminate\Http\Request))
#52 C:\xampp\htdocs\site_iuhm\vendor\laravel\framework\src\Illuminate\Pipeline\Pipeline.php(219): Illuminate\Routing\Middleware\SubstituteBindings->handle(Object(Illuminate\Http\Request), Object(Closure))
#53 C:\xampp\htdocs\site_iuhm\vendor\laravel\framework\src\Illuminate\Auth\Middleware\Authenticate.php(63): Illuminate\Pipeline\Pipeline->{closure:{closure:Illuminate\Pipeline\Pipeline::carry():194}:195}(Object(Illuminate\Http\Request))
#54 C:\xampp\htdocs\site_iuhm\vendor\laravel\framework\src\Illuminate\Pipeline\Pipeline.php(219): Illuminate\Auth\Middleware\Authenticate->handle(Object(Illuminate\Http\Request), Object(Closure))
#55 C:\xampp\htdocs\site_iuhm\vendor\laravel\framework\src\Illuminate\Foundation\Http\Middleware\PreventRequestForgery.php(104): Illuminate\Pipeline\Pipeline->{closure:{closure:Illuminate\Pipeline\Pipeline::carry():194}:195}(Object(Illuminate\Http\Request))
#56 C:\xampp\htdocs\site_iuhm\vendor\laravel\framework\src\Illuminate\Pipeline\Pipeline.php(219): Illuminate\Foundation\Http\Middleware\PreventRequestForgery->handle(Object(Illuminate\Http\Request), Object(Closure))
#57 C:\xampp\htdocs\site_iuhm\vendor\laravel\framework\src\Illuminate\View\Middleware\ShareErrorsFromSession.php(48): Illuminate\Pipeline\Pipeline->{closure:{closure:Illuminate\Pipeline\Pipeline::carry():194}:195}(Object(Illuminate\Http\Request))
#58 C:\xampp\htdocs\site_iuhm\vendor\laravel\framework\src\Illuminate\Pipeline\Pipeline.php(219): Illuminate\View\Middleware\ShareErrorsFromSession->handle(Object(Illuminate\Http\Request), Object(Closure))
#59 C:\xampp\htdocs\site_iuhm\vendor\laravel\framework\src\Illuminate\Session\Middleware\StartSession.php(120): Illuminate\Pipeline\Pipeline->{closure:{closure:Illuminate\Pipeline\Pipeline::carry():194}:195}(Object(Illuminate\Http\Request))
#60 C:\xampp\htdocs\site_iuhm\vendor\laravel\framework\src\Illuminate\Session\Middleware\StartSession.php(63): Illuminate\Session\Middleware\StartSession->handleStatefulRequest(Object(Illuminate\Http\Request), Object(Illuminate\Session\Store), Object(Closure))
#61 C:\xampp\htdocs\site_iuhm\vendor\laravel\framework\src\Illuminate\Pipeline\Pipeline.php(219): Illuminate\Session\Middleware\StartSession->handle(Object(Illuminate\Http\Request), Object(Closure))
#62 C:\xampp\htdocs\site_iuhm\vendor\laravel\framework\src\Illuminate\Cookie\Middleware\AddQueuedCookiesToResponse.php(36): Illuminate\Pipeline\Pipeline->{closure:{closure:Illuminate\Pipeline\Pipeline::carry():194}:195}(Object(Illuminate\Http\Request))
#63 C:\xampp\htdocs\site_iuhm\vendor\laravel\framework\src\Illuminate\Pipeline\Pipeline.php(219): Illuminate\Cookie\Middleware\AddQueuedCookiesToResponse->handle(Object(Illuminate\Http\Request), Object(Closure))
#64 C:\xampp\htdocs\site_iuhm\vendor\laravel\framework\src\Illuminate\Cookie\Middleware\EncryptCookies.php(74): Illuminate\Pipeline\Pipeline->{closure:{closure:Illuminate\Pipeline\Pipeline::carry():194}:195}(Object(Illuminate\Http\Request))
#65 C:\xampp\htdocs\site_iuhm\vendor\laravel\framework\src\Illuminate\Pipeline\Pipeline.php(219): Illuminate\Cookie\Middleware\EncryptCookies->handle(Object(Illuminate\Http\Request), Object(Closure))
#66 C:\xampp\htdocs\site_iuhm\vendor\laravel\framework\src\Illuminate\Pipeline\Pipeline.php(137): Illuminate\Pipeline\Pipeline->{closure:{closure:Illuminate\Pipeline\Pipeline::carry():194}:195}(Object(Illuminate\Http\Request))
#67 C:\xampp\htdocs\site_iuhm\vendor\laravel\framework\src\Illuminate\Routing\Router.php(821): Illuminate\Pipeline\Pipeline->then(Object(Closure))
#68 C:\xampp\htdocs\site_iuhm\vendor\laravel\framework\src\Illuminate\Routing\Router.php(800): Illuminate\Routing\Router->runRouteWithinStack(Object(Illuminate\Routing\Route), Object(Illuminate\Http\Request))
#69 C:\xampp\htdocs\site_iuhm\vendor\laravel\framework\src\Illuminate\Routing\Router.php(764): Illuminate\Routing\Router->runRoute(Object(Illuminate\Http\Request), Object(Illuminate\Routing\Route))
#70 C:\xampp\htdocs\site_iuhm\vendor\laravel\framework\src\Illuminate\Routing\Router.php(753): Illuminate\Routing\Router->dispatchToRoute(Object(Illuminate\Http\Request))
#71 C:\xampp\htdocs\site_iuhm\vendor\laravel\framework\src\Illuminate\Foundation\Http\Kernel.php(200): Illuminate\Routing\Router->dispatch(Object(Illuminate\Http\Request))
#72 C:\xampp\htdocs\site_iuhm\vendor\laravel\framework\src\Illuminate\Pipeline\Pipeline.php(180): Illuminate\Foundation\Http\Kernel->{closure:Illuminate\Foundation\Http\Kernel::dispatchToRouter():197}(Object(Illuminate\Http\Request))
#73 C:\xampp\htdocs\site_iuhm\vendor\livewire\livewire\src\Features\SupportDisablingBackButtonCache\DisableBackButtonCacheMiddleware.php(19): Illuminate\Pipeline\Pipeline->{closure:Illuminate\Pipeline\Pipeline::prepareDestination():178}(Object(Illuminate\Http\Request))
#74 C:\xampp\htdocs\site_iuhm\vendor\laravel\framework\src\Illuminate\Pipeline\Pipeline.php(219): Livewire\Features\SupportDisablingBackButtonCache\DisableBackButtonCacheMiddleware->handle(Object(Illuminate\Http\Request), Object(Closure))
#75 C:\xampp\htdocs\site_iuhm\vendor\laravel\framework\src\Illuminate\Foundation\Http\Middleware\TransformsRequest.php(21): Illuminate\Pipeline\Pipeline->{closure:{closure:Illuminate\Pipeline\Pipeline::carry():194}:195}(Object(Illuminate\Http\Request))
#76 C:\xampp\htdocs\site_iuhm\vendor\laravel\framework\src\Illuminate\Foundation\Http\Middleware\ConvertEmptyStringsToNull.php(31): Illuminate\Foundation\Http\Middleware\TransformsRequest->handle(Object(Illuminate\Http\Request), Object(Closure))
#77 C:\xampp\htdocs\site_iuhm\vendor\laravel\framework\src\Illuminate\Pipeline\Pipeline.php(219): Illuminate\Foundation\Http\Middleware\ConvertEmptyStringsToNull->handle(Object(Illuminate\Http\Request), Object(Closure))
#78 C:\xampp\htdocs\site_iuhm\vendor\laravel\framework\src\Illuminate\Foundation\Http\Middleware\TransformsRequest.php(21): Illuminate\Pipeline\Pipeline->{closure:{closure:Illuminate\Pipeline\Pipeline::carry():194}:195}(Object(Illuminate\Http\Request))
#79 C:\xampp\htdocs\site_iuhm\vendor\laravel\framework\src\Illuminate\Foundation\Http\Middleware\TrimStrings.php(51): Illuminate\Foundation\Http\Middleware\TransformsRequest->handle(Object(Illuminate\Http\Request), Object(Closure))
#80 C:\xampp\htdocs\site_iuhm\vendor\laravel\framework\src\Illuminate\Pipeline\Pipeline.php(219): Illuminate\Foundation\Http\Middleware\TrimStrings->handle(Object(Illuminate\Http\Request), Object(Closure))
#81 C:\xampp\htdocs\site_iuhm\vendor\laravel\framework\src\Illuminate\Http\Middleware\ValidatePostSize.php(27): Illuminate\Pipeline\Pipeline->{closure:{closure:Illuminate\Pipeline\Pipeline::carry():194}:195}(Object(Illuminate\Http\Request))
#82 C:\xampp\htdocs\site_iuhm\vendor\laravel\framework\src\Illuminate\Pipeline\Pipeline.php(219): Illuminate\Http\Middleware\ValidatePostSize->handle(Object(Illuminate\Http\Request), Object(Closure))
#83 C:\xampp\htdocs\site_iuhm\vendor\laravel\framework\src\Illuminate\Foundation\Http\Middleware\PreventRequestsDuringMaintenance.php(109): Illuminate\Pipeline\Pipeline->{closure:{closure:Illuminate\Pipeline\Pipeline::carry():194}:195}(Object(Illuminate\Http\Request))
#84 C:\xampp\htdocs\site_iuhm\vendor\laravel\framework\src\Illuminate\Pipeline\Pipeline.php(219): Illuminate\Foundation\Http\Middleware\PreventRequestsDuringMaintenance->handle(Object(Illuminate\Http\Request), Object(Closure))
#85 C:\xampp\htdocs\site_iuhm\vendor\laravel\framework\src\Illuminate\Http\Middleware\HandleCors.php(61): Illuminate\Pipeline\Pipeline->{closure:{closure:Illuminate\Pipeline\Pipeline::carry():194}:195}(Object(Illuminate\Http\Request))
#86 C:\xampp\htdocs\site_iuhm\vendor\laravel\framework\src\Illuminate\Pipeline\Pipeline.php(219): Illuminate\Http\Middleware\HandleCors->handle(Object(Illuminate\Http\Request), Object(Closure))
#87 C:\xampp\htdocs\site_iuhm\vendor\laravel\framework\src\Illuminate\Http\Middleware\TrustProxies.php(58): Illuminate\Pipeline\Pipeline->{closure:{closure:Illuminate\Pipeline\Pipeline::carry():194}:195}(Object(Illuminate\Http\Request))
#88 C:\xampp\htdocs\site_iuhm\vendor\laravel\framework\src\Illuminate\Pipeline\Pipeline.php(219): Illuminate\Http\Middleware\TrustProxies->handle(Object(Illuminate\Http\Request), Object(Closure))
#89 C:\xampp\htdocs\site_iuhm\vendor\laravel\framework\src\Illuminate\Foundation\Http\Middleware\InvokeDeferredCallbacks.php(22): Illuminate\Pipeline\Pipeline->{closure:{closure:Illuminate\Pipeline\Pipeline::carry():194}:195}(Object(Illuminate\Http\Request))
#90 C:\xampp\htdocs\site_iuhm\vendor\laravel\framework\src\Illuminate\Pipeline\Pipeline.php(219): Illuminate\Foundation\Http\Middleware\InvokeDeferredCallbacks->handle(Object(Illuminate\Http\Request), Object(Closure))
#91 C:\xampp\htdocs\site_iuhm\vendor\laravel\framework\src\Illuminate\Http\Middleware\ValidatePathEncoding.php(28): Illuminate\Pipeline\Pipeline->{closure:{closure:Illuminate\Pipeline\Pipeline::carry():194}:195}(Object(Illuminate\Http\Request))
#92 C:\xampp\htdocs\site_iuhm\vendor\laravel\framework\src\Illuminate\Pipeline\Pipeline.php(219): Illuminate\Http\Middleware\ValidatePathEncoding->handle(Object(Illuminate\Http\Request), Object(Closure))
#93 C:\xampp\htdocs\site_iuhm\vendor\laravel\framework\src\Illuminate\Pipeline\Pipeline.php(137): Illuminate\Pipeline\Pipeline->{closure:{closure:Illuminate\Pipeline\Pipeline::carry():194}:195}(Object(Illuminate\Http\Request))
#94 C:\xampp\htdocs\site_iuhm\vendor\laravel\framework\src\Illuminate\Foundation\Http\Kernel.php(175): Illuminate\Pipeline\Pipeline->then(Object(Closure))
#95 C:\xampp\htdocs\site_iuhm\vendor\laravel\framework\src\Illuminate\Foundation\Http\Kernel.php(144): Illuminate\Foundation\Http\Kernel->sendRequestThroughRouter(Object(Illuminate\Http\Request))
#96 C:\xampp\htdocs\site_iuhm\vendor\laravel\framework\src\Illuminate\Foundation\Testing\Concerns\MakesHttpRequests.php(607): Illuminate\Foundation\Http\Kernel->handle(Object(Illuminate\Http\Request))
#97 C:\xampp\htdocs\site_iuhm\vendor\laravel\framework\src\Illuminate\Foundation\Testing\Concerns\MakesHttpRequests.php(368): Illuminate\Foundation\Testing\TestCase->call('GET', 'http://localhos...', Array, Array, Array, Array)
#98 C:\xampp\htdocs\site_iuhm\tests\Feature\DashboardTest.php(29): Illuminate\Foundation\Testing\TestCase->get('http://localhos...')
#99 C:\xampp\htdocs\site_iuhm\vendor\phpunit\phpunit\src\Framework\TestCase.php(1335): Tests\Feature\DashboardTest->test_authenticated_users_can_visit_the_dashboard()
#100 C:\xampp\htdocs\site_iuhm\vendor\phpunit\phpunit\src\Framework\TestCase.php(519): PHPUnit\Framework\TestCase->runTest()
#101 C:\xampp\htdocs\site_iuhm\vendor\phpunit\phpunit\src\Framework\TestRunner\TestRunner.php(99): PHPUnit\Framework\TestCase->runBare()
#102 C:\xampp\htdocs\site_iuhm\vendor\phpunit\phpunit\src\Framework\TestCase.php(359): PHPUnit\Framework\TestRunner->run(Object(Tests\Feature\DashboardTest))
#103 C:\xampp\htdocs\site_iuhm\vendor\phpunit\phpunit\src\Framework\TestSuite.php(374): PHPUnit\Framework\TestCase->run()
#104 C:\xampp\htdocs\site_iuhm\vendor\phpunit\phpunit\src\Framework\TestSuite.php(374): PHPUnit\Framework\TestSuite->run()
#105 C:\xampp\htdocs\site_iuhm\vendor\phpunit\phpunit\src\Framework\TestSuite.php(374): PHPUnit\Framework\TestSuite->run()
#106 C:\xampp\htdocs\site_iuhm\vendor\phpunit\phpunit\src\TextUI\TestRunner.php(64): PHPUnit\Framework\TestSuite->run()
#107 C:\xampp\htdocs\site_iuhm\vendor\phpunit\phpunit\src\TextUI\Application.php(229): PHPUnit\TextUI\TestRunner->run(Object(PHPUnit\TextUI\Configuration\Configuration), Object(PHPUnit\Runner\ResultCache\DefaultResultCache), Object(PHPUnit\Framework\TestSuite))
#108 C:\xampp\htdocs\site_iuhm\vendor\phpunit\phpunit\phpunit(104): PHPUnit\TextUI\Application->run(Array)
#109 {main}

Next Illuminate\View\ViewException: Undefined variable $navigationPages (View: C:\xampp\htdocs\site_iuhm\resources\views\partials\header.blade.php) in C:\xampp\htdocs\site_iuhm\storage\framework\views\7051f6576562b2dc7a02a46a651d2c4e.php:19
Stack trace:
#0 C:\xampp\htdocs\site_iuhm\vendor\livewire\livewire\src\Mechanisms\ExtendBlade\ExtendedCompilerEngine.php(58): Illuminate\View\Engines\CompilerEngine->handleViewException(Object(ErrorException), 3)
#1 C:\xampp\htdocs\site_iuhm\vendor\laravel\framework\src\Illuminate\View\Engines\PhpEngine.php(59): Livewire\Mechanisms\ExtendBlade\ExtendedCompilerEngine->handleViewException(Object(ErrorException), 3)
#2 C:\xampp\htdocs\site_iuhm\vendor\livewire\livewire\src\Mechanisms\ExtendBlade\ExtendedCompilerEngine.php(22): Illuminate\View\Engines\PhpEngine->evaluatePath('C:\\xampp\\htdocs...', Array)
#3 C:\xampp\htdocs\site_iuhm\vendor\laravel\framework\src\Illuminate\View\Engines\CompilerEngine.php(76): Livewire\Mechanisms\ExtendBlade\ExtendedCompilerEngine->evaluatePath('C:\\xampp\\htdocs...', Array)
#4 C:\xampp\htdocs\site_iuhm\vendor\livewire\livewire\src\Mechanisms\ExtendBlade\ExtendedCompilerEngine.php(10): Illuminate\View\Engines\CompilerEngine->get('C:\\xampp\\htdocs...', Array)
#5 C:\xampp\htdocs\site_iuhm\vendor\laravel\framework\src\Illuminate\View\View.php(208): Livewire\Mechanisms\ExtendBlade\ExtendedCompilerEngine->get('C:\\xampp\\htdocs...', Array)
#6 C:\xampp\htdocs\site_iuhm\vendor\laravel\framework\src\Illuminate\View\View.php(191): Illuminate\View\View->getContents()
#7 C:\xampp\htdocs\site_iuhm\vendor\laravel\framework\src\Illuminate\View\View.php(160): Illuminate\View\View->renderContents()
#8 C:\xampp\htdocs\site_iuhm\storage\framework\views\4371cdfbde3995413764711384cce958.php(19): Illuminate\View\View->render()
#9 C:\xampp\htdocs\site_iuhm\vendor\laravel\framework\src\Illuminate\Filesystem\Filesystem.php(123): require('C:\\xampp\\htdocs...')
#10 C:\xampp\htdocs\site_iuhm\vendor\laravel\framework\src\Illuminate\Filesystem\Filesystem.php(124): Illuminate\Filesystem\Filesystem::{closure:Illuminate\Filesystem\Filesystem::getRequire():120}()
#11 C:\xampp\htdocs\site_iuhm\vendor\laravel\framework\src\Illuminate\View\Engines\PhpEngine.php(57): Illuminate\Filesystem\Filesystem->getRequire('C:\\xampp\\htdocs...', Array)
#12 C:\xampp\htdocs\site_iuhm\vendor\livewire\livewire\src\Mechanisms\ExtendBlade\ExtendedCompilerEngine.php(22): Illuminate\View\Engines\PhpEngine->evaluatePath('C:\\xampp\\htdocs...', Array)
#13 C:\xampp\htdocs\site_iuhm\vendor\laravel\framework\src\Illuminate\View\Engines\CompilerEngine.php(76): Livewire\Mechanisms\ExtendBlade\ExtendedCompilerEngine->evaluatePath('C:\\xampp\\htdocs...', Array)
#14 C:\xampp\htdocs\site_iuhm\vendor\livewire\livewire\src\Mechanisms\ExtendBlade\ExtendedCompilerEngine.php(10): Illuminate\View\Engines\CompilerEngine->get('C:\\xampp\\htdocs...', Array)
#15 C:\xampp\htdocs\site_iuhm\vendor\laravel\framework\src\Illuminate\View\View.php(208): Livewire\Mechanisms\ExtendBlade\ExtendedCompilerEngine->get('C:\\xampp\\htdocs...', Array)
#16 C:\xampp\htdocs\site_iuhm\vendor\laravel\framework\src\Illuminate\View\View.php(191): Illuminate\View\View->getContents()
#17 C:\xampp\htdocs\site_iuhm\vendor\laravel\framework\src\Illuminate\View\View.php(160): Illuminate\View\View->renderContents()
#18 C:\xampp\htdocs\site_iuhm\vendor\laravel\framework\src\Illuminate\View\Concerns\ManagesComponents.php(103): Illuminate\View\View->render()
#19 C:\xampp\htdocs\site_iuhm\storage\framework\views\c61a6b266cb685d09d043de9ba30fb9e.php(113): Illuminate\View\Factory->renderComponent()
#20 C:\xampp\htdocs\site_iuhm\vendor\laravel\framework\src\Illuminate\Filesystem\Filesystem.php(123): require('C:\\xampp\\htdocs...')
#21 C:\xampp\htdocs\site_iuhm\vendor\laravel\framework\src\Illuminate\Filesystem\Filesystem.php(124): Illuminate\Filesystem\Filesystem::{closure:Illuminate\Filesystem\Filesystem::getRequire():120}()
#22 C:\xampp\htdocs\site_iuhm\vendor\laravel\framework\src\Illuminate\View\Engines\PhpEngine.php(57): Illuminate\Filesystem\Filesystem->getRequire('C:\\xampp\\htdocs...', Array)
#23 C:\xampp\htdocs\site_iuhm\vendor\livewire\livewire\src\Mechanisms\ExtendBlade\ExtendedCompilerEngine.php(22): Illuminate\View\Engines\PhpEngine->evaluatePath('C:\\xampp\\htdocs...', Array)
#24 C:\xampp\htdocs\site_iuhm\vendor\laravel\framework\src\Illuminate\View\Engines\CompilerEngine.php(76): Livewire\Mechanisms\ExtendBlade\ExtendedCompilerEngine->evaluatePath('C:\\xampp\\htdocs...', Array)
#25 C:\xampp\htdocs\site_iuhm\vendor\livewire\livewire\src\Mechanisms\ExtendBlade\ExtendedCompilerEngine.php(10): Illuminate\View\Engines\CompilerEngine->get('C:\\xampp\\htdocs...', Array)
#26 C:\xampp\htdocs\site_iuhm\vendor\laravel\framework\src\Illuminate\View\View.php(208): Livewire\Mechanisms\ExtendBlade\ExtendedCompilerEngine->get('C:\\xampp\\htdocs...', Array)
#27 C:\xampp\htdocs\site_iuhm\vendor\laravel\framework\src\Illuminate\View\View.php(191): Illuminate\View\View->getContents()
#28 C:\xampp\htdocs\site_iuhm\vendor\laravel\framework\src\Illuminate\View\View.php(160): Illuminate\View\View->renderContents()
#29 C:\xampp\htdocs\site_iuhm\vendor\laravel\framework\src\Illuminate\Http\Response.php(78): Illuminate\View\View->render()
#30 C:\xampp\htdocs\site_iuhm\vendor\laravel\framework\src\Illuminate\Http\Response.php(34): Illuminate\Http\Response->setContent(Object(Illuminate\View\View))
#31 C:\xampp\htdocs\site_iuhm\vendor\laravel\framework\src\Illuminate\Routing\ResponseFactory.php(61): Illuminate\Http\Response->__construct(Object(Illuminate\View\View), 200, Array)
#32 C:\xampp\htdocs\site_iuhm\vendor\laravel\framework\src\Illuminate\Routing\ResponseFactory.php(91): Illuminate\Routing\ResponseFactory->make(Object(Illuminate\View\View), 200, Array)
#33 C:\xampp\htdocs\site_iuhm\vendor\laravel\framework\src\Illuminate\Routing\ViewController.php(40): Illuminate\Routing\ResponseFactory->view('dashboard', Array, 200, Array)
#34 C:\xampp\htdocs\site_iuhm\vendor\laravel\framework\src\Illuminate\Routing\ViewController.php(57): Illuminate\Routing\ViewController->__invoke(current_team: 'haag-roob-and-b...', view: 'dashboard', data: Array, status: 200, headers: Array)
#35 C:\xampp\htdocs\site_iuhm\vendor\laravel\framework\src\Illuminate\Routing\ControllerDispatcher.php(43): Illuminate\Routing\ViewController->callAction('__invoke', Array)
#36 C:\xampp\htdocs\site_iuhm\vendor\laravel\framework\src\Illuminate\Routing\Route.php(269): Illuminate\Routing\ControllerDispatcher->dispatch(Object(Illuminate\Routing\Route), Object(Illuminate\Routing\ViewController), '__invoke')
#37 C:\xampp\htdocs\site_iuhm\vendor\laravel\framework\src\Illuminate\Routing\Route.php(215): Illuminate\Routing\Route->runController()
#38 C:\xampp\htdocs\site_iuhm\vendor\laravel\framework\src\Illuminate\Routing\Router.php(822): Illuminate\Routing\Route->run()
#39 C:\xampp\htdocs\site_iuhm\vendor\laravel\framework\src\Illuminate\Pipeline\Pipeline.php(180): Illuminate\Routing\Router->{closure:Illuminate\Routing\Router::runRouteWithinStack():821}(Object(Illuminate\Http\Request))
#40 C:\xampp\htdocs\site_iuhm\app\Http\Middleware\EnsureTeamMembership.php(31): Illuminate\Pipeline\Pipeline->{closure:Illuminate\Pipeline\Pipeline::prepareDestination():178}(Object(Illuminate\Http\Request))
#41 C:\xampp\htdocs\site_iuhm\vendor\laravel\framework\src\Illuminate\Pipeline\Pipeline.php(219): App\Http\Middleware\EnsureTeamMembership->handle(Object(Illuminate\Http\Request), Object(Closure))
#42 C:\xampp\htdocs\site_iuhm\vendor\laravel\framework\src\Illuminate\Auth\Middleware\EnsureEmailIsVerified.php(41): Illuminate\Pipeline\Pipeline->{closure:{closure:Illuminate\Pipeline\Pipeline::carry():194}:195}(Object(Illuminate\Http\Request))
#43 C:\xampp\htdocs\site_iuhm\vendor\laravel\framework\src\Illuminate\Pipeline\Pipeline.php(219): Illuminate\Auth\Middleware\EnsureEmailIsVerified->handle(Object(Illuminate\Http\Request), Object(Closure))
#44 C:\xampp\htdocs\site_iuhm\app\Http\Middleware\SetTeamUrlDefaults.php(26): Illuminate\Pipeline\Pipeline->{closure:{closure:Illuminate\Pipeline\Pipeline::carry():194}:195}(Object(Illuminate\Http\Request))
#45 C:\xampp\htdocs\site_iuhm\vendor\laravel\framework\src\Illuminate\Pipeline\Pipeline.php(219): App\Http\Middleware\SetTeamUrlDefaults->handle(Object(Illuminate\Http\Request), Object(Closure))
#46 C:\xampp\htdocs\site_iuhm\app\Http\Middleware\SetLocale.php(28): Illuminate\Pipeline\Pipeline->{closure:{closure:Illuminate\Pipeline\Pipeline::carry():194}:195}(Object(Illuminate\Http\Request))
#47 C:\xampp\htdocs\site_iuhm\vendor\laravel\framework\src\Illuminate\Pipeline\Pipeline.php(219): App\Http\Middleware\SetLocale->handle(Object(Illuminate\Http\Request), Object(Closure))
#48 C:\xampp\htdocs\site_iuhm\vendor\laravel\framework\src\Illuminate\Routing\Middleware\SubstituteBindings.php(52): Illuminate\Pipeline\Pipeline->{closure:{closure:Illuminate\Pipeline\Pipeline::carry():194}:195}(Object(Illuminate\Http\Request))
#49 C:\xampp\htdocs\site_iuhm\vendor\laravel\framework\src\Illuminate\Pipeline\Pipeline.php(219): Illuminate\Routing\Middleware\SubstituteBindings->handle(Object(Illuminate\Http\Request), Object(Closure))
#50 C:\xampp\htdocs\site_iuhm\vendor\laravel\framework\src\Illuminate\Auth\Middleware\Authenticate.php(63): Illuminate\Pipeline\Pipeline->{closure:{closure:Illuminate\Pipeline\Pipeline::carry():194}:195}(Object(Illuminate\Http\Request))
#51 C:\xampp\htdocs\site_iuhm\vendor\laravel\framework\src\Illuminate\Pipeline\Pipeline.php(219): Illuminate\Auth\Middleware\Authenticate->handle(Object(Illuminate\Http\Request), Object(Closure))
#52 C:\xampp\htdocs\site_iuhm\vendor\laravel\framework\src\Illuminate\Foundation\Http\Middleware\PreventRequestForgery.php(104): Illuminate\Pipeline\Pipeline->{closure:{closure:Illuminate\Pipeline\Pipeline::carry():194}:195}(Object(Illuminate\Http\Request))
#53 C:\xampp\htdocs\site_iuhm\vendor\laravel\framework\src\Illuminate\Pipeline\Pipeline.php(219): Illuminate\Foundation\Http\Middleware\PreventRequestForgery->handle(Object(Illuminate\Http\Request), Object(Closure))
#54 C:\xampp\htdocs\site_iuhm\vendor\laravel\framework\src\Illuminate\View\Middleware\ShareErrorsFromSession.php(48): Illuminate\Pipeline\Pipeline->{closure:{closure:Illuminate\Pipeline\Pipeline::carry():194}:195}(Object(Illuminate\Http\Request))
#55 C:\xampp\htdocs\site_iuhm\vendor\laravel\framework\src\Illuminate\Pipeline\Pipeline.php(219): Illuminate\View\Middleware\ShareErrorsFromSession->handle(Object(Illuminate\Http\Request), Object(Closure))
#56 C:\xampp\htdocs\site_iuhm\vendor\laravel\framework\src\Illuminate\Session\Middleware\StartSession.php(120): Illuminate\Pipeline\Pipeline->{closure:{closure:Illuminate\Pipeline\Pipeline::carry():194}:195}(Object(Illuminate\Http\Request))
#57 C:\xampp\htdocs\site_iuhm\vendor\laravel\framework\src\Illuminate\Session\Middleware\StartSession.php(63): Illuminate\Session\Middleware\StartSession->handleStatefulRequest(Object(Illuminate\Http\Request), Object(Illuminate\Session\Store), Object(Closure))
#58 C:\xampp\htdocs\site_iuhm\vendor\laravel\framework\src\Illuminate\Pipeline\Pipeline.php(219): Illuminate\Session\Middleware\StartSession->handle(Object(Illuminate\Http\Request), Object(Closure))
#59 C:\xampp\htdocs\site_iuhm\vendor\laravel\framework\src\Illuminate\Cookie\Middleware\AddQueuedCookiesToResponse.php(36): Illuminate\Pipeline\Pipeline->{closure:{closure:Illuminate\Pipeline\Pipeline::carry():194}:195}(Object(Illuminate\Http\Request))
#60 C:\xampp\htdocs\site_iuhm\vendor\laravel\framework\src\Illuminate\Pipeline\Pipeline.php(219): Illuminate\Cookie\Middleware\AddQueuedCookiesToResponse->handle(Object(Illuminate\Http\Request), Object(Closure))
#61 C:\xampp\htdocs\site_iuhm\vendor\laravel\framework\src\Illuminate\Cookie\Middleware\EncryptCookies.php(74): Illuminate\Pipeline\Pipeline->{closure:{closure:Illuminate\Pipeline\Pipeline::carry():194}:195}(Object(Illuminate\Http\Request))
#62 C:\xampp\htdocs\site_iuhm\vendor\laravel\framework\src\Illuminate\Pipeline\Pipeline.php(219): Illuminate\Cookie\Middleware\EncryptCookies->handle(Object(Illuminate\Http\Request), Object(Closure))
#63 C:\xampp\htdocs\site_iuhm\vendor\laravel\framework\src\Illuminate\Pipeline\Pipeline.php(137): Illuminate\Pipeline\Pipeline->{closure:{closure:Illuminate\Pipeline\Pipeline::carry():194}:195}(Object(Illuminate\Http\Request))
#64 C:\xampp\htdocs\site_iuhm\vendor\laravel\framework\src\Illuminate\Routing\Router.php(821): Illuminate\Pipeline\Pipeline->then(Object(Closure))
#65 C:\xampp\htdocs\site_iuhm\vendor\laravel\framework\src\Illuminate\Routing\Router.php(800): Illuminate\Routing\Router->runRouteWithinStack(Object(Illuminate\Routing\Route), Object(Illuminate\Http\Request))
#66 C:\xampp\htdocs\site_iuhm\vendor\laravel\framework\src\Illuminate\Routing\Router.php(764): Illuminate\Routing\Router->runRoute(Object(Illuminate\Http\Request), Object(Illuminate\Routing\Route))
#67 C:\xampp\htdocs\site_iuhm\vendor\laravel\framework\src\Illuminate\Routing\Router.php(753): Illuminate\Routing\Router->dispatchToRoute(Object(Illuminate\Http\Request))
#68 C:\xampp\htdocs\site_iuhm\vendor\laravel\framework\src\Illuminate\Foundation\Http\Kernel.php(200): Illuminate\Routing\Router->dispatch(Object(Illuminate\Http\Request))
#69 C:\xampp\htdocs\site_iuhm\vendor\laravel\framework\src\Illuminate\Pipeline\Pipeline.php(180): Illuminate\Foundation\Http\Kernel->{closure:Illuminate\Foundation\Http\Kernel::dispatchToRouter():197}(Object(Illuminate\Http\Request))
#70 C:\xampp\htdocs\site_iuhm\vendor\livewire\livewire\src\Features\SupportDisablingBackButtonCache\DisableBackButtonCacheMiddleware.php(19): Illuminate\Pipeline\Pipeline->{closure:Illuminate\Pipeline\Pipeline::prepareDestination():178}(Object(Illuminate\Http\Request))
#71 C:\xampp\htdocs\site_iuhm\vendor\laravel\framework\src\Illuminate\Pipeline\Pipeline.php(219): Livewire\Features\SupportDisablingBackButtonCache\DisableBackButtonCacheMiddleware->handle(Object(Illuminate\Http\Request), Object(Closure))
#72 C:\xampp\htdocs\site_iuhm\vendor\laravel\framework\src\Illuminate\Foundation\Http\Middleware\TransformsRequest.php(21): Illuminate\Pipeline\Pipeline->{closure:{closure:Illuminate\Pipeline\Pipeline::carry():194}:195}(Object(Illuminate\Http\Request))
#73 C:\xampp\htdocs\site_iuhm\vendor\laravel\framework\src\Illuminate\Foundation\Http\Middleware\ConvertEmptyStringsToNull.php(31): Illuminate\Foundation\Http\Middleware\TransformsRequest->handle(Object(Illuminate\Http\Request), Object(Closure))
#74 C:\xampp\htdocs\site_iuhm\vendor\laravel\framework\src\Illuminate\Pipeline\Pipeline.php(219): Illuminate\Foundation\Http\Middleware\ConvertEmptyStringsToNull->handle(Object(Illuminate\Http\Request), Object(Closure))
#75 C:\xampp\htdocs\site_iuhm\vendor\laravel\framework\src\Illuminate\Foundation\Http\Middleware\TransformsRequest.php(21): Illuminate\Pipeline\Pipeline->{closure:{closure:Illuminate\Pipeline\Pipeline::carry():194}:195}(Object(Illuminate\Http\Request))
#76 C:\xampp\htdocs\site_iuhm\vendor\laravel\framework\src\Illuminate\Foundation\Http\Middleware\TrimStrings.php(51): Illuminate\Foundation\Http\Middleware\TransformsRequest->handle(Object(Illuminate\Http\Request), Object(Closure))
#77 C:\xampp\htdocs\site_iuhm\vendor\laravel\framework\src\Illuminate\Pipeline\Pipeline.php(219): Illuminate\Foundation\Http\Middleware\TrimStrings->handle(Object(Illuminate\Http\Request), Object(Closure))
#78 C:\xampp\htdocs\site_iuhm\vendor\laravel\framework\src\Illuminate\Http\Middleware\ValidatePostSize.php(27): Illuminate\Pipeline\Pipeline->{closure:{closure:Illuminate\Pipeline\Pipeline::carry():194}:195}(Object(Illuminate\Http\Request))
#79 C:\xampp\htdocs\site_iuhm\vendor\laravel\framework\src\Illuminate\Pipeline\Pipeline.php(219): Illuminate\Http\Middleware\ValidatePostSize->handle(Object(Illuminate\Http\Request), Object(Closure))
#80 C:\xampp\htdocs\site_iuhm\vendor\laravel\framework\src\Illuminate\Foundation\Http\Middleware\PreventRequestsDuringMaintenance.php(109): Illuminate\Pipeline\Pipeline->{closure:{closure:Illuminate\Pipeline\Pipeline::carry():194}:195}(Object(Illuminate\Http\Request))
#81 C:\xampp\htdocs\site_iuhm\vendor\laravel\framework\src\Illuminate\Pipeline\Pipeline.php(219): Illuminate\Foundation\Http\Middleware\PreventRequestsDuringMaintenance->handle(Object(Illuminate\Http\Request), Object(Closure))
#82 C:\xampp\htdocs\site_iuhm\vendor\laravel\framework\src\Illuminate\Http\Middleware\HandleCors.php(61): Illuminate\Pipeline\Pipeline->{closure:{closure:Illuminate\Pipeline\Pipeline::carry():194}:195}(Object(Illuminate\Http\Request))
#83 C:\xampp\htdocs\site_iuhm\vendor\laravel\framework\src\Illuminate\Pipeline\Pipeline.php(219): Illuminate\Http\Middleware\HandleCors->handle(Object(Illuminate\Http\Request), Object(Closure))
#84 C:\xampp\htdocs\site_iuhm\vendor\laravel\framework\src\Illuminate\Http\Middleware\TrustProxies.php(58): Illuminate\Pipeline\Pipeline->{closure:{closure:Illuminate\Pipeline\Pipeline::carry():194}:195}(Object(Illuminate\Http\Request))
#85 C:\xampp\htdocs\site_iuhm\vendor\laravel\framework\src\Illuminate\Pipeline\Pipeline.php(219): Illuminate\Http\Middleware\TrustProxies->handle(Object(Illuminate\Http\Request), Object(Closure))
#86 C:\xampp\htdocs\site_iuhm\vendor\laravel\framework\src\Illuminate\Foundation\Http\Middleware\InvokeDeferredCallbacks.php(22): Illuminate\Pipeline\Pipeline->{closure:{closure:Illuminate\Pipeline\Pipeline::carry():194}:195}(Object(Illuminate\Http\Request))
#87 C:\xampp\htdocs\site_iuhm\vendor\laravel\framework\src\Illuminate\Pipeline\Pipeline.php(219): Illuminate\Foundation\Http\Middleware\InvokeDeferredCallbacks->handle(Object(Illuminate\Http\Request), Object(Closure))
#88 C:\xampp\htdocs\site_iuhm\vendor\laravel\framework\src\Illuminate\Http\Middleware\ValidatePathEncoding.php(28): Illuminate\Pipeline\Pipeline->{closure:{closure:Illuminate\Pipeline\Pipeline::carry():194}:195}(Object(Illuminate\Http\Request))
#89 C:\xampp\htdocs\site_iuhm\vendor\laravel\framework\src\Illuminate\Pipeline\Pipeline.php(219): Illuminate\Http\Middleware\ValidatePathEncoding->handle(Object(Illuminate\Http\Request), Object(Closure))
#90 C:\xampp\htdocs\site_iuhm\vendor\laravel\framework\src\Illuminate\Pipeline\Pipeline.php(137): Illuminate\Pipeline\Pipeline->{closure:{closure:Illuminate\Pipeline\Pipeline::carry():194}:195}(Object(Illuminate\Http\Request))
#91 C:\xampp\htdocs\site_iuhm\vendor\laravel\framework\src\Illuminate\Foundation\Http\Kernel.php(175): Illuminate\Pipeline\Pipeline->then(Object(Closure))
#92 C:\xampp\htdocs\site_iuhm\vendor\laravel\framework\src\Illuminate\Foundation\Http\Kernel.php(144): Illuminate\Foundation\Http\Kernel->sendRequestThroughRouter(Object(Illuminate\Http\Request))
#93 C:\xampp\htdocs\site_iuhm\vendor\laravel\framework\src\Illuminate\Foundation\Testing\Concerns\MakesHttpRequests.php(607): Illuminate\Foundation\Http\Kernel->handle(Object(Illuminate\Http\Request))
#94 C:\xampp\htdocs\site_iuhm\vendor\laravel\framework\src\Illuminate\Foundation\Testing\Concerns\MakesHttpRequests.php(368): Illuminate\Foundation\Testing\TestCase->call('GET', 'http://localhos...', Array, Array, Array, Array)
#95 C:\xampp\htdocs\site_iuhm\tests\Feature\DashboardTest.php(29): Illuminate\Foundation\Testing\TestCase->get('http://localhos...')
#96 C:\xampp\htdocs\site_iuhm\vendor\phpunit\phpunit\src\Framework\TestCase.php(1335): Tests\Feature\DashboardTest->test_authenticated_users_can_visit_the_dashboard()
#97 C:\xampp\htdocs\site_iuhm\vendor\phpunit\phpunit\src\Framework\TestCase.php(519): PHPUnit\Framework\TestCase->runTest()
#98 C:\xampp\htdocs\site_iuhm\vendor\phpunit\phpunit\src\Framework\TestRunner\TestRunner.php(99): PHPUnit\Framework\TestCase->runBare()
#99 C:\xampp\htdocs\site_iuhm\vendor\phpunit\phpunit\src\Framework\TestCase.php(359): PHPUnit\Framework\TestRunner->run(Object(Tests\Feature\DashboardTest))
#100 C:\xampp\htdocs\site_iuhm\vendor\phpunit\phpunit\src\Framework\TestSuite.php(374): PHPUnit\Framework\TestCase->run()
#101 C:\xampp\htdocs\site_iuhm\vendor\phpunit\phpunit\src\Framework\TestSuite.php(374): PHPUnit\Framework\TestSuite->run()
#102 C:\xampp\htdocs\site_iuhm\vendor\phpunit\phpunit\src\Framework\TestSuite.php(374): PHPUnit\Framework\TestSuite->run()
#103 C:\xampp\htdocs\site_iuhm\vendor\phpunit\phpunit\src\TextUI\TestRunner.php(64): PHPUnit\Framework\TestSuite->run()
#104 C:\xampp\htdocs\site_iuhm\vendor\phpunit\phpunit\src\TextUI\Application.php(229): PHPUnit\TextUI\TestRunner->run(Object(PHPUnit\TextUI\Configuration\Configuration), Object(PHPUnit\Runner\ResultCache\DefaultResultCache), Object(PHPUnit\Framework\TestSuite))
#105 C:\xampp\htdocs\site_iuhm\vendor\phpunit\phpunit\phpunit(104): PHPUnit\TextUI\Application->run(Array)
#106 {main}

Next Illuminate\View\ViewException: Undefined variable $navigationPages (View: C:\xampp\htdocs\site_iuhm\resources\views\partials\header.blade.php) (View: C:\xampp\htdocs\site_iuhm\resources\views\partials\header.blade.php) in C:\xampp\htdocs\site_iuhm\storage\framework\views\7051f6576562b2dc7a02a46a651d2c4e.php:19
Stack trace:
#0 C:\xampp\htdocs\site_iuhm\vendor\livewire\livewire\src\Mechanisms\ExtendBlade\ExtendedCompilerEngine.php(58): Illuminate\View\Engines\CompilerEngine->handleViewException(Object(Illuminate\View\ViewException), 2)
#1 C:\xampp\htdocs\site_iuhm\vendor\laravel\framework\src\Illuminate\View\Engines\PhpEngine.php(59): Livewire\Mechanisms\ExtendBlade\ExtendedCompilerEngine->handleViewException(Object(Illuminate\View\ViewException), 2)
#2 C:\xampp\htdocs\site_iuhm\vendor\livewire\livewire\src\Mechanisms\ExtendBlade\ExtendedCompilerEngine.php(22): Illuminate\View\Engines\PhpEngine->evaluatePath('C:\\xampp\\htdocs...', Array)
#3 C:\xampp\htdocs\site_iuhm\vendor\laravel\framework\src\Illuminate\View\Engines\CompilerEngine.php(76): Livewire\Mechanisms\ExtendBlade\ExtendedCompilerEngine->evaluatePath('C:\\xampp\\htdocs...', Array)
#4 C:\xampp\htdocs\site_iuhm\vendor\livewire\livewire\src\Mechanisms\ExtendBlade\ExtendedCompilerEngine.php(10): Illuminate\View\Engines\CompilerEngine->get('C:\\xampp\\htdocs...', Array)
#5 C:\xampp\htdocs\site_iuhm\vendor\laravel\framework\src\Illuminate\View\View.php(208): Livewire\Mechanisms\ExtendBlade\ExtendedCompilerEngine->get('C:\\xampp\\htdocs...', Array)
#6 C:\xampp\htdocs\site_iuhm\vendor\laravel\framework\src\Illuminate\View\View.php(191): Illuminate\View\View->getContents()
#7 C:\xampp\htdocs\site_iuhm\vendor\laravel\framework\src\Illuminate\View\View.php(160): Illuminate\View\View->renderContents()
#8 C:\xampp\htdocs\site_iuhm\vendor\laravel\framework\src\Illuminate\View\Concerns\ManagesComponents.php(103): Illuminate\View\View->render()
#9 C:\xampp\htdocs\site_iuhm\storage\framework\views\c61a6b266cb685d09d043de9ba30fb9e.php(113): Illuminate\View\Factory->renderComponent()
#10 C:\xampp\htdocs\site_iuhm\vendor\laravel\framework\src\Illuminate\Filesystem\Filesystem.php(123): require('C:\\xampp\\htdocs...')
#11 C:\xampp\htdocs\site_iuhm\vendor\laravel\framework\src\Illuminate\Filesystem\Filesystem.php(124): Illuminate\Filesystem\Filesystem::{closure:Illuminate\Filesystem\Filesystem::getRequire():120}()
#12 C:\xampp\htdocs\site_iuhm\vendor\laravel\framework\src\Illuminate\View\Engines\PhpEngine.php(57): Illuminate\Filesystem\Filesystem->getRequire('C:\\xampp\\htdocs...', Array)
#13 C:\xampp\htdocs\site_iuhm\vendor\livewire\livewire\src\Mechanisms\ExtendBlade\ExtendedCompilerEngine.php(22): Illuminate\View\Engines\PhpEngine->evaluatePath('C:\\xampp\\htdocs...', Array)
#14 C:\xampp\htdocs\site_iuhm\vendor\laravel\framework\src\Illuminate\View\Engines\CompilerEngine.php(76): Livewire\Mechanisms\ExtendBlade\ExtendedCompilerEngine->evaluatePath('C:\\xampp\\htdocs...', Array)
#15 C:\xampp\htdocs\site_iuhm\vendor\livewire\livewire\src\Mechanisms\ExtendBlade\ExtendedCompilerEngine.php(10): Illuminate\View\Engines\CompilerEngine->get('C:\\xampp\\htdocs...', Array)
#16 C:\xampp\htdocs\site_iuhm\vendor\laravel\framework\src\Illuminate\View\View.php(208): Livewire\Mechanisms\ExtendBlade\ExtendedCompilerEngine->get('C:\\xampp\\htdocs...', Array)
#17 C:\xampp\htdocs\site_iuhm\vendor\laravel\framework\src\Illuminate\View\View.php(191): Illuminate\View\View->getContents()
#18 C:\xampp\htdocs\site_iuhm\vendor\laravel\framework\src\Illuminate\View\View.php(160): Illuminate\View\View->renderContents()
#19 C:\xampp\htdocs\site_iuhm\vendor\laravel\framework\src\Illuminate\Http\Response.php(78): Illuminate\View\View->render()
#20 C:\xampp\htdocs\site_iuhm\vendor\laravel\framework\src\Illuminate\Http\Response.php(34): Illuminate\Http\Response->setContent(Object(Illuminate\View\View))
#21 C:\xampp\htdocs\site_iuhm\vendor\laravel\framework\src\Illuminate\Routing\ResponseFactory.php(61): Illuminate\Http\Response->__construct(Object(Illuminate\View\View), 200, Array)
#22 C:\xampp\htdocs\site_iuhm\vendor\laravel\framework\src\Illuminate\Routing\ResponseFactory.php(91): Illuminate\Routing\ResponseFactory->make(Object(Illuminate\View\View), 200, Array)
#23 C:\xampp\htdocs\site_iuhm\vendor\laravel\framework\src\Illuminate\Routing\ViewController.php(40): Illuminate\Routing\ResponseFactory->view('dashboard', Array, 200, Array)
#24 C:\xampp\htdocs\site_iuhm\vendor\laravel\framework\src\Illuminate\Routing\ViewController.php(57): Illuminate\Routing\ViewController->__invoke(current_team: 'haag-roob-and-b...', view: 'dashboard', data: Array, status: 200, headers: Array)
#25 C:\xampp\htdocs\site_iuhm\vendor\laravel\framework\src\Illuminate\Routing\ControllerDispatcher.php(43): Illuminate\Routing\ViewController->callAction('__invoke', Array)
#26 C:\xampp\htdocs\site_iuhm\vendor\laravel\framework\src\Illuminate\Routing\Route.php(269): Illuminate\Routing\ControllerDispatcher->dispatch(Object(Illuminate\Routing\Route), Object(Illuminate\Routing\ViewController), '__invoke')
#27 C:\xampp\htdocs\site_iuhm\vendor\laravel\framework\src\Illuminate\Routing\Route.php(215): Illuminate\Routing\Route->runController()
#28 C:\xampp\htdocs\site_iuhm\vendor\laravel\framework\src\Illuminate\Routing\Router.php(822): Illuminate\Routing\Route->run()
#29 C:\xampp\htdocs\site_iuhm\vendor\laravel\framework\src\Illuminate\Pipeline\Pipeline.php(180): Illuminate\Routing\Router->{closure:Illuminate\Routing\Router::runRouteWithinStack():821}(Object(Illuminate\Http\Request))
#30 C:\xampp\htdocs\site_iuhm\app\Http\Middleware\EnsureTeamMembership.php(31): Illuminate\Pipeline\Pipeline->{closure:Illuminate\Pipeline\Pipeline::prepareDestination():178}(Object(Illuminate\Http\Request))
#31 C:\xampp\htdocs\site_iuhm\vendor\laravel\framework\src\Illuminate\Pipeline\Pipeline.php(219): App\Http\Middleware\EnsureTeamMembership->handle(Object(Illuminate\Http\Request), Object(Closure))
#32 C:\xampp\htdocs\site_iuhm\vendor\laravel\framework\src\Illuminate\Auth\Middleware\EnsureEmailIsVerified.php(41): Illuminate\Pipeline\Pipeline->{closure:{closure:Illuminate\Pipeline\Pipeline::carry():194}:195}(Object(Illuminate\Http\Request))
#33 C:\xampp\htdocs\site_iuhm\vendor\laravel\framework\src\Illuminate\Pipeline\Pipeline.php(219): Illuminate\Auth\Middleware\EnsureEmailIsVerified->handle(Object(Illuminate\Http\Request), Object(Closure))
#34 C:\xampp\htdocs\site_iuhm\app\Http\Middleware\SetTeamUrlDefaults.php(26): Illuminate\Pipeline\Pipeline->{closure:{closure:Illuminate\Pipeline\Pipeline::carry():194}:195}(Object(Illuminate\Http\Request))
#35 C:\xampp\htdocs\site_iuhm\vendor\laravel\framework\src\Illuminate\Pipeline\Pipeline.php(219): App\Http\Middleware\SetTeamUrlDefaults->handle(Object(Illuminate\Http\Request), Object(Closure))
#36 C:\xampp\htdocs\site_iuhm\app\Http\Middleware\SetLocale.php(28): Illuminate\Pipeline\Pipeline->{closure:{closure:Illuminate\Pipeline\Pipeline::carry():194}:195}(Object(Illuminate\Http\Request))
#37 C:\xampp\htdocs\site_iuhm\vendor\laravel\framework\src\Illuminate\Pipeline\Pipeline.php(219): App\Http\Middleware\SetLocale->handle(Object(Illuminate\Http\Request), Object(Closure))
#38 C:\xampp\htdocs\site_iuhm\vendor\laravel\framework\src\Illuminate\Routing\Middleware\SubstituteBindings.php(52): Illuminate\Pipeline\Pipeline->{closure:{closure:Illuminate\Pipeline\Pipeline::carry():194}:195}(Object(Illuminate\Http\Request))
#39 C:\xampp\htdocs\site_iuhm\vendor\laravel\framework\src\Illuminate\Pipeline\Pipeline.php(219): Illuminate\Routing\Middleware\SubstituteBindings->handle(Object(Illuminate\Http\Request), Object(Closure))
#40 C:\xampp\htdocs\site_iuhm\vendor\laravel\framework\src\Illuminate\Auth\Middleware\Authenticate.php(63): Illuminate\Pipeline\Pipeline->{closure:{closure:Illuminate\Pipeline\Pipeline::carry():194}:195}(Object(Illuminate\Http\Request))
#41 C:\xampp\htdocs\site_iuhm\vendor\laravel\framework\src\Illuminate\Pipeline\Pipeline.php(219): Illuminate\Auth\Middleware\Authenticate->handle(Object(Illuminate\Http\Request), Object(Closure))
#42 C:\xampp\htdocs\site_iuhm\vendor\laravel\framework\src\Illuminate\Foundation\Http\Middleware\PreventRequestForgery.php(104): Illuminate\Pipeline\Pipeline->{closure:{closure:Illuminate\Pipeline\Pipeline::carry():194}:195}(Object(Illuminate\Http\Request))
#43 C:\xampp\htdocs\site_iuhm\vendor\laravel\framework\src\Illuminate\Pipeline\Pipeline.php(219): Illuminate\Foundation\Http\Middleware\PreventRequestForgery->handle(Object(Illuminate\Http\Request), Object(Closure))
#44 C:\xampp\htdocs\site_iuhm\vendor\laravel\framework\src\Illuminate\View\Middleware\ShareErrorsFromSession.php(48): Illuminate\Pipeline\Pipeline->{closure:{closure:Illuminate\Pipeline\Pipeline::carry():194}:195}(Object(Illuminate\Http\Request))
#45 C:\xampp\htdocs\site_iuhm\vendor\laravel\framework\src\Illuminate\Pipeline\Pipeline.php(219): Illuminate\View\Middleware\ShareErrorsFromSession->handle(Object(Illuminate\Http\Request), Object(Closure))
#46 C:\xampp\htdocs\site_iuhm\vendor\laravel\framework\src\Illuminate\Session\Middleware\StartSession.php(120): Illuminate\Pipeline\Pipeline->{closure:{closure:Illuminate\Pipeline\Pipeline::carry():194}:195}(Object(Illuminate\Http\Request))
#47 C:\xampp\htdocs\site_iuhm\vendor\laravel\framework\src\Illuminate\Session\Middleware\StartSession.php(63): Illuminate\Session\Middleware\StartSession->handleStatefulRequest(Object(Illuminate\Http\Request), Object(Illuminate\Session\Store), Object(Closure))
#48 C:\xampp\htdocs\site_iuhm\vendor\laravel\framework\src\Illuminate\Pipeline\Pipeline.php(219): Illuminate\Session\Middleware\StartSession->handle(Object(Illuminate\Http\Request), Object(Closure))
#49 C:\xampp\htdocs\site_iuhm\vendor\laravel\framework\src\Illuminate\Cookie\Middleware\AddQueuedCookiesToResponse.php(36): Illuminate\Pipeline\Pipeline->{closure:{closure:Illuminate\Pipeline\Pipeline::carry():194}:195}(Object(Illuminate\Http\Request))
#50 C:\xampp\htdocs\site_iuhm\vendor\laravel\framework\src\Illuminate\Pipeline\Pipeline.php(219): Illuminate\Cookie\Middleware\AddQueuedCookiesToResponse->handle(Object(Illuminate\Http\Request), Object(Closure))
#51 C:\xampp\htdocs\site_iuhm\vendor\laravel\framework\src\Illuminate\Cookie\Middleware\EncryptCookies.php(74): Illuminate\Pipeline\Pipeline->{closure:{closure:Illuminate\Pipeline\Pipeline::carry():194}:195}(Object(Illuminate\Http\Request))
#52 C:\xampp\htdocs\site_iuhm\vendor\laravel\framework\src\Illuminate\Pipeline\Pipeline.php(219): Illuminate\Cookie\Middleware\EncryptCookies->handle(Object(Illuminate\Http\Request), Object(Closure))
#53 C:\xampp\htdocs\site_iuhm\vendor\laravel\framework\src\Illuminate\Pipeline\Pipeline.php(137): Illuminate\Pipeline\Pipeline->{closure:{closure:Illuminate\Pipeline\Pipeline::carry():194}:195}(Object(Illuminate\Http\Request))
#54 C:\xampp\htdocs\site_iuhm\vendor\laravel\framework\src\Illuminate\Routing\Router.php(821): Illuminate\Pipeline\Pipeline->then(Object(Closure))
#55 C:\xampp\htdocs\site_iuhm\vendor\laravel\framework\src\Illuminate\Routing\Router.php(800): Illuminate\Routing\Router->runRouteWithinStack(Object(Illuminate\Routing\Route), Object(Illuminate\Http\Request))
#56 C:\xampp\htdocs\site_iuhm\vendor\laravel\framework\src\Illuminate\Routing\Router.php(764): Illuminate\Routing\Router->runRoute(Object(Illuminate\Http\Request), Object(Illuminate\Routing\Route))
#57 C:\xampp\htdocs\site_iuhm\vendor\laravel\framework\src\Illuminate\Routing\Router.php(753): Illuminate\Routing\Router->dispatchToRoute(Object(Illuminate\Http\Request))
#58 C:\xampp\htdocs\site_iuhm\vendor\laravel\framework\src\Illuminate\Foundation\Http\Kernel.php(200): Illuminate\Routing\Router->dispatch(Object(Illuminate\Http\Request))
#59 C:\xampp\htdocs\site_iuhm\vendor\laravel\framework\src\Illuminate\Pipeline\Pipeline.php(180): Illuminate\Foundation\Http\Kernel->{closure:Illuminate\Foundation\Http\Kernel::dispatchToRouter():197}(Object(Illuminate\Http\Request))
#60 C:\xampp\htdocs\site_iuhm\vendor\livewire\livewire\src\Features\SupportDisablingBackButtonCache\DisableBackButtonCacheMiddleware.php(19): Illuminate\Pipeline\Pipeline->{closure:Illuminate\Pipeline\Pipeline::prepareDestination():178}(Object(Illuminate\Http\Request))
#61 C:\xampp\htdocs\site_iuhm\vendor\laravel\framework\src\Illuminate\Pipeline\Pipeline.php(219): Livewire\Features\SupportDisablingBackButtonCache\DisableBackButtonCacheMiddleware->handle(Object(Illuminate\Http\Request), Object(Closure))
#62 C:\xampp\htdocs\site_iuhm\vendor\laravel\framework\src\Illuminate\Foundation\Http\Middleware\TransformsRequest.php(21): Illuminate\Pipeline\Pipeline->{closure:{closure:Illuminate\Pipeline\Pipeline::carry():194}:195}(Object(Illuminate\Http\Request))
#63 C:\xampp\htdocs\site_iuhm\vendor\laravel\framework\src\Illuminate\Foundation\Http\Middleware\ConvertEmptyStringsToNull.php(31): Illuminate\Foundation\Http\Middleware\TransformsRequest->handle(Object(Illuminate\Http\Request), Object(Closure))
#64 C:\xampp\htdocs\site_iuhm\vendor\laravel\framework\src\Illuminate\Pipeline\Pipeline.php(219): Illuminate\Foundation\Http\Middleware\ConvertEmptyStringsToNull->handle(Object(Illuminate\Http\Request), Object(Closure))
#65 C:\xampp\htdocs\site_iuhm\vendor\laravel\framework\src\Illuminate\Foundation\Http\Middleware\TransformsRequest.php(21): Illuminate\Pipeline\Pipeline->{closure:{closure:Illuminate\Pipeline\Pipeline::carry():194}:195}(Object(Illuminate\Http\Request))
#66 C:\xampp\htdocs\site_iuhm\vendor\laravel\framework\src\Illuminate\Foundation\Http\Middleware\TrimStrings.php(51): Illuminate\Foundation\Http\Middleware\TransformsRequest->handle(Object(Illuminate\Http\Request), Object(Closure))
#67 C:\xampp\htdocs\site_iuhm\vendor\laravel\framework\src\Illuminate\Pipeline\Pipeline.php(219): Illuminate\Foundation\Http\Middleware\TrimStrings->handle(Object(Illuminate\Http\Request), Object(Closure))
#68 C:\xampp\htdocs\site_iuhm\vendor\laravel\framework\src\Illuminate\Http\Middleware\ValidatePostSize.php(27): Illuminate\Pipeline\Pipeline->{closure:{closure:Illuminate\Pipeline\Pipeline::carry():194}:195}(Object(Illuminate\Http\Request))
#69 C:\xampp\htdocs\site_iuhm\vendor\laravel\framework\src\Illuminate\Pipeline\Pipeline.php(219): Illuminate\Http\Middleware\ValidatePostSize->handle(Object(Illuminate\Http\Request), Object(Closure))
#70 C:\xampp\htdocs\site_iuhm\vendor\laravel\framework\src\Illuminate\Foundation\Http\Middleware\PreventRequestsDuringMaintenance.php(109): Illuminate\Pipeline\Pipeline->{closure:{closure:Illuminate\Pipeline\Pipeline::carry():194}:195}(Object(Illuminate\Http\Request))
#71 C:\xampp\htdocs\site_iuhm\vendor\laravel\framework\src\Illuminate\Pipeline\Pipeline.php(219): Illuminate\Foundation\Http\Middleware\PreventRequestsDuringMaintenance->handle(Object(Illuminate\Http\Request), Object(Closure))
#72 C:\xampp\htdocs\site_iuhm\vendor\laravel\framework\src\Illuminate\Http\Middleware\HandleCors.php(61): Illuminate\Pipeline\Pipeline->{closure:{closure:Illuminate\Pipeline\Pipeline::carry():194}:195}(Object(Illuminate\Http\Request))
#73 C:\xampp\htdocs\site_iuhm\vendor\laravel\framework\src\Illuminate\Pipeline\Pipeline.php(219): Illuminate\Http\Middleware\HandleCors->handle(Object(Illuminate\Http\Request), Object(Closure))
#74 C:\xampp\htdocs\site_iuhm\vendor\laravel\framework\src\Illuminate\Http\Middleware\TrustProxies.php(58): Illuminate\Pipeline\Pipeline->{closure:{closure:Illuminate\Pipeline\Pipeline::carry():194}:195}(Object(Illuminate\Http\Request))
#75 C:\xampp\htdocs\site_iuhm\vendor\laravel\framework\src\Illuminate\Pipeline\Pipeline.php(219): Illuminate\Http\Middleware\TrustProxies->handle(Object(Illuminate\Http\Request), Object(Closure))
#76 C:\xampp\htdocs\site_iuhm\vendor\laravel\framework\src\Illuminate\Foundation\Http\Middleware\InvokeDeferredCallbacks.php(22): Illuminate\Pipeline\Pipeline->{closure:{closure:Illuminate\Pipeline\Pipeline::carry():194}:195}(Object(Illuminate\Http\Request))
#77 C:\xampp\htdocs\site_iuhm\vendor\laravel\framework\src\Illuminate\Pipeline\Pipeline.php(219): Illuminate\Foundation\Http\Middleware\InvokeDeferredCallbacks->handle(Object(Illuminate\Http\Request), Object(Closure))
#78 C:\xampp\htdocs\site_iuhm\vendor\laravel\framework\src\Illuminate\Http\Middleware\ValidatePathEncoding.php(28): Illuminate\Pipeline\Pipeline->{closure:{closure:Illuminate\Pipeline\Pipeline::carry():194}:195}(Object(Illuminate\Http\Request))
#79 C:\xampp\htdocs\site_iuhm\vendor\laravel\framework\src\Illuminate\Pipeline\Pipeline.php(219): Illuminate\Http\Middleware\ValidatePathEncoding->handle(Object(Illuminate\Http\Request), Object(Closure))
#80 C:\xampp\htdocs\site_iuhm\vendor\laravel\framework\src\Illuminate\Pipeline\Pipeline.php(137): Illuminate\Pipeline\Pipeline->{closure:{closure:Illuminate\Pipeline\Pipeline::carry():194}:195}(Object(Illuminate\Http\Request))
#81 C:\xampp\htdocs\site_iuhm\vendor\laravel\framework\src\Illuminate\Foundation\Http\Kernel.php(175): Illuminate\Pipeline\Pipeline->then(Object(Closure))
#82 C:\xampp\htdocs\site_iuhm\vendor\laravel\framework\src\Illuminate\Foundation\Http\Kernel.php(144): Illuminate\Foundation\Http\Kernel->sendRequestThroughRouter(Object(Illuminate\Http\Request))
#83 C:\xampp\htdocs\site_iuhm\vendor\laravel\framework\src\Illuminate\Foundation\Testing\Concerns\MakesHttpRequests.php(607): Illuminate\Foundation\Http\Kernel->handle(Object(Illuminate\Http\Request))
#84 C:\xampp\htdocs\site_iuhm\vendor\laravel\framework\src\Illuminate\Foundation\Testing\Concerns\MakesHttpRequests.php(368): Illuminate\Foundation\Testing\TestCase->call('GET', 'http://localhos...', Array, Array, Array, Array)
#85 C:\xampp\htdocs\site_iuhm\tests\Feature\DashboardTest.php(29): Illuminate\Foundation\Testing\TestCase->get('http://localhos...')
#86 C:\xampp\htdocs\site_iuhm\vendor\phpunit\phpunit\src\Framework\TestCase.php(1335): Tests\Feature\DashboardTest->test_authenticated_users_can_visit_the_dashboard()
#87 C:\xampp\htdocs\site_iuhm\vendor\phpunit\phpunit\src\Framework\TestCase.php(519): PHPUnit\Framework\TestCase->runTest()
#88 C:\xampp\htdocs\site_iuhm\vendor\phpunit\phpunit\src\Framework\TestRunner\TestRunner.php(99): PHPUnit\Framework\TestCase->runBare()
#89 C:\xampp\htdocs\site_iuhm\vendor\phpunit\phpunit\src\Framework\TestCase.php(359): PHPUnit\Framework\TestRunner->run(Object(Tests\Feature\DashboardTest))
#90 C:\xampp\htdocs\site_iuhm\vendor\phpunit\phpunit\src\Framework\TestSuite.php(374): PHPUnit\Framework\TestCase->run()
#91 C:\xampp\htdocs\site_iuhm\vendor\phpunit\phpunit\src\Framework\TestSuite.php(374): PHPUnit\Framework\TestSuite->run()
#92 C:\xampp\htdocs\site_iuhm\vendor\phpunit\phpunit\src\Framework\TestSuite.php(374): PHPUnit\Framework\TestSuite->run()
#93 C:\xampp\htdocs\site_iuhm\vendor\phpunit\phpunit\src\TextUI\TestRunner.php(64): PHPUnit\Framework\TestSuite->run()
#94 C:\xampp\htdocs\site_iuhm\vendor\phpunit\phpunit\src\TextUI\Application.php(229): PHPUnit\TextUI\TestRunner->run(Object(PHPUnit\TextUI\Configuration\Configuration), Object(PHPUnit\Runner\ResultCache\DefaultResultCache), Object(PHPUnit\Framework\TestSuite))
#95 C:\xampp\htdocs\site_iuhm\vendor\phpunit\phpunit\phpunit(104): PHPUnit\TextUI\Application->run(Array)
#96 {main}

Next Illuminate\View\ViewException: Undefined variable $navigationPages (View: C:\xampp\htdocs\site_iuhm\resources\views\partials\header.blade.php) (View: C:\xampp\htdocs\site_iuhm\resources\views\partials\header.blade.php) (View: C:\xampp\htdocs\site_iuhm\resources\views\partials\header.blade.php) in C:\xampp\htdocs\site_iuhm\storage\framework\views\7051f6576562b2dc7a02a46a651d2c4e.php:19
Stack trace:
#0 C:\xampp\htdocs\site_iuhm\vendor\livewire\livewire\src\Mechanisms\ExtendBlade\ExtendedCompilerEngine.php(58): Illuminate\View\Engines\CompilerEngine->handleViewException(Object(Illuminate\View\ViewException), 1)
#1 C:\xampp\htdocs\site_iuhm\vendor\laravel\framework\src\Illuminate\View\Engines\PhpEngine.php(59): Livewire\Mechanisms\ExtendBlade\ExtendedCompilerEngine->handleViewException(Object(Illuminate\View\ViewException), 1)
#2 C:\xampp\htdocs\site_iuhm\vendor\livewire\livewire\src\Mechanisms\ExtendBlade\ExtendedCompilerEngine.php(22): Illuminate\View\Engines\PhpEngine->evaluatePath('C:\\xampp\\htdocs...', Array)
#3 C:\xampp\htdocs\site_iuhm\vendor\laravel\framework\src\Illuminate\View\Engines\CompilerEngine.php(76): Livewire\Mechanisms\ExtendBlade\ExtendedCompilerEngine->evaluatePath('C:\\xampp\\htdocs...', Array)
#4 C:\xampp\htdocs\site_iuhm\vendor\livewire\livewire\src\Mechanisms\ExtendBlade\ExtendedCompilerEngine.php(10): Illuminate\View\Engines\CompilerEngine->get('C:\\xampp\\htdocs...', Array)
#5 C:\xampp\htdocs\site_iuhm\vendor\laravel\framework\src\Illuminate\View\View.php(208): Livewire\Mechanisms\ExtendBlade\ExtendedCompilerEngine->get('C:\\xampp\\htdocs...', Array)
#6 C:\xampp\htdocs\site_iuhm\vendor\laravel\framework\src\Illuminate\View\View.php(191): Illuminate\View\View->getContents()
#7 C:\xampp\htdocs\site_iuhm\vendor\laravel\framework\src\Illuminate\View\View.php(160): Illuminate\View\View->renderContents()
#8 C:\xampp\htdocs\site_iuhm\vendor\laravel\framework\src\Illuminate\Http\Response.php(78): Illuminate\View\View->render()
#9 C:\xampp\htdocs\site_iuhm\vendor\laravel\framework\src\Illuminate\Http\Response.php(34): Illuminate\Http\Response->setContent(Object(Illuminate\View\View))
#10 C:\xampp\htdocs\site_iuhm\vendor\laravel\framework\src\Illuminate\Routing\ResponseFactory.php(61): Illuminate\Http\Response->__construct(Object(Illuminate\View\View), 200, Array)
#11 C:\xampp\htdocs\site_iuhm\vendor\laravel\framework\src\Illuminate\Routing\ResponseFactory.php(91): Illuminate\Routing\ResponseFactory->make(Object(Illuminate\View\View), 200, Array)
#12 C:\xampp\htdocs\site_iuhm\vendor\laravel\framework\src\Illuminate\Routing\ViewController.php(40): Illuminate\Routing\ResponseFactory->view('dashboard', Array, 200, Array)
#13 C:\xampp\htdocs\site_iuhm\vendor\laravel\framework\src\Illuminate\Routing\ViewController.php(57): Illuminate\Routing\ViewController->__invoke(current_team: 'haag-roob-and-b...', view: 'dashboard', data: Array, status: 200, headers: Array)
#14 C:\xampp\htdocs\site_iuhm\vendor\laravel\framework\src\Illuminate\Routing\ControllerDispatcher.php(43): Illuminate\Routing\ViewController->callAction('__invoke', Array)
#15 C:\xampp\htdocs\site_iuhm\vendor\laravel\framework\src\Illuminate\Routing\Route.php(269): Illuminate\Routing\ControllerDispatcher->dispatch(Object(Illuminate\Routing\Route), Object(Illuminate\Routing\ViewController), '__invoke')
#16 C:\xampp\htdocs\site_iuhm\vendor\laravel\framework\src\Illuminate\Routing\Route.php(215): Illuminate\Routing\Route->runController()
#17 C:\xampp\htdocs\site_iuhm\vendor\laravel\framework\src\Illuminate\Routing\Router.php(822): Illuminate\Routing\Route->run()
#18 C:\xampp\htdocs\site_iuhm\vendor\laravel\framework\src\Illuminate\Pipeline\Pipeline.php(180): Illuminate\Routing\Router->{closure:Illuminate\Routing\Router::runRouteWithinStack():821}(Object(Illuminate\Http\Request))
#19 C:\xampp\htdocs\site_iuhm\app\Http\Middleware\EnsureTeamMembership.php(31): Illuminate\Pipeline\Pipeline->{closure:Illuminate\Pipeline\Pipeline::prepareDestination():178}(Object(Illuminate\Http\Request))
#20 C:\xampp\htdocs\site_iuhm\vendor\laravel\framework\src\Illuminate\Pipeline\Pipeline.php(219): App\Http\Middleware\EnsureTeamMembership->handle(Object(Illuminate\Http\Request), Object(Closure))
#21 C:\xampp\htdocs\site_iuhm\vendor\laravel\framework\src\Illuminate\Auth\Middleware\EnsureEmailIsVerified.php(41): Illuminate\Pipeline\Pipeline->{closure:{closure:Illuminate\Pipeline\Pipeline::carry():194}:195}(Object(Illuminate\Http\Request))
#22 C:\xampp\htdocs\site_iuhm\vendor\laravel\framework\src\Illuminate\Pipeline\Pipeline.php(219): Illuminate\Auth\Middleware\EnsureEmailIsVerified->handle(Object(Illuminate\Http\Request), Object(Closure))
#23 C:\xampp\htdocs\site_iuhm\app\Http\Middleware\SetTeamUrlDefaults.php(26): Illuminate\Pipeline\Pipeline->{closure:{closure:Illuminate\Pipeline\Pipeline::carry():194}:195}(Object(Illuminate\Http\Request))
#24 C:\xampp\htdocs\site_iuhm\vendor\laravel\framework\src\Illuminate\Pipeline\Pipeline.php(219): App\Http\Middleware\SetTeamUrlDefaults->handle(Object(Illuminate\Http\Request), Object(Closure))
#25 C:\xampp\htdocs\site_iuhm\app\Http\Middleware\SetLocale.php(28): Illuminate\Pipeline\Pipeline->{closure:{closure:Illuminate\Pipeline\Pipeline::carry():194}:195}(Object(Illuminate\Http\Request))
#26 C:\xampp\htdocs\site_iuhm\vendor\laravel\framework\src\Illuminate\Pipeline\Pipeline.php(219): App\Http\Middleware\SetLocale->handle(Object(Illuminate\Http\Request), Object(Closure))
#27 C:\xampp\htdocs\site_iuhm\vendor\laravel\framework\src\Illuminate\Routing\Middleware\SubstituteBindings.php(52): Illuminate\Pipeline\Pipeline->{closure:{closure:Illuminate\Pipeline\Pipeline::carry():194}:195}(Object(Illuminate\Http\Request))
#28 C:\xampp\htdocs\site_iuhm\vendor\laravel\framework\src\Illuminate\Pipeline\Pipeline.php(219): Illuminate\Routing\Middleware\SubstituteBindings->handle(Object(Illuminate\Http\Request), Object(Closure))
#29 C:\xampp\htdocs\site_iuhm\vendor\laravel\framework\src\Illuminate\Auth\Middleware\Authenticate.php(63): Illuminate\Pipeline\Pipeline->{closure:{closure:Illuminate\Pipeline\Pipeline::carry():194}:195}(Object(Illuminate\Http\Request))
#30 C:\xampp\htdocs\site_iuhm\vendor\laravel\framework\src\Illuminate\Pipeline\Pipeline.php(219): Illuminate\Auth\Middleware\Authenticate->handle(Object(Illuminate\Http\Request), Object(Closure))
#31 C:\xampp\htdocs\site_iuhm\vendor\laravel\framework\src\Illuminate\Foundation\Http\Middleware\PreventRequestForgery.php(104): Illuminate\Pipeline\Pipeline->{closure:{closure:Illuminate\Pipeline\Pipeline::carry():194}:195}(Object(Illuminate\Http\Request))
#32 C:\xampp\htdocs\site_iuhm\vendor\laravel\framework\src\Illuminate\Pipeline\Pipeline.php(219): Illuminate\Foundation\Http\Middleware\PreventRequestForgery->handle(Object(Illuminate\Http\Request), Object(Closure))
#33 C:\xampp\htdocs\site_iuhm\vendor\laravel\framework\src\Illuminate\View\Middleware\ShareErrorsFromSession.php(48): Illuminate\Pipeline\Pipeline->{closure:{closure:Illuminate\Pipeline\Pipeline::carry():194}:195}(Object(Illuminate\Http\Request))
#34 C:\xampp\htdocs\site_iuhm\vendor\laravel\framework\src\Illuminate\Pipeline\Pipeline.php(219): Illuminate\View\Middleware\ShareErrorsFromSession->handle(Object(Illuminate\Http\Request), Object(Closure))
#35 C:\xampp\htdocs\site_iuhm\vendor\laravel\framework\src\Illuminate\Session\Middleware\StartSession.php(120): Illuminate\Pipeline\Pipeline->{closure:{closure:Illuminate\Pipeline\Pipeline::carry():194}:195}(Object(Illuminate\Http\Request))
#36 C:\xampp\htdocs\site_iuhm\vendor\laravel\framework\src\Illuminate\Session\Middleware\StartSession.php(63): Illuminate\Session\Middleware\StartSession->handleStatefulRequest(Object(Illuminate\Http\Request), Object(Illuminate\Session\Store), Object(Closure))
#37 C:\xampp\htdocs\site_iuhm\vendor\laravel\framework\src\Illuminate\Pipeline\Pipeline.php(219): Illuminate\Session\Middleware\StartSession->handle(Object(Illuminate\Http\Request), Object(Closure))
#38 C:\xampp\htdocs\site_iuhm\vendor\laravel\framework\src\Illuminate\Cookie\Middleware\AddQueuedCookiesToResponse.php(36): Illuminate\Pipeline\Pipeline->{closure:{closure:Illuminate\Pipeline\Pipeline::carry():194}:195}(Object(Illuminate\Http\Request))
#39 C:\xampp\htdocs\site_iuhm\vendor\laravel\framework\src\Illuminate\Pipeline\Pipeline.php(219): Illuminate\Cookie\Middleware\AddQueuedCookiesToResponse->handle(Object(Illuminate\Http\Request), Object(Closure))
#40 C:\xampp\htdocs\site_iuhm\vendor\laravel\framework\src\Illuminate\Cookie\Middleware\EncryptCookies.php(74): Illuminate\Pipeline\Pipeline->{closure:{closure:Illuminate\Pipeline\Pipeline::carry():194}:195}(Object(Illuminate\Http\Request))
#41 C:\xampp\htdocs\site_iuhm\vendor\laravel\framework\src\Illuminate\Pipeline\Pipeline.php(219): Illuminate\Cookie\Middleware\EncryptCookies->handle(Object(Illuminate\Http\Request), Object(Closure))
#42 C:\xampp\htdocs\site_iuhm\vendor\laravel\framework\src\Illuminate\Pipeline\Pipeline.php(137): Illuminate\Pipeline\Pipeline->{closure:{closure:Illuminate\Pipeline\Pipeline::carry():194}:195}(Object(Illuminate\Http\Request))
#43 C:\xampp\htdocs\site_iuhm\vendor\laravel\framework\src\Illuminate\Routing\Router.php(821): Illuminate\Pipeline\Pipeline->then(Object(Closure))
#44 C:\xampp\htdocs\site_iuhm\vendor\laravel\framework\src\Illuminate\Routing\Router.php(800): Illuminate\Routing\Router->runRouteWithinStack(Object(Illuminate\Routing\Route), Object(Illuminate\Http\Request))
#45 C:\xampp\htdocs\site_iuhm\vendor\laravel\framework\src\Illuminate\Routing\Router.php(764): Illuminate\Routing\Router->runRoute(Object(Illuminate\Http\Request), Object(Illuminate\Routing\Route))
#46 C:\xampp\htdocs\site_iuhm\vendor\laravel\framework\src\Illuminate\Routing\Router.php(753): Illuminate\Routing\Router->dispatchToRoute(Object(Illuminate\Http\Request))
#47 C:\xampp\htdocs\site_iuhm\vendor\laravel\framework\src\Illuminate\Foundation\Http\Kernel.php(200): Illuminate\Routing\Router->dispatch(Object(Illuminate\Http\Request))
#48 C:\xampp\htdocs\site_iuhm\vendor\laravel\framework\src\Illuminate\Pipeline\Pipeline.php(180): Illuminate\Foundation\Http\Kernel->{closure:Illuminate\Foundation\Http\Kernel::dispatchToRouter():197}(Object(Illuminate\Http\Request))
#49 C:\xampp\htdocs\site_iuhm\vendor\livewire\livewire\src\Features\SupportDisablingBackButtonCache\DisableBackButtonCacheMiddleware.php(19): Illuminate\Pipeline\Pipeline->{closure:Illuminate\Pipeline\Pipeline::prepareDestination():178}(Object(Illuminate\Http\Request))
#50 C:\xampp\htdocs\site_iuhm\vendor\laravel\framework\src\Illuminate\Pipeline\Pipeline.php(219): Livewire\Features\SupportDisablingBackButtonCache\DisableBackButtonCacheMiddleware->handle(Object(Illuminate\Http\Request), Object(Closure))
#51 C:\xampp\htdocs\site_iuhm\vendor\laravel\framework\src\Illuminate\Foundation\Http\Middleware\TransformsRequest.php(21): Illuminate\Pipeline\Pipeline->{closure:{closure:Illuminate\Pipeline\Pipeline::carry():194}:195}(Object(Illuminate\Http\Request))
#52 C:\xampp\htdocs\site_iuhm\vendor\laravel\framework\src\Illuminate\Foundation\Http\Middleware\ConvertEmptyStringsToNull.php(31): Illuminate\Foundation\Http\Middleware\TransformsRequest->handle(Object(Illuminate\Http\Request), Object(Closure))
#53 C:\xampp\htdocs\site_iuhm\vendor\laravel\framework\src\Illuminate\Pipeline\Pipeline.php(219): Illuminate\Foundation\Http\Middleware\ConvertEmptyStringsToNull->handle(Object(Illuminate\Http\Request), Object(Closure))
#54 C:\xampp\htdocs\site_iuhm\vendor\laravel\framework\src\Illuminate\Foundation\Http\Middleware\TransformsRequest.php(21): Illuminate\Pipeline\Pipeline->{closure:{closure:Illuminate\Pipeline\Pipeline::carry():194}:195}(Object(Illuminate\Http\Request))
#55 C:\xampp\htdocs\site_iuhm\vendor\laravel\framework\src\Illuminate\Foundation\Http\Middleware\TrimStrings.php(51): Illuminate\Foundation\Http\Middleware\TransformsRequest->handle(Object(Illuminate\Http\Request), Object(Closure))
#56 C:\xampp\htdocs\site_iuhm\vendor\laravel\framework\src\Illuminate\Pipeline\Pipeline.php(219): Illuminate\Foundation\Http\Middleware\TrimStrings->handle(Object(Illuminate\Http\Request), Object(Closure))
#57 C:\xampp\htdocs\site_iuhm\vendor\laravel\framework\src\Illuminate\Http\Middleware\ValidatePostSize.php(27): Illuminate\Pipeline\Pipeline->{closure:{closure:Illuminate\Pipeline\Pipeline::carry():194}:195}(Object(Illuminate\Http\Request))
#58 C:\xampp\htdocs\site_iuhm\vendor\laravel\framework\src\Illuminate\Pipeline\Pipeline.php(219): Illuminate\Http\Middleware\ValidatePostSize->handle(Object(Illuminate\Http\Request), Object(Closure))
#59 C:\xampp\htdocs\site_iuhm\vendor\laravel\framework\src\Illuminate\Foundation\Http\Middleware\PreventRequestsDuringMaintenance.php(109): Illuminate\Pipeline\Pipeline->{closure:{closure:Illuminate\Pipeline\Pipeline::carry():194}:195}(Object(Illuminate\Http\Request))
#60 C:\xampp\htdocs\site_iuhm\vendor\laravel\framework\src\Illuminate\Pipeline\Pipeline.php(219): Illuminate\Foundation\Http\Middleware\PreventRequestsDuringMaintenance->handle(Object(Illuminate\Http\Request), Object(Closure))
#61 C:\xampp\htdocs\site_iuhm\vendor\laravel\framework\src\Illuminate\Http\Middleware\HandleCors.php(61): Illuminate\Pipeline\Pipeline->{closure:{closure:Illuminate\Pipeline\Pipeline::carry():194}:195}(Object(Illuminate\Http\Request))
#62 C:\xampp\htdocs\site_iuhm\vendor\laravel\framework\src\Illuminate\Pipeline\Pipeline.php(219): Illuminate\Http\Middleware\HandleCors->handle(Object(Illuminate\Http\Request), Object(Closure))
#63 C:\xampp\htdocs\site_iuhm\vendor\laravel\framework\src\Illuminate\Http\Middleware\TrustProxies.php(58): Illuminate\Pipeline\Pipeline->{closure:{closure:Illuminate\Pipeline\Pipeline::carry():194}:195}(Object(Illuminate\Http\Request))
#64 C:\xampp\htdocs\site_iuhm\vendor\laravel\framework\src\Illuminate\Pipeline\Pipeline.php(219): Illuminate\Http\Middleware\TrustProxies->handle(Object(Illuminate\Http\Request), Object(Closure))
#65 C:\xampp\htdocs\site_iuhm\vendor\laravel\framework\src\Illuminate\Foundation\Http\Middleware\InvokeDeferredCallbacks.php(22): Illuminate\Pipeline\Pipeline->{closure:{closure:Illuminate\Pipeline\Pipeline::carry():194}:195}(Object(Illuminate\Http\Request))
#66 C:\xampp\htdocs\site_iuhm\vendor\laravel\framework\src\Illuminate\Pipeline\Pipeline.php(219): Illuminate\Foundation\Http\Middleware\InvokeDeferredCallbacks->handle(Object(Illuminate\Http\Request), Object(Closure))
#67 C:\xampp\htdocs\site_iuhm\vendor\laravel\framework\src\Illuminate\Http\Middleware\ValidatePathEncoding.php(28): Illuminate\Pipeline\Pipeline->{closure:{closure:Illuminate\Pipeline\Pipeline::carry():194}:195}(Object(Illuminate\Http\Request))
#68 C:\xampp\htdocs\site_iuhm\vendor\laravel\framework\src\Illuminate\Pipeline\Pipeline.php(219): Illuminate\Http\Middleware\ValidatePathEncoding->handle(Object(Illuminate\Http\Request), Object(Closure))
#69 C:\xampp\htdocs\site_iuhm\vendor\laravel\framework\src\Illuminate\Pipeline\Pipeline.php(137): Illuminate\Pipeline\Pipeline->{closure:{closure:Illuminate\Pipeline\Pipeline::carry():194}:195}(Object(Illuminate\Http\Request))
#70 C:\xampp\htdocs\site_iuhm\vendor\laravel\framework\src\Illuminate\Foundation\Http\Kernel.php(175): Illuminate\Pipeline\Pipeline->then(Object(Closure))
#71 C:\xampp\htdocs\site_iuhm\vendor\laravel\framework\src\Illuminate\Foundation\Http\Kernel.php(144): Illuminate\Foundation\Http\Kernel->sendRequestThroughRouter(Object(Illuminate\Http\Request))
#72 C:\xampp\htdocs\site_iuhm\vendor\laravel\framework\src\Illuminate\Foundation\Testing\Concerns\MakesHttpRequests.php(607): Illuminate\Foundation\Http\Kernel->handle(Object(Illuminate\Http\Request))
#73 C:\xampp\htdocs\site_iuhm\vendor\laravel\framework\src\Illuminate\Foundation\Testing\Concerns\MakesHttpRequests.php(368): Illuminate\Foundation\Testing\TestCase->call('GET', 'http://localhos...', Array, Array, Array, Array)
#74 C:\xampp\htdocs\site_iuhm\tests\Feature\DashboardTest.php(29): Illuminate\Foundation\Testing\TestCase->get('http://localhos...')
#75 C:\xampp\htdocs\site_iuhm\vendor\phpunit\phpunit\src\Framework\TestCase.php(1335): Tests\Feature\DashboardTest->test_authenticated_users_can_visit_the_dashboard()
#76 C:\xampp\htdocs\site_iuhm\vendor\phpunit\phpunit\src\Framework\TestCase.php(519): PHPUnit\Framework\TestCase->runTest()
#77 C:\xampp\htdocs\site_iuhm\vendor\phpunit\phpunit\src\Framework\TestRunner\TestRunner.php(99): PHPUnit\Framework\TestCase->runBare()
#78 C:\xampp\htdocs\site_iuhm\vendor\phpunit\phpunit\src\Framework\TestCase.php(359): PHPUnit\Framework\TestRunner->run(Object(Tests\Feature\DashboardTest))
#79 C:\xampp\htdocs\site_iuhm\vendor\phpunit\phpunit\src\Framework\TestSuite.php(374): PHPUnit\Framework\TestCase->run()
#80 C:\xampp\htdocs\site_iuhm\vendor\phpunit\phpunit\src\Framework\TestSuite.php(374): PHPUnit\Framework\TestSuite->run()
#81 C:\xampp\htdocs\site_iuhm\vendor\phpunit\phpunit\src\Framework\TestSuite.php(374): PHPUnit\Framework\TestSuite->run()
#82 C:\xampp\htdocs\site_iuhm\vendor\phpunit\phpunit\src\TextUI\TestRunner.php(64): PHPUnit\Framework\TestSuite->run()
#83 C:\xampp\htdocs\site_iuhm\vendor\phpunit\phpunit\src\TextUI\Application.php(229): PHPUnit\TextUI\TestRunner->run(Object(PHPUnit\TextUI\Configuration\Configuration), Object(PHPUnit\Runner\ResultCache\DefaultResultCache), Object(PHPUnit\Framework\TestSuite))
#84 C:\xampp\htdocs\site_iuhm\vendor\phpunit\phpunit\phpunit(104): PHPUnit\TextUI\Application->run(Array)
#85 {main}

----------------------------------------------------------------------------------

Undefined variable $navigationPages (View: C:\xampp\htdocs\site_iuhm\resources\views\partials\header.blade.php) (View: C:\xampp\htdocs\site_iuhm\resources\views\partials\header.blade.php) (View: C:\xampp\htdocs\site_iuhm\resources\views\partials\header.blade.php)[39;22m

  at [32mtests\Feature\DashboardTest.php[39m:[32m31[39m
     27Ôûò         $response = $this
     28Ôûò             ->actingAs($user)
     29Ôûò             ->get(route('dashboard'));
     30Ôûò 
  Ô×£  31Ôûò         $response->assertOk();
     32Ôûò     }
     33Ôûò }
     34Ôûò

  [31mÔöÇÔöÇÔöÇÔöÇÔöÇÔöÇÔöÇÔöÇÔöÇÔöÇÔöÇÔöÇÔöÇÔöÇÔöÇÔöÇÔöÇÔöÇÔöÇÔöÇÔöÇÔöÇÔöÇÔöÇÔöÇÔöÇÔöÇÔöÇÔöÇÔöÇÔöÇÔöÇÔöÇÔöÇÔöÇÔöÇÔöÇÔöÇÔöÇÔöÇÔöÇÔöÇÔöÇÔöÇÔöÇÔöÇÔöÇÔöÇÔöÇÔöÇÔöÇÔöÇÔöÇÔöÇÔöÇÔöÇÔöÇÔöÇÔöÇÔöÇÔöÇÔöÇÔöÇÔöÇÔöÇÔöÇÔöÇÔöÇÔöÇÔöÇÔöÇÔöÇÔöÇÔöÇÔöÇÔöÇ[39m  
  [41;1m FAILED [49;22m [1mTests\Feature\ExampleTest[22m [90m>[39m returns a successful response            
[39;1m  Expected response status code [200] but received 404.
Failed asserting that 404 is identical to 200.[39;22m

  at [32mtests\Feature\ExampleTest.php[39m:[32m16[39m
     12Ôûò     public function test_returns_a_successful_response(): void
     13Ôûò     {
     14Ôûò         $response = $this->get(route('home'));
     15Ôûò 
  Ô×£  16Ôûò         $response->assertOk();
     17Ôûò     }
     18Ôûò }
     19Ôûò

  [31mÔöÇÔöÇÔöÇÔöÇÔöÇÔöÇÔöÇÔöÇÔöÇÔöÇÔöÇÔöÇÔöÇÔöÇÔöÇÔöÇÔöÇÔöÇÔöÇÔöÇÔöÇÔöÇÔöÇÔöÇÔöÇÔöÇÔöÇÔöÇÔöÇÔöÇÔöÇÔöÇÔöÇÔöÇÔöÇÔöÇÔöÇÔöÇÔöÇÔöÇÔöÇÔöÇÔöÇÔöÇÔöÇÔöÇÔöÇÔöÇÔöÇÔöÇÔöÇÔöÇÔöÇÔöÇÔöÇÔöÇÔöÇÔöÇÔöÇÔöÇÔöÇÔöÇÔöÇÔöÇÔöÇÔöÇÔöÇÔöÇÔöÇÔöÇÔöÇÔöÇÔöÇÔöÇÔöÇÔöÇ[39m  
  [41;1m FAILED [49;22m [1mTests\Feature\Settings\ProfileUpdateTest[22m [90m>[39m profile page is displaÔÇª   
[39;1m  Expected response status code [200] but received 500.
Failed asserting that 500 is identical to 200.

The following exception occurred during the last request:

ErrorException: Undefined variable $navigationPages in C:\xampp\htdocs\site_iuhm\storage\framework\views\7051f6576562b2dc7a02a46a651d2c4e.php:19
Stack trace:
#0 C:\xampp\htdocs\site_iuhm\vendor\laravel\framework\src\Illuminate\Foundation\Bootstrap\HandleExceptions.php(258): Illuminate\Foundation\Bootstrap\HandleExceptions->handleError(2, 'Undefined varia...', 'C:\\xampp\\htdocs...', 19)
#1 C:\xampp\htdocs\site_iuhm\storage\framework\views\7051f6576562b2dc7a02a46a651d2c4e.php(19): Illuminate\Foundation\Bootstrap\HandleExceptions->{closure:Illuminate\Foundation\Bootstrap\HandleExceptions::forwardsTo():257}(2, 'Undefined varia...', 'C:\\xampp\\htdocs...', 19)
#2 C:\xampp\htdocs\site_iuhm\vendor\laravel\framework\src\Illuminate\Filesystem\Filesystem.php(123): require('C:\\xampp\\htdocs...')
#3 C:\xampp\htdocs\site_iuhm\vendor\laravel\framework\src\Illuminate\Filesystem\Filesystem.php(124): Illuminate\Filesystem\Filesystem::{closure:Illuminate\Filesystem\Filesystem::getRequire():120}()
#4 C:\xampp\htdocs\site_iuhm\vendor\laravel\framework\src\Illuminate\View\Engines\PhpEngine.php(57): Illuminate\Filesystem\Filesystem->getRequire('C:\\xampp\\htdocs...', Array)
#5 C:\xampp\htdocs\site_iuhm\vendor\livewire\livewire\src\Mechanisms\ExtendBlade\ExtendedCompilerEngine.php(22): Illuminate\View\Engines\PhpEngine->evaluatePath('C:\\xampp\\htdocs...', Array)
#6 C:\xampp\htdocs\site_iuhm\vendor\laravel\framework\src\Illuminate\View\Engines\CompilerEngine.php(76): Livewire\Mechanisms\ExtendBlade\ExtendedCompilerEngine->evaluatePath('C:\\xampp\\htdocs...', Array)
#7 C:\xampp\htdocs\site_iuhm\vendor\livewire\livewire\src\Mechanisms\ExtendBlade\ExtendedCompilerEngine.php(10): Illuminate\View\Engines\CompilerEngine->get('C:\\xampp\\htdocs...', Array)
#8 C:\xampp\htdocs\site_iuhm\vendor\laravel\framework\src\Illuminate\View\View.php(208): Livewire\Mechanisms\ExtendBlade\ExtendedCompilerEngine->get('C:\\xampp\\htdocs...', Array)
#9 C:\xampp\htdocs\site_iuhm\vendor\laravel\framework\src\Illuminate\View\View.php(191): Illuminate\View\View->getContents()
#10 C:\xampp\htdocs\site_iuhm\vendor\laravel\framework\src\Illuminate\View\View.php(160): Illuminate\View\View->renderContents()
#11 C:\xampp\htdocs\site_iuhm\storage\framework\views\4371cdfbde3995413764711384cce958.php(19): Illuminate\View\View->render()
#12 C:\xampp\htdocs\site_iuhm\vendor\laravel\framework\src\Illuminate\Filesystem\Filesystem.php(123): require('C:\\xampp\\htdocs...')
#13 C:\xampp\htdocs\site_iuhm\vendor\laravel\framework\src\Illuminate\Filesystem\Filesystem.php(124): Illuminate\Filesystem\Filesystem::{closure:Illuminate\Filesystem\Filesystem::getRequire():120}()
#14 C:\xampp\htdocs\site_iuhm\vendor\laravel\framework\src\Illuminate\View\Engines\PhpEngine.php(57): Illuminate\Filesystem\Filesystem->getRequire('C:\\xampp\\htdocs...', Array)
#15 C:\xampp\htdocs\site_iuhm\vendor\livewire\livewire\src\Mechanisms\ExtendBlade\ExtendedCompilerEngine.php(22): Illuminate\View\Engines\PhpEngine->evaluatePath('C:\\xampp\\htdocs...', Array)
#16 C:\xampp\htdocs\site_iuhm\vendor\laravel\framework\src\Illuminate\View\Engines\CompilerEngine.php(76): Livewire\Mechanisms\ExtendBlade\ExtendedCompilerEngine->evaluatePath('C:\\xampp\\htdocs...', Array)
#17 C:\xampp\htdocs\site_iuhm\vendor\livewire\livewire\src\Mechanisms\ExtendBlade\ExtendedCompilerEngine.php(10): Illuminate\View\Engines\CompilerEngine->get('C:\\xampp\\htdocs...', Array)
#18 C:\xampp\htdocs\site_iuhm\vendor\laravel\framework\src\Illuminate\View\View.php(208): Livewire\Mechanisms\ExtendBlade\ExtendedCompilerEngine->get('C:\\xampp\\htdocs...', Array)
#19 C:\xampp\htdocs\site_iuhm\vendor\laravel\framework\src\Illuminate\View\View.php(191): Illuminate\View\View->getContents()
#20 C:\xampp\htdocs\site_iuhm\vendor\laravel\framework\src\Illuminate\View\View.php(160): Illuminate\View\View->renderContents()
#21 C:\xampp\htdocs\site_iuhm\vendor\laravel\framework\src\Illuminate\View\Concerns\ManagesComponents.php(103): Illuminate\View\View->render()
#22 C:\xampp\htdocs\site_iuhm\storage\framework\views\7deb94de6e2eb6551b8bc95535a64c72.php(17): Illuminate\View\Factory->renderComponent()
#23 C:\xampp\htdocs\site_iuhm\vendor\laravel\framework\src\Illuminate\Filesystem\Filesystem.php(123): require('C:\\xampp\\htdocs...')
#24 C:\xampp\htdocs\site_iuhm\vendor\laravel\framework\src\Illuminate\Filesystem\Filesystem.php(124): Illuminate\Filesystem\Filesystem::{closure:Illuminate\Filesystem\Filesystem::getRequire():120}()
#25 C:\xampp\htdocs\site_iuhm\vendor\laravel\framework\src\Illuminate\View\Engines\PhpEngine.php(57): Illuminate\Filesystem\Filesystem->getRequire('C:\\xampp\\htdocs...', Array)
#26 C:\xampp\htdocs\site_iuhm\vendor\livewire\livewire\src\Mechanisms\ExtendBlade\ExtendedCompilerEngine.php(22): Illuminate\View\Engines\PhpEngine->evaluatePath('C:\\xampp\\htdocs...', Array)
#27 C:\xampp\htdocs\site_iuhm\vendor\laravel\framework\src\Illuminate\View\Engines\CompilerEngine.php(76): Livewire\Mechanisms\ExtendBlade\ExtendedCompilerEngine->evaluatePath('C:\\xampp\\htdocs...', Array)
#28 C:\xampp\htdocs\site_iuhm\vendor\livewire\livewire\src\Mechanisms\ExtendBlade\ExtendedCompilerEngine.php(10): Illuminate\View\Engines\CompilerEngine->get('C:\\xampp\\htdocs...', Array)
#29 C:\xampp\htdocs\site_iuhm\vendor\laravel\framework\src\Illuminate\View\View.php(208): Livewire\Mechanisms\ExtendBlade\ExtendedCompilerEngine->get('C:\\xampp\\htdocs...', Array)
#30 C:\xampp\htdocs\site_iuhm\vendor\laravel\framework\src\Illuminate\View\View.php(191): Illuminate\View\View->getContents()
#31 C:\xampp\htdocs\site_iuhm\vendor\laravel\framework\src\Illuminate\View\View.php(160): Illuminate\View\View->renderContents()
#32 C:\xampp\htdocs\site_iuhm\vendor\laravel\framework\src\Illuminate\View\Compilers\BladeCompiler.php(353): Illuminate\View\View->render()
#33 C:\xampp\htdocs\site_iuhm\vendor\laravel\framework\src\Illuminate\Support\Facades\Facade.php(363): Illuminate\View\Compilers\BladeCompiler::render('    <?php $layo...', Array)
#34 C:\xampp\htdocs\site_iuhm\vendor\livewire\livewire\src\Features\SupportPageComponents\SupportPageComponents.php(162): Illuminate\Support\Facades\Facade::__callStatic('render', Array)
#35 C:\xampp\htdocs\site_iuhm\vendor\livewire\livewire\src\Features\SupportPageComponents\HandlesPageComponents.php(26): Livewire\Features\SupportPageComponents\SupportPageComponents::renderContentsIntoLayout('[39;22m[39;1m<section wire:s...', Object(Livewire\Features\SupportPageComponents\PageComponentConfig))
#36 C:\xampp\htdocs\site_iuhm\vendor\laravel\framework\src\Illuminate\Container\BoundMethod.php(36): Livewire\Component->[39;22m[39;1m__invoke()
#37 C:\xampp\htdocs\site_iuhm\vendor\laravel\framework\src\Illuminate\Container\Util.php(43): Illuminate\Container\BoundMethod::{closure:Illuminate\Container\BoundMethod::call():35}()
#38 C:\xampp\htdocs\site_iuhm\vendor\laravel\framework\src\Illuminate\Container\BoundMethod.php(96): Illuminate\Container\Util::unwrapIfClosure(Object(Closure))
#39 C:\xampp\htdocs\site_iuhm\vendor\laravel\framework\src\Illuminate\Container\BoundMethod.php(35): Illuminate\Container\BoundMethod::callBoundMethod(Object(Illuminate\Foundation\Application), Array, Object(Closure))
#40 C:\xampp\htdocs\site_iuhm\vendor\laravel\framework\src\Illuminate\Container\Container.php(799): Illuminate\Container\BoundMethod::call(Object(Illuminate\Foundation\Application), Array, Array, NULL)
#41 C:\xampp\htdocs\site_iuhm\vendor\livewire\livewire\src\Mechanisms\HandleRouting\LivewirePageController.php(15): Illuminate\Container\Container->call(Array)
#42 C:\xampp\htdocs\site_iuhm\vendor\laravel\framework\src\Illuminate\Routing\ControllerDispatcher.php(46): Livewire\Mechanisms\HandleRouting\LivewirePageController->__invoke()
#43 C:\xampp\htdocs\site_iuhm\vendor\laravel\framework\src\Illuminate\Routing\Route.php(269): Illuminate\Routing\ControllerDispatcher->dispatch(Object(Illuminate\Routing\Route), Object(Livewire\Mechanisms\HandleRouting\LivewirePageController), '__invoke')
#44 C:\xampp\htdocs\site_iuhm\vendor\laravel\framework\src\Illuminate\Routing\Route.php(215): Illuminate\Routing\Route->runController()
#45 C:\xampp\htdocs\site_iuhm\vendor\laravel\framework\src\Illuminate\Routing\Router.php(822): Illuminate\Routing\Route->run()
#46 C:\xampp\htdocs\site_iuhm\vendor\laravel\framework\src\Illuminate\Pipeline\Pipeline.php(180): Illuminate\Routing\Router->{closure:Illuminate\Routing\Router::runRouteWithinStack():821}(Object(Illuminate\Http\Request))
#47 C:\xampp\htdocs\site_iuhm\app\Http\Middleware\SetTeamUrlDefaults.php(26): Illuminate\Pipeline\Pipeline->{closure:Illuminate\Pipeline\Pipeline::prepareDestination():178}(Object(Illuminate\Http\Request))
#48 C:\xampp\htdocs\site_iuhm\vendor\laravel\framework\src\Illuminate\Pipeline\Pipeline.php(219): App\Http\Middleware\SetTeamUrlDefaults->handle(Object(Illuminate\Http\Request), Object(Closure))
#49 C:\xampp\htdocs\site_iuhm\app\Http\Middleware\SetLocale.php(28): Illuminate\Pipeline\Pipeline->{closure:{closure:Illuminate\Pipeline\Pipeline::carry():194}:195}(Object(Illuminate\Http\Request))
#50 C:\xampp\htdocs\site_iuhm\vendor\laravel\framework\src\Illuminate\Pipeline\Pipeline.php(219): App\Http\Middleware\SetLocale->handle(Object(Illuminate\Http\Request), Object(Closure))
#51 C:\xampp\htdocs\site_iuhm\vendor\laravel\framework\src\Illuminate\Routing\Middleware\SubstituteBindings.php(52): Illuminate\Pipeline\Pipeline->{closure:{closure:Illuminate\Pipeline\Pipeline::carry():194}:195}(Object(Illuminate\Http\Request))
#52 C:\xampp\htdocs\site_iuhm\vendor\laravel\framework\src\Illuminate\Pipeline\Pipeline.php(219): Illuminate\Routing\Middleware\SubstituteBindings->handle(Object(Illuminate\Http\Request), Object(Closure))
#53 C:\xampp\htdocs\site_iuhm\vendor\laravel\framework\src\Illuminate\Auth\Middleware\Authenticate.php(63): Illuminate\Pipeline\Pipeline->{closure:{closure:Illuminate\Pipeline\Pipeline::carry():194}:195}(Object(Illuminate\Http\Request))
#54 C:\xampp\htdocs\site_iuhm\vendor\laravel\framework\src\Illuminate\Pipeline\Pipeline.php(219): Illuminate\Auth\Middleware\Authenticate->handle(Object(Illuminate\Http\Request), Object(Closure))
#55 C:\xampp\htdocs\site_iuhm\vendor\laravel\framework\src\Illuminate\Foundation\Http\Middleware\PreventRequestForgery.php(104): Illuminate\Pipeline\Pipeline->{closure:{closure:Illuminate\Pipeline\Pipeline::carry():194}:195}(Object(Illuminate\Http\Request))
#56 C:\xampp\htdocs\site_iuhm\vendor\laravel\framework\src\Illuminate\Pipeline\Pipeline.php(219): Illuminate\Foundation\Http\Middleware\PreventRequestForgery->handle(Object(Illuminate\Http\Request), Object(Closure))
#57 C:\xampp\htdocs\site_iuhm\vendor\laravel\framework\src\Illuminate\View\Middleware\ShareErrorsFromSession.php(48): Illuminate\Pipeline\Pipeline->{closure:{closure:Illuminate\Pipeline\Pipeline::carry():194}:195}(Object(Illuminate\Http\Request))
#58 C:\xampp\htdocs\site_iuhm\vendor\laravel\framework\src\Illuminate\Pipeline\Pipeline.php(219): Illuminate\View\Middleware\ShareErrorsFromSession->handle(Object(Illuminate\Http\Request), Object(Closure))
#59 C:\xampp\htdocs\site_iuhm\vendor\laravel\framework\src\Illuminate\Session\Middleware\StartSession.php(120): Illuminate\Pipeline\Pipeline->{closure:{closure:Illuminate\Pipeline\Pipeline::carry():194}:195}(Object(Illuminate\Http\Request))
#60 C:\xampp\htdocs\site_iuhm\vendor\laravel\framework\src\Illuminate\Session\Middleware\StartSession.php(63): Illuminate\Session\Middleware\StartSession->handleStatefulRequest(Object(Illuminate\Http\Request), Object(Illuminate\Session\Store), Object(Closure))
#61 C:\xampp\htdocs\site_iuhm\vendor\laravel\framework\src\Illuminate\Pipeline\Pipeline.php(219): Illuminate\Session\Middleware\StartSession->handle(Object(Illuminate\Http\Request), Object(Closure))
#62 C:\xampp\htdocs\site_iuhm\vendor\laravel\framework\src\Illuminate\Cookie\Middleware\AddQueuedCookiesToResponse.php(36): Illuminate\Pipeline\Pipeline->{closure:{closure:Illuminate\Pipeline\Pipeline::carry():194}:195}(Object(Illuminate\Http\Request))
#63 C:\xampp\htdocs\site_iuhm\vendor\laravel\framework\src\Illuminate\Pipeline\Pipeline.php(219): Illuminate\Cookie\Middleware\AddQueuedCookiesToResponse->handle(Object(Illuminate\Http\Request), Object(Closure))
#64 C:\xampp\htdocs\site_iuhm\vendor\laravel\framework\src\Illuminate\Cookie\Middleware\EncryptCookies.php(74): Illuminate\Pipeline\Pipeline->{closure:{closure:Illuminate\Pipeline\Pipeline::carry():194}:195}(Object(Illuminate\Http\Request))
#65 C:\xampp\htdocs\site_iuhm\vendor\laravel\framework\src\Illuminate\Pipeline\Pipeline.php(219): Illuminate\Cookie\Middleware\EncryptCookies->handle(Object(Illuminate\Http\Request), Object(Closure))
#66 C:\xampp\htdocs\site_iuhm\vendor\laravel\framework\src\Illuminate\Pipeline\Pipeline.php(137): Illuminate\Pipeline\Pipeline->{closure:{closure:Illuminate\Pipeline\Pipeline::carry():194}:195}(Object(Illuminate\Http\Request))
#67 C:\xampp\htdocs\site_iuhm\vendor\laravel\framework\src\Illuminate\Routing\Router.php(821): Illuminate\Pipeline\Pipeline->then(Object(Closure))
#68 C:\xampp\htdocs\site_iuhm\vendor\laravel\framework\src\Illuminate\Routing\Router.php(800): Illuminate\Routing\Router->runRouteWithinStack(Object(Illuminate\Routing\Route), Object(Illuminate\Http\Request))
#69 C:\xampp\htdocs\site_iuhm\vendor\laravel\framework\src\Illuminate\Routing\Router.php(764): Illuminate\Routing\Router->runRoute(Object(Illuminate\Http\Request), Object(Illuminate\Routing\Route))
#70 C:\xampp\htdocs\site_iuhm\vendor\laravel\framework\src\Illuminate\Routing\Router.php(753): Illuminate\Routing\Router->dispatchToRoute(Object(Illuminate\Http\Request))
#71 C:\xampp\htdocs\site_iuhm\vendor\laravel\framework\src\Illuminate\Foundation\Http\Kernel.php(200): Illuminate\Routing\Router->dispatch(Object(Illuminate\Http\Request))
#72 C:\xampp\htdocs\site_iuhm\vendor\laravel\framework\src\Illuminate\Pipeline\Pipeline.php(180): Illuminate\Foundation\Http\Kernel->{closure:Illuminate\Foundation\Http\Kernel::dispatchToRouter():197}(Object(Illuminate\Http\Request))
#73 C:\xampp\htdocs\site_iuhm\vendor\livewire\livewire\src\Features\SupportDisablingBackButtonCache\DisableBackButtonCacheMiddleware.php(19): Illuminate\Pipeline\Pipeline->{closure:Illuminate\Pipeline\Pipeline::prepareDestination():178}(Object(Illuminate\Http\Request))
#74 C:\xampp\htdocs\site_iuhm\vendor\laravel\framework\src\Illuminate\Pipeline\Pipeline.php(219): Livewire\Features\SupportDisablingBackButtonCache\DisableBackButtonCacheMiddleware->handle(Object(Illuminate\Http\Request), Object(Closure))
#75 C:\xampp\htdocs\site_iuhm\vendor\laravel\framework\src\Illuminate\Foundation\Http\Middleware\TransformsRequest.php(21): Illuminate\Pipeline\Pipeline->{closure:{closure:Illuminate\Pipeline\Pipeline::carry():194}:195}(Object(Illuminate\Http\Request))
#76 C:\xampp\htdocs\site_iuhm\vendor\laravel\framework\src\Illuminate\Foundation\Http\Middleware\ConvertEmptyStringsToNull.php(31): Illuminate\Foundation\Http\Middleware\TransformsRequest->handle(Object(Illuminate\Http\Request), Object(Closure))
#77 C:\xampp\htdocs\site_iuhm\vendor\laravel\framework\src\Illuminate\Pipeline\Pipeline.php(219): Illuminate\Foundation\Http\Middleware\ConvertEmptyStringsToNull->handle(Object(Illuminate\Http\Request), Object(Closure))
#78 C:\xampp\htdocs\site_iuhm\vendor\laravel\framework\src\Illuminate\Foundation\Http\Middleware\TransformsRequest.php(21): Illuminate\Pipeline\Pipeline->{closure:{closure:Illuminate\Pipeline\Pipeline::carry():194}:195}(Object(Illuminate\Http\Request))
#79 C:\xampp\htdocs\site_iuhm\vendor\laravel\framework\src\Illuminate\Foundation\Http\Middleware\TrimStrings.php(51): Illuminate\Foundation\Http\Middleware\TransformsRequest->handle(Object(Illuminate\Http\Request), Object(Closure))
#80 C:\xampp\htdocs\site_iuhm\vendor\laravel\framework\src\Illuminate\Pipeline\Pipeline.php(219): Illuminate\Foundation\Http\Middleware\TrimStrings->handle(Object(Illuminate\Http\Request), Object(Closure))
#81 C:\xampp\htdocs\site_iuhm\vendor\laravel\framework\src\Illuminate\Http\Middleware\ValidatePostSize.php(27): Illuminate\Pipeline\Pipeline->{closure:{closure:Illuminate\Pipeline\Pipeline::carry():194}:195}(Object(Illuminate\Http\Request))
#82 C:\xampp\htdocs\site_iuhm\vendor\laravel\framework\src\Illuminate\Pipeline\Pipeline.php(219): Illuminate\Http\Middleware\ValidatePostSize->handle(Object(Illuminate\Http\Request), Object(Closure))
#83 C:\xampp\htdocs\site_iuhm\vendor\laravel\framework\src\Illuminate\Foundation\Http\Middleware\PreventRequestsDuringMaintenance.php(109): Illuminate\Pipeline\Pipeline->{closure:{closure:Illuminate\Pipeline\Pipeline::carry():194}:195}(Object(Illuminate\Http\Request))
#84 C:\xampp\htdocs\site_iuhm\vendor\laravel\framework\src\Illuminate\Pipeline\Pipeline.php(219): Illuminate\Foundation\Http\Middleware\PreventRequestsDuringMaintenance->handle(Object(Illuminate\Http\Request), Object(Closure))
#85 C:\xampp\htdocs\site_iuhm\vendor\laravel\framework\src\Illuminate\Http\Middleware\HandleCors.php(61): Illuminate\Pipeline\Pipeline->{closure:{closure:Illuminate\Pipeline\Pipeline::carry():194}:195}(Object(Illuminate\Http\Request))
#86 C:\xampp\htdocs\site_iuhm\vendor\laravel\framework\src\Illuminate\Pipeline\Pipeline.php(219): Illuminate\Http\Middleware\HandleCors->handle(Object(Illuminate\Http\Request), Object(Closure))
#87 C:\xampp\htdocs\site_iuhm\vendor\laravel\framework\src\Illuminate\Http\Middleware\TrustProxies.php(58): Illuminate\Pipeline\Pipeline->{closure:{closure:Illuminate\Pipeline\Pipeline::carry():194}:195}(Object(Illuminate\Http\Request))
#88 C:\xampp\htdocs\site_iuhm\vendor\laravel\framework\src\Illuminate\Pipeline\Pipeline.php(219): Illuminate\Http\Middleware\TrustProxies->handle(Object(Illuminate\Http\Request), Object(Closure))
#89 C:\xampp\htdocs\site_iuhm\vendor\laravel\framework\src\Illuminate\Foundation\Http\Middleware\InvokeDeferredCallbacks.php(22): Illuminate\Pipeline\Pipeline->{closure:{closure:Illuminate\Pipeline\Pipeline::carry():194}:195}(Object(Illuminate\Http\Request))
#90 C:\xampp\htdocs\site_iuhm\vendor\laravel\framework\src\Illuminate\Pipeline\Pipeline.php(219): Illuminate\Foundation\Http\Middleware\InvokeDeferredCallbacks->handle(Object(Illuminate\Http\Request), Object(Closure))
#91 C:\xampp\htdocs\site_iuhm\vendor\laravel\framework\src\Illuminate\Http\Middleware\ValidatePathEncoding.php(28): Illuminate\Pipeline\Pipeline->{closure:{closure:Illuminate\Pipeline\Pipeline::carry():194}:195}(Object(Illuminate\Http\Request))
#92 C:\xampp\htdocs\site_iuhm\vendor\laravel\framework\src\Illuminate\Pipeline\Pipeline.php(219): Illuminate\Http\Middleware\ValidatePathEncoding->handle(Object(Illuminate\Http\Request), Object(Closure))
#93 C:\xampp\htdocs\site_iuhm\vendor\laravel\framework\src\Illuminate\Pipeline\Pipeline.php(137): Illuminate\Pipeline\Pipeline->{closure:{closure:Illuminate\Pipeline\Pipeline::carry():194}:195}(Object(Illuminate\Http\Request))
#94 C:\xampp\htdocs\site_iuhm\vendor\laravel\framework\src\Illuminate\Foundation\Http\Kernel.php(175): Illuminate\Pipeline\Pipeline->then(Object(Closure))
#95 C:\xampp\htdocs\site_iuhm\vendor\laravel\framework\src\Illuminate\Foundation\Http\Kernel.php(144): Illuminate\Foundation\Http\Kernel->sendRequestThroughRouter(Object(Illuminate\Http\Request))
#96 C:\xampp\htdocs\site_iuhm\vendor\laravel\framework\src\Illuminate\Foundation\Testing\Concerns\MakesHttpRequests.php(607): Illuminate\Foundation\Http\Kernel->handle(Object(Illuminate\Http\Request))
#97 C:\xampp\htdocs\site_iuhm\vendor\laravel\framework\src\Illuminate\Foundation\Testing\Concerns\MakesHttpRequests.php(368): Illuminate\Foundation\Testing\TestCase->call('GET', 'http://localhos...', Array, Array, Array, Array)
#98 C:\xampp\htdocs\site_iuhm\tests\Feature\Settings\ProfileUpdateTest.php(18): Illuminate\Foundation\Testing\TestCase->get('http://localhos...')
#99 C:\xampp\htdocs\site_iuhm\vendor\phpunit\phpunit\src\Framework\TestCase.php(1335): Tests\Feature\Settings\ProfileUpdateTest->test_profile_page_is_displayed()
#100 C:\xampp\htdocs\site_iuhm\vendor\phpunit\phpunit\src\Framework\TestCase.php(519): PHPUnit\Framework\TestCase->runTest()
#101 C:\xampp\htdocs\site_iuhm\vendor\phpunit\phpunit\src\Framework\TestRunner\TestRunner.php(99): PHPUnit\Framework\TestCase->runBare()
#102 C:\xampp\htdocs\site_iuhm\vendor\phpunit\phpunit\src\Framework\TestCase.php(359): PHPUnit\Framework\TestRunner->run(Object(Tests\Feature\Settings\ProfileUpdateTest))
#103 C:\xampp\htdocs\site_iuhm\vendor\phpunit\phpunit\src\Framework\TestSuite.php(374): PHPUnit\Framework\TestCase->run()
#104 C:\xampp\htdocs\site_iuhm\vendor\phpunit\phpunit\src\Framework\TestSuite.php(374): PHPUnit\Framework\TestSuite->run()
#105 C:\xampp\htdocs\site_iuhm\vendor\phpunit\phpunit\src\Framework\TestSuite.php(374): PHPUnit\Framework\TestSuite->run()
#106 C:\xampp\htdocs\site_iuhm\vendor\phpunit\phpunit\src\TextUI\TestRunner.php(64): PHPUnit\Framework\TestSuite->run()
#107 C:\xampp\htdocs\site_iuhm\vendor\phpunit\phpunit\src\TextUI\Application.php(229): PHPUnit\TextUI\TestRunner->run(Object(PHPUnit\TextUI\Configuration\Configuration), Object(PHPUnit\Runner\ResultCache\DefaultResultCache), Object(PHPUnit\Framework\TestSuite))
#108 C:\xampp\htdocs\site_iuhm\vendor\phpunit\phpunit\phpunit(104): PHPUnit\TextUI\Application->run(Array)
#109 {main}

Next Illuminate\View\ViewException: Undefined variable $navigationPages (View: C:\xampp\htdocs\site_iuhm\resources\views\partials\header.blade.php) in C:\xampp\htdocs\site_iuhm\storage\framework\views\7051f6576562b2dc7a02a46a651d2c4e.php:19
Stack trace:
#0 C:\xampp\htdocs\site_iuhm\vendor\livewire\livewire\src\Mechanisms\ExtendBlade\ExtendedCompilerEngine.php(58): Illuminate\View\Engines\CompilerEngine->handleViewException(Object(ErrorException), 3)
#1 C:\xampp\htdocs\site_iuhm\vendor\laravel\framework\src\Illuminate\View\Engines\PhpEngine.php(59): Livewire\Mechanisms\ExtendBlade\ExtendedCompilerEngine->handleViewException(Object(ErrorException), 3)
#2 C:\xampp\htdocs\site_iuhm\vendor\livewire\livewire\src\Mechanisms\ExtendBlade\ExtendedCompilerEngine.php(22): Illuminate\View\Engines\PhpEngine->evaluatePath('C:\\xampp\\htdocs...', Array)
#3 C:\xampp\htdocs\site_iuhm\vendor\laravel\framework\src\Illuminate\View\Engines\CompilerEngine.php(76): Livewire\Mechanisms\ExtendBlade\ExtendedCompilerEngine->evaluatePath('C:\\xampp\\htdocs...', Array)
#4 C:\xampp\htdocs\site_iuhm\vendor\livewire\livewire\src\Mechanisms\ExtendBlade\ExtendedCompilerEngine.php(10): Illuminate\View\Engines\CompilerEngine->get('C:\\xampp\\htdocs...', Array)
#5 C:\xampp\htdocs\site_iuhm\vendor\laravel\framework\src\Illuminate\View\View.php(208): Livewire\Mechanisms\ExtendBlade\ExtendedCompilerEngine->get('C:\\xampp\\htdocs...', Array)
#6 C:\xampp\htdocs\site_iuhm\vendor\laravel\framework\src\Illuminate\View\View.php(191): Illuminate\View\View->getContents()
#7 C:\xampp\htdocs\site_iuhm\vendor\laravel\framework\src\Illuminate\View\View.php(160): Illuminate\View\View->renderContents()
#8 C:\xampp\htdocs\site_iuhm\storage\framework\views\4371cdfbde3995413764711384cce958.php(19): Illuminate\View\View->render()
#9 C:\xampp\htdocs\site_iuhm\vendor\laravel\framework\src\Illuminate\Filesystem\Filesystem.php(123): require('C:\\xampp\\htdocs...')
#10 C:\xampp\htdocs\site_iuhm\vendor\laravel\framework\src\Illuminate\Filesystem\Filesystem.php(124): Illuminate\Filesystem\Filesystem::{closure:Illuminate\Filesystem\Filesystem::getRequire():120}()
#11 C:\xampp\htdocs\site_iuhm\vendor\laravel\framework\src\Illuminate\View\Engines\PhpEngine.php(57): Illuminate\Filesystem\Filesystem->getRequire('C:\\xampp\\htdocs...', Array)
#12 C:\xampp\htdocs\site_iuhm\vendor\livewire\livewire\src\Mechanisms\ExtendBlade\ExtendedCompilerEngine.php(22): Illuminate\View\Engines\PhpEngine->evaluatePath('C:\\xampp\\htdocs...', Array)
#13 C:\xampp\htdocs\site_iuhm\vendor\laravel\framework\src\Illuminate\View\Engines\CompilerEngine.php(76): Livewire\Mechanisms\ExtendBlade\ExtendedCompilerEngine->evaluatePath('C:\\xampp\\htdocs...', Array)
#14 C:\xampp\htdocs\site_iuhm\vendor\livewire\livewire\src\Mechanisms\ExtendBlade\ExtendedCompilerEngine.php(10): Illuminate\View\Engines\CompilerEngine->get('C:\\xampp\\htdocs...', Array)
#15 C:\xampp\htdocs\site_iuhm\vendor\laravel\framework\src\Illuminate\View\View.php(208): Livewire\Mechanisms\ExtendBlade\ExtendedCompilerEngine->get('C:\\xampp\\htdocs...', Array)
#16 C:\xampp\htdocs\site_iuhm\vendor\laravel\framework\src\Illuminate\View\View.php(191): Illuminate\View\View->getContents()
#17 C:\xampp\htdocs\site_iuhm\vendor\laravel\framework\src\Illuminate\View\View.php(160): Illuminate\View\View->renderContents()
#18 C:\xampp\htdocs\site_iuhm\vendor\laravel\framework\src\Illuminate\View\Concerns\ManagesComponents.php(103): Illuminate\View\View->render()
#19 C:\xampp\htdocs\site_iuhm\storage\framework\views\7deb94de6e2eb6551b8bc95535a64c72.php(17): Illuminate\View\Factory->renderComponent()
#20 C:\xampp\htdocs\site_iuhm\vendor\laravel\framework\src\Illuminate\Filesystem\Filesystem.php(123): require('C:\\xampp\\htdocs...')
#21 C:\xampp\htdocs\site_iuhm\vendor\laravel\framework\src\Illuminate\Filesystem\Filesystem.php(124): Illuminate\Filesystem\Filesystem::{closure:Illuminate\Filesystem\Filesystem::getRequire():120}()
#22 C:\xampp\htdocs\site_iuhm\vendor\laravel\framework\src\Illuminate\View\Engines\PhpEngine.php(57): Illuminate\Filesystem\Filesystem->getRequire('C:\\xampp\\htdocs...', Array)
#23 C:\xampp\htdocs\site_iuhm\vendor\livewire\livewire\src\Mechanisms\ExtendBlade\ExtendedCompilerEngine.php(22): Illuminate\View\Engines\PhpEngine->evaluatePath('C:\\xampp\\htdocs...', Array)
#24 C:\xampp\htdocs\site_iuhm\vendor\laravel\framework\src\Illuminate\View\Engines\CompilerEngine.php(76): Livewire\Mechanisms\ExtendBlade\ExtendedCompilerEngine->evaluatePath('C:\\xampp\\htdocs...', Array)
#25 C:\xampp\htdocs\site_iuhm\vendor\livewire\livewire\src\Mechanisms\ExtendBlade\ExtendedCompilerEngine.php(10): Illuminate\View\Engines\CompilerEngine->get('C:\\xampp\\htdocs...', Array)
#26 C:\xampp\htdocs\site_iuhm\vendor\laravel\framework\src\Illuminate\View\View.php(208): Livewire\Mechanisms\ExtendBlade\ExtendedCompilerEngine->get('C:\\xampp\\htdocs...', Array)
#27 C:\xampp\htdocs\site_iuhm\vendor\laravel\framework\src\Illuminate\View\View.php(191): Illuminate\View\View->getContents()
#28 C:\xampp\htdocs\site_iuhm\vendor\laravel\framework\src\Illuminate\View\View.php(160): Illuminate\View\View->renderContents()
#29 C:\xampp\htdocs\site_iuhm\vendor\laravel\framework\src\Illuminate\View\Compilers\BladeCompiler.php(353): Illuminate\View\View->render()
#30 C:\xampp\htdocs\site_iuhm\vendor\laravel\framework\src\Illuminate\Support\Facades\Facade.php(363): Illuminate\View\Compilers\BladeCompiler::render('    <?php $layo...', Array)
#31 C:\xampp\htdocs\site_iuhm\vendor\livewire\livewire\src\Features\SupportPageComponents\SupportPageComponents.php(162): Illuminate\Support\Facades\Facade::__callStatic('render', Array)
#32 C:\xampp\htdocs\site_iuhm\vendor\livewire\livewire\src\Features\SupportPageComponents\HandlesPageComponents.php(26): Livewire\Features\SupportPageComponents\SupportPageComponents::renderContentsIntoLayout('[39;22m[39;1m<section wire:s...', Object(Livewire\Features\SupportPageComponents\PageComponentConfig))
#33 C:\xampp\htdocs\site_iuhm\vendor\laravel\framework\src\Illuminate\Container\BoundMethod.php(36): Livewire\Component->[39;22m[39;1m__invoke()
#34 C:\xampp\htdocs\site_iuhm\vendor\laravel\framework\src\Illuminate\Container\Util.php(43): Illuminate\Container\BoundMethod::{closure:Illuminate\Container\BoundMethod::call():35}()
#35 C:\xampp\htdocs\site_iuhm\vendor\laravel\framework\src\Illuminate\Container\BoundMethod.php(96): Illuminate\Container\Util::unwrapIfClosure(Object(Closure))
#36 C:\xampp\htdocs\site_iuhm\vendor\laravel\framework\src\Illuminate\Container\BoundMethod.php(35): Illuminate\Container\BoundMethod::callBoundMethod(Object(Illuminate\Foundation\Application), Array, Object(Closure))
#37 C:\xampp\htdocs\site_iuhm\vendor\laravel\framework\src\Illuminate\Container\Container.php(799): Illuminate\Container\BoundMethod::call(Object(Illuminate\Foundation\Application), Array, Array, NULL)
#38 C:\xampp\htdocs\site_iuhm\vendor\livewire\livewire\src\Mechanisms\HandleRouting\LivewirePageController.php(15): Illuminate\Container\Container->call(Array)
#39 C:\xampp\htdocs\site_iuhm\vendor\laravel\framework\src\Illuminate\Routing\ControllerDispatcher.php(46): Livewire\Mechanisms\HandleRouting\LivewirePageController->__invoke()
#40 C:\xampp\htdocs\site_iuhm\vendor\laravel\framework\src\Illuminate\Routing\Route.php(269): Illuminate\Routing\ControllerDispatcher->dispatch(Object(Illuminate\Routing\Route), Object(Livewire\Mechanisms\HandleRouting\LivewirePageController), '__invoke')
#41 C:\xampp\htdocs\site_iuhm\vendor\laravel\framework\src\Illuminate\Routing\Route.php(215): Illuminate\Routing\Route->runController()
#42 C:\xampp\htdocs\site_iuhm\vendor\laravel\framework\src\Illuminate\Routing\Router.php(822): Illuminate\Routing\Route->run()
#43 C:\xampp\htdocs\site_iuhm\vendor\laravel\framework\src\Illuminate\Pipeline\Pipeline.php(180): Illuminate\Routing\Router->{closure:Illuminate\Routing\Router::runRouteWithinStack():821}(Object(Illuminate\Http\Request))
#44 C:\xampp\htdocs\site_iuhm\app\Http\Middleware\SetTeamUrlDefaults.php(26): Illuminate\Pipeline\Pipeline->{closure:Illuminate\Pipeline\Pipeline::prepareDestination():178}(Object(Illuminate\Http\Request))
#45 C:\xampp\htdocs\site_iuhm\vendor\laravel\framework\src\Illuminate\Pipeline\Pipeline.php(219): App\Http\Middleware\SetTeamUrlDefaults->handle(Object(Illuminate\Http\Request), Object(Closure))
#46 C:\xampp\htdocs\site_iuhm\app\Http\Middleware\SetLocale.php(28): Illuminate\Pipeline\Pipeline->{closure:{closure:Illuminate\Pipeline\Pipeline::carry():194}:195}(Object(Illuminate\Http\Request))
#47 C:\xampp\htdocs\site_iuhm\vendor\laravel\framework\src\Illuminate\Pipeline\Pipeline.php(219): App\Http\Middleware\SetLocale->handle(Object(Illuminate\Http\Request), Object(Closure))
#48 C:\xampp\htdocs\site_iuhm\vendor\laravel\framework\src\Illuminate\Routing\Middleware\SubstituteBindings.php(52): Illuminate\Pipeline\Pipeline->{closure:{closure:Illuminate\Pipeline\Pipeline::carry():194}:195}(Object(Illuminate\Http\Request))
#49 C:\xampp\htdocs\site_iuhm\vendor\laravel\framework\src\Illuminate\Pipeline\Pipeline.php(219): Illuminate\Routing\Middleware\SubstituteBindings->handle(Object(Illuminate\Http\Request), Object(Closure))
#50 C:\xampp\htdocs\site_iuhm\vendor\laravel\framework\src\Illuminate\Auth\Middleware\Authenticate.php(63): Illuminate\Pipeline\Pipeline->{closure:{closure:Illuminate\Pipeline\Pipeline::carry():194}:195}(Object(Illuminate\Http\Request))
#51 C:\xampp\htdocs\site_iuhm\vendor\laravel\framework\src\Illuminate\Pipeline\Pipeline.php(219): Illuminate\Auth\Middleware\Authenticate->handle(Object(Illuminate\Http\Request), Object(Closure))
#52 C:\xampp\htdocs\site_iuhm\vendor\laravel\framework\src\Illuminate\Foundation\Http\Middleware\PreventRequestForgery.php(104): Illuminate\Pipeline\Pipeline->{closure:{closure:Illuminate\Pipeline\Pipeline::carry():194}:195}(Object(Illuminate\Http\Request))
#53 C:\xampp\htdocs\site_iuhm\vendor\laravel\framework\src\Illuminate\Pipeline\Pipeline.php(219): Illuminate\Foundation\Http\Middleware\PreventRequestForgery->handle(Object(Illuminate\Http\Request), Object(Closure))
#54 C:\xampp\htdocs\site_iuhm\vendor\laravel\framework\src\Illuminate\View\Middleware\ShareErrorsFromSession.php(48): Illuminate\Pipeline\Pipeline->{closure:{closure:Illuminate\Pipeline\Pipeline::carry():194}:195}(Object(Illuminate\Http\Request))
#55 C:\xampp\htdocs\site_iuhm\vendor\laravel\framework\src\Illuminate\Pipeline\Pipeline.php(219): Illuminate\View\Middleware\ShareErrorsFromSession->handle(Object(Illuminate\Http\Request), Object(Closure))
#56 C:\xampp\htdocs\site_iuhm\vendor\laravel\framework\src\Illuminate\Session\Middleware\StartSession.php(120): Illuminate\Pipeline\Pipeline->{closure:{closure:Illuminate\Pipeline\Pipeline::carry():194}:195}(Object(Illuminate\Http\Request))
#57 C:\xampp\htdocs\site_iuhm\vendor\laravel\framework\src\Illuminate\Session\Middleware\StartSession.php(63): Illuminate\Session\Middleware\StartSession->handleStatefulRequest(Object(Illuminate\Http\Request), Object(Illuminate\Session\Store), Object(Closure))
#58 C:\xampp\htdocs\site_iuhm\vendor\laravel\framework\src\Illuminate\Pipeline\Pipeline.php(219): Illuminate\Session\Middleware\StartSession->handle(Object(Illuminate\Http\Request), Object(Closure))
#59 C:\xampp\htdocs\site_iuhm\vendor\laravel\framework\src\Illuminate\Cookie\Middleware\AddQueuedCookiesToResponse.php(36): Illuminate\Pipeline\Pipeline->{closure:{closure:Illuminate\Pipeline\Pipeline::carry():194}:195}(Object(Illuminate\Http\Request))
#60 C:\xampp\htdocs\site_iuhm\vendor\laravel\framework\src\Illuminate\Pipeline\Pipeline.php(219): Illuminate\Cookie\Middleware\AddQueuedCookiesToResponse->handle(Object(Illuminate\Http\Request), Object(Closure))
#61 C:\xampp\htdocs\site_iuhm\vendor\laravel\framework\src\Illuminate\Cookie\Middleware\EncryptCookies.php(74): Illuminate\Pipeline\Pipeline->{closure:{closure:Illuminate\Pipeline\Pipeline::carry():194}:195}(Object(Illuminate\Http\Request))
#62 C:\xampp\htdocs\site_iuhm\vendor\laravel\framework\src\Illuminate\Pipeline\Pipeline.php(219): Illuminate\Cookie\Middleware\EncryptCookies->handle(Object(Illuminate\Http\Request), Object(Closure))
#63 C:\xampp\htdocs\site_iuhm\vendor\laravel\framework\src\Illuminate\Pipeline\Pipeline.php(137): Illuminate\Pipeline\Pipeline->{closure:{closure:Illuminate\Pipeline\Pipeline::carry():194}:195}(Object(Illuminate\Http\Request))
#64 C:\xampp\htdocs\site_iuhm\vendor\laravel\framework\src\Illuminate\Routing\Router.php(821): Illuminate\Pipeline\Pipeline->then(Object(Closure))
#65 C:\xampp\htdocs\site_iuhm\vendor\laravel\framework\src\Illuminate\Routing\Router.php(800): Illuminate\Routing\Router->runRouteWithinStack(Object(Illuminate\Routing\Route), Object(Illuminate\Http\Request))
#66 C:\xampp\htdocs\site_iuhm\vendor\laravel\framework\src\Illuminate\Routing\Router.php(764): Illuminate\Routing\Router->runRoute(Object(Illuminate\Http\Request), Object(Illuminate\Routing\Route))
#67 C:\xampp\htdocs\site_iuhm\vendor\laravel\framework\src\Illuminate\Routing\Router.php(753): Illuminate\Routing\Router->dispatchToRoute(Object(Illuminate\Http\Request))
#68 C:\xampp\htdocs\site_iuhm\vendor\laravel\framework\src\Illuminate\Foundation\Http\Kernel.php(200): Illuminate\Routing\Router->dispatch(Object(Illuminate\Http\Request))
#69 C:\xampp\htdocs\site_iuhm\vendor\laravel\framework\src\Illuminate\Pipeline\Pipeline.php(180): Illuminate\Foundation\Http\Kernel->{closure:Illuminate\Foundation\Http\Kernel::dispatchToRouter():197}(Object(Illuminate\Http\Request))
#70 C:\xampp\htdocs\site_iuhm\vendor\livewire\livewire\src\Features\SupportDisablingBackButtonCache\DisableBackButtonCacheMiddleware.php(19): Illuminate\Pipeline\Pipeline->{closure:Illuminate\Pipeline\Pipeline::prepareDestination():178}(Object(Illuminate\Http\Request))
#71 C:\xampp\htdocs\site_iuhm\vendor\laravel\framework\src\Illuminate\Pipeline\Pipeline.php(219): Livewire\Features\SupportDisablingBackButtonCache\DisableBackButtonCacheMiddleware->handle(Object(Illuminate\Http\Request), Object(Closure))
#72 C:\xampp\htdocs\site_iuhm\vendor\laravel\framework\src\Illuminate\Foundation\Http\Middleware\TransformsRequest.php(21): Illuminate\Pipeline\Pipeline->{closure:{closure:Illuminate\Pipeline\Pipeline::carry():194}:195}(Object(Illuminate\Http\Request))
#73 C:\xampp\htdocs\site_iuhm\vendor\laravel\framework\src\Illuminate\Foundation\Http\Middleware\ConvertEmptyStringsToNull.php(31): Illuminate\Foundation\Http\Middleware\TransformsRequest->handle(Object(Illuminate\Http\Request), Object(Closure))
#74 C:\xampp\htdocs\site_iuhm\vendor\laravel\framework\src\Illuminate\Pipeline\Pipeline.php(219): Illuminate\Foundation\Http\Middleware\ConvertEmptyStringsToNull->handle(Object(Illuminate\Http\Request), Object(Closure))
#75 C:\xampp\htdocs\site_iuhm\vendor\laravel\framework\src\Illuminate\Foundation\Http\Middleware\TransformsRequest.php(21): Illuminate\Pipeline\Pipeline->{closure:{closure:Illuminate\Pipeline\Pipeline::carry():194}:195}(Object(Illuminate\Http\Request))
#76 C:\xampp\htdocs\site_iuhm\vendor\laravel\framework\src\Illuminate\Foundation\Http\Middleware\TrimStrings.php(51): Illuminate\Foundation\Http\Middleware\TransformsRequest->handle(Object(Illuminate\Http\Request), Object(Closure))
#77 C:\xampp\htdocs\site_iuhm\vendor\laravel\framework\src\Illuminate\Pipeline\Pipeline.php(219): Illuminate\Foundation\Http\Middleware\TrimStrings->handle(Object(Illuminate\Http\Request), Object(Closure))
#78 C:\xampp\htdocs\site_iuhm\vendor\laravel\framework\src\Illuminate\Http\Middleware\ValidatePostSize.php(27): Illuminate\Pipeline\Pipeline->{closure:{closure:Illuminate\Pipeline\Pipeline::carry():194}:195}(Object(Illuminate\Http\Request))
#79 C:\xampp\htdocs\site_iuhm\vendor\laravel\framework\src\Illuminate\Pipeline\Pipeline.php(219): Illuminate\Http\Middleware\ValidatePostSize->handle(Object(Illuminate\Http\Request), Object(Closure))
#80 C:\xampp\htdocs\site_iuhm\vendor\laravel\framework\src\Illuminate\Foundation\Http\Middleware\PreventRequestsDuringMaintenance.php(109): Illuminate\Pipeline\Pipeline->{closure:{closure:Illuminate\Pipeline\Pipeline::carry():194}:195}(Object(Illuminate\Http\Request))
#81 C:\xampp\htdocs\site_iuhm\vendor\laravel\framework\src\Illuminate\Pipeline\Pipeline.php(219): Illuminate\Foundation\Http\Middleware\PreventRequestsDuringMaintenance->handle(Object(Illuminate\Http\Request), Object(Closure))
#82 C:\xampp\htdocs\site_iuhm\vendor\laravel\framework\src\Illuminate\Http\Middleware\HandleCors.php(61): Illuminate\Pipeline\Pipeline->{closure:{closure:Illuminate\Pipeline\Pipeline::carry():194}:195}(Object(Illuminate\Http\Request))
#83 C:\xampp\htdocs\site_iuhm\vendor\laravel\framework\src\Illuminate\Pipeline\Pipeline.php(219): Illuminate\Http\Middleware\HandleCors->handle(Object(Illuminate\Http\Request), Object(Closure))
#84 C:\xampp\htdocs\site_iuhm\vendor\laravel\framework\src\Illuminate\Http\Middleware\TrustProxies.php(58): Illuminate\Pipeline\Pipeline->{closure:{closure:Illuminate\Pipeline\Pipeline::carry():194}:195}(Object(Illuminate\Http\Request))
#85 C:\xampp\htdocs\site_iuhm\vendor\laravel\framework\src\Illuminate\Pipeline\Pipeline.php(219): Illuminate\Http\Middleware\TrustProxies->handle(Object(Illuminate\Http\Request), Object(Closure))
#86 C:\xampp\htdocs\site_iuhm\vendor\laravel\framework\src\Illuminate\Foundation\Http\Middleware\InvokeDeferredCallbacks.php(22): Illuminate\Pipeline\Pipeline->{closure:{closure:Illuminate\Pipeline\Pipeline::carry():194}:195}(Object(Illuminate\Http\Request))
#87 C:\xampp\htdocs\site_iuhm\vendor\laravel\framework\src\Illuminate\Pipeline\Pipeline.php(219): Illuminate\Foundation\Http\Middleware\InvokeDeferredCallbacks->handle(Object(Illuminate\Http\Request), Object(Closure))
#88 C:\xampp\htdocs\site_iuhm\vendor\laravel\framework\src\Illuminate\Http\Middleware\ValidatePathEncoding.php(28): Illuminate\Pipeline\Pipeline->{closure:{closure:Illuminate\Pipeline\Pipeline::carry():194}:195}(Object(Illuminate\Http\Request))
#89 C:\xampp\htdocs\site_iuhm\vendor\laravel\framework\src\Illuminate\Pipeline\Pipeline.php(219): Illuminate\Http\Middleware\ValidatePathEncoding->handle(Object(Illuminate\Http\Request), Object(Closure))
#90 C:\xampp\htdocs\site_iuhm\vendor\laravel\framework\src\Illuminate\Pipeline\Pipeline.php(137): Illuminate\Pipeline\Pipeline->{closure:{closure:Illuminate\Pipeline\Pipeline::carry():194}:195}(Object(Illuminate\Http\Request))
#91 C:\xampp\htdocs\site_iuhm\vendor\laravel\framework\src\Illuminate\Foundation\Http\Kernel.php(175): Illuminate\Pipeline\Pipeline->then(Object(Closure))
#92 C:\xampp\htdocs\site_iuhm\vendor\laravel\framework\src\Illuminate\Foundation\Http\Kernel.php(144): Illuminate\Foundation\Http\Kernel->sendRequestThroughRouter(Object(Illuminate\Http\Request))
#93 C:\xampp\htdocs\site_iuhm\vendor\laravel\framework\src\Illuminate\Foundation\Testing\Concerns\MakesHttpRequests.php(607): Illuminate\Foundation\Http\Kernel->handle(Object(Illuminate\Http\Request))
#94 C:\xampp\htdocs\site_iuhm\vendor\laravel\framework\src\Illuminate\Foundation\Testing\Concerns\MakesHttpRequests.php(368): Illuminate\Foundation\Testing\TestCase->call('GET', 'http://localhos...', Array, Array, Array, Array)
#95 C:\xampp\htdocs\site_iuhm\tests\Feature\Settings\ProfileUpdateTest.php(18): Illuminate\Foundation\Testing\TestCase->get('http://localhos...')
#96 C:\xampp\htdocs\site_iuhm\vendor\phpunit\phpunit\src\Framework\TestCase.php(1335): Tests\Feature\Settings\ProfileUpdateTest->test_profile_page_is_displayed()
#97 C:\xampp\htdocs\site_iuhm\vendor\phpunit\phpunit\src\Framework\TestCase.php(519): PHPUnit\Framework\TestCase->runTest()
#98 C:\xampp\htdocs\site_iuhm\vendor\phpunit\phpunit\src\Framework\TestRunner\TestRunner.php(99): PHPUnit\Framework\TestCase->runBare()
#99 C:\xampp\htdocs\site_iuhm\vendor\phpunit\phpunit\src\Framework\TestCase.php(359): PHPUnit\Framework\TestRunner->run(Object(Tests\Feature\Settings\ProfileUpdateTest))
#100 C:\xampp\htdocs\site_iuhm\vendor\phpunit\phpunit\src\Framework\TestSuite.php(374): PHPUnit\Framework\TestCase->run()
#101 C:\xampp\htdocs\site_iuhm\vendor\phpunit\phpunit\src\Framework\TestSuite.php(374): PHPUnit\Framework\TestSuite->run()
#102 C:\xampp\htdocs\site_iuhm\vendor\phpunit\phpunit\src\Framework\TestSuite.php(374): PHPUnit\Framework\TestSuite->run()
#103 C:\xampp\htdocs\site_iuhm\vendor\phpunit\phpunit\src\TextUI\TestRunner.php(64): PHPUnit\Framework\TestSuite->run()
#104 C:\xampp\htdocs\site_iuhm\vendor\phpunit\phpunit\src\TextUI\Application.php(229): PHPUnit\TextUI\TestRunner->run(Object(PHPUnit\TextUI\Configuration\Configuration), Object(PHPUnit\Runner\ResultCache\DefaultResultCache), Object(PHPUnit\Framework\TestSuite))
#105 C:\xampp\htdocs\site_iuhm\vendor\phpunit\phpunit\phpunit(104): PHPUnit\TextUI\Application->run(Array)
#106 {main}

Next Illuminate\View\ViewException: Undefined variable $navigationPages (View: C:\xampp\htdocs\site_iuhm\resources\views\partials\header.blade.php) (View: C:\xampp\htdocs\site_iuhm\resources\views\partials\header.blade.php) in C:\xampp\htdocs\site_iuhm\storage\framework\views\7051f6576562b2dc7a02a46a651d2c4e.php:19
Stack trace:
#0 C:\xampp\htdocs\site_iuhm\vendor\livewire\livewire\src\Mechanisms\ExtendBlade\ExtendedCompilerEngine.php(58): Illuminate\View\Engines\CompilerEngine->handleViewException(Object(Illuminate\View\ViewException), 2)
#1 C:\xampp\htdocs\site_iuhm\vendor\laravel\framework\src\Illuminate\View\Engines\PhpEngine.php(59): Livewire\Mechanisms\ExtendBlade\ExtendedCompilerEngine->handleViewException(Object(Illuminate\View\ViewException), 2)
#2 C:\xampp\htdocs\site_iuhm\vendor\livewire\livewire\src\Mechanisms\ExtendBlade\ExtendedCompilerEngine.php(22): Illuminate\View\Engines\PhpEngine->evaluatePath('C:\\xampp\\htdocs...', Array)
#3 C:\xampp\htdocs\site_iuhm\vendor\laravel\framework\src\Illuminate\View\Engines\CompilerEngine.php(76): Livewire\Mechanisms\ExtendBlade\ExtendedCompilerEngine->evaluatePath('C:\\xampp\\htdocs...', Array)
#4 C:\xampp\htdocs\site_iuhm\vendor\livewire\livewire\src\Mechanisms\ExtendBlade\ExtendedCompilerEngine.php(10): Illuminate\View\Engines\CompilerEngine->get('C:\\xampp\\htdocs...', Array)
#5 C:\xampp\htdocs\site_iuhm\vendor\laravel\framework\src\Illuminate\View\View.php(208): Livewire\Mechanisms\ExtendBlade\ExtendedCompilerEngine->get('C:\\xampp\\htdocs...', Array)
#6 C:\xampp\htdocs\site_iuhm\vendor\laravel\framework\src\Illuminate\View\View.php(191): Illuminate\View\View->getContents()
#7 C:\xampp\htdocs\site_iuhm\vendor\laravel\framework\src\Illuminate\View\View.php(160): Illuminate\View\View->renderContents()
#8 C:\xampp\htdocs\site_iuhm\vendor\laravel\framework\src\Illuminate\View\Concerns\ManagesComponents.php(103): Illuminate\View\View->render()
#9 C:\xampp\htdocs\site_iuhm\storage\framework\views\7deb94de6e2eb6551b8bc95535a64c72.php(17): Illuminate\View\Factory->renderComponent()
#10 C:\xampp\htdocs\site_iuhm\vendor\laravel\framework\src\Illuminate\Filesystem\Filesystem.php(123): require('C:\\xampp\\htdocs...')
#11 C:\xampp\htdocs\site_iuhm\vendor\laravel\framework\src\Illuminate\Filesystem\Filesystem.php(124): Illuminate\Filesystem\Filesystem::{closure:Illuminate\Filesystem\Filesystem::getRequire():120}()
#12 C:\xampp\htdocs\site_iuhm\vendor\laravel\framework\src\Illuminate\View\Engines\PhpEngine.php(57): Illuminate\Filesystem\Filesystem->getRequire('C:\\xampp\\htdocs...', Array)
#13 C:\xampp\htdocs\site_iuhm\vendor\livewire\livewire\src\Mechanisms\ExtendBlade\ExtendedCompilerEngine.php(22): Illuminate\View\Engines\PhpEngine->evaluatePath('C:\\xampp\\htdocs...', Array)
#14 C:\xampp\htdocs\site_iuhm\vendor\laravel\framework\src\Illuminate\View\Engines\CompilerEngine.php(76): Livewire\Mechanisms\ExtendBlade\ExtendedCompilerEngine->evaluatePath('C:\\xampp\\htdocs...', Array)
#15 C:\xampp\htdocs\site_iuhm\vendor\livewire\livewire\src\Mechanisms\ExtendBlade\ExtendedCompilerEngine.php(10): Illuminate\View\Engines\CompilerEngine->get('C:\\xampp\\htdocs...', Array)
#16 C:\xampp\htdocs\site_iuhm\vendor\laravel\framework\src\Illuminate\View\View.php(208): Livewire\Mechanisms\ExtendBlade\ExtendedCompilerEngine->get('C:\\xampp\\htdocs...', Array)
#17 C:\xampp\htdocs\site_iuhm\vendor\laravel\framework\src\Illuminate\View\View.php(191): Illuminate\View\View->getContents()
#18 C:\xampp\htdocs\site_iuhm\vendor\laravel\framework\src\Illuminate\View\View.php(160): Illuminate\View\View->renderContents()
#19 C:\xampp\htdocs\site_iuhm\vendor\laravel\framework\src\Illuminate\View\Compilers\BladeCompiler.php(353): Illuminate\View\View->render()
#20 C:\xampp\htdocs\site_iuhm\vendor\laravel\framework\src\Illuminate\Support\Facades\Facade.php(363): Illuminate\View\Compilers\BladeCompiler::render('    <?php $layo...', Array)
#21 C:\xampp\htdocs\site_iuhm\vendor\livewire\livewire\src\Features\SupportPageComponents\SupportPageComponents.php(162): Illuminate\Support\Facades\Facade::__callStatic('render', Array)
#22 C:\xampp\htdocs\site_iuhm\vendor\livewire\livewire\src\Features\SupportPageComponents\HandlesPageComponents.php(26): Livewire\Features\SupportPageComponents\SupportPageComponents::renderContentsIntoLayout('[39;22m[39;1m<section wire:s...', Object(Livewire\Features\SupportPageComponents\PageComponentConfig))
#23 C:\xampp\htdocs\site_iuhm\vendor\laravel\framework\src\Illuminate\Container\BoundMethod.php(36): Livewire\Component->[39;22m[39;1m__invoke()
#24 C:\xampp\htdocs\site_iuhm\vendor\laravel\framework\src\Illuminate\Container\Util.php(43): Illuminate\Container\BoundMethod::{closure:Illuminate\Container\BoundMethod::call():35}()
#25 C:\xampp\htdocs\site_iuhm\vendor\laravel\framework\src\Illuminate\Container\BoundMethod.php(96): Illuminate\Container\Util::unwrapIfClosure(Object(Closure))
#26 C:\xampp\htdocs\site_iuhm\vendor\laravel\framework\src\Illuminate\Container\BoundMethod.php(35): Illuminate\Container\BoundMethod::callBoundMethod(Object(Illuminate\Foundation\Application), Array, Object(Closure))
#27 C:\xampp\htdocs\site_iuhm\vendor\laravel\framework\src\Illuminate\Container\Container.php(799): Illuminate\Container\BoundMethod::call(Object(Illuminate\Foundation\Application), Array, Array, NULL)
#28 C:\xampp\htdocs\site_iuhm\vendor\livewire\livewire\src\Mechanisms\HandleRouting\LivewirePageController.php(15): Illuminate\Container\Container->call(Array)
#29 C:\xampp\htdocs\site_iuhm\vendor\laravel\framework\src\Illuminate\Routing\ControllerDispatcher.php(46): Livewire\Mechanisms\HandleRouting\LivewirePageController->__invoke()
#30 C:\xampp\htdocs\site_iuhm\vendor\laravel\framework\src\Illuminate\Routing\Route.php(269): Illuminate\Routing\ControllerDispatcher->dispatch(Object(Illuminate\Routing\Route), Object(Livewire\Mechanisms\HandleRouting\LivewirePageController), '__invoke')
#31 C:\xampp\htdocs\site_iuhm\vendor\laravel\framework\src\Illuminate\Routing\Route.php(215): Illuminate\Routing\Route->runController()
#32 C:\xampp\htdocs\site_iuhm\vendor\laravel\framework\src\Illuminate\Routing\Router.php(822): Illuminate\Routing\Route->run()
#33 C:\xampp\htdocs\site_iuhm\vendor\laravel\framework\src\Illuminate\Pipeline\Pipeline.php(180): Illuminate\Routing\Router->{closure:Illuminate\Routing\Router::runRouteWithinStack():821}(Object(Illuminate\Http\Request))
#34 C:\xampp\htdocs\site_iuhm\app\Http\Middleware\SetTeamUrlDefaults.php(26): Illuminate\Pipeline\Pipeline->{closure:Illuminate\Pipeline\Pipeline::prepareDestination():178}(Object(Illuminate\Http\Request))
#35 C:\xampp\htdocs\site_iuhm\vendor\laravel\framework\src\Illuminate\Pipeline\Pipeline.php(219): App\Http\Middleware\SetTeamUrlDefaults->handle(Object(Illuminate\Http\Request), Object(Closure))
#36 C:\xampp\htdocs\site_iuhm\app\Http\Middleware\SetLocale.php(28): Illuminate\Pipeline\Pipeline->{closure:{closure:Illuminate\Pipeline\Pipeline::carry():194}:195}(Object(Illuminate\Http\Request))
#37 C:\xampp\htdocs\site_iuhm\vendor\laravel\framework\src\Illuminate\Pipeline\Pipeline.php(219): App\Http\Middleware\SetLocale->handle(Object(Illuminate\Http\Request), Object(Closure))
#38 C:\xampp\htdocs\site_iuhm\vendor\laravel\framework\src\Illuminate\Routing\Middleware\SubstituteBindings.php(52): Illuminate\Pipeline\Pipeline->{closure:{closure:Illuminate\Pipeline\Pipeline::carry():194}:195}(Object(Illuminate\Http\Request))
#39 C:\xampp\htdocs\site_iuhm\vendor\laravel\framework\src\Illuminate\Pipeline\Pipeline.php(219): Illuminate\Routing\Middleware\SubstituteBindings->handle(Object(Illuminate\Http\Request), Object(Closure))
#40 C:\xampp\htdocs\site_iuhm\vendor\laravel\framework\src\Illuminate\Auth\Middleware\Authenticate.php(63): Illuminate\Pipeline\Pipeline->{closure:{closure:Illuminate\Pipeline\Pipeline::carry():194}:195}(Object(Illuminate\Http\Request))
#41 C:\xampp\htdocs\site_iuhm\vendor\laravel\framework\src\Illuminate\Pipeline\Pipeline.php(219): Illuminate\Auth\Middleware\Authenticate->handle(Object(Illuminate\Http\Request), Object(Closure))
#42 C:\xampp\htdocs\site_iuhm\vendor\laravel\framework\src\Illuminate\Foundation\Http\Middleware\PreventRequestForgery.php(104): Illuminate\Pipeline\Pipeline->{closure:{closure:Illuminate\Pipeline\Pipeline::carry():194}:195}(Object(Illuminate\Http\Request))
#43 C:\xampp\htdocs\site_iuhm\vendor\laravel\framework\src\Illuminate\Pipeline\Pipeline.php(219): Illuminate\Foundation\Http\Middleware\PreventRequestForgery->handle(Object(Illuminate\Http\Request), Object(Closure))
#44 C:\xampp\htdocs\site_iuhm\vendor\laravel\framework\src\Illuminate\View\Middleware\ShareErrorsFromSession.php(48): Illuminate\Pipeline\Pipeline->{closure:{closure:Illuminate\Pipeline\Pipeline::carry():194}:195}(Object(Illuminate\Http\Request))
#45 C:\xampp\htdocs\site_iuhm\vendor\laravel\framework\src\Illuminate\Pipeline\Pipeline.php(219): Illuminate\View\Middleware\ShareErrorsFromSession->handle(Object(Illuminate\Http\Request), Object(Closure))
#46 C:\xampp\htdocs\site_iuhm\vendor\laravel\framework\src\Illuminate\Session\Middleware\StartSession.php(120): Illuminate\Pipeline\Pipeline->{closure:{closure:Illuminate\Pipeline\Pipeline::carry():194}:195}(Object(Illuminate\Http\Request))
#47 C:\xampp\htdocs\site_iuhm\vendor\laravel\framework\src\Illuminate\Session\Middleware\StartSession.php(63): Illuminate\Session\Middleware\StartSession->handleStatefulRequest(Object(Illuminate\Http\Request), Object(Illuminate\Session\Store), Object(Closure))
#48 C:\xampp\htdocs\site_iuhm\vendor\laravel\framework\src\Illuminate\Pipeline\Pipeline.php(219): Illuminate\Session\Middleware\StartSession->handle(Object(Illuminate\Http\Request), Object(Closure))
#49 C:\xampp\htdocs\site_iuhm\vendor\laravel\framework\src\Illuminate\Cookie\Middleware\AddQueuedCookiesToResponse.php(36): Illuminate\Pipeline\Pipeline->{closure:{closure:Illuminate\Pipeline\Pipeline::carry():194}:195}(Object(Illuminate\Http\Request))
#50 C:\xampp\htdocs\site_iuhm\vendor\laravel\framework\src\Illuminate\Pipeline\Pipeline.php(219): Illuminate\Cookie\Middleware\AddQueuedCookiesToResponse->handle(Object(Illuminate\Http\Request), Object(Closure))
#51 C:\xampp\htdocs\site_iuhm\vendor\laravel\framework\src\Illuminate\Cookie\Middleware\EncryptCookies.php(74): Illuminate\Pipeline\Pipeline->{closure:{closure:Illuminate\Pipeline\Pipeline::carry():194}:195}(Object(Illuminate\Http\Request))
#52 C:\xampp\htdocs\site_iuhm\vendor\laravel\framework\src\Illuminate\Pipeline\Pipeline.php(219): Illuminate\Cookie\Middleware\EncryptCookies->handle(Object(Illuminate\Http\Request), Object(Closure))
#53 C:\xampp\htdocs\site_iuhm\vendor\laravel\framework\src\Illuminate\Pipeline\Pipeline.php(137): Illuminate\Pipeline\Pipeline->{closure:{closure:Illuminate\Pipeline\Pipeline::carry():194}:195}(Object(Illuminate\Http\Request))
#54 C:\xampp\htdocs\site_iuhm\vendor\laravel\framework\src\Illuminate\Routing\Router.php(821): Illuminate\Pipeline\Pipeline->then(Object(Closure))
#55 C:\xampp\htdocs\site_iuhm\vendor\laravel\framework\src\Illuminate\Routing\Router.php(800): Illuminate\Routing\Router->runRouteWithinStack(Object(Illuminate\Routing\Route), Object(Illuminate\Http\Request))
#56 C:\xampp\htdocs\site_iuhm\vendor\laravel\framework\src\Illuminate\Routing\Router.php(764): Illuminate\Routing\Router->runRoute(Object(Illuminate\Http\Request), Object(Illuminate\Routing\Route))
#57 C:\xampp\htdocs\site_iuhm\vendor\laravel\framework\src\Illuminate\Routing\Router.php(753): Illuminate\Routing\Router->dispatchToRoute(Object(Illuminate\Http\Request))
#58 C:\xampp\htdocs\site_iuhm\vendor\laravel\framework\src\Illuminate\Foundation\Http\Kernel.php(200): Illuminate\Routing\Router->dispatch(Object(Illuminate\Http\Request))
#59 C:\xampp\htdocs\site_iuhm\vendor\laravel\framework\src\Illuminate\Pipeline\Pipeline.php(180): Illuminate\Foundation\Http\Kernel->{closure:Illuminate\Foundation\Http\Kernel::dispatchToRouter():197}(Object(Illuminate\Http\Request))
#60 C:\xampp\htdocs\site_iuhm\vendor\livewire\livewire\src\Features\SupportDisablingBackButtonCache\DisableBackButtonCacheMiddleware.php(19): Illuminate\Pipeline\Pipeline->{closure:Illuminate\Pipeline\Pipeline::prepareDestination():178}(Object(Illuminate\Http\Request))
#61 C:\xampp\htdocs\site_iuhm\vendor\laravel\framework\src\Illuminate\Pipeline\Pipeline.php(219): Livewire\Features\SupportDisablingBackButtonCache\DisableBackButtonCacheMiddleware->handle(Object(Illuminate\Http\Request), Object(Closure))
#62 C:\xampp\htdocs\site_iuhm\vendor\laravel\framework\src\Illuminate\Foundation\Http\Middleware\TransformsRequest.php(21): Illuminate\Pipeline\Pipeline->{closure:{closure:Illuminate\Pipeline\Pipeline::carry():194}:195}(Object(Illuminate\Http\Request))
#63 C:\xampp\htdocs\site_iuhm\vendor\laravel\framework\src\Illuminate\Foundation\Http\Middleware\ConvertEmptyStringsToNull.php(31): Illuminate\Foundation\Http\Middleware\TransformsRequest->handle(Object(Illuminate\Http\Request), Object(Closure))
#64 C:\xampp\htdocs\site_iuhm\vendor\laravel\framework\src\Illuminate\Pipeline\Pipeline.php(219): Illuminate\Foundation\Http\Middleware\ConvertEmptyStringsToNull->handle(Object(Illuminate\Http\Request), Object(Closure))
#65 C:\xampp\htdocs\site_iuhm\vendor\laravel\framework\src\Illuminate\Foundation\Http\Middleware\TransformsRequest.php(21): Illuminate\Pipeline\Pipeline->{closure:{closure:Illuminate\Pipeline\Pipeline::carry():194}:195}(Object(Illuminate\Http\Request))
#66 C:\xampp\htdocs\site_iuhm\vendor\laravel\framework\src\Illuminate\Foundation\Http\Middleware\TrimStrings.php(51): Illuminate\Foundation\Http\Middleware\TransformsRequest->handle(Object(Illuminate\Http\Request), Object(Closure))
#67 C:\xampp\htdocs\site_iuhm\vendor\laravel\framework\src\Illuminate\Pipeline\Pipeline.php(219): Illuminate\Foundation\Http\Middleware\TrimStrings->handle(Object(Illuminate\Http\Request), Object(Closure))
#68 C:\xampp\htdocs\site_iuhm\vendor\laravel\framework\src\Illuminate\Http\Middleware\ValidatePostSize.php(27): Illuminate\Pipeline\Pipeline->{closure:{closure:Illuminate\Pipeline\Pipeline::carry():194}:195}(Object(Illuminate\Http\Request))
#69 C:\xampp\htdocs\site_iuhm\vendor\laravel\framework\src\Illuminate\Pipeline\Pipeline.php(219): Illuminate\Http\Middleware\ValidatePostSize->handle(Object(Illuminate\Http\Request), Object(Closure))
#70 C:\xampp\htdocs\site_iuhm\vendor\laravel\framework\src\Illuminate\Foundation\Http\Middleware\PreventRequestsDuringMaintenance.php(109): Illuminate\Pipeline\Pipeline->{closure:{closure:Illuminate\Pipeline\Pipeline::carry():194}:195}(Object(Illuminate\Http\Request))
#71 C:\xampp\htdocs\site_iuhm\vendor\laravel\framework\src\Illuminate\Pipeline\Pipeline.php(219): Illuminate\Foundation\Http\Middleware\PreventRequestsDuringMaintenance->handle(Object(Illuminate\Http\Request), Object(Closure))
#72 C:\xampp\htdocs\site_iuhm\vendor\laravel\framework\src\Illuminate\Http\Middleware\HandleCors.php(61): Illuminate\Pipeline\Pipeline->{closure:{closure:Illuminate\Pipeline\Pipeline::carry():194}:195}(Object(Illuminate\Http\Request))
#73 C:\xampp\htdocs\site_iuhm\vendor\laravel\framework\src\Illuminate\Pipeline\Pipeline.php(219): Illuminate\Http\Middleware\HandleCors->handle(Object(Illuminate\Http\Request), Object(Closure))
#74 C:\xampp\htdocs\site_iuhm\vendor\laravel\framework\src\Illuminate\Http\Middleware\TrustProxies.php(58): Illuminate\Pipeline\Pipeline->{closure:{closure:Illuminate\Pipeline\Pipeline::carry():194}:195}(Object(Illuminate\Http\Request))
#75 C:\xampp\htdocs\site_iuhm\vendor\laravel\framework\src\Illuminate\Pipeline\Pipeline.php(219): Illuminate\Http\Middleware\TrustProxies->handle(Object(Illuminate\Http\Request), Object(Closure))
#76 C:\xampp\htdocs\site_iuhm\vendor\laravel\framework\src\Illuminate\Foundation\Http\Middleware\InvokeDeferredCallbacks.php(22): Illuminate\Pipeline\Pipeline->{closure:{closure:Illuminate\Pipeline\Pipeline::carry():194}:195}(Object(Illuminate\Http\Request))
#77 C:\xampp\htdocs\site_iuhm\vendor\laravel\framework\src\Illuminate\Pipeline\Pipeline.php(219): Illuminate\Foundation\Http\Middleware\InvokeDeferredCallbacks->handle(Object(Illuminate\Http\Request), Object(Closure))
#78 C:\xampp\htdocs\site_iuhm\vendor\laravel\framework\src\Illuminate\Http\Middleware\ValidatePathEncoding.php(28): Illuminate\Pipeline\Pipeline->{closure:{closure:Illuminate\Pipeline\Pipeline::carry():194}:195}(Object(Illuminate\Http\Request))
#79 C:\xampp\htdocs\site_iuhm\vendor\laravel\framework\src\Illuminate\Pipeline\Pipeline.php(219): Illuminate\Http\Middleware\ValidatePathEncoding->handle(Object(Illuminate\Http\Request), Object(Closure))
#80 C:\xampp\htdocs\site_iuhm\vendor\laravel\framework\src\Illuminate\Pipeline\Pipeline.php(137): Illuminate\Pipeline\Pipeline->{closure:{closure:Illuminate\Pipeline\Pipeline::carry():194}:195}(Object(Illuminate\Http\Request))
#81 C:\xampp\htdocs\site_iuhm\vendor\laravel\framework\src\Illuminate\Foundation\Http\Kernel.php(175): Illuminate\Pipeline\Pipeline->then(Object(Closure))
#82 C:\xampp\htdocs\site_iuhm\vendor\laravel\framework\src\Illuminate\Foundation\Http\Kernel.php(144): Illuminate\Foundation\Http\Kernel->sendRequestThroughRouter(Object(Illuminate\Http\Request))
#83 C:\xampp\htdocs\site_iuhm\vendor\laravel\framework\src\Illuminate\Foundation\Testing\Concerns\MakesHttpRequests.php(607): Illuminate\Foundation\Http\Kernel->handle(Object(Illuminate\Http\Request))
#84 C:\xampp\htdocs\site_iuhm\vendor\laravel\framework\src\Illuminate\Foundation\Testing\Concerns\MakesHttpRequests.php(368): Illuminate\Foundation\Testing\TestCase->call('GET', 'http://localhos...', Array, Array, Array, Array)
#85 C:\xampp\htdocs\site_iuhm\tests\Feature\Settings\ProfileUpdateTest.php(18): Illuminate\Foundation\Testing\TestCase->get('http://localhos...')
#86 C:\xampp\htdocs\site_iuhm\vendor\phpunit\phpunit\src\Framework\TestCase.php(1335): Tests\Feature\Settings\ProfileUpdateTest->test_profile_page_is_displayed()
#87 C:\xampp\htdocs\site_iuhm\vendor\phpunit\phpunit\src\Framework\TestCase.php(519): PHPUnit\Framework\TestCase->runTest()
#88 C:\xampp\htdocs\site_iuhm\vendor\phpunit\phpunit\src\Framework\TestRunner\TestRunner.php(99): PHPUnit\Framework\TestCase->runBare()
#89 C:\xampp\htdocs\site_iuhm\vendor\phpunit\phpunit\src\Framework\TestCase.php(359): PHPUnit\Framework\TestRunner->run(Object(Tests\Feature\Settings\ProfileUpdateTest))
#90 C:\xampp\htdocs\site_iuhm\vendor\phpunit\phpunit\src\Framework\TestSuite.php(374): PHPUnit\Framework\TestCase->run()
#91 C:\xampp\htdocs\site_iuhm\vendor\phpunit\phpunit\src\Framework\TestSuite.php(374): PHPUnit\Framework\TestSuite->run()
#92 C:\xampp\htdocs\site_iuhm\vendor\phpunit\phpunit\src\Framework\TestSuite.php(374): PHPUnit\Framework\TestSuite->run()
#93 C:\xampp\htdocs\site_iuhm\vendor\phpunit\phpunit\src\TextUI\TestRunner.php(64): PHPUnit\Framework\TestSuite->run()
#94 C:\xampp\htdocs\site_iuhm\vendor\phpunit\phpunit\src\TextUI\Application.php(229): PHPUnit\TextUI\TestRunner->run(Object(PHPUnit\TextUI\Configuration\Configuration), Object(PHPUnit\Runner\ResultCache\DefaultResultCache), Object(PHPUnit\Framework\TestSuite))
#95 C:\xampp\htdocs\site_iuhm\vendor\phpunit\phpunit\phpunit(104): PHPUnit\TextUI\Application->run(Array)
#96 {main}

Next Illuminate\View\ViewException: Undefined variable $navigationPages (View: C:\xampp\htdocs\site_iuhm\resources\views\partials\header.blade.php) (View: C:\xampp\htdocs\site_iuhm\resources\views\partials\header.blade.php) (View: C:\xampp\htdocs\site_iuhm\resources\views\partials\header.blade.php) in C:\xampp\htdocs\site_iuhm\storage\framework\views\7051f6576562b2dc7a02a46a651d2c4e.php:19
Stack trace:
#0 C:\xampp\htdocs\site_iuhm\vendor\livewire\livewire\src\Mechanisms\ExtendBlade\ExtendedCompilerEngine.php(58): Illuminate\View\Engines\CompilerEngine->handleViewException(Object(Illuminate\View\ViewException), 1)
#1 C:\xampp\htdocs\site_iuhm\vendor\laravel\framework\src\Illuminate\View\Engines\PhpEngine.php(59): Livewire\Mechanisms\ExtendBlade\ExtendedCompilerEngine->handleViewException(Object(Illuminate\View\ViewException), 1)
#2 C:\xampp\htdocs\site_iuhm\vendor\livewire\livewire\src\Mechanisms\ExtendBlade\ExtendedCompilerEngine.php(22): Illuminate\View\Engines\PhpEngine->evaluatePath('C:\\xampp\\htdocs...', Array)
#3 C:\xampp\htdocs\site_iuhm\vendor\laravel\framework\src\Illuminate\View\Engines\CompilerEngine.php(76): Livewire\Mechanisms\ExtendBlade\ExtendedCompilerEngine->evaluatePath('C:\\xampp\\htdocs...', Array)
#4 C:\xampp\htdocs\site_iuhm\vendor\livewire\livewire\src\Mechanisms\ExtendBlade\ExtendedCompilerEngine.php(10): Illuminate\View\Engines\CompilerEngine->get('C:\\xampp\\htdocs...', Array)
#5 C:\xampp\htdocs\site_iuhm\vendor\laravel\framework\src\Illuminate\View\View.php(208): Livewire\Mechanisms\ExtendBlade\ExtendedCompilerEngine->get('C:\\xampp\\htdocs...', Array)
#6 C:\xampp\htdocs\site_iuhm\vendor\laravel\framework\src\Illuminate\View\View.php(191): Illuminate\View\View->getContents()
#7 C:\xampp\htdocs\site_iuhm\vendor\laravel\framework\src\Illuminate\View\View.php(160): Illuminate\View\View->renderContents()
#8 C:\xampp\htdocs\site_iuhm\vendor\laravel\framework\src\Illuminate\View\Compilers\BladeCompiler.php(353): Illuminate\View\View->render()
#9 C:\xampp\htdocs\site_iuhm\vendor\laravel\framework\src\Illuminate\Support\Facades\Facade.php(363): Illuminate\View\Compilers\BladeCompiler::render('    <?php $layo...', Array)
#10 C:\xampp\htdocs\site_iuhm\vendor\livewire\livewire\src\Features\SupportPageComponents\SupportPageComponents.php(162): Illuminate\Support\Facades\Facade::__callStatic('render', Array)
#11 C:\xampp\htdocs\site_iuhm\vendor\livewire\livewire\src\Features\SupportPageComponents\HandlesPageComponents.php(26): Livewire\Features\SupportPageComponents\SupportPageComponents::renderContentsIntoLayout('[39;22m[39;1m<section wire:s...', Object(Livewire\Features\SupportPageComponents\PageComponentConfig))
#12 C:\xampp\htdocs\site_iuhm\vendor\laravel\framework\src\Illuminate\Container\BoundMethod.php(36): Livewire\Component->[39;22m[39;1m__invoke()
#13 C:\xampp\htdocs\site_iuhm\vendor\laravel\framework\src\Illuminate\Container\Util.php(43): Illuminate\Container\BoundMethod::{closure:Illuminate\Container\BoundMethod::call():35}()
#14 C:\xampp\htdocs\site_iuhm\vendor\laravel\framework\src\Illuminate\Container\BoundMethod.php(96): Illuminate\Container\Util::unwrapIfClosure(Object(Closure))
#15 C:\xampp\htdocs\site_iuhm\vendor\laravel\framework\src\Illuminate\Container\BoundMethod.php(35): Illuminate\Container\BoundMethod::callBoundMethod(Object(Illuminate\Foundation\Application), Array, Object(Closure))
#16 C:\xampp\htdocs\site_iuhm\vendor\laravel\framework\src\Illuminate\Container\Container.php(799): Illuminate\Container\BoundMethod::call(Object(Illuminate\Foundation\Application), Array, Array, NULL)
#17 C:\xampp\htdocs\site_iuhm\vendor\livewire\livewire\src\Mechanisms\HandleRouting\LivewirePageController.php(15): Illuminate\Container\Container->call(Array)
#18 C:\xampp\htdocs\site_iuhm\vendor\laravel\framework\src\Illuminate\Routing\ControllerDispatcher.php(46): Livewire\Mechanisms\HandleRouting\LivewirePageController->__invoke()
#19 C:\xampp\htdocs\site_iuhm\vendor\laravel\framework\src\Illuminate\Routing\Route.php(269): Illuminate\Routing\ControllerDispatcher->dispatch(Object(Illuminate\Routing\Route), Object(Livewire\Mechanisms\HandleRouting\LivewirePageController), '__invoke')
#20 C:\xampp\htdocs\site_iuhm\vendor\laravel\framework\src\Illuminate\Routing\Route.php(215): Illuminate\Routing\Route->runController()
#21 C:\xampp\htdocs\site_iuhm\vendor\laravel\framework\src\Illuminate\Routing\Router.php(822): Illuminate\Routing\Route->run()
#22 C:\xampp\htdocs\site_iuhm\vendor\laravel\framework\src\Illuminate\Pipeline\Pipeline.php(180): Illuminate\Routing\Router->{closure:Illuminate\Routing\Router::runRouteWithinStack():821}(Object(Illuminate\Http\Request))
#23 C:\xampp\htdocs\site_iuhm\app\Http\Middleware\SetTeamUrlDefaults.php(26): Illuminate\Pipeline\Pipeline->{closure:Illuminate\Pipeline\Pipeline::prepareDestination():178}(Object(Illuminate\Http\Request))
#24 C:\xampp\htdocs\site_iuhm\vendor\laravel\framework\src\Illuminate\Pipeline\Pipeline.php(219): App\Http\Middleware\SetTeamUrlDefaults->handle(Object(Illuminate\Http\Request), Object(Closure))
#25 C:\xampp\htdocs\site_iuhm\app\Http\Middleware\SetLocale.php(28): Illuminate\Pipeline\Pipeline->{closure:{closure:Illuminate\Pipeline\Pipeline::carry():194}:195}(Object(Illuminate\Http\Request))
#26 C:\xampp\htdocs\site_iuhm\vendor\laravel\framework\src\Illuminate\Pipeline\Pipeline.php(219): App\Http\Middleware\SetLocale->handle(Object(Illuminate\Http\Request), Object(Closure))
#27 C:\xampp\htdocs\site_iuhm\vendor\laravel\framework\src\Illuminate\Routing\Middleware\SubstituteBindings.php(52): Illuminate\Pipeline\Pipeline->{closure:{closure:Illuminate\Pipeline\Pipeline::carry():194}:195}(Object(Illuminate\Http\Request))
#28 C:\xampp\htdocs\site_iuhm\vendor\laravel\framework\src\Illuminate\Pipeline\Pipeline.php(219): Illuminate\Routing\Middleware\SubstituteBindings->handle(Object(Illuminate\Http\Request), Object(Closure))
#29 C:\xampp\htdocs\site_iuhm\vendor\laravel\framework\src\Illuminate\Auth\Middleware\Authenticate.php(63): Illuminate\Pipeline\Pipeline->{closure:{closure:Illuminate\Pipeline\Pipeline::carry():194}:195}(Object(Illuminate\Http\Request))
#30 C:\xampp\htdocs\site_iuhm\vendor\laravel\framework\src\Illuminate\Pipeline\Pipeline.php(219): Illuminate\Auth\Middleware\Authenticate->handle(Object(Illuminate\Http\Request), Object(Closure))
#31 C:\xampp\htdocs\site_iuhm\vendor\laravel\framework\src\Illuminate\Foundation\Http\Middleware\PreventRequestForgery.php(104): Illuminate\Pipeline\Pipeline->{closure:{closure:Illuminate\Pipeline\Pipeline::carry():194}:195}(Object(Illuminate\Http\Request))
#32 C:\xampp\htdocs\site_iuhm\vendor\laravel\framework\src\Illuminate\Pipeline\Pipeline.php(219): Illuminate\Foundation\Http\Middleware\PreventRequestForgery->handle(Object(Illuminate\Http\Request), Object(Closure))
#33 C:\xampp\htdocs\site_iuhm\vendor\laravel\framework\src\Illuminate\View\Middleware\ShareErrorsFromSession.php(48): Illuminate\Pipeline\Pipeline->{closure:{closure:Illuminate\Pipeline\Pipeline::carry():194}:195}(Object(Illuminate\Http\Request))
#34 C:\xampp\htdocs\site_iuhm\vendor\laravel\framework\src\Illuminate\Pipeline\Pipeline.php(219): Illuminate\View\Middleware\ShareErrorsFromSession->handle(Object(Illuminate\Http\Request), Object(Closure))
#35 C:\xampp\htdocs\site_iuhm\vendor\laravel\framework\src\Illuminate\Session\Middleware\StartSession.php(120): Illuminate\Pipeline\Pipeline->{closure:{closure:Illuminate\Pipeline\Pipeline::carry():194}:195}(Object(Illuminate\Http\Request))
#36 C:\xampp\htdocs\site_iuhm\vendor\laravel\framework\src\Illuminate\Session\Middleware\StartSession.php(63): Illuminate\Session\Middleware\StartSession->handleStatefulRequest(Object(Illuminate\Http\Request), Object(Illuminate\Session\Store), Object(Closure))
#37 C:\xampp\htdocs\site_iuhm\vendor\laravel\framework\src\Illuminate\Pipeline\Pipeline.php(219): Illuminate\Session\Middleware\StartSession->handle(Object(Illuminate\Http\Request), Object(Closure))
#38 C:\xampp\htdocs\site_iuhm\vendor\laravel\framework\src\Illuminate\Cookie\Middleware\AddQueuedCookiesToResponse.php(36): Illuminate\Pipeline\Pipeline->{closure:{closure:Illuminate\Pipeline\Pipeline::carry():194}:195}(Object(Illuminate\Http\Request))
#39 C:\xampp\htdocs\site_iuhm\vendor\laravel\framework\src\Illuminate\Pipeline\Pipeline.php(219): Illuminate\Cookie\Middleware\AddQueuedCookiesToResponse->handle(Object(Illuminate\Http\Request), Object(Closure))
#40 C:\xampp\htdocs\site_iuhm\vendor\laravel\framework\src\Illuminate\Cookie\Middleware\EncryptCookies.php(74): Illuminate\Pipeline\Pipeline->{closure:{closure:Illuminate\Pipeline\Pipeline::carry():194}:195}(Object(Illuminate\Http\Request))
#41 C:\xampp\htdocs\site_iuhm\vendor\laravel\framework\src\Illuminate\Pipeline\Pipeline.php(219): Illuminate\Cookie\Middleware\EncryptCookies->handle(Object(Illuminate\Http\Request), Object(Closure))
#42 C:\xampp\htdocs\site_iuhm\vendor\laravel\framework\src\Illuminate\Pipeline\Pipeline.php(137): Illuminate\Pipeline\Pipeline->{closure:{closure:Illuminate\Pipeline\Pipeline::carry():194}:195}(Object(Illuminate\Http\Request))
#43 C:\xampp\htdocs\site_iuhm\vendor\laravel\framework\src\Illuminate\Routing\Router.php(821): Illuminate\Pipeline\Pipeline->then(Object(Closure))
#44 C:\xampp\htdocs\site_iuhm\vendor\laravel\framework\src\Illuminate\Routing\Router.php(800): Illuminate\Routing\Router->runRouteWithinStack(Object(Illuminate\Routing\Route), Object(Illuminate\Http\Request))
#45 C:\xampp\htdocs\site_iuhm\vendor\laravel\framework\src\Illuminate\Routing\Router.php(764): Illuminate\Routing\Router->runRoute(Object(Illuminate\Http\Request), Object(Illuminate\Routing\Route))
#46 C:\xampp\htdocs\site_iuhm\vendor\laravel\framework\src\Illuminate\Routing\Router.php(753): Illuminate\Routing\Router->dispatchToRoute(Object(Illuminate\Http\Request))
#47 C:\xampp\htdocs\site_iuhm\vendor\laravel\framework\src\Illuminate\Foundation\Http\Kernel.php(200): Illuminate\Routing\Router->dispatch(Object(Illuminate\Http\Request))
#48 C:\xampp\htdocs\site_iuhm\vendor\laravel\framework\src\Illuminate\Pipeline\Pipeline.php(180): Illuminate\Foundation\Http\Kernel->{closure:Illuminate\Foundation\Http\Kernel::dispatchToRouter():197}(Object(Illuminate\Http\Request))
#49 C:\xampp\htdocs\site_iuhm\vendor\livewire\livewire\src\Features\SupportDisablingBackButtonCache\DisableBackButtonCacheMiddleware.php(19): Illuminate\Pipeline\Pipeline->{closure:Illuminate\Pipeline\Pipeline::prepareDestination():178}(Object(Illuminate\Http\Request))
#50 C:\xampp\htdocs\site_iuhm\vendor\laravel\framework\src\Illuminate\Pipeline\Pipeline.php(219): Livewire\Features\SupportDisablingBackButtonCache\DisableBackButtonCacheMiddleware->handle(Object(Illuminate\Http\Request), Object(Closure))
#51 C:\xampp\htdocs\site_iuhm\vendor\laravel\framework\src\Illuminate\Foundation\Http\Middleware\TransformsRequest.php(21): Illuminate\Pipeline\Pipeline->{closure:{closure:Illuminate\Pipeline\Pipeline::carry():194}:195}(Object(Illuminate\Http\Request))
#52 C:\xampp\htdocs\site_iuhm\vendor\laravel\framework\src\Illuminate\Foundation\Http\Middleware\ConvertEmptyStringsToNull.php(31): Illuminate\Foundation\Http\Middleware\TransformsRequest->handle(Object(Illuminate\Http\Request), Object(Closure))
#53 C:\xampp\htdocs\site_iuhm\vendor\laravel\framework\src\Illuminate\Pipeline\Pipeline.php(219): Illuminate\Foundation\Http\Middleware\ConvertEmptyStringsToNull->handle(Object(Illuminate\Http\Request), Object(Closure))
#54 C:\xampp\htdocs\site_iuhm\vendor\laravel\framework\src\Illuminate\Foundation\Http\Middleware\TransformsRequest.php(21): Illuminate\Pipeline\Pipeline->{closure:{closure:Illuminate\Pipeline\Pipeline::carry():194}:195}(Object(Illuminate\Http\Request))
#55 C:\xampp\htdocs\site_iuhm\vendor\laravel\framework\src\Illuminate\Foundation\Http\Middleware\TrimStrings.php(51): Illuminate\Foundation\Http\Middleware\TransformsRequest->handle(Object(Illuminate\Http\Request), Object(Closure))
#56 C:\xampp\htdocs\site_iuhm\vendor\laravel\framework\src\Illuminate\Pipeline\Pipeline.php(219): Illuminate\Foundation\Http\Middleware\TrimStrings->handle(Object(Illuminate\Http\Request), Object(Closure))
#57 C:\xampp\htdocs\site_iuhm\vendor\laravel\framework\src\Illuminate\Http\Middleware\ValidatePostSize.php(27): Illuminate\Pipeline\Pipeline->{closure:{closure:Illuminate\Pipeline\Pipeline::carry():194}:195}(Object(Illuminate\Http\Request))
#58 C:\xampp\htdocs\site_iuhm\vendor\laravel\framework\src\Illuminate\Pipeline\Pipeline.php(219): Illuminate\Http\Middleware\ValidatePostSize->handle(Object(Illuminate\Http\Request), Object(Closure))
#59 C:\xampp\htdocs\site_iuhm\vendor\laravel\framework\src\Illuminate\Foundation\Http\Middleware\PreventRequestsDuringMaintenance.php(109): Illuminate\Pipeline\Pipeline->{closure:{closure:Illuminate\Pipeline\Pipeline::carry():194}:195}(Object(Illuminate\Http\Request))
#60 C:\xampp\htdocs\site_iuhm\vendor\laravel\framework\src\Illuminate\Pipeline\Pipeline.php(219): Illuminate\Foundation\Http\Middleware\PreventRequestsDuringMaintenance->handle(Object(Illuminate\Http\Request), Object(Closure))
#61 C:\xampp\htdocs\site_iuhm\vendor\laravel\framework\src\Illuminate\Http\Middleware\HandleCors.php(61): Illuminate\Pipeline\Pipeline->{closure:{closure:Illuminate\Pipeline\Pipeline::carry():194}:195}(Object(Illuminate\Http\Request))
#62 C:\xampp\htdocs\site_iuhm\vendor\laravel\framework\src\Illuminate\Pipeline\Pipeline.php(219): Illuminate\Http\Middleware\HandleCors->handle(Object(Illuminate\Http\Request), Object(Closure))
#63 C:\xampp\htdocs\site_iuhm\vendor\laravel\framework\src\Illuminate\Http\Middleware\TrustProxies.php(58): Illuminate\Pipeline\Pipeline->{closure:{closure:Illuminate\Pipeline\Pipeline::carry():194}:195}(Object(Illuminate\Http\Request))
#64 C:\xampp\htdocs\site_iuhm\vendor\laravel\framework\src\Illuminate\Pipeline\Pipeline.php(219): Illuminate\Http\Middleware\TrustProxies->handle(Object(Illuminate\Http\Request), Object(Closure))
#65 C:\xampp\htdocs\site_iuhm\vendor\laravel\framework\src\Illuminate\Foundation\Http\Middleware\InvokeDeferredCallbacks.php(22): Illuminate\Pipeline\Pipeline->{closure:{closure:Illuminate\Pipeline\Pipeline::carry():194}:195}(Object(Illuminate\Http\Request))
#66 C:\xampp\htdocs\site_iuhm\vendor\laravel\framework\src\Illuminate\Pipeline\Pipeline.php(219): Illuminate\Foundation\Http\Middleware\InvokeDeferredCallbacks->handle(Object(Illuminate\Http\Request), Object(Closure))
#67 C:\xampp\htdocs\site_iuhm\vendor\laravel\framework\src\Illuminate\Http\Middleware\ValidatePathEncoding.php(28): Illuminate\Pipeline\Pipeline->{closure:{closure:Illuminate\Pipeline\Pipeline::carry():194}:195}(Object(Illuminate\Http\Request))
#68 C:\xampp\htdocs\site_iuhm\vendor\laravel\framework\src\Illuminate\Pipeline\Pipeline.php(219): Illuminate\Http\Middleware\ValidatePathEncoding->handle(Object(Illuminate\Http\Request), Object(Closure))
#69 C:\xampp\htdocs\site_iuhm\vendor\laravel\framework\src\Illuminate\Pipeline\Pipeline.php(137): Illuminate\Pipeline\Pipeline->{closure:{closure:Illuminate\Pipeline\Pipeline::carry():194}:195}(Object(Illuminate\Http\Request))
#70 C:\xampp\htdocs\site_iuhm\vendor\laravel\framework\src\Illuminate\Foundation\Http\Kernel.php(175): Illuminate\Pipeline\Pipeline->then(Object(Closure))
#71 C:\xampp\htdocs\site_iuhm\vendor\laravel\framework\src\Illuminate\Foundation\Http\Kernel.php(144): Illuminate\Foundation\Http\Kernel->sendRequestThroughRouter(Object(Illuminate\Http\Request))
#72 C:\xampp\htdocs\site_iuhm\vendor\laravel\framework\src\Illuminate\Foundation\Testing\Concerns\MakesHttpRequests.php(607): Illuminate\Foundation\Http\Kernel->handle(Object(Illuminate\Http\Request))
#73 C:\xampp\htdocs\site_iuhm\vendor\laravel\framework\src\Illuminate\Foundation\Testing\Concerns\MakesHttpRequests.php(368): Illuminate\Foundation\Testing\TestCase->call('GET', 'http://localhos...', Array, Array, Array, Array)
#74 C:\xampp\htdocs\site_iuhm\tests\Feature\Settings\ProfileUpdateTest.php(18): Illuminate\Foundation\Testing\TestCase->get('http://localhos...')
#75 C:\xampp\htdocs\site_iuhm\vendor\phpunit\phpunit\src\Framework\TestCase.php(1335): Tests\Feature\Settings\ProfileUpdateTest->test_profile_page_is_displayed()
#76 C:\xampp\htdocs\site_iuhm\vendor\phpunit\phpunit\src\Framework\TestCase.php(519): PHPUnit\Framework\TestCase->runTest()
#77 C:\xampp\htdocs\site_iuhm\vendor\phpunit\phpunit\src\Framework\TestRunner\TestRunner.php(99): PHPUnit\Framework\TestCase->runBare()
#78 C:\xampp\htdocs\site_iuhm\vendor\phpunit\phpunit\src\Framework\TestCase.php(359): PHPUnit\Framework\TestRunner->run(Object(Tests\Feature\Settings\ProfileUpdateTest))
#79 C:\xampp\htdocs\site_iuhm\vendor\phpunit\phpunit\src\Framework\TestSuite.php(374): PHPUnit\Framework\TestCase->run()
#80 C:\xampp\htdocs\site_iuhm\vendor\phpunit\phpunit\src\Framework\TestSuite.php(374): PHPUnit\Framework\TestSuite->run()
#81 C:\xampp\htdocs\site_iuhm\vendor\phpunit\phpunit\src\Framework\TestSuite.php(374): PHPUnit\Framework\TestSuite->run()
#82 C:\xampp\htdocs\site_iuhm\vendor\phpunit\phpunit\src\TextUI\TestRunner.php(64): PHPUnit\Framework\TestSuite->run()
#83 C:\xampp\htdocs\site_iuhm\vendor\phpunit\phpunit\src\TextUI\Application.php(229): PHPUnit\TextUI\TestRunner->run(Object(PHPUnit\TextUI\Configuration\Configuration), Object(PHPUnit\Runner\ResultCache\DefaultResultCache), Object(PHPUnit\Framework\TestSuite))
#84 C:\xampp\htdocs\site_iuhm\vendor\phpunit\phpunit\phpunit(104): PHPUnit\TextUI\Application->run(Array)
#85 {main}

----------------------------------------------------------------------------------

Undefined variable $navigationPages (View: C:\xampp\htdocs\site_iuhm\resources\views\partials\header.blade.php) (View: C:\xampp\htdocs\site_iuhm\resources\views\partials\header.blade.php) (View: C:\xampp\htdocs\site_iuhm\resources\views\partials\header.blade.php)[39;22m

  at [32mtests\Feature\Settings\ProfileUpdateTest.php[39m:[32m18[39m
     14Ôûò     public function test_profile_page_is_displayed(): void
     15Ôûò     {
     16Ôûò         $this->actingAs($user = User::factory()->create());
     17Ôûò 
  Ô×£  18Ôûò         $this->get(route('profile.edit'))->assertOk();
     19Ôûò     }
     20Ôûò 
     21Ôûò     public function test_profile_information_can_be_updated(): void
     22Ôûò     {

  [31mÔöÇÔöÇÔöÇÔöÇÔöÇÔöÇÔöÇÔöÇÔöÇÔöÇÔöÇÔöÇÔöÇÔöÇÔöÇÔöÇÔöÇÔöÇÔöÇÔöÇÔöÇÔöÇÔöÇÔöÇÔöÇÔöÇÔöÇÔöÇÔöÇÔöÇÔöÇÔöÇÔöÇÔöÇÔöÇÔöÇÔöÇÔöÇÔöÇÔöÇÔöÇÔöÇÔöÇÔöÇÔöÇÔöÇÔöÇÔöÇÔöÇÔöÇÔöÇÔöÇÔöÇÔöÇÔöÇÔöÇÔöÇÔöÇÔöÇÔöÇÔöÇÔöÇÔöÇÔöÇÔöÇÔöÇÔöÇÔöÇÔöÇÔöÇÔöÇÔöÇÔöÇÔöÇÔöÇÔöÇ[39m  
  [41;1m FAILED [49;22m [1mTests\Feature\Settings\SecurityTest[22m [90m>[39m security settings page canÔÇª    
[39;1m  Expected response status code [200] but received 500.
Failed asserting that 500 is identical to 200.

The following exception occurred during the last request:

ErrorException: Undefined variable $navigationPages in C:\xampp\htdocs\site_iuhm\storage\framework\views\7051f6576562b2dc7a02a46a651d2c4e.php:19
Stack trace:
#0 C:\xampp\htdocs\site_iuhm\vendor\laravel\framework\src\Illuminate\Foundation\Bootstrap\HandleExceptions.php(258): Illuminate\Foundation\Bootstrap\HandleExceptions->handleError(2, 'Undefined varia...', 'C:\\xampp\\htdocs...', 19)
#1 C:\xampp\htdocs\site_iuhm\storage\framework\views\7051f6576562b2dc7a02a46a651d2c4e.php(19): Illuminate\Foundation\Bootstrap\HandleExceptions->{closure:Illuminate\Foundation\Bootstrap\HandleExceptions::forwardsTo():257}(2, 'Undefined varia...', 'C:\\xampp\\htdocs...', 19)
#2 C:\xampp\htdocs\site_iuhm\vendor\laravel\framework\src\Illuminate\Filesystem\Filesystem.php(123): require('C:\\xampp\\htdocs...')
#3 C:\xampp\htdocs\site_iuhm\vendor\laravel\framework\src\Illuminate\Filesystem\Filesystem.php(124): Illuminate\Filesystem\Filesystem::{closure:Illuminate\Filesystem\Filesystem::getRequire():120}()
#4 C:\xampp\htdocs\site_iuhm\vendor\laravel\framework\src\Illuminate\View\Engines\PhpEngine.php(57): Illuminate\Filesystem\Filesystem->getRequire('C:\\xampp\\htdocs...', Array)
#5 C:\xampp\htdocs\site_iuhm\vendor\livewire\livewire\src\Mechanisms\ExtendBlade\ExtendedCompilerEngine.php(22): Illuminate\View\Engines\PhpEngine->evaluatePath('C:\\xampp\\htdocs...', Array)
#6 C:\xampp\htdocs\site_iuhm\vendor\laravel\framework\src\Illuminate\View\Engines\CompilerEngine.php(76): Livewire\Mechanisms\ExtendBlade\ExtendedCompilerEngine->evaluatePath('C:\\xampp\\htdocs...', Array)
#7 C:\xampp\htdocs\site_iuhm\vendor\livewire\livewire\src\Mechanisms\ExtendBlade\ExtendedCompilerEngine.php(10): Illuminate\View\Engines\CompilerEngine->get('C:\\xampp\\htdocs...', Array)
#8 C:\xampp\htdocs\site_iuhm\vendor\laravel\framework\src\Illuminate\View\View.php(208): Livewire\Mechanisms\ExtendBlade\ExtendedCompilerEngine->get('C:\\xampp\\htdocs...', Array)
#9 C:\xampp\htdocs\site_iuhm\vendor\laravel\framework\src\Illuminate\View\View.php(191): Illuminate\View\View->getContents()
#10 C:\xampp\htdocs\site_iuhm\vendor\laravel\framework\src\Illuminate\View\View.php(160): Illuminate\View\View->renderContents()
#11 C:\xampp\htdocs\site_iuhm\storage\framework\views\4371cdfbde3995413764711384cce958.php(19): Illuminate\View\View->render()
#12 C:\xampp\htdocs\site_iuhm\vendor\laravel\framework\src\Illuminate\Filesystem\Filesystem.php(123): require('C:\\xampp\\htdocs...')
#13 C:\xampp\htdocs\site_iuhm\vendor\laravel\framework\src\Illuminate\Filesystem\Filesystem.php(124): Illuminate\Filesystem\Filesystem::{closure:Illuminate\Filesystem\Filesystem::getRequire():120}()
#14 C:\xampp\htdocs\site_iuhm\vendor\laravel\framework\src\Illuminate\View\Engines\PhpEngine.php(57): Illuminate\Filesystem\Filesystem->getRequire('C:\\xampp\\htdocs...', Array)
#15 C:\xampp\htdocs\site_iuhm\vendor\livewire\livewire\src\Mechanisms\ExtendBlade\ExtendedCompilerEngine.php(22): Illuminate\View\Engines\PhpEngine->evaluatePath('C:\\xampp\\htdocs...', Array)
#16 C:\xampp\htdocs\site_iuhm\vendor\laravel\framework\src\Illuminate\View\Engines\CompilerEngine.php(76): Livewire\Mechanisms\ExtendBlade\ExtendedCompilerEngine->evaluatePath('C:\\xampp\\htdocs...', Array)
#17 C:\xampp\htdocs\site_iuhm\vendor\livewire\livewire\src\Mechanisms\ExtendBlade\ExtendedCompilerEngine.php(10): Illuminate\View\Engines\CompilerEngine->get('C:\\xampp\\htdocs...', Array)
#18 C:\xampp\htdocs\site_iuhm\vendor\laravel\framework\src\Illuminate\View\View.php(208): Livewire\Mechanisms\ExtendBlade\ExtendedCompilerEngine->get('C:\\xampp\\htdocs...', Array)
#19 C:\xampp\htdocs\site_iuhm\vendor\laravel\framework\src\Illuminate\View\View.php(191): Illuminate\View\View->getContents()
#20 C:\xampp\htdocs\site_iuhm\vendor\laravel\framework\src\Illuminate\View\View.php(160): Illuminate\View\View->renderContents()
#21 C:\xampp\htdocs\site_iuhm\vendor\laravel\framework\src\Illuminate\View\Concerns\ManagesComponents.php(103): Illuminate\View\View->render()
#22 C:\xampp\htdocs\site_iuhm\storage\framework\views\7deb94de6e2eb6551b8bc95535a64c72.php(17): Illuminate\View\Factory->renderComponent()
#23 C:\xampp\htdocs\site_iuhm\vendor\laravel\framework\src\Illuminate\Filesystem\Filesystem.php(123): require('C:\\xampp\\htdocs...')
#24 C:\xampp\htdocs\site_iuhm\vendor\laravel\framework\src\Illuminate\Filesystem\Filesystem.php(124): Illuminate\Filesystem\Filesystem::{closure:Illuminate\Filesystem\Filesystem::getRequire():120}()
#25 C:\xampp\htdocs\site_iuhm\vendor\laravel\framework\src\Illuminate\View\Engines\PhpEngine.php(57): Illuminate\Filesystem\Filesystem->getRequire('C:\\xampp\\htdocs...', Array)
#26 C:\xampp\htdocs\site_iuhm\vendor\livewire\livewire\src\Mechanisms\ExtendBlade\ExtendedCompilerEngine.php(22): Illuminate\View\Engines\PhpEngine->evaluatePath('C:\\xampp\\htdocs...', Array)
#27 C:\xampp\htdocs\site_iuhm\vendor\laravel\framework\src\Illuminate\View\Engines\CompilerEngine.php(76): Livewire\Mechanisms\ExtendBlade\ExtendedCompilerEngine->evaluatePath('C:\\xampp\\htdocs...', Array)
#28 C:\xampp\htdocs\site_iuhm\vendor\livewire\livewire\src\Mechanisms\ExtendBlade\ExtendedCompilerEngine.php(10): Illuminate\View\Engines\CompilerEngine->get('C:\\xampp\\htdocs...', Array)
#29 C:\xampp\htdocs\site_iuhm\vendor\laravel\framework\src\Illuminate\View\View.php(208): Livewire\Mechanisms\ExtendBlade\ExtendedCompilerEngine->get('C:\\xampp\\htdocs...', Array)
#30 C:\xampp\htdocs\site_iuhm\vendor\laravel\framework\src\Illuminate\View\View.php(191): Illuminate\View\View->getContents()
#31 C:\xampp\htdocs\site_iuhm\vendor\laravel\framework\src\Illuminate\View\View.php(160): Illuminate\View\View->renderContents()
#32 C:\xampp\htdocs\site_iuhm\vendor\laravel\framework\src\Illuminate\View\Compilers\BladeCompiler.php(353): Illuminate\View\View->render()
#33 C:\xampp\htdocs\site_iuhm\vendor\laravel\framework\src\Illuminate\Support\Facades\Facade.php(363): Illuminate\View\Compilers\BladeCompiler::render('    <?php $layo...', Array)
#34 C:\xampp\htdocs\site_iuhm\vendor\livewire\livewire\src\Features\SupportPageComponents\SupportPageComponents.php(162): Illuminate\Support\Facades\Facade::__callStatic('render', Array)
#35 C:\xampp\htdocs\site_iuhm\vendor\livewire\livewire\src\Features\SupportPageComponents\HandlesPageComponents.php(26): Livewire\Features\SupportPageComponents\SupportPageComponents::renderContentsIntoLayout('[39;22m[39;1m<section wire:s...', Object(Livewire\Features\SupportPageComponents\PageComponentConfig))
#36 C:\xampp\htdocs\site_iuhm\vendor\laravel\framework\src\Illuminate\Container\BoundMethod.php(36): Livewire\Component->[39;22m[39;1m__invoke()
#37 C:\xampp\htdocs\site_iuhm\vendor\laravel\framework\src\Illuminate\Container\Util.php(43): Illuminate\Container\BoundMethod::{closure:Illuminate\Container\BoundMethod::call():35}()
#38 C:\xampp\htdocs\site_iuhm\vendor\laravel\framework\src\Illuminate\Container\BoundMethod.php(96): Illuminate\Container\Util::unwrapIfClosure(Object(Closure))
#39 C:\xampp\htdocs\site_iuhm\vendor\laravel\framework\src\Illuminate\Container\BoundMethod.php(35): Illuminate\Container\BoundMethod::callBoundMethod(Object(Illuminate\Foundation\Application), Array, Object(Closure))
#40 C:\xampp\htdocs\site_iuhm\vendor\laravel\framework\src\Illuminate\Container\Container.php(799): Illuminate\Container\BoundMethod::call(Object(Illuminate\Foundation\Application), Array, Array, NULL)
#41 C:\xampp\htdocs\site_iuhm\vendor\livewire\livewire\src\Mechanisms\HandleRouting\LivewirePageController.php(15): Illuminate\Container\Container->call(Array)
#42 C:\xampp\htdocs\site_iuhm\vendor\laravel\framework\src\Illuminate\Routing\ControllerDispatcher.php(46): Livewire\Mechanisms\HandleRouting\LivewirePageController->__invoke()
#43 C:\xampp\htdocs\site_iuhm\vendor\laravel\framework\src\Illuminate\Routing\Route.php(269): Illuminate\Routing\ControllerDispatcher->dispatch(Object(Illuminate\Routing\Route), Object(Livewire\Mechanisms\HandleRouting\LivewirePageController), '__invoke')
#44 C:\xampp\htdocs\site_iuhm\vendor\laravel\framework\src\Illuminate\Routing\Route.php(215): Illuminate\Routing\Route->runController()
#45 C:\xampp\htdocs\site_iuhm\vendor\laravel\framework\src\Illuminate\Routing\Router.php(822): Illuminate\Routing\Route->run()
#46 C:\xampp\htdocs\site_iuhm\vendor\laravel\framework\src\Illuminate\Pipeline\Pipeline.php(180): Illuminate\Routing\Router->{closure:Illuminate\Routing\Router::runRouteWithinStack():821}(Object(Illuminate\Http\Request))
#47 C:\xampp\htdocs\site_iuhm\vendor\laravel\framework\src\Illuminate\Auth\Middleware\RequirePassword.php(84): Illuminate\Pipeline\Pipeline->{closure:Illuminate\Pipeline\Pipeline::prepareDestination():178}(Object(Illuminate\Http\Request))
#48 C:\xampp\htdocs\site_iuhm\vendor\laravel\framework\src\Illuminate\Pipeline\Pipeline.php(219): Illuminate\Auth\Middleware\RequirePassword->handle(Object(Illuminate\Http\Request), Object(Closure))
#49 C:\xampp\htdocs\site_iuhm\vendor\laravel\framework\src\Illuminate\Auth\Middleware\EnsureEmailIsVerified.php(41): Illuminate\Pipeline\Pipeline->{closure:{closure:Illuminate\Pipeline\Pipeline::carry():194}:195}(Object(Illuminate\Http\Request))
#50 C:\xampp\htdocs\site_iuhm\vendor\laravel\framework\src\Illuminate\Pipeline\Pipeline.php(219): Illuminate\Auth\Middleware\EnsureEmailIsVerified->handle(Object(Illuminate\Http\Request), Object(Closure))
#51 C:\xampp\htdocs\site_iuhm\app\Http\Middleware\SetTeamUrlDefaults.php(26): Illuminate\Pipeline\Pipeline->{closure:{closure:Illuminate\Pipeline\Pipeline::carry():194}:195}(Object(Illuminate\Http\Request))
#52 C:\xampp\htdocs\site_iuhm\vendor\laravel\framework\src\Illuminate\Pipeline\Pipeline.php(219): App\Http\Middleware\SetTeamUrlDefaults->handle(Object(Illuminate\Http\Request), Object(Closure))
#53 C:\xampp\htdocs\site_iuhm\app\Http\Middleware\SetLocale.php(28): Illuminate\Pipeline\Pipeline->{closure:{closure:Illuminate\Pipeline\Pipeline::carry():194}:195}(Object(Illuminate\Http\Request))
#54 C:\xampp\htdocs\site_iuhm\vendor\laravel\framework\src\Illuminate\Pipeline\Pipeline.php(219): App\Http\Middleware\SetLocale->handle(Object(Illuminate\Http\Request), Object(Closure))
#55 C:\xampp\htdocs\site_iuhm\vendor\laravel\framework\src\Illuminate\Routing\Middleware\SubstituteBindings.php(52): Illuminate\Pipeline\Pipeline->{closure:{closure:Illuminate\Pipeline\Pipeline::carry():194}:195}(Object(Illuminate\Http\Request))
#56 C:\xampp\htdocs\site_iuhm\vendor\laravel\framework\src\Illuminate\Pipeline\Pipeline.php(219): Illuminate\Routing\Middleware\SubstituteBindings->handle(Object(Illuminate\Http\Request), Object(Closure))
#57 C:\xampp\htdocs\site_iuhm\vendor\laravel\framework\src\Illuminate\Auth\Middleware\Authenticate.php(63): Illuminate\Pipeline\Pipeline->{closure:{closure:Illuminate\Pipeline\Pipeline::carry():194}:195}(Object(Illuminate\Http\Request))
#58 C:\xampp\htdocs\site_iuhm\vendor\laravel\framework\src\Illuminate\Pipeline\Pipeline.php(219): Illuminate\Auth\Middleware\Authenticate->handle(Object(Illuminate\Http\Request), Object(Closure))
#59 C:\xampp\htdocs\site_iuhm\vendor\laravel\framework\src\Illuminate\Foundation\Http\Middleware\PreventRequestForgery.php(104): Illuminate\Pipeline\Pipeline->{closure:{closure:Illuminate\Pipeline\Pipeline::carry():194}:195}(Object(Illuminate\Http\Request))
#60 C:\xampp\htdocs\site_iuhm\vendor\laravel\framework\src\Illuminate\Pipeline\Pipeline.php(219): Illuminate\Foundation\Http\Middleware\PreventRequestForgery->handle(Object(Illuminate\Http\Request), Object(Closure))
#61 C:\xampp\htdocs\site_iuhm\vendor\laravel\framework\src\Illuminate\View\Middleware\ShareErrorsFromSession.php(48): Illuminate\Pipeline\Pipeline->{closure:{closure:Illuminate\Pipeline\Pipeline::carry():194}:195}(Object(Illuminate\Http\Request))
#62 C:\xampp\htdocs\site_iuhm\vendor\laravel\framework\src\Illuminate\Pipeline\Pipeline.php(219): Illuminate\View\Middleware\ShareErrorsFromSession->handle(Object(Illuminate\Http\Request), Object(Closure))
#63 C:\xampp\htdocs\site_iuhm\vendor\laravel\framework\src\Illuminate\Session\Middleware\StartSession.php(120): Illuminate\Pipeline\Pipeline->{closure:{closure:Illuminate\Pipeline\Pipeline::carry():194}:195}(Object(Illuminate\Http\Request))
#64 C:\xampp\htdocs\site_iuhm\vendor\laravel\framework\src\Illuminate\Session\Middleware\StartSession.php(63): Illuminate\Session\Middleware\StartSession->handleStatefulRequest(Object(Illuminate\Http\Request), Object(Illuminate\Session\Store), Object(Closure))
#65 C:\xampp\htdocs\site_iuhm\vendor\laravel\framework\src\Illuminate\Pipeline\Pipeline.php(219): Illuminate\Session\Middleware\StartSession->handle(Object(Illuminate\Http\Request), Object(Closure))
#66 C:\xampp\htdocs\site_iuhm\vendor\laravel\framework\src\Illuminate\Cookie\Middleware\AddQueuedCookiesToResponse.php(36): Illuminate\Pipeline\Pipeline->{closure:{closure:Illuminate\Pipeline\Pipeline::carry():194}:195}(Object(Illuminate\Http\Request))
#67 C:\xampp\htdocs\site_iuhm\vendor\laravel\framework\src\Illuminate\Pipeline\Pipeline.php(219): Illuminate\Cookie\Middleware\AddQueuedCookiesToResponse->handle(Object(Illuminate\Http\Request), Object(Closure))
#68 C:\xampp\htdocs\site_iuhm\vendor\laravel\framework\src\Illuminate\Cookie\Middleware\EncryptCookies.php(74): Illuminate\Pipeline\Pipeline->{closure:{closure:Illuminate\Pipeline\Pipeline::carry():194}:195}(Object(Illuminate\Http\Request))
#69 C:\xampp\htdocs\site_iuhm\vendor\laravel\framework\src\Illuminate\Pipeline\Pipeline.php(219): Illuminate\Cookie\Middleware\EncryptCookies->handle(Object(Illuminate\Http\Request), Object(Closure))
#70 C:\xampp\htdocs\site_iuhm\vendor\laravel\framework\src\Illuminate\Pipeline\Pipeline.php(137): Illuminate\Pipeline\Pipeline->{closure:{closure:Illuminate\Pipeline\Pipeline::carry():194}:195}(Object(Illuminate\Http\Request))
#71 C:\xampp\htdocs\site_iuhm\vendor\laravel\framework\src\Illuminate\Routing\Router.php(821): Illuminate\Pipeline\Pipeline->then(Object(Closure))
#72 C:\xampp\htdocs\site_iuhm\vendor\laravel\framework\src\Illuminate\Routing\Router.php(800): Illuminate\Routing\Router->runRouteWithinStack(Object(Illuminate\Routing\Route), Object(Illuminate\Http\Request))
#73 C:\xampp\htdocs\site_iuhm\vendor\laravel\framework\src\Illuminate\Routing\Router.php(764): Illuminate\Routing\Router->runRoute(Object(Illuminate\Http\Request), Object(Illuminate\Routing\Route))
#74 C:\xampp\htdocs\site_iuhm\vendor\laravel\framework\src\Illuminate\Routing\Router.php(753): Illuminate\Routing\Router->dispatchToRoute(Object(Illuminate\Http\Request))
#75 C:\xampp\htdocs\site_iuhm\vendor\laravel\framework\src\Illuminate\Foundation\Http\Kernel.php(200): Illuminate\Routing\Router->dispatch(Object(Illuminate\Http\Request))
#76 C:\xampp\htdocs\site_iuhm\vendor\laravel\framework\src\Illuminate\Pipeline\Pipeline.php(180): Illuminate\Foundation\Http\Kernel->{closure:Illuminate\Foundation\Http\Kernel::dispatchToRouter():197}(Object(Illuminate\Http\Request))
#77 C:\xampp\htdocs\site_iuhm\vendor\livewire\livewire\src\Features\SupportDisablingBackButtonCache\DisableBackButtonCacheMiddleware.php(19): Illuminate\Pipeline\Pipeline->{closure:Illuminate\Pipeline\Pipeline::prepareDestination():178}(Object(Illuminate\Http\Request))
#78 C:\xampp\htdocs\site_iuhm\vendor\laravel\framework\src\Illuminate\Pipeline\Pipeline.php(219): Livewire\Features\SupportDisablingBackButtonCache\DisableBackButtonCacheMiddleware->handle(Object(Illuminate\Http\Request), Object(Closure))
#79 C:\xampp\htdocs\site_iuhm\vendor\laravel\framework\src\Illuminate\Foundation\Http\Middleware\TransformsRequest.php(21): Illuminate\Pipeline\Pipeline->{closure:{closure:Illuminate\Pipeline\Pipeline::carry():194}:195}(Object(Illuminate\Http\Request))
#80 C:\xampp\htdocs\site_iuhm\vendor\laravel\framework\src\Illuminate\Foundation\Http\Middleware\ConvertEmptyStringsToNull.php(31): Illuminate\Foundation\Http\Middleware\TransformsRequest->handle(Object(Illuminate\Http\Request), Object(Closure))
#81 C:\xampp\htdocs\site_iuhm\vendor\laravel\framework\src\Illuminate\Pipeline\Pipeline.php(219): Illuminate\Foundation\Http\Middleware\ConvertEmptyStringsToNull->handle(Object(Illuminate\Http\Request), Object(Closure))
#82 C:\xampp\htdocs\site_iuhm\vendor\laravel\framework\src\Illuminate\Foundation\Http\Middleware\TransformsRequest.php(21): Illuminate\Pipeline\Pipeline->{closure:{closure:Illuminate\Pipeline\Pipeline::carry():194}:195}(Object(Illuminate\Http\Request))
#83 C:\xampp\htdocs\site_iuhm\vendor\laravel\framework\src\Illuminate\Foundation\Http\Middleware\TrimStrings.php(51): Illuminate\Foundation\Http\Middleware\TransformsRequest->handle(Object(Illuminate\Http\Request), Object(Closure))
#84 C:\xampp\htdocs\site_iuhm\vendor\laravel\framework\src\Illuminate\Pipeline\Pipeline.php(219): Illuminate\Foundation\Http\Middleware\TrimStrings->handle(Object(Illuminate\Http\Request), Object(Closure))
#85 C:\xampp\htdocs\site_iuhm\vendor\laravel\framework\src\Illuminate\Http\Middleware\ValidatePostSize.php(27): Illuminate\Pipeline\Pipeline->{closure:{closure:Illuminate\Pipeline\Pipeline::carry():194}:195}(Object(Illuminate\Http\Request))
#86 C:\xampp\htdocs\site_iuhm\vendor\laravel\framework\src\Illuminate\Pipeline\Pipeline.php(219): Illuminate\Http\Middleware\ValidatePostSize->handle(Object(Illuminate\Http\Request), Object(Closure))
#87 C:\xampp\htdocs\site_iuhm\vendor\laravel\framework\src\Illuminate\Foundation\Http\Middleware\PreventRequestsDuringMaintenance.php(109): Illuminate\Pipeline\Pipeline->{closure:{closure:Illuminate\Pipeline\Pipeline::carry():194}:195}(Object(Illuminate\Http\Request))
#88 C:\xampp\htdocs\site_iuhm\vendor\laravel\framework\src\Illuminate\Pipeline\Pipeline.php(219): Illuminate\Foundation\Http\Middleware\PreventRequestsDuringMaintenance->handle(Object(Illuminate\Http\Request), Object(Closure))
#89 C:\xampp\htdocs\site_iuhm\vendor\laravel\framework\src\Illuminate\Http\Middleware\HandleCors.php(61): Illuminate\Pipeline\Pipeline->{closure:{closure:Illuminate\Pipeline\Pipeline::carry():194}:195}(Object(Illuminate\Http\Request))
#90 C:\xampp\htdocs\site_iuhm\vendor\laravel\framework\src\Illuminate\Pipeline\Pipeline.php(219): Illuminate\Http\Middleware\HandleCors->handle(Object(Illuminate\Http\Request), Object(Closure))
#91 C:\xampp\htdocs\site_iuhm\vendor\laravel\framework\src\Illuminate\Http\Middleware\TrustProxies.php(58): Illuminate\Pipeline\Pipeline->{closure:{closure:Illuminate\Pipeline\Pipeline::carry():194}:195}(Object(Illuminate\Http\Request))
#92 C:\xampp\htdocs\site_iuhm\vendor\laravel\framework\src\Illuminate\Pipeline\Pipeline.php(219): Illuminate\Http\Middleware\TrustProxies->handle(Object(Illuminate\Http\Request), Object(Closure))
#93 C:\xampp\htdocs\site_iuhm\vendor\laravel\framework\src\Illuminate\Foundation\Http\Middleware\InvokeDeferredCallbacks.php(22): Illuminate\Pipeline\Pipeline->{closure:{closure:Illuminate\Pipeline\Pipeline::carry():194}:195}(Object(Illuminate\Http\Request))
#94 C:\xampp\htdocs\site_iuhm\vendor\laravel\framework\src\Illuminate\Pipeline\Pipeline.php(219): Illuminate\Foundation\Http\Middleware\InvokeDeferredCallbacks->handle(Object(Illuminate\Http\Request), Object(Closure))
#95 C:\xampp\htdocs\site_iuhm\vendor\laravel\framework\src\Illuminate\Http\Middleware\ValidatePathEncoding.php(28): Illuminate\Pipeline\Pipeline->{closure:{closure:Illuminate\Pipeline\Pipeline::carry():194}:195}(Object(Illuminate\Http\Request))
#96 C:\xampp\htdocs\site_iuhm\vendor\laravel\framework\src\Illuminate\Pipeline\Pipeline.php(219): Illuminate\Http\Middleware\ValidatePathEncoding->handle(Object(Illuminate\Http\Request), Object(Closure))
#97 C:\xampp\htdocs\site_iuhm\vendor\laravel\framework\src\Illuminate\Pipeline\Pipeline.php(137): Illuminate\Pipeline\Pipeline->{closure:{closure:Illuminate\Pipeline\Pipeline::carry():194}:195}(Object(Illuminate\Http\Request))
#98 C:\xampp\htdocs\site_iuhm\vendor\laravel\framework\src\Illuminate\Foundation\Http\Kernel.php(175): Illuminate\Pipeline\Pipeline->then(Object(Closure))
#99 C:\xampp\htdocs\site_iuhm\vendor\laravel\framework\src\Illuminate\Foundation\Http\Kernel.php(144): Illuminate\Foundation\Http\Kernel->sendRequestThroughRouter(Object(Illuminate\Http\Request))
#100 C:\xampp\htdocs\site_iuhm\vendor\laravel\framework\src\Illuminate\Foundation\Testing\Concerns\MakesHttpRequests.php(607): Illuminate\Foundation\Http\Kernel->handle(Object(Illuminate\Http\Request))
#101 C:\xampp\htdocs\site_iuhm\vendor\laravel\framework\src\Illuminate\Foundation\Testing\Concerns\MakesHttpRequests.php(368): Illuminate\Foundation\Testing\TestCase->call('GET', 'http://localhos...', Array, Array, Array, Array)
#102 C:\xampp\htdocs\site_iuhm\tests\Feature\Settings\SecurityTest.php(34): Illuminate\Foundation\Testing\TestCase->get('http://localhos...')
#103 C:\xampp\htdocs\site_iuhm\vendor\phpunit\phpunit\src\Framework\TestCase.php(1335): Tests\Feature\Settings\SecurityTest->test_security_settings_page_can_be_rendered()
#104 C:\xampp\htdocs\site_iuhm\vendor\phpunit\phpunit\src\Framework\TestCase.php(519): PHPUnit\Framework\TestCase->runTest()
#105 C:\xampp\htdocs\site_iuhm\vendor\phpunit\phpunit\src\Framework\TestRunner\TestRunner.php(99): PHPUnit\Framework\TestCase->runBare()
#106 C:\xampp\htdocs\site_iuhm\vendor\phpunit\phpunit\src\Framework\TestCase.php(359): PHPUnit\Framework\TestRunner->run(Object(Tests\Feature\Settings\SecurityTest))
#107 C:\xampp\htdocs\site_iuhm\vendor\phpunit\phpunit\src\Framework\TestSuite.php(374): PHPUnit\Framework\TestCase->run()
#108 C:\xampp\htdocs\site_iuhm\vendor\phpunit\phpunit\src\Framework\TestSuite.php(374): PHPUnit\Framework\TestSuite->run()
#109 C:\xampp\htdocs\site_iuhm\vendor\phpunit\phpunit\src\Framework\TestSuite.php(374): PHPUnit\Framework\TestSuite->run()
#110 C:\xampp\htdocs\site_iuhm\vendor\phpunit\phpunit\src\TextUI\TestRunner.php(64): PHPUnit\Framework\TestSuite->run()
#111 C:\xampp\htdocs\site_iuhm\vendor\phpunit\phpunit\src\TextUI\Application.php(229): PHPUnit\TextUI\TestRunner->run(Object(PHPUnit\TextUI\Configuration\Configuration), Object(PHPUnit\Runner\ResultCache\DefaultResultCache), Object(PHPUnit\Framework\TestSuite))
#112 C:\xampp\htdocs\site_iuhm\vendor\phpunit\phpunit\phpunit(104): PHPUnit\TextUI\Application->run(Array)
#113 {main}

Next Illuminate\View\ViewException: Undefined variable $navigationPages (View: C:\xampp\htdocs\site_iuhm\resources\views\partials\header.blade.php) in C:\xampp\htdocs\site_iuhm\storage\framework\views\7051f6576562b2dc7a02a46a651d2c4e.php:19
Stack trace:
#0 C:\xampp\htdocs\site_iuhm\vendor\livewire\livewire\src\Mechanisms\ExtendBlade\ExtendedCompilerEngine.php(58): Illuminate\View\Engines\CompilerEngine->handleViewException(Object(ErrorException), 3)
#1 C:\xampp\htdocs\site_iuhm\vendor\laravel\framework\src\Illuminate\View\Engines\PhpEngine.php(59): Livewire\Mechanisms\ExtendBlade\ExtendedCompilerEngine->handleViewException(Object(ErrorException), 3)
#2 C:\xampp\htdocs\site_iuhm\vendor\livewire\livewire\src\Mechanisms\ExtendBlade\ExtendedCompilerEngine.php(22): Illuminate\View\Engines\PhpEngine->evaluatePath('C:\\xampp\\htdocs...', Array)
#3 C:\xampp\htdocs\site_iuhm\vendor\laravel\framework\src\Illuminate\View\Engines\CompilerEngine.php(76): Livewire\Mechanisms\ExtendBlade\ExtendedCompilerEngine->evaluatePath('C:\\xampp\\htdocs...', Array)
#4 C:\xampp\htdocs\site_iuhm\vendor\livewire\livewire\src\Mechanisms\ExtendBlade\ExtendedCompilerEngine.php(10): Illuminate\View\Engines\CompilerEngine->get('C:\\xampp\\htdocs...', Array)
#5 C:\xampp\htdocs\site_iuhm\vendor\laravel\framework\src\Illuminate\View\View.php(208): Livewire\Mechanisms\ExtendBlade\ExtendedCompilerEngine->get('C:\\xampp\\htdocs...', Array)
#6 C:\xampp\htdocs\site_iuhm\vendor\laravel\framework\src\Illuminate\View\View.php(191): Illuminate\View\View->getContents()
#7 C:\xampp\htdocs\site_iuhm\vendor\laravel\framework\src\Illuminate\View\View.php(160): Illuminate\View\View->renderContents()
#8 C:\xampp\htdocs\site_iuhm\storage\framework\views\4371cdfbde3995413764711384cce958.php(19): Illuminate\View\View->render()
#9 C:\xampp\htdocs\site_iuhm\vendor\laravel\framework\src\Illuminate\Filesystem\Filesystem.php(123): require('C:\\xampp\\htdocs...')
#10 C:\xampp\htdocs\site_iuhm\vendor\laravel\framework\src\Illuminate\Filesystem\Filesystem.php(124): Illuminate\Filesystem\Filesystem::{closure:Illuminate\Filesystem\Filesystem::getRequire():120}()
#11 C:\xampp\htdocs\site_iuhm\vendor\laravel\framework\src\Illuminate\View\Engines\PhpEngine.php(57): Illuminate\Filesystem\Filesystem->getRequire('C:\\xampp\\htdocs...', Array)
#12 C:\xampp\htdocs\site_iuhm\vendor\livewire\livewire\src\Mechanisms\ExtendBlade\ExtendedCompilerEngine.php(22): Illuminate\View\Engines\PhpEngine->evaluatePath('C:\\xampp\\htdocs...', Array)
#13 C:\xampp\htdocs\site_iuhm\vendor\laravel\framework\src\Illuminate\View\Engines\CompilerEngine.php(76): Livewire\Mechanisms\ExtendBlade\ExtendedCompilerEngine->evaluatePath('C:\\xampp\\htdocs...', Array)
#14 C:\xampp\htdocs\site_iuhm\vendor\livewire\livewire\src\Mechanisms\ExtendBlade\ExtendedCompilerEngine.php(10): Illuminate\View\Engines\CompilerEngine->get('C:\\xampp\\htdocs...', Array)
#15 C:\xampp\htdocs\site_iuhm\vendor\laravel\framework\src\Illuminate\View\View.php(208): Livewire\Mechanisms\ExtendBlade\ExtendedCompilerEngine->get('C:\\xampp\\htdocs...', Array)
#16 C:\xampp\htdocs\site_iuhm\vendor\laravel\framework\src\Illuminate\View\View.php(191): Illuminate\View\View->getContents()
#17 C:\xampp\htdocs\site_iuhm\vendor\laravel\framework\src\Illuminate\View\View.php(160): Illuminate\View\View->renderContents()
#18 C:\xampp\htdocs\site_iuhm\vendor\laravel\framework\src\Illuminate\View\Concerns\ManagesComponents.php(103): Illuminate\View\View->render()
#19 C:\xampp\htdocs\site_iuhm\storage\framework\views\7deb94de6e2eb6551b8bc95535a64c72.php(17): Illuminate\View\Factory->renderComponent()
#20 C:\xampp\htdocs\site_iuhm\vendor\laravel\framework\src\Illuminate\Filesystem\Filesystem.php(123): require('C:\\xampp\\htdocs...')
#21 C:\xampp\htdocs\site_iuhm\vendor\laravel\framework\src\Illuminate\Filesystem\Filesystem.php(124): Illuminate\Filesystem\Filesystem::{closure:Illuminate\Filesystem\Filesystem::getRequire():120}()
#22 C:\xampp\htdocs\site_iuhm\vendor\laravel\framework\src\Illuminate\View\Engines\PhpEngine.php(57): Illuminate\Filesystem\Filesystem->getRequire('C:\\xampp\\htdocs...', Array)
#23 C:\xampp\htdocs\site_iuhm\vendor\livewire\livewire\src\Mechanisms\ExtendBlade\ExtendedCompilerEngine.php(22): Illuminate\View\Engines\PhpEngine->evaluatePath('C:\\xampp\\htdocs...', Array)
#24 C:\xampp\htdocs\site_iuhm\vendor\laravel\framework\src\Illuminate\View\Engines\CompilerEngine.php(76): Livewire\Mechanisms\ExtendBlade\ExtendedCompilerEngine->evaluatePath('C:\\xampp\\htdocs...', Array)
#25 C:\xampp\htdocs\site_iuhm\vendor\livewire\livewire\src\Mechanisms\ExtendBlade\ExtendedCompilerEngine.php(10): Illuminate\View\Engines\CompilerEngine->get('C:\\xampp\\htdocs...', Array)
#26 C:\xampp\htdocs\site_iuhm\vendor\laravel\framework\src\Illuminate\View\View.php(208): Livewire\Mechanisms\ExtendBlade\ExtendedCompilerEngine->get('C:\\xampp\\htdocs...', Array)
#27 C:\xampp\htdocs\site_iuhm\vendor\laravel\framework\src\Illuminate\View\View.php(191): Illuminate\View\View->getContents()
#28 C:\xampp\htdocs\site_iuhm\vendor\laravel\framework\src\Illuminate\View\View.php(160): Illuminate\View\View->renderContents()
#29 C:\xampp\htdocs\site_iuhm\vendor\laravel\framework\src\Illuminate\View\Compilers\BladeCompiler.php(353): Illuminate\View\View->render()
#30 C:\xampp\htdocs\site_iuhm\vendor\laravel\framework\src\Illuminate\Support\Facades\Facade.php(363): Illuminate\View\Compilers\BladeCompiler::render('    <?php $layo...', Array)
#31 C:\xampp\htdocs\site_iuhm\vendor\livewire\livewire\src\Features\SupportPageComponents\SupportPageComponents.php(162): Illuminate\Support\Facades\Facade::__callStatic('render', Array)
#32 C:\xampp\htdocs\site_iuhm\vendor\livewire\livewire\src\Features\SupportPageComponents\HandlesPageComponents.php(26): Livewire\Features\SupportPageComponents\SupportPageComponents::renderContentsIntoLayout('[39;22m[39;1m<section wire:s...', Object(Livewire\Features\SupportPageComponents\PageComponentConfig))
#33 C:\xampp\htdocs\site_iuhm\vendor\laravel\framework\src\Illuminate\Container\BoundMethod.php(36): Livewire\Component->[39;22m[39;1m__invoke()
#34 C:\xampp\htdocs\site_iuhm\vendor\laravel\framework\src\Illuminate\Container\Util.php(43): Illuminate\Container\BoundMethod::{closure:Illuminate\Container\BoundMethod::call():35}()
#35 C:\xampp\htdocs\site_iuhm\vendor\laravel\framework\src\Illuminate\Container\BoundMethod.php(96): Illuminate\Container\Util::unwrapIfClosure(Object(Closure))
#36 C:\xampp\htdocs\site_iuhm\vendor\laravel\framework\src\Illuminate\Container\BoundMethod.php(35): Illuminate\Container\BoundMethod::callBoundMethod(Object(Illuminate\Foundation\Application), Array, Object(Closure))
#37 C:\xampp\htdocs\site_iuhm\vendor\laravel\framework\src\Illuminate\Container\Container.php(799): Illuminate\Container\BoundMethod::call(Object(Illuminate\Foundation\Application), Array, Array, NULL)
#38 C:\xampp\htdocs\site_iuhm\vendor\livewire\livewire\src\Mechanisms\HandleRouting\LivewirePageController.php(15): Illuminate\Container\Container->call(Array)
#39 C:\xampp\htdocs\site_iuhm\vendor\laravel\framework\src\Illuminate\Routing\ControllerDispatcher.php(46): Livewire\Mechanisms\HandleRouting\LivewirePageController->__invoke()
#40 C:\xampp\htdocs\site_iuhm\vendor\laravel\framework\src\Illuminate\Routing\Route.php(269): Illuminate\Routing\ControllerDispatcher->dispatch(Object(Illuminate\Routing\Route), Object(Livewire\Mechanisms\HandleRouting\LivewirePageController), '__invoke')
#41 C:\xampp\htdocs\site_iuhm\vendor\laravel\framework\src\Illuminate\Routing\Route.php(215): Illuminate\Routing\Route->runController()
#42 C:\xampp\htdocs\site_iuhm\vendor\laravel\framework\src\Illuminate\Routing\Router.php(822): Illuminate\Routing\Route->run()
#43 C:\xampp\htdocs\site_iuhm\vendor\laravel\framework\src\Illuminate\Pipeline\Pipeline.php(180): Illuminate\Routing\Router->{closure:Illuminate\Routing\Router::runRouteWithinStack():821}(Object(Illuminate\Http\Request))
#44 C:\xampp\htdocs\site_iuhm\vendor\laravel\framework\src\Illuminate\Auth\Middleware\RequirePassword.php(84): Illuminate\Pipeline\Pipeline->{closure:Illuminate\Pipeline\Pipeline::prepareDestination():178}(Object(Illuminate\Http\Request))
#45 C:\xampp\htdocs\site_iuhm\vendor\laravel\framework\src\Illuminate\Pipeline\Pipeline.php(219): Illuminate\Auth\Middleware\RequirePassword->handle(Object(Illuminate\Http\Request), Object(Closure))
#46 C:\xampp\htdocs\site_iuhm\vendor\laravel\framework\src\Illuminate\Auth\Middleware\EnsureEmailIsVerified.php(41): Illuminate\Pipeline\Pipeline->{closure:{closure:Illuminate\Pipeline\Pipeline::carry():194}:195}(Object(Illuminate\Http\Request))
#47 C:\xampp\htdocs\site_iuhm\vendor\laravel\framework\src\Illuminate\Pipeline\Pipeline.php(219): Illuminate\Auth\Middleware\EnsureEmailIsVerified->handle(Object(Illuminate\Http\Request), Object(Closure))
#48 C:\xampp\htdocs\site_iuhm\app\Http\Middleware\SetTeamUrlDefaults.php(26): Illuminate\Pipeline\Pipeline->{closure:{closure:Illuminate\Pipeline\Pipeline::carry():194}:195}(Object(Illuminate\Http\Request))
#49 C:\xampp\htdocs\site_iuhm\vendor\laravel\framework\src\Illuminate\Pipeline\Pipeline.php(219): App\Http\Middleware\SetTeamUrlDefaults->handle(Object(Illuminate\Http\Request), Object(Closure))
#50 C:\xampp\htdocs\site_iuhm\app\Http\Middleware\SetLocale.php(28): Illuminate\Pipeline\Pipeline->{closure:{closure:Illuminate\Pipeline\Pipeline::carry():194}:195}(Object(Illuminate\Http\Request))
#51 C:\xampp\htdocs\site_iuhm\vendor\laravel\framework\src\Illuminate\Pipeline\Pipeline.php(219): App\Http\Middleware\SetLocale->handle(Object(Illuminate\Http\Request), Object(Closure))
#52 C:\xampp\htdocs\site_iuhm\vendor\laravel\framework\src\Illuminate\Routing\Middleware\SubstituteBindings.php(52): Illuminate\Pipeline\Pipeline->{closure:{closure:Illuminate\Pipeline\Pipeline::carry():194}:195}(Object(Illuminate\Http\Request))
#53 C:\xampp\htdocs\site_iuhm\vendor\laravel\framework\src\Illuminate\Pipeline\Pipeline.php(219): Illuminate\Routing\Middleware\SubstituteBindings->handle(Object(Illuminate\Http\Request), Object(Closure))
#54 C:\xampp\htdocs\site_iuhm\vendor\laravel\framework\src\Illuminate\Auth\Middleware\Authenticate.php(63): Illuminate\Pipeline\Pipeline->{closure:{closure:Illuminate\Pipeline\Pipeline::carry():194}:195}(Object(Illuminate\Http\Request))
#55 C:\xampp\htdocs\site_iuhm\vendor\laravel\framework\src\Illuminate\Pipeline\Pipeline.php(219): Illuminate\Auth\Middleware\Authenticate->handle(Object(Illuminate\Http\Request), Object(Closure))
#56 C:\xampp\htdocs\site_iuhm\vendor\laravel\framework\src\Illuminate\Foundation\Http\Middleware\PreventRequestForgery.php(104): Illuminate\Pipeline\Pipeline->{closure:{closure:Illuminate\Pipeline\Pipeline::carry():194}:195}(Object(Illuminate\Http\Request))
#57 C:\xampp\htdocs\site_iuhm\vendor\laravel\framework\src\Illuminate\Pipeline\Pipeline.php(219): Illuminate\Foundation\Http\Middleware\PreventRequestForgery->handle(Object(Illuminate\Http\Request), Object(Closure))
#58 C:\xampp\htdocs\site_iuhm\vendor\laravel\framework\src\Illuminate\View\Middleware\ShareErrorsFromSession.php(48): Illuminate\Pipeline\Pipeline->{closure:{closure:Illuminate\Pipeline\Pipeline::carry():194}:195}(Object(Illuminate\Http\Request))
#59 C:\xampp\htdocs\site_iuhm\vendor\laravel\framework\src\Illuminate\Pipeline\Pipeline.php(219): Illuminate\View\Middleware\ShareErrorsFromSession->handle(Object(Illuminate\Http\Request), Object(Closure))
#60 C:\xampp\htdocs\site_iuhm\vendor\laravel\framework\src\Illuminate\Session\Middleware\StartSession.php(120): Illuminate\Pipeline\Pipeline->{closure:{closure:Illuminate\Pipeline\Pipeline::carry():194}:195}(Object(Illuminate\Http\Request))
#61 C:\xampp\htdocs\site_iuhm\vendor\laravel\framework\src\Illuminate\Session\Middleware\StartSession.php(63): Illuminate\Session\Middleware\StartSession->handleStatefulRequest(Object(Illuminate\Http\Request), Object(Illuminate\Session\Store), Object(Closure))
#62 C:\xampp\htdocs\site_iuhm\vendor\laravel\framework\src\Illuminate\Pipeline\Pipeline.php(219): Illuminate\Session\Middleware\StartSession->handle(Object(Illuminate\Http\Request), Object(Closure))
#63 C:\xampp\htdocs\site_iuhm\vendor\laravel\framework\src\Illuminate\Cookie\Middleware\AddQueuedCookiesToResponse.php(36): Illuminate\Pipeline\Pipeline->{closure:{closure:Illuminate\Pipeline\Pipeline::carry():194}:195}(Object(Illuminate\Http\Request))
#64 C:\xampp\htdocs\site_iuhm\vendor\laravel\framework\src\Illuminate\Pipeline\Pipeline.php(219): Illuminate\Cookie\Middleware\AddQueuedCookiesToResponse->handle(Object(Illuminate\Http\Request), Object(Closure))
#65 C:\xampp\htdocs\site_iuhm\vendor\laravel\framework\src\Illuminate\Cookie\Middleware\EncryptCookies.php(74): Illuminate\Pipeline\Pipeline->{closure:{closure:Illuminate\Pipeline\Pipeline::carry():194}:195}(Object(Illuminate\Http\Request))
#66 C:\xampp\htdocs\site_iuhm\vendor\laravel\framework\src\Illuminate\Pipeline\Pipeline.php(219): Illuminate\Cookie\Middleware\EncryptCookies->handle(Object(Illuminate\Http\Request), Object(Closure))
#67 C:\xampp\htdocs\site_iuhm\vendor\laravel\framework\src\Illuminate\Pipeline\Pipeline.php(137): Illuminate\Pipeline\Pipeline->{closure:{closure:Illuminate\Pipeline\Pipeline::carry():194}:195}(Object(Illuminate\Http\Request))
#68 C:\xampp\htdocs\site_iuhm\vendor\laravel\framework\src\Illuminate\Routing\Router.php(821): Illuminate\Pipeline\Pipeline->then(Object(Closure))
#69 C:\xampp\htdocs\site_iuhm\vendor\laravel\framework\src\Illuminate\Routing\Router.php(800): Illuminate\Routing\Router->runRouteWithinStack(Object(Illuminate\Routing\Route), Object(Illuminate\Http\Request))
#70 C:\xampp\htdocs\site_iuhm\vendor\laravel\framework\src\Illuminate\Routing\Router.php(764): Illuminate\Routing\Router->runRoute(Object(Illuminate\Http\Request), Object(Illuminate\Routing\Route))
#71 C:\xampp\htdocs\site_iuhm\vendor\laravel\framework\src\Illuminate\Routing\Router.php(753): Illuminate\Routing\Router->dispatchToRoute(Object(Illuminate\Http\Request))
#72 C:\xampp\htdocs\site_iuhm\vendor\laravel\framework\src\Illuminate\Foundation\Http\Kernel.php(200): Illuminate\Routing\Router->dispatch(Object(Illuminate\Http\Request))
#73 C:\xampp\htdocs\site_iuhm\vendor\laravel\framework\src\Illuminate\Pipeline\Pipeline.php(180): Illuminate\Foundation\Http\Kernel->{closure:Illuminate\Foundation\Http\Kernel::dispatchToRouter():197}(Object(Illuminate\Http\Request))
#74 C:\xampp\htdocs\site_iuhm\vendor\livewire\livewire\src\Features\SupportDisablingBackButtonCache\DisableBackButtonCacheMiddleware.php(19): Illuminate\Pipeline\Pipeline->{closure:Illuminate\Pipeline\Pipeline::prepareDestination():178}(Object(Illuminate\Http\Request))
#75 C:\xampp\htdocs\site_iuhm\vendor\laravel\framework\src\Illuminate\Pipeline\Pipeline.php(219): Livewire\Features\SupportDisablingBackButtonCache\DisableBackButtonCacheMiddleware->handle(Object(Illuminate\Http\Request), Object(Closure))
#76 C:\xampp\htdocs\site_iuhm\vendor\laravel\framework\src\Illuminate\Foundation\Http\Middleware\TransformsRequest.php(21): Illuminate\Pipeline\Pipeline->{closure:{closure:Illuminate\Pipeline\Pipeline::carry():194}:195}(Object(Illuminate\Http\Request))
#77 C:\xampp\htdocs\site_iuhm\vendor\laravel\framework\src\Illuminate\Foundation\Http\Middleware\ConvertEmptyStringsToNull.php(31): Illuminate\Foundation\Http\Middleware\TransformsRequest->handle(Object(Illuminate\Http\Request), Object(Closure))
#78 C:\xampp\htdocs\site_iuhm\vendor\laravel\framework\src\Illuminate\Pipeline\Pipeline.php(219): Illuminate\Foundation\Http\Middleware\ConvertEmptyStringsToNull->handle(Object(Illuminate\Http\Request), Object(Closure))
#79 C:\xampp\htdocs\site_iuhm\vendor\laravel\framework\src\Illuminate\Foundation\Http\Middleware\TransformsRequest.php(21): Illuminate\Pipeline\Pipeline->{closure:{closure:Illuminate\Pipeline\Pipeline::carry():194}:195}(Object(Illuminate\Http\Request))
#80 C:\xampp\htdocs\site_iuhm\vendor\laravel\framework\src\Illuminate\Foundation\Http\Middleware\TrimStrings.php(51): Illuminate\Foundation\Http\Middleware\TransformsRequest->handle(Object(Illuminate\Http\Request), Object(Closure))
#81 C:\xampp\htdocs\site_iuhm\vendor\laravel\framework\src\Illuminate\Pipeline\Pipeline.php(219): Illuminate\Foundation\Http\Middleware\TrimStrings->handle(Object(Illuminate\Http\Request), Object(Closure))
#82 C:\xampp\htdocs\site_iuhm\vendor\laravel\framework\src\Illuminate\Http\Middleware\ValidatePostSize.php(27): Illuminate\Pipeline\Pipeline->{closure:{closure:Illuminate\Pipeline\Pipeline::carry():194}:195}(Object(Illuminate\Http\Request))
#83 C:\xampp\htdocs\site_iuhm\vendor\laravel\framework\src\Illuminate\Pipeline\Pipeline.php(219): Illuminate\Http\Middleware\ValidatePostSize->handle(Object(Illuminate\Http\Request), Object(Closure))
#84 C:\xampp\htdocs\site_iuhm\vendor\laravel\framework\src\Illuminate\Foundation\Http\Middleware\PreventRequestsDuringMaintenance.php(109): Illuminate\Pipeline\Pipeline->{closure:{closure:Illuminate\Pipeline\Pipeline::carry():194}:195}(Object(Illuminate\Http\Request))
#85 C:\xampp\htdocs\site_iuhm\vendor\laravel\framework\src\Illuminate\Pipeline\Pipeline.php(219): Illuminate\Foundation\Http\Middleware\PreventRequestsDuringMaintenance->handle(Object(Illuminate\Http\Request), Object(Closure))
#86 C:\xampp\htdocs\site_iuhm\vendor\laravel\framework\src\Illuminate\Http\Middleware\HandleCors.php(61): Illuminate\Pipeline\Pipeline->{closure:{closure:Illuminate\Pipeline\Pipeline::carry():194}:195}(Object(Illuminate\Http\Request))
#87 C:\xampp\htdocs\site_iuhm\vendor\laravel\framework\src\Illuminate\Pipeline\Pipeline.php(219): Illuminate\Http\Middleware\HandleCors->handle(Object(Illuminate\Http\Request), Object(Closure))
#88 C:\xampp\htdocs\site_iuhm\vendor\laravel\framework\src\Illuminate\Http\Middleware\TrustProxies.php(58): Illuminate\Pipeline\Pipeline->{closure:{closure:Illuminate\Pipeline\Pipeline::carry():194}:195}(Object(Illuminate\Http\Request))
#89 C:\xampp\htdocs\site_iuhm\vendor\laravel\framework\src\Illuminate\Pipeline\Pipeline.php(219): Illuminate\Http\Middleware\TrustProxies->handle(Object(Illuminate\Http\Request), Object(Closure))
#90 C:\xampp\htdocs\site_iuhm\vendor\laravel\framework\src\Illuminate\Foundation\Http\Middleware\InvokeDeferredCallbacks.php(22): Illuminate\Pipeline\Pipeline->{closure:{closure:Illuminate\Pipeline\Pipeline::carry():194}:195}(Object(Illuminate\Http\Request))
#91 C:\xampp\htdocs\site_iuhm\vendor\laravel\framework\src\Illuminate\Pipeline\Pipeline.php(219): Illuminate\Foundation\Http\Middleware\InvokeDeferredCallbacks->handle(Object(Illuminate\Http\Request), Object(Closure))
#92 C:\xampp\htdocs\site_iuhm\vendor\laravel\framework\src\Illuminate\Http\Middleware\ValidatePathEncoding.php(28): Illuminate\Pipeline\Pipeline->{closure:{closure:Illuminate\Pipeline\Pipeline::carry():194}:195}(Object(Illuminate\Http\Request))
#93 C:\xampp\htdocs\site_iuhm\vendor\laravel\framework\src\Illuminate\Pipeline\Pipeline.php(219): Illuminate\Http\Middleware\ValidatePathEncoding->handle(Object(Illuminate\Http\Request), Object(Closure))
#94 C:\xampp\htdocs\site_iuhm\vendor\laravel\framework\src\Illuminate\Pipeline\Pipeline.php(137): Illuminate\Pipeline\Pipeline->{closure:{closure:Illuminate\Pipeline\Pipeline::carry():194}:195}(Object(Illuminate\Http\Request))
#95 C:\xampp\htdocs\site_iuhm\vendor\laravel\framework\src\Illuminate\Foundation\Http\Kernel.php(175): Illuminate\Pipeline\Pipeline->then(Object(Closure))
#96 C:\xampp\htdocs\site_iuhm\vendor\laravel\framework\src\Illuminate\Foundation\Http\Kernel.php(144): Illuminate\Foundation\Http\Kernel->sendRequestThroughRouter(Object(Illuminate\Http\Request))
#97 C:\xampp\htdocs\site_iuhm\vendor\laravel\framework\src\Illuminate\Foundation\Testing\Concerns\MakesHttpRequests.php(607): Illuminate\Foundation\Http\Kernel->handle(Object(Illuminate\Http\Request))
#98 C:\xampp\htdocs\site_iuhm\vendor\laravel\framework\src\Illuminate\Foundation\Testing\Concerns\MakesHttpRequests.php(368): Illuminate\Foundation\Testing\TestCase->call('GET', 'http://localhos...', Array, Array, Array, Array)
#99 C:\xampp\htdocs\site_iuhm\tests\Feature\Settings\SecurityTest.php(34): Illuminate\Foundation\Testing\TestCase->get('http://localhos...')
#100 C:\xampp\htdocs\site_iuhm\vendor\phpunit\phpunit\src\Framework\TestCase.php(1335): Tests\Feature\Settings\SecurityTest->test_security_settings_page_can_be_rendered()
#101 C:\xampp\htdocs\site_iuhm\vendor\phpunit\phpunit\src\Framework\TestCase.php(519): PHPUnit\Framework\TestCase->runTest()
#102 C:\xampp\htdocs\site_iuhm\vendor\phpunit\phpunit\src\Framework\TestRunner\TestRunner.php(99): PHPUnit\Framework\TestCase->runBare()
#103 C:\xampp\htdocs\site_iuhm\vendor\phpunit\phpunit\src\Framework\TestCase.php(359): PHPUnit\Framework\TestRunner->run(Object(Tests\Feature\Settings\SecurityTest))
#104 C:\xampp\htdocs\site_iuhm\vendor\phpunit\phpunit\src\Framework\TestSuite.php(374): PHPUnit\Framework\TestCase->run()
#105 C:\xampp\htdocs\site_iuhm\vendor\phpunit\phpunit\src\Framework\TestSuite.php(374): PHPUnit\Framework\TestSuite->run()
#106 C:\xampp\htdocs\site_iuhm\vendor\phpunit\phpunit\src\Framework\TestSuite.php(374): PHPUnit\Framework\TestSuite->run()
#107 C:\xampp\htdocs\site_iuhm\vendor\phpunit\phpunit\src\TextUI\TestRunner.php(64): PHPUnit\Framework\TestSuite->run()
#108 C:\xampp\htdocs\site_iuhm\vendor\phpunit\phpunit\src\TextUI\Application.php(229): PHPUnit\TextUI\TestRunner->run(Object(PHPUnit\TextUI\Configuration\Configuration), Object(PHPUnit\Runner\ResultCache\DefaultResultCache), Object(PHPUnit\Framework\TestSuite))
#109 C:\xampp\htdocs\site_iuhm\vendor\phpunit\phpunit\phpunit(104): PHPUnit\TextUI\Application->run(Array)
#110 {main}

Next Illuminate\View\ViewException: Undefined variable $navigationPages (View: C:\xampp\htdocs\site_iuhm\resources\views\partials\header.blade.php) (View: C:\xampp\htdocs\site_iuhm\resources\views\partials\header.blade.php) in C:\xampp\htdocs\site_iuhm\storage\framework\views\7051f6576562b2dc7a02a46a651d2c4e.php:19
Stack trace:
#0 C:\xampp\htdocs\site_iuhm\vendor\livewire\livewire\src\Mechanisms\ExtendBlade\ExtendedCompilerEngine.php(58): Illuminate\View\Engines\CompilerEngine->handleViewException(Object(Illuminate\View\ViewException), 2)
#1 C:\xampp\htdocs\site_iuhm\vendor\laravel\framework\src\Illuminate\View\Engines\PhpEngine.php(59): Livewire\Mechanisms\ExtendBlade\ExtendedCompilerEngine->handleViewException(Object(Illuminate\View\ViewException), 2)
#2 C:\xampp\htdocs\site_iuhm\vendor\livewire\livewire\src\Mechanisms\ExtendBlade\ExtendedCompilerEngine.php(22): Illuminate\View\Engines\PhpEngine->evaluatePath('C:\\xampp\\htdocs...', Array)
#3 C:\xampp\htdocs\site_iuhm\vendor\laravel\framework\src\Illuminate\View\Engines\CompilerEngine.php(76): Livewire\Mechanisms\ExtendBlade\ExtendedCompilerEngine->evaluatePath('C:\\xampp\\htdocs...', Array)
#4 C:\xampp\htdocs\site_iuhm\vendor\livewire\livewire\src\Mechanisms\ExtendBlade\ExtendedCompilerEngine.php(10): Illuminate\View\Engines\CompilerEngine->get('C:\\xampp\\htdocs...', Array)
#5 C:\xampp\htdocs\site_iuhm\vendor\laravel\framework\src\Illuminate\View\View.php(208): Livewire\Mechanisms\ExtendBlade\ExtendedCompilerEngine->get('C:\\xampp\\htdocs...', Array)
#6 C:\xampp\htdocs\site_iuhm\vendor\laravel\framework\src\Illuminate\View\View.php(191): Illuminate\View\View->getContents()
#7 C:\xampp\htdocs\site_iuhm\vendor\laravel\framework\src\Illuminate\View\View.php(160): Illuminate\View\View->renderContents()
#8 C:\xampp\htdocs\site_iuhm\vendor\laravel\framework\src\Illuminate\View\Concerns\ManagesComponents.php(103): Illuminate\View\View->render()
#9 C:\xampp\htdocs\site_iuhm\storage\framework\views\7deb94de6e2eb6551b8bc95535a64c72.php(17): Illuminate\View\Factory->renderComponent()
#10 C:\xampp\htdocs\site_iuhm\vendor\laravel\framework\src\Illuminate\Filesystem\Filesystem.php(123): require('C:\\xampp\\htdocs...')
#11 C:\xampp\htdocs\site_iuhm\vendor\laravel\framework\src\Illuminate\Filesystem\Filesystem.php(124): Illuminate\Filesystem\Filesystem::{closure:Illuminate\Filesystem\Filesystem::getRequire():120}()
#12 C:\xampp\htdocs\site_iuhm\vendor\laravel\framework\src\Illuminate\View\Engines\PhpEngine.php(57): Illuminate\Filesystem\Filesystem->getRequire('C:\\xampp\\htdocs...', Array)
#13 C:\xampp\htdocs\site_iuhm\vendor\livewire\livewire\src\Mechanisms\ExtendBlade\ExtendedCompilerEngine.php(22): Illuminate\View\Engines\PhpEngine->evaluatePath('C:\\xampp\\htdocs...', Array)
#14 C:\xampp\htdocs\site_iuhm\vendor\laravel\framework\src\Illuminate\View\Engines\CompilerEngine.php(76): Livewire\Mechanisms\ExtendBlade\ExtendedCompilerEngine->evaluatePath('C:\\xampp\\htdocs...', Array)
#15 C:\xampp\htdocs\site_iuhm\vendor\livewire\livewire\src\Mechanisms\ExtendBlade\ExtendedCompilerEngine.php(10): Illuminate\View\Engines\CompilerEngine->get('C:\\xampp\\htdocs...', Array)
#16 C:\xampp\htdocs\site_iuhm\vendor\laravel\framework\src\Illuminate\View\View.php(208): Livewire\Mechanisms\ExtendBlade\ExtendedCompilerEngine->get('C:\\xampp\\htdocs...', Array)
#17 C:\xampp\htdocs\site_iuhm\vendor\laravel\framework\src\Illuminate\View\View.php(191): Illuminate\View\View->getContents()
#18 C:\xampp\htdocs\site_iuhm\vendor\laravel\framework\src\Illuminate\View\View.php(160): Illuminate\View\View->renderContents()
#19 C:\xampp\htdocs\site_iuhm\vendor\laravel\framework\src\Illuminate\View\Compilers\BladeCompiler.php(353): Illuminate\View\View->render()
#20 C:\xampp\htdocs\site_iuhm\vendor\laravel\framework\src\Illuminate\Support\Facades\Facade.php(363): Illuminate\View\Compilers\BladeCompiler::render('    <?php $layo...', Array)
#21 C:\xampp\htdocs\site_iuhm\vendor\livewire\livewire\src\Features\SupportPageComponents\SupportPageComponents.php(162): Illuminate\Support\Facades\Facade::__callStatic('render', Array)
#22 C:\xampp\htdocs\site_iuhm\vendor\livewire\livewire\src\Features\SupportPageComponents\HandlesPageComponents.php(26): Livewire\Features\SupportPageComponents\SupportPageComponents::renderContentsIntoLayout('[39;22m[39;1m<section wire:s...', Object(Livewire\Features\SupportPageComponents\PageComponentConfig))
#23 C:\xampp\htdocs\site_iuhm\vendor\laravel\framework\src\Illuminate\Container\BoundMethod.php(36): Livewire\Component->[39;22m[39;1m__invoke()
#24 C:\xampp\htdocs\site_iuhm\vendor\laravel\framework\src\Illuminate\Container\Util.php(43): Illuminate\Container\BoundMethod::{closure:Illuminate\Container\BoundMethod::call():35}()
#25 C:\xampp\htdocs\site_iuhm\vendor\laravel\framework\src\Illuminate\Container\BoundMethod.php(96): Illuminate\Container\Util::unwrapIfClosure(Object(Closure))
#26 C:\xampp\htdocs\site_iuhm\vendor\laravel\framework\src\Illuminate\Container\BoundMethod.php(35): Illuminate\Container\BoundMethod::callBoundMethod(Object(Illuminate\Foundation\Application), Array, Object(Closure))
#27 C:\xampp\htdocs\site_iuhm\vendor\laravel\framework\src\Illuminate\Container\Container.php(799): Illuminate\Container\BoundMethod::call(Object(Illuminate\Foundation\Application), Array, Array, NULL)
#28 C:\xampp\htdocs\site_iuhm\vendor\livewire\livewire\src\Mechanisms\HandleRouting\LivewirePageController.php(15): Illuminate\Container\Container->call(Array)
#29 C:\xampp\htdocs\site_iuhm\vendor\laravel\framework\src\Illuminate\Routing\ControllerDispatcher.php(46): Livewire\Mechanisms\HandleRouting\LivewirePageController->__invoke()
#30 C:\xampp\htdocs\site_iuhm\vendor\laravel\framework\src\Illuminate\Routing\Route.php(269): Illuminate\Routing\ControllerDispatcher->dispatch(Object(Illuminate\Routing\Route), Object(Livewire\Mechanisms\HandleRouting\LivewirePageController), '__invoke')
#31 C:\xampp\htdocs\site_iuhm\vendor\laravel\framework\src\Illuminate\Routing\Route.php(215): Illuminate\Routing\Route->runController()
#32 C:\xampp\htdocs\site_iuhm\vendor\laravel\framework\src\Illuminate\Routing\Router.php(822): Illuminate\Routing\Route->run()
#33 C:\xampp\htdocs\site_iuhm\vendor\laravel\framework\src\Illuminate\Pipeline\Pipeline.php(180): Illuminate\Routing\Router->{closure:Illuminate\Routing\Router::runRouteWithinStack():821}(Object(Illuminate\Http\Request))
#34 C:\xampp\htdocs\site_iuhm\vendor\laravel\framework\src\Illuminate\Auth\Middleware\RequirePassword.php(84): Illuminate\Pipeline\Pipeline->{closure:Illuminate\Pipeline\Pipeline::prepareDestination():178}(Object(Illuminate\Http\Request))
#35 C:\xampp\htdocs\site_iuhm\vendor\laravel\framework\src\Illuminate\Pipeline\Pipeline.php(219): Illuminate\Auth\Middleware\RequirePassword->handle(Object(Illuminate\Http\Request), Object(Closure))
#36 C:\xampp\htdocs\site_iuhm\vendor\laravel\framework\src\Illuminate\Auth\Middleware\EnsureEmailIsVerified.php(41): Illuminate\Pipeline\Pipeline->{closure:{closure:Illuminate\Pipeline\Pipeline::carry():194}:195}(Object(Illuminate\Http\Request))
#37 C:\xampp\htdocs\site_iuhm\vendor\laravel\framework\src\Illuminate\Pipeline\Pipeline.php(219): Illuminate\Auth\Middleware\EnsureEmailIsVerified->handle(Object(Illuminate\Http\Request), Object(Closure))
#38 C:\xampp\htdocs\site_iuhm\app\Http\Middleware\SetTeamUrlDefaults.php(26): Illuminate\Pipeline\Pipeline->{closure:{closure:Illuminate\Pipeline\Pipeline::carry():194}:195}(Object(Illuminate\Http\Request))
#39 C:\xampp\htdocs\site_iuhm\vendor\laravel\framework\src\Illuminate\Pipeline\Pipeline.php(219): App\Http\Middleware\SetTeamUrlDefaults->handle(Object(Illuminate\Http\Request), Object(Closure))
#40 C:\xampp\htdocs\site_iuhm\app\Http\Middleware\SetLocale.php(28): Illuminate\Pipeline\Pipeline->{closure:{closure:Illuminate\Pipeline\Pipeline::carry():194}:195}(Object(Illuminate\Http\Request))
#41 C:\xampp\htdocs\site_iuhm\vendor\laravel\framework\src\Illuminate\Pipeline\Pipeline.php(219): App\Http\Middleware\SetLocale->handle(Object(Illuminate\Http\Request), Object(Closure))
#42 C:\xampp\htdocs\site_iuhm\vendor\laravel\framework\src\Illuminate\Routing\Middleware\SubstituteBindings.php(52): Illuminate\Pipeline\Pipeline->{closure:{closure:Illuminate\Pipeline\Pipeline::carry():194}:195}(Object(Illuminate\Http\Request))
#43 C:\xampp\htdocs\site_iuhm\vendor\laravel\framework\src\Illuminate\Pipeline\Pipeline.php(219): Illuminate\Routing\Middleware\SubstituteBindings->handle(Object(Illuminate\Http\Request), Object(Closure))
#44 C:\xampp\htdocs\site_iuhm\vendor\laravel\framework\src\Illuminate\Auth\Middleware\Authenticate.php(63): Illuminate\Pipeline\Pipeline->{closure:{closure:Illuminate\Pipeline\Pipeline::carry():194}:195}(Object(Illuminate\Http\Request))
#45 C:\xampp\htdocs\site_iuhm\vendor\laravel\framework\src\Illuminate\Pipeline\Pipeline.php(219): Illuminate\Auth\Middleware\Authenticate->handle(Object(Illuminate\Http\Request), Object(Closure))
#46 C:\xampp\htdocs\site_iuhm\vendor\laravel\framework\src\Illuminate\Foundation\Http\Middleware\PreventRequestForgery.php(104): Illuminate\Pipeline\Pipeline->{closure:{closure:Illuminate\Pipeline\Pipeline::carry():194}:195}(Object(Illuminate\Http\Request))
#47 C:\xampp\htdocs\site_iuhm\vendor\laravel\framework\src\Illuminate\Pipeline\Pipeline.php(219): Illuminate\Foundation\Http\Middleware\PreventRequestForgery->handle(Object(Illuminate\Http\Request), Object(Closure))
#48 C:\xampp\htdocs\site_iuhm\vendor\laravel\framework\src\Illuminate\View\Middleware\ShareErrorsFromSession.php(48): Illuminate\Pipeline\Pipeline->{closure:{closure:Illuminate\Pipeline\Pipeline::carry():194}:195}(Object(Illuminate\Http\Request))
#49 C:\xampp\htdocs\site_iuhm\vendor\laravel\framework\src\Illuminate\Pipeline\Pipeline.php(219): Illuminate\View\Middleware\ShareErrorsFromSession->handle(Object(Illuminate\Http\Request), Object(Closure))
#50 C:\xampp\htdocs\site_iuhm\vendor\laravel\framework\src\Illuminate\Session\Middleware\StartSession.php(120): Illuminate\Pipeline\Pipeline->{closure:{closure:Illuminate\Pipeline\Pipeline::carry():194}:195}(Object(Illuminate\Http\Request))
#51 C:\xampp\htdocs\site_iuhm\vendor\laravel\framework\src\Illuminate\Session\Middleware\StartSession.php(63): Illuminate\Session\Middleware\StartSession->handleStatefulRequest(Object(Illuminate\Http\Request), Object(Illuminate\Session\Store), Object(Closure))
#52 C:\xampp\htdocs\site_iuhm\vendor\laravel\framework\src\Illuminate\Pipeline\Pipeline.php(219): Illuminate\Session\Middleware\StartSession->handle(Object(Illuminate\Http\Request), Object(Closure))
#53 C:\xampp\htdocs\site_iuhm\vendor\laravel\framework\src\Illuminate\Cookie\Middleware\AddQueuedCookiesToResponse.php(36): Illuminate\Pipeline\Pipeline->{closure:{closure:Illuminate\Pipeline\Pipeline::carry():194}:195}(Object(Illuminate\Http\Request))
#54 C:\xampp\htdocs\site_iuhm\vendor\laravel\framework\src\Illuminate\Pipeline\Pipeline.php(219): Illuminate\Cookie\Middleware\AddQueuedCookiesToResponse->handle(Object(Illuminate\Http\Request), Object(Closure))
#55 C:\xampp\htdocs\site_iuhm\vendor\laravel\framework\src\Illuminate\Cookie\Middleware\EncryptCookies.php(74): Illuminate\Pipeline\Pipeline->{closure:{closure:Illuminate\Pipeline\Pipeline::carry():194}:195}(Object(Illuminate\Http\Request))
#56 C:\xampp\htdocs\site_iuhm\vendor\laravel\framework\src\Illuminate\Pipeline\Pipeline.php(219): Illuminate\Cookie\Middleware\EncryptCookies->handle(Object(Illuminate\Http\Request), Object(Closure))
#57 C:\xampp\htdocs\site_iuhm\vendor\laravel\framework\src\Illuminate\Pipeline\Pipeline.php(137): Illuminate\Pipeline\Pipeline->{closure:{closure:Illuminate\Pipeline\Pipeline::carry():194}:195}(Object(Illuminate\Http\Request))
#58 C:\xampp\htdocs\site_iuhm\vendor\laravel\framework\src\Illuminate\Routing\Router.php(821): Illuminate\Pipeline\Pipeline->then(Object(Closure))
#59 C:\xampp\htdocs\site_iuhm\vendor\laravel\framework\src\Illuminate\Routing\Router.php(800): Illuminate\Routing\Router->runRouteWithinStack(Object(Illuminate\Routing\Route), Object(Illuminate\Http\Request))
#60 C:\xampp\htdocs\site_iuhm\vendor\laravel\framework\src\Illuminate\Routing\Router.php(764): Illuminate\Routing\Router->runRoute(Object(Illuminate\Http\Request), Object(Illuminate\Routing\Route))
#61 C:\xampp\htdocs\site_iuhm\vendor\laravel\framework\src\Illuminate\Routing\Router.php(753): Illuminate\Routing\Router->dispatchToRoute(Object(Illuminate\Http\Request))
#62 C:\xampp\htdocs\site_iuhm\vendor\laravel\framework\src\Illuminate\Foundation\Http\Kernel.php(200): Illuminate\Routing\Router->dispatch(Object(Illuminate\Http\Request))
#63 C:\xampp\htdocs\site_iuhm\vendor\laravel\framework\src\Illuminate\Pipeline\Pipeline.php(180): Illuminate\Foundation\Http\Kernel->{closure:Illuminate\Foundation\Http\Kernel::dispatchToRouter():197}(Object(Illuminate\Http\Request))
#64 C:\xampp\htdocs\site_iuhm\vendor\livewire\livewire\src\Features\SupportDisablingBackButtonCache\DisableBackButtonCacheMiddleware.php(19): Illuminate\Pipeline\Pipeline->{closure:Illuminate\Pipeline\Pipeline::prepareDestination():178}(Object(Illuminate\Http\Request))
#65 C:\xampp\htdocs\site_iuhm\vendor\laravel\framework\src\Illuminate\Pipeline\Pipeline.php(219): Livewire\Features\SupportDisablingBackButtonCache\DisableBackButtonCacheMiddleware->handle(Object(Illuminate\Http\Request), Object(Closure))
#66 C:\xampp\htdocs\site_iuhm\vendor\laravel\framework\src\Illuminate\Foundation\Http\Middleware\TransformsRequest.php(21): Illuminate\Pipeline\Pipeline->{closure:{closure:Illuminate\Pipeline\Pipeline::carry():194}:195}(Object(Illuminate\Http\Request))
#67 C:\xampp\htdocs\site_iuhm\vendor\laravel\framework\src\Illuminate\Foundation\Http\Middleware\ConvertEmptyStringsToNull.php(31): Illuminate\Foundation\Http\Middleware\TransformsRequest->handle(Object(Illuminate\Http\Request), Object(Closure))
#68 C:\xampp\htdocs\site_iuhm\vendor\laravel\framework\src\Illuminate\Pipeline\Pipeline.php(219): Illuminate\Foundation\Http\Middleware\ConvertEmptyStringsToNull->handle(Object(Illuminate\Http\Request), Object(Closure))
#69 C:\xampp\htdocs\site_iuhm\vendor\laravel\framework\src\Illuminate\Foundation\Http\Middleware\TransformsRequest.php(21): Illuminate\Pipeline\Pipeline->{closure:{closure:Illuminate\Pipeline\Pipeline::carry():194}:195}(Object(Illuminate\Http\Request))
#70 C:\xampp\htdocs\site_iuhm\vendor\laravel\framework\src\Illuminate\Foundation\Http\Middleware\TrimStrings.php(51): Illuminate\Foundation\Http\Middleware\TransformsRequest->handle(Object(Illuminate\Http\Request), Object(Closure))
#71 C:\xampp\htdocs\site_iuhm\vendor\laravel\framework\src\Illuminate\Pipeline\Pipeline.php(219): Illuminate\Foundation\Http\Middleware\TrimStrings->handle(Object(Illuminate\Http\Request), Object(Closure))
#72 C:\xampp\htdocs\site_iuhm\vendor\laravel\framework\src\Illuminate\Http\Middleware\ValidatePostSize.php(27): Illuminate\Pipeline\Pipeline->{closure:{closure:Illuminate\Pipeline\Pipeline::carry():194}:195}(Object(Illuminate\Http\Request))
#73 C:\xampp\htdocs\site_iuhm\vendor\laravel\framework\src\Illuminate\Pipeline\Pipeline.php(219): Illuminate\Http\Middleware\ValidatePostSize->handle(Object(Illuminate\Http\Request), Object(Closure))
#74 C:\xampp\htdocs\site_iuhm\vendor\laravel\framework\src\Illuminate\Foundation\Http\Middleware\PreventRequestsDuringMaintenance.php(109): Illuminate\Pipeline\Pipeline->{closure:{closure:Illuminate\Pipeline\Pipeline::carry():194}:195}(Object(Illuminate\Http\Request))
#75 C:\xampp\htdocs\site_iuhm\vendor\laravel\framework\src\Illuminate\Pipeline\Pipeline.php(219): Illuminate\Foundation\Http\Middleware\PreventRequestsDuringMaintenance->handle(Object(Illuminate\Http\Request), Object(Closure))
#76 C:\xampp\htdocs\site_iuhm\vendor\laravel\framework\src\Illuminate\Http\Middleware\HandleCors.php(61): Illuminate\Pipeline\Pipeline->{closure:{closure:Illuminate\Pipeline\Pipeline::carry():194}:195}(Object(Illuminate\Http\Request))
#77 C:\xampp\htdocs\site_iuhm\vendor\laravel\framework\src\Illuminate\Pipeline\Pipeline.php(219): Illuminate\Http\Middleware\HandleCors->handle(Object(Illuminate\Http\Request), Object(Closure))
#78 C:\xampp\htdocs\site_iuhm\vendor\laravel\framework\src\Illuminate\Http\Middleware\TrustProxies.php(58): Illuminate\Pipeline\Pipeline->{closure:{closure:Illuminate\Pipeline\Pipeline::carry():194}:195}(Object(Illuminate\Http\Request))
#79 C:\xampp\htdocs\site_iuhm\vendor\laravel\framework\src\Illuminate\Pipeline\Pipeline.php(219): Illuminate\Http\Middleware\TrustProxies->handle(Object(Illuminate\Http\Request), Object(Closure))
#80 C:\xampp\htdocs\site_iuhm\vendor\laravel\framework\src\Illuminate\Foundation\Http\Middleware\InvokeDeferredCallbacks.php(22): Illuminate\Pipeline\Pipeline->{closure:{closure:Illuminate\Pipeline\Pipeline::carry():194}:195}(Object(Illuminate\Http\Request))
#81 C:\xampp\htdocs\site_iuhm\vendor\laravel\framework\src\Illuminate\Pipeline\Pipeline.php(219): Illuminate\Foundation\Http\Middleware\InvokeDeferredCallbacks->handle(Object(Illuminate\Http\Request), Object(Closure))
#82 C:\xampp\htdocs\site_iuhm\vendor\laravel\framework\src\Illuminate\Http\Middleware\ValidatePathEncoding.php(28): Illuminate\Pipeline\Pipeline->{closure:{closure:Illuminate\Pipeline\Pipeline::carry():194}:195}(Object(Illuminate\Http\Request))
#83 C:\xampp\htdocs\site_iuhm\vendor\laravel\framework\src\Illuminate\Pipeline\Pipeline.php(219): Illuminate\Http\Middleware\ValidatePathEncoding->handle(Object(Illuminate\Http\Request), Object(Closure))
#84 C:\xampp\htdocs\site_iuhm\vendor\laravel\framework\src\Illuminate\Pipeline\Pipeline.php(137): Illuminate\Pipeline\Pipeline->{closure:{closure:Illuminate\Pipeline\Pipeline::carry():194}:195}(Object(Illuminate\Http\Request))
#85 C:\xampp\htdocs\site_iuhm\vendor\laravel\framework\src\Illuminate\Foundation\Http\Kernel.php(175): Illuminate\Pipeline\Pipeline->then(Object(Closure))
#86 C:\xampp\htdocs\site_iuhm\vendor\laravel\framework\src\Illuminate\Foundation\Http\Kernel.php(144): Illuminate\Foundation\Http\Kernel->sendRequestThroughRouter(Object(Illuminate\Http\Request))
#87 C:\xampp\htdocs\site_iuhm\vendor\laravel\framework\src\Illuminate\Foundation\Testing\Concerns\MakesHttpRequests.php(607): Illuminate\Foundation\Http\Kernel->handle(Object(Illuminate\Http\Request))
#88 C:\xampp\htdocs\site_iuhm\vendor\laravel\framework\src\Illuminate\Foundation\Testing\Concerns\MakesHttpRequests.php(368): Illuminate\Foundation\Testing\TestCase->call('GET', 'http://localhos...', Array, Array, Array, Array)
#89 C:\xampp\htdocs\site_iuhm\tests\Feature\Settings\SecurityTest.php(34): Illuminate\Foundation\Testing\TestCase->get('http://localhos...')
#90 C:\xampp\htdocs\site_iuhm\vendor\phpunit\phpunit\src\Framework\TestCase.php(1335): Tests\Feature\Settings\SecurityTest->test_security_settings_page_can_be_rendered()
#91 C:\xampp\htdocs\site_iuhm\vendor\phpunit\phpunit\src\Framework\TestCase.php(519): PHPUnit\Framework\TestCase->runTest()
#92 C:\xampp\htdocs\site_iuhm\vendor\phpunit\phpunit\src\Framework\TestRunner\TestRunner.php(99): PHPUnit\Framework\TestCase->runBare()
#93 C:\xampp\htdocs\site_iuhm\vendor\phpunit\phpunit\src\Framework\TestCase.php(359): PHPUnit\Framework\TestRunner->run(Object(Tests\Feature\Settings\SecurityTest))
#94 C:\xampp\htdocs\site_iuhm\vendor\phpunit\phpunit\src\Framework\TestSuite.php(374): PHPUnit\Framework\TestCase->run()
#95 C:\xampp\htdocs\site_iuhm\vendor\phpunit\phpunit\src\Framework\TestSuite.php(374): PHPUnit\Framework\TestSuite->run()
#96 C:\xampp\htdocs\site_iuhm\vendor\phpunit\phpunit\src\Framework\TestSuite.php(374): PHPUnit\Framework\TestSuite->run()
#97 C:\xampp\htdocs\site_iuhm\vendor\phpunit\phpunit\src\TextUI\TestRunner.php(64): PHPUnit\Framework\TestSuite->run()
#98 C:\xampp\htdocs\site_iuhm\vendor\phpunit\phpunit\src\TextUI\Application.php(229): PHPUnit\TextUI\TestRunner->run(Object(PHPUnit\TextUI\Configuration\Configuration), Object(PHPUnit\Runner\ResultCache\DefaultResultCache), Object(PHPUnit\Framework\TestSuite))
#99 C:\xampp\htdocs\site_iuhm\vendor\phpunit\phpunit\phpunit(104): PHPUnit\TextUI\Application->run(Array)
#100 {main}

Next Illuminate\View\ViewException: Undefined variable $navigationPages (View: C:\xampp\htdocs\site_iuhm\resources\views\partials\header.blade.php) (View: C:\xampp\htdocs\site_iuhm\resources\views\partials\header.blade.php) (View: C:\xampp\htdocs\site_iuhm\resources\views\partials\header.blade.php) in C:\xampp\htdocs\site_iuhm\storage\framework\views\7051f6576562b2dc7a02a46a651d2c4e.php:19
Stack trace:
#0 C:\xampp\htdocs\site_iuhm\vendor\livewire\livewire\src\Mechanisms\ExtendBlade\ExtendedCompilerEngine.php(58): Illuminate\View\Engines\CompilerEngine->handleViewException(Object(Illuminate\View\ViewException), 1)
#1 C:\xampp\htdocs\site_iuhm\vendor\laravel\framework\src\Illuminate\View\Engines\PhpEngine.php(59): Livewire\Mechanisms\ExtendBlade\ExtendedCompilerEngine->handleViewException(Object(Illuminate\View\ViewException), 1)
#2 C:\xampp\htdocs\site_iuhm\vendor\livewire\livewire\src\Mechanisms\ExtendBlade\ExtendedCompilerEngine.php(22): Illuminate\View\Engines\PhpEngine->evaluatePath('C:\\xampp\\htdocs...', Array)
#3 C:\xampp\htdocs\site_iuhm\vendor\laravel\framework\src\Illuminate\View\Engines\CompilerEngine.php(76): Livewire\Mechanisms\ExtendBlade\ExtendedCompilerEngine->evaluatePath('C:\\xampp\\htdocs...', Array)
#4 C:\xampp\htdocs\site_iuhm\vendor\livewire\livewire\src\Mechanisms\ExtendBlade\ExtendedCompilerEngine.php(10): Illuminate\View\Engines\CompilerEngine->get('C:\\xampp\\htdocs...', Array)
#5 C:\xampp\htdocs\site_iuhm\vendor\laravel\framework\src\Illuminate\View\View.php(208): Livewire\Mechanisms\ExtendBlade\ExtendedCompilerEngine->get('C:\\xampp\\htdocs...', Array)
#6 C:\xampp\htdocs\site_iuhm\vendor\laravel\framework\src\Illuminate\View\View.php(191): Illuminate\View\View->getContents()
#7 C:\xampp\htdocs\site_iuhm\vendor\laravel\framework\src\Illuminate\View\View.php(160): Illuminate\View\View->renderContents()
#8 C:\xampp\htdocs\site_iuhm\vendor\laravel\framework\src\Illuminate\View\Compilers\BladeCompiler.php(353): Illuminate\View\View->render()
#9 C:\xampp\htdocs\site_iuhm\vendor\laravel\framework\src\Illuminate\Support\Facades\Facade.php(363): Illuminate\View\Compilers\BladeCompiler::render('    <?php $layo...', Array)
#10 C:\xampp\htdocs\site_iuhm\vendor\livewire\livewire\src\Features\SupportPageComponents\SupportPageComponents.php(162): Illuminate\Support\Facades\Facade::__callStatic('render', Array)
#11 C:\xampp\htdocs\site_iuhm\vendor\livewire\livewire\src\Features\SupportPageComponents\HandlesPageComponents.php(26): Livewire\Features\SupportPageComponents\SupportPageComponents::renderContentsIntoLayout('[39;22m[39;1m<section wire:s...', Object(Livewire\Features\SupportPageComponents\PageComponentConfig))
#12 C:\xampp\htdocs\site_iuhm\vendor\laravel\framework\src\Illuminate\Container\BoundMethod.php(36): Livewire\Component->[39;22m[39;1m__invoke()
#13 C:\xampp\htdocs\site_iuhm\vendor\laravel\framework\src\Illuminate\Container\Util.php(43): Illuminate\Container\BoundMethod::{closure:Illuminate\Container\BoundMethod::call():35}()
#14 C:\xampp\htdocs\site_iuhm\vendor\laravel\framework\src\Illuminate\Container\BoundMethod.php(96): Illuminate\Container\Util::unwrapIfClosure(Object(Closure))
#15 C:\xampp\htdocs\site_iuhm\vendor\laravel\framework\src\Illuminate\Container\BoundMethod.php(35): Illuminate\Container\BoundMethod::callBoundMethod(Object(Illuminate\Foundation\Application), Array, Object(Closure))
#16 C:\xampp\htdocs\site_iuhm\vendor\laravel\framework\src\Illuminate\Container\Container.php(799): Illuminate\Container\BoundMethod::call(Object(Illuminate\Foundation\Application), Array, Array, NULL)
#17 C:\xampp\htdocs\site_iuhm\vendor\livewire\livewire\src\Mechanisms\HandleRouting\LivewirePageController.php(15): Illuminate\Container\Container->call(Array)
#18 C:\xampp\htdocs\site_iuhm\vendor\laravel\framework\src\Illuminate\Routing\ControllerDispatcher.php(46): Livewire\Mechanisms\HandleRouting\LivewirePageController->__invoke()
#19 C:\xampp\htdocs\site_iuhm\vendor\laravel\framework\src\Illuminate\Routing\Route.php(269): Illuminate\Routing\ControllerDispatcher->dispatch(Object(Illuminate\Routing\Route), Object(Livewire\Mechanisms\HandleRouting\LivewirePageController), '__invoke')
#20 C:\xampp\htdocs\site_iuhm\vendor\laravel\framework\src\Illuminate\Routing\Route.php(215): Illuminate\Routing\Route->runController()
#21 C:\xampp\htdocs\site_iuhm\vendor\laravel\framework\src\Illuminate\Routing\Router.php(822): Illuminate\Routing\Route->run()
#22 C:\xampp\htdocs\site_iuhm\vendor\laravel\framework\src\Illuminate\Pipeline\Pipeline.php(180): Illuminate\Routing\Router->{closure:Illuminate\Routing\Router::runRouteWithinStack():821}(Object(Illuminate\Http\Request))
#23 C:\xampp\htdocs\site_iuhm\vendor\laravel\framework\src\Illuminate\Auth\Middleware\RequirePassword.php(84): Illuminate\Pipeline\Pipeline->{closure:Illuminate\Pipeline\Pipeline::prepareDestination():178}(Object(Illuminate\Http\Request))
#24 C:\xampp\htdocs\site_iuhm\vendor\laravel\framework\src\Illuminate\Pipeline\Pipeline.php(219): Illuminate\Auth\Middleware\RequirePassword->handle(Object(Illuminate\Http\Request), Object(Closure))
#25 C:\xampp\htdocs\site_iuhm\vendor\laravel\framework\src\Illuminate\Auth\Middleware\EnsureEmailIsVerified.php(41): Illuminate\Pipeline\Pipeline->{closure:{closure:Illuminate\Pipeline\Pipeline::carry():194}:195}(Object(Illuminate\Http\Request))
#26 C:\xampp\htdocs\site_iuhm\vendor\laravel\framework\src\Illuminate\Pipeline\Pipeline.php(219): Illuminate\Auth\Middleware\EnsureEmailIsVerified->handle(Object(Illuminate\Http\Request), Object(Closure))
#27 C:\xampp\htdocs\site_iuhm\app\Http\Middleware\SetTeamUrlDefaults.php(26): Illuminate\Pipeline\Pipeline->{closure:{closure:Illuminate\Pipeline\Pipeline::carry():194}:195}(Object(Illuminate\Http\Request))
#28 C:\xampp\htdocs\site_iuhm\vendor\laravel\framework\src\Illuminate\Pipeline\Pipeline.php(219): App\Http\Middleware\SetTeamUrlDefaults->handle(Object(Illuminate\Http\Request), Object(Closure))
#29 C:\xampp\htdocs\site_iuhm\app\Http\Middleware\SetLocale.php(28): Illuminate\Pipeline\Pipeline->{closure:{closure:Illuminate\Pipeline\Pipeline::carry():194}:195}(Object(Illuminate\Http\Request))
#30 C:\xampp\htdocs\site_iuhm\vendor\laravel\framework\src\Illuminate\Pipeline\Pipeline.php(219): App\Http\Middleware\SetLocale->handle(Object(Illuminate\Http\Request), Object(Closure))
#31 C:\xampp\htdocs\site_iuhm\vendor\laravel\framework\src\Illuminate\Routing\Middleware\SubstituteBindings.php(52): Illuminate\Pipeline\Pipeline->{closure:{closure:Illuminate\Pipeline\Pipeline::carry():194}:195}(Object(Illuminate\Http\Request))
#32 C:\xampp\htdocs\site_iuhm\vendor\laravel\framework\src\Illuminate\Pipeline\Pipeline.php(219): Illuminate\Routing\Middleware\SubstituteBindings->handle(Object(Illuminate\Http\Request), Object(Closure))
#33 C:\xampp\htdocs\site_iuhm\vendor\laravel\framework\src\Illuminate\Auth\Middleware\Authenticate.php(63): Illuminate\Pipeline\Pipeline->{closure:{closure:Illuminate\Pipeline\Pipeline::carry():194}:195}(Object(Illuminate\Http\Request))
#34 C:\xampp\htdocs\site_iuhm\vendor\laravel\framework\src\Illuminate\Pipeline\Pipeline.php(219): Illuminate\Auth\Middleware\Authenticate->handle(Object(Illuminate\Http\Request), Object(Closure))
#35 C:\xampp\htdocs\site_iuhm\vendor\laravel\framework\src\Illuminate\Foundation\Http\Middleware\PreventRequestForgery.php(104): Illuminate\Pipeline\Pipeline->{closure:{closure:Illuminate\Pipeline\Pipeline::carry():194}:195}(Object(Illuminate\Http\Request))
#36 C:\xampp\htdocs\site_iuhm\vendor\laravel\framework\src\Illuminate\Pipeline\Pipeline.php(219): Illuminate\Foundation\Http\Middleware\PreventRequestForgery->handle(Object(Illuminate\Http\Request), Object(Closure))
#37 C:\xampp\htdocs\site_iuhm\vendor\laravel\framework\src\Illuminate\View\Middleware\ShareErrorsFromSession.php(48): Illuminate\Pipeline\Pipeline->{closure:{closure:Illuminate\Pipeline\Pipeline::carry():194}:195}(Object(Illuminate\Http\Request))
#38 C:\xampp\htdocs\site_iuhm\vendor\laravel\framework\src\Illuminate\Pipeline\Pipeline.php(219): Illuminate\View\Middleware\ShareErrorsFromSession->handle(Object(Illuminate\Http\Request), Object(Closure))
#39 C:\xampp\htdocs\site_iuhm\vendor\laravel\framework\src\Illuminate\Session\Middleware\StartSession.php(120): Illuminate\Pipeline\Pipeline->{closure:{closure:Illuminate\Pipeline\Pipeline::carry():194}:195}(Object(Illuminate\Http\Request))
#40 C:\xampp\htdocs\site_iuhm\vendor\laravel\framework\src\Illuminate\Session\Middleware\StartSession.php(63): Illuminate\Session\Middleware\StartSession->handleStatefulRequest(Object(Illuminate\Http\Request), Object(Illuminate\Session\Store), Object(Closure))
#41 C:\xampp\htdocs\site_iuhm\vendor\laravel\framework\src\Illuminate\Pipeline\Pipeline.php(219): Illuminate\Session\Middleware\StartSession->handle(Object(Illuminate\Http\Request), Object(Closure))
#42 C:\xampp\htdocs\site_iuhm\vendor\laravel\framework\src\Illuminate\Cookie\Middleware\AddQueuedCookiesToResponse.php(36): Illuminate\Pipeline\Pipeline->{closure:{closure:Illuminate\Pipeline\Pipeline::carry():194}:195}(Object(Illuminate\Http\Request))
#43 C:\xampp\htdocs\site_iuhm\vendor\laravel\framework\src\Illuminate\Pipeline\Pipeline.php(219): Illuminate\Cookie\Middleware\AddQueuedCookiesToResponse->handle(Object(Illuminate\Http\Request), Object(Closure))
#44 C:\xampp\htdocs\site_iuhm\vendor\laravel\framework\src\Illuminate\Cookie\Middleware\EncryptCookies.php(74): Illuminate\Pipeline\Pipeline->{closure:{closure:Illuminate\Pipeline\Pipeline::carry():194}:195}(Object(Illuminate\Http\Request))
#45 C:\xampp\htdocs\site_iuhm\vendor\laravel\framework\src\Illuminate\Pipeline\Pipeline.php(219): Illuminate\Cookie\Middleware\EncryptCookies->handle(Object(Illuminate\Http\Request), Object(Closure))
#46 C:\xampp\htdocs\site_iuhm\vendor\laravel\framework\src\Illuminate\Pipeline\Pipeline.php(137): Illuminate\Pipeline\Pipeline->{closure:{closure:Illuminate\Pipeline\Pipeline::carry():194}:195}(Object(Illuminate\Http\Request))
#47 C:\xampp\htdocs\site_iuhm\vendor\laravel\framework\src\Illuminate\Routing\Router.php(821): Illuminate\Pipeline\Pipeline->then(Object(Closure))
#48 C:\xampp\htdocs\site_iuhm\vendor\laravel\framework\src\Illuminate\Routing\Router.php(800): Illuminate\Routing\Router->runRouteWithinStack(Object(Illuminate\Routing\Route), Object(Illuminate\Http\Request))
#49 C:\xampp\htdocs\site_iuhm\vendor\laravel\framework\src\Illuminate\Routing\Router.php(764): Illuminate\Routing\Router->runRoute(Object(Illuminate\Http\Request), Object(Illuminate\Routing\Route))
#50 C:\xampp\htdocs\site_iuhm\vendor\laravel\framework\src\Illuminate\Routing\Router.php(753): Illuminate\Routing\Router->dispatchToRoute(Object(Illuminate\Http\Request))
#51 C:\xampp\htdocs\site_iuhm\vendor\laravel\framework\src\Illuminate\Foundation\Http\Kernel.php(200): Illuminate\Routing\Router->dispatch(Object(Illuminate\Http\Request))
#52 C:\xampp\htdocs\site_iuhm\vendor\laravel\framework\src\Illuminate\Pipeline\Pipeline.php(180): Illuminate\Foundation\Http\Kernel->{closure:Illuminate\Foundation\Http\Kernel::dispatchToRouter():197}(Object(Illuminate\Http\Request))
#53 C:\xampp\htdocs\site_iuhm\vendor\livewire\livewire\src\Features\SupportDisablingBackButtonCache\DisableBackButtonCacheMiddleware.php(19): Illuminate\Pipeline\Pipeline->{closure:Illuminate\Pipeline\Pipeline::prepareDestination():178}(Object(Illuminate\Http\Request))
#54 C:\xampp\htdocs\site_iuhm\vendor\laravel\framework\src\Illuminate\Pipeline\Pipeline.php(219): Livewire\Features\SupportDisablingBackButtonCache\DisableBackButtonCacheMiddleware->handle(Object(Illuminate\Http\Request), Object(Closure))
#55 C:\xampp\htdocs\site_iuhm\vendor\laravel\framework\src\Illuminate\Foundation\Http\Middleware\TransformsRequest.php(21): Illuminate\Pipeline\Pipeline->{closure:{closure:Illuminate\Pipeline\Pipeline::carry():194}:195}(Object(Illuminate\Http\Request))
#56 C:\xampp\htdocs\site_iuhm\vendor\laravel\framework\src\Illuminate\Foundation\Http\Middleware\ConvertEmptyStringsToNull.php(31): Illuminate\Foundation\Http\Middleware\TransformsRequest->handle(Object(Illuminate\Http\Request), Object(Closure))
#57 C:\xampp\htdocs\site_iuhm\vendor\laravel\framework\src\Illuminate\Pipeline\Pipeline.php(219): Illuminate\Foundation\Http\Middleware\ConvertEmptyStringsToNull->handle(Object(Illuminate\Http\Request), Object(Closure))
#58 C:\xampp\htdocs\site_iuhm\vendor\laravel\framework\src\Illuminate\Foundation\Http\Middleware\TransformsRequest.php(21): Illuminate\Pipeline\Pipeline->{closure:{closure:Illuminate\Pipeline\Pipeline::carry():194}:195}(Object(Illuminate\Http\Request))
#59 C:\xampp\htdocs\site_iuhm\vendor\laravel\framework\src\Illuminate\Foundation\Http\Middleware\TrimStrings.php(51): Illuminate\Foundation\Http\Middleware\TransformsRequest->handle(Object(Illuminate\Http\Request), Object(Closure))
#60 C:\xampp\htdocs\site_iuhm\vendor\laravel\framework\src\Illuminate\Pipeline\Pipeline.php(219): Illuminate\Foundation\Http\Middleware\TrimStrings->handle(Object(Illuminate\Http\Request), Object(Closure))
#61 C:\xampp\htdocs\site_iuhm\vendor\laravel\framework\src\Illuminate\Http\Middleware\ValidatePostSize.php(27): Illuminate\Pipeline\Pipeline->{closure:{closure:Illuminate\Pipeline\Pipeline::carry():194}:195}(Object(Illuminate\Http\Request))
#62 C:\xampp\htdocs\site_iuhm\vendor\laravel\framework\src\Illuminate\Pipeline\Pipeline.php(219): Illuminate\Http\Middleware\ValidatePostSize->handle(Object(Illuminate\Http\Request), Object(Closure))
#63 C:\xampp\htdocs\site_iuhm\vendor\laravel\framework\src\Illuminate\Foundation\Http\Middleware\PreventRequestsDuringMaintenance.php(109): Illuminate\Pipeline\Pipeline->{closure:{closure:Illuminate\Pipeline\Pipeline::carry():194}:195}(Object(Illuminate\Http\Request))
#64 C:\xampp\htdocs\site_iuhm\vendor\laravel\framework\src\Illuminate\Pipeline\Pipeline.php(219): Illuminate\Foundation\Http\Middleware\PreventRequestsDuringMaintenance->handle(Object(Illuminate\Http\Request), Object(Closure))
#65 C:\xampp\htdocs\site_iuhm\vendor\laravel\framework\src\Illuminate\Http\Middleware\HandleCors.php(61): Illuminate\Pipeline\Pipeline->{closure:{closure:Illuminate\Pipeline\Pipeline::carry():194}:195}(Object(Illuminate\Http\Request))
#66 C:\xampp\htdocs\site_iuhm\vendor\laravel\framework\src\Illuminate\Pipeline\Pipeline.php(219): Illuminate\Http\Middleware\HandleCors->handle(Object(Illuminate\Http\Request), Object(Closure))
#67 C:\xampp\htdocs\site_iuhm\vendor\laravel\framework\src\Illuminate\Http\Middleware\TrustProxies.php(58): Illuminate\Pipeline\Pipeline->{closure:{closure:Illuminate\Pipeline\Pipeline::carry():194}:195}(Object(Illuminate\Http\Request))
#68 C:\xampp\htdocs\site_iuhm\vendor\laravel\framework\src\Illuminate\Pipeline\Pipeline.php(219): Illuminate\Http\Middleware\TrustProxies->handle(Object(Illuminate\Http\Request), Object(Closure))
#69 C:\xampp\htdocs\site_iuhm\vendor\laravel\framework\src\Illuminate\Foundation\Http\Middleware\InvokeDeferredCallbacks.php(22): Illuminate\Pipeline\Pipeline->{closure:{closure:Illuminate\Pipeline\Pipeline::carry():194}:195}(Object(Illuminate\Http\Request))
#70 C:\xampp\htdocs\site_iuhm\vendor\laravel\framework\src\Illuminate\Pipeline\Pipeline.php(219): Illuminate\Foundation\Http\Middleware\InvokeDeferredCallbacks->handle(Object(Illuminate\Http\Request), Object(Closure))
#71 C:\xampp\htdocs\site_iuhm\vendor\laravel\framework\src\Illuminate\Http\Middleware\ValidatePathEncoding.php(28): Illuminate\Pipeline\Pipeline->{closure:{closure:Illuminate\Pipeline\Pipeline::carry():194}:195}(Object(Illuminate\Http\Request))
#72 C:\xampp\htdocs\site_iuhm\vendor\laravel\framework\src\Illuminate\Pipeline\Pipeline.php(219): Illuminate\Http\Middleware\ValidatePathEncoding->handle(Object(Illuminate\Http\Request), Object(Closure))
#73 C:\xampp\htdocs\site_iuhm\vendor\laravel\framework\src\Illuminate\Pipeline\Pipeline.php(137): Illuminate\Pipeline\Pipeline->{closure:{closure:Illuminate\Pipeline\Pipeline::carry():194}:195}(Object(Illuminate\Http\Request))
#74 C:\xampp\htdocs\site_iuhm\vendor\laravel\framework\src\Illuminate\Foundation\Http\Kernel.php(175): Illuminate\Pipeline\Pipeline->then(Object(Closure))
#75 C:\xampp\htdocs\site_iuhm\vendor\laravel\framework\src\Illuminate\Foundation\Http\Kernel.php(144): Illuminate\Foundation\Http\Kernel->sendRequestThroughRouter(Object(Illuminate\Http\Request))
#76 C:\xampp\htdocs\site_iuhm\vendor\laravel\framework\src\Illuminate\Foundation\Testing\Concerns\MakesHttpRequests.php(607): Illuminate\Foundation\Http\Kernel->handle(Object(Illuminate\Http\Request))
#77 C:\xampp\htdocs\site_iuhm\vendor\laravel\framework\src\Illuminate\Foundation\Testing\Concerns\MakesHttpRequests.php(368): Illuminate\Foundation\Testing\TestCase->call('GET', 'http://localhos...', Array, Array, Array, Array)
#78 C:\xampp\htdocs\site_iuhm\tests\Feature\Settings\SecurityTest.php(34): Illuminate\Foundation\Testing\TestCase->get('http://localhos...')
#79 C:\xampp\htdocs\site_iuhm\vendor\phpunit\phpunit\src\Framework\TestCase.php(1335): Tests\Feature\Settings\SecurityTest->test_security_settings_page_can_be_rendered()
#80 C:\xampp\htdocs\site_iuhm\vendor\phpunit\phpunit\src\Framework\TestCase.php(519): PHPUnit\Framework\TestCase->runTest()
#81 C:\xampp\htdocs\site_iuhm\vendor\phpunit\phpunit\src\Framework\TestRunner\TestRunner.php(99): PHPUnit\Framework\TestCase->runBare()
#82 C:\xampp\htdocs\site_iuhm\vendor\phpunit\phpunit\src\Framework\TestCase.php(359): PHPUnit\Framework\TestRunner->run(Object(Tests\Feature\Settings\SecurityTest))
#83 C:\xampp\htdocs\site_iuhm\vendor\phpunit\phpunit\src\Framework\TestSuite.php(374): PHPUnit\Framework\TestCase->run()
#84 C:\xampp\htdocs\site_iuhm\vendor\phpunit\phpunit\src\Framework\TestSuite.php(374): PHPUnit\Framework\TestSuite->run()
#85 C:\xampp\htdocs\site_iuhm\vendor\phpunit\phpunit\src\Framework\TestSuite.php(374): PHPUnit\Framework\TestSuite->run()
#86 C:\xampp\htdocs\site_iuhm\vendor\phpunit\phpunit\src\TextUI\TestRunner.php(64): PHPUnit\Framework\TestSuite->run()
#87 C:\xampp\htdocs\site_iuhm\vendor\phpunit\phpunit\src\TextUI\Application.php(229): PHPUnit\TextUI\TestRunner->run(Object(PHPUnit\TextUI\Configuration\Configuration), Object(PHPUnit\Runner\ResultCache\DefaultResultCache), Object(PHPUnit\Framework\TestSuite))
#88 C:\xampp\htdocs\site_iuhm\vendor\phpunit\phpunit\phpunit(104): PHPUnit\TextUI\Application->run(Array)
#89 {main}

----------------------------------------------------------------------------------

Undefined variable $navigationPages (View: C:\xampp\htdocs\site_iuhm\resources\views\partials\header.blade.php) (View: C:\xampp\htdocs\site_iuhm\resources\views\partials\header.blade.php) (View: C:\xampp\htdocs\site_iuhm\resources\views\partials\header.blade.php)[39;22m

  at [32mtests\Feature\Settings\SecurityTest.php[39m:[32m35[39m
     31Ôûò 
     32Ôûò         $this->actingAs($user)
     33Ôûò             ->withSession(['auth.password_confirmed_at' => time()])
     34Ôûò             ->get(route('security.edit'))
  Ô×£  35Ôûò             ->assertOk()
     36Ôûò             ->assertSee('Two-factor authentication')
     37Ôûò             ->assertSee('Enable 2FA');
     38Ôûò     }
     39Ôûò

  [31mÔöÇÔöÇÔöÇÔöÇÔöÇÔöÇÔöÇÔöÇÔöÇÔöÇÔöÇÔöÇÔöÇÔöÇÔöÇÔöÇÔöÇÔöÇÔöÇÔöÇÔöÇÔöÇÔöÇÔöÇÔöÇÔöÇÔöÇÔöÇÔöÇÔöÇÔöÇÔöÇÔöÇÔöÇÔöÇÔöÇÔöÇÔöÇÔöÇÔöÇÔöÇÔöÇÔöÇÔöÇÔöÇÔöÇÔöÇÔöÇÔöÇÔöÇÔöÇÔöÇÔöÇÔöÇÔöÇÔöÇÔöÇÔöÇÔöÇÔöÇÔöÇÔöÇÔöÇÔöÇÔöÇÔöÇÔöÇÔöÇÔöÇÔöÇÔöÇÔöÇÔöÇÔöÇÔöÇÔöÇ[39m  
  [41;1m FAILED [49;22m [1mTests\Feature\Settings\SecurityTest[22m [90m>[39m security settings page rendÔÇª   
[39;1m  Expected response status code [200] but received 500.
Failed asserting that 500 is identical to 200.

The following exception occurred during the last request:

ErrorException: Undefined variable $navigationPages in C:\xampp\htdocs\site_iuhm\storage\framework\views\7051f6576562b2dc7a02a46a651d2c4e.php:19
Stack trace:
#0 C:\xampp\htdocs\site_iuhm\vendor\laravel\framework\src\Illuminate\Foundation\Bootstrap\HandleExceptions.php(258): Illuminate\Foundation\Bootstrap\HandleExceptions->handleError(2, 'Undefined varia...', 'C:\\xampp\\htdocs...', 19)
#1 C:\xampp\htdocs\site_iuhm\storage\framework\views\7051f6576562b2dc7a02a46a651d2c4e.php(19): Illuminate\Foundation\Bootstrap\HandleExceptions->{closure:Illuminate\Foundation\Bootstrap\HandleExceptions::forwardsTo():257}(2, 'Undefined varia...', 'C:\\xampp\\htdocs...', 19)
#2 C:\xampp\htdocs\site_iuhm\vendor\laravel\framework\src\Illuminate\Filesystem\Filesystem.php(123): require('C:\\xampp\\htdocs...')
#3 C:\xampp\htdocs\site_iuhm\vendor\laravel\framework\src\Illuminate\Filesystem\Filesystem.php(124): Illuminate\Filesystem\Filesystem::{closure:Illuminate\Filesystem\Filesystem::getRequire():120}()
#4 C:\xampp\htdocs\site_iuhm\vendor\laravel\framework\src\Illuminate\View\Engines\PhpEngine.php(57): Illuminate\Filesystem\Filesystem->getRequire('C:\\xampp\\htdocs...', Array)
#5 C:\xampp\htdocs\site_iuhm\vendor\livewire\livewire\src\Mechanisms\ExtendBlade\ExtendedCompilerEngine.php(22): Illuminate\View\Engines\PhpEngine->evaluatePath('C:\\xampp\\htdocs...', Array)
#6 C:\xampp\htdocs\site_iuhm\vendor\laravel\framework\src\Illuminate\View\Engines\CompilerEngine.php(76): Livewire\Mechanisms\ExtendBlade\ExtendedCompilerEngine->evaluatePath('C:\\xampp\\htdocs...', Array)
#7 C:\xampp\htdocs\site_iuhm\vendor\livewire\livewire\src\Mechanisms\ExtendBlade\ExtendedCompilerEngine.php(10): Illuminate\View\Engines\CompilerEngine->get('C:\\xampp\\htdocs...', Array)
#8 C:\xampp\htdocs\site_iuhm\vendor\laravel\framework\src\Illuminate\View\View.php(208): Livewire\Mechanisms\ExtendBlade\ExtendedCompilerEngine->get('C:\\xampp\\htdocs...', Array)
#9 C:\xampp\htdocs\site_iuhm\vendor\laravel\framework\src\Illuminate\View\View.php(191): Illuminate\View\View->getContents()
#10 C:\xampp\htdocs\site_iuhm\vendor\laravel\framework\src\Illuminate\View\View.php(160): Illuminate\View\View->renderContents()
#11 C:\xampp\htdocs\site_iuhm\storage\framework\views\4371cdfbde3995413764711384cce958.php(19): Illuminate\View\View->render()
#12 C:\xampp\htdocs\site_iuhm\vendor\laravel\framework\src\Illuminate\Filesystem\Filesystem.php(123): require('C:\\xampp\\htdocs...')
#13 C:\xampp\htdocs\site_iuhm\vendor\laravel\framework\src\Illuminate\Filesystem\Filesystem.php(124): Illuminate\Filesystem\Filesystem::{closure:Illuminate\Filesystem\Filesystem::getRequire():120}()
#14 C:\xampp\htdocs\site_iuhm\vendor\laravel\framework\src\Illuminate\View\Engines\PhpEngine.php(57): Illuminate\Filesystem\Filesystem->getRequire('C:\\xampp\\htdocs...', Array)
#15 C:\xampp\htdocs\site_iuhm\vendor\livewire\livewire\src\Mechanisms\ExtendBlade\ExtendedCompilerEngine.php(22): Illuminate\View\Engines\PhpEngine->evaluatePath('C:\\xampp\\htdocs...', Array)
#16 C:\xampp\htdocs\site_iuhm\vendor\laravel\framework\src\Illuminate\View\Engines\CompilerEngine.php(76): Livewire\Mechanisms\ExtendBlade\ExtendedCompilerEngine->evaluatePath('C:\\xampp\\htdocs...', Array)
#17 C:\xampp\htdocs\site_iuhm\vendor\livewire\livewire\src\Mechanisms\ExtendBlade\ExtendedCompilerEngine.php(10): Illuminate\View\Engines\CompilerEngine->get('C:\\xampp\\htdocs...', Array)
#18 C:\xampp\htdocs\site_iuhm\vendor\laravel\framework\src\Illuminate\View\View.php(208): Livewire\Mechanisms\ExtendBlade\ExtendedCompilerEngine->get('C:\\xampp\\htdocs...', Array)
#19 C:\xampp\htdocs\site_iuhm\vendor\laravel\framework\src\Illuminate\View\View.php(191): Illuminate\View\View->getContents()
#20 C:\xampp\htdocs\site_iuhm\vendor\laravel\framework\src\Illuminate\View\View.php(160): Illuminate\View\View->renderContents()
#21 C:\xampp\htdocs\site_iuhm\vendor\laravel\framework\src\Illuminate\View\Concerns\ManagesComponents.php(103): Illuminate\View\View->render()
#22 C:\xampp\htdocs\site_iuhm\storage\framework\views\7deb94de6e2eb6551b8bc95535a64c72.php(17): Illuminate\View\Factory->renderComponent()
#23 C:\xampp\htdocs\site_iuhm\vendor\laravel\framework\src\Illuminate\Filesystem\Filesystem.php(123): require('C:\\xampp\\htdocs...')
#24 C:\xampp\htdocs\site_iuhm\vendor\laravel\framework\src\Illuminate\Filesystem\Filesystem.php(124): Illuminate\Filesystem\Filesystem::{closure:Illuminate\Filesystem\Filesystem::getRequire():120}()
#25 C:\xampp\htdocs\site_iuhm\vendor\laravel\framework\src\Illuminate\View\Engines\PhpEngine.php(57): Illuminate\Filesystem\Filesystem->getRequire('C:\\xampp\\htdocs...', Array)
#26 C:\xampp\htdocs\site_iuhm\vendor\livewire\livewire\src\Mechanisms\ExtendBlade\ExtendedCompilerEngine.php(22): Illuminate\View\Engines\PhpEngine->evaluatePath('C:\\xampp\\htdocs...', Array)
#27 C:\xampp\htdocs\site_iuhm\vendor\laravel\framework\src\Illuminate\View\Engines\CompilerEngine.php(76): Livewire\Mechanisms\ExtendBlade\ExtendedCompilerEngine->evaluatePath('C:\\xampp\\htdocs...', Array)
#28 C:\xampp\htdocs\site_iuhm\vendor\livewire\livewire\src\Mechanisms\ExtendBlade\ExtendedCompilerEngine.php(10): Illuminate\View\Engines\CompilerEngine->get('C:\\xampp\\htdocs...', Array)
#29 C:\xampp\htdocs\site_iuhm\vendor\laravel\framework\src\Illuminate\View\View.php(208): Livewire\Mechanisms\ExtendBlade\ExtendedCompilerEngine->get('C:\\xampp\\htdocs...', Array)
#30 C:\xampp\htdocs\site_iuhm\vendor\laravel\framework\src\Illuminate\View\View.php(191): Illuminate\View\View->getContents()
#31 C:\xampp\htdocs\site_iuhm\vendor\laravel\framework\src\Illuminate\View\View.php(160): Illuminate\View\View->renderContents()
#32 C:\xampp\htdocs\site_iuhm\vendor\laravel\framework\src\Illuminate\View\Compilers\BladeCompiler.php(353): Illuminate\View\View->render()
#33 C:\xampp\htdocs\site_iuhm\vendor\laravel\framework\src\Illuminate\Support\Facades\Facade.php(363): Illuminate\View\Compilers\BladeCompiler::render('    <?php $layo...', Array)
#34 C:\xampp\htdocs\site_iuhm\vendor\livewire\livewire\src\Features\SupportPageComponents\SupportPageComponents.php(162): Illuminate\Support\Facades\Facade::__callStatic('render', Array)
#35 C:\xampp\htdocs\site_iuhm\vendor\livewire\livewire\src\Features\SupportPageComponents\HandlesPageComponents.php(26): Livewire\Features\SupportPageComponents\SupportPageComponents::renderContentsIntoLayout('[39;22m[39;1m<section wire:s...', Object(Livewire\Features\SupportPageComponents\PageComponentConfig))
#36 C:\xampp\htdocs\site_iuhm\vendor\laravel\framework\src\Illuminate\Container\BoundMethod.php(36): Livewire\Component->[39;22m[39;1m__invoke()
#37 C:\xampp\htdocs\site_iuhm\vendor\laravel\framework\src\Illuminate\Container\Util.php(43): Illuminate\Container\BoundMethod::{closure:Illuminate\Container\BoundMethod::call():35}()
#38 C:\xampp\htdocs\site_iuhm\vendor\laravel\framework\src\Illuminate\Container\BoundMethod.php(96): Illuminate\Container\Util::unwrapIfClosure(Object(Closure))
#39 C:\xampp\htdocs\site_iuhm\vendor\laravel\framework\src\Illuminate\Container\BoundMethod.php(35): Illuminate\Container\BoundMethod::callBoundMethod(Object(Illuminate\Foundation\Application), Array, Object(Closure))
#40 C:\xampp\htdocs\site_iuhm\vendor\laravel\framework\src\Illuminate\Container\Container.php(799): Illuminate\Container\BoundMethod::call(Object(Illuminate\Foundation\Application), Array, Array, NULL)
#41 C:\xampp\htdocs\site_iuhm\vendor\livewire\livewire\src\Mechanisms\HandleRouting\LivewirePageController.php(15): Illuminate\Container\Container->call(Array)
#42 C:\xampp\htdocs\site_iuhm\vendor\laravel\framework\src\Illuminate\Routing\ControllerDispatcher.php(46): Livewire\Mechanisms\HandleRouting\LivewirePageController->__invoke()
#43 C:\xampp\htdocs\site_iuhm\vendor\laravel\framework\src\Illuminate\Routing\Route.php(269): Illuminate\Routing\ControllerDispatcher->dispatch(Object(Illuminate\Routing\Route), Object(Livewire\Mechanisms\HandleRouting\LivewirePageController), '__invoke')
#44 C:\xampp\htdocs\site_iuhm\vendor\laravel\framework\src\Illuminate\Routing\Route.php(215): Illuminate\Routing\Route->runController()
#45 C:\xampp\htdocs\site_iuhm\vendor\laravel\framework\src\Illuminate\Routing\Router.php(822): Illuminate\Routing\Route->run()
#46 C:\xampp\htdocs\site_iuhm\vendor\laravel\framework\src\Illuminate\Pipeline\Pipeline.php(180): Illuminate\Routing\Router->{closure:Illuminate\Routing\Router::runRouteWithinStack():821}(Object(Illuminate\Http\Request))
#47 C:\xampp\htdocs\site_iuhm\vendor\laravel\framework\src\Illuminate\Auth\Middleware\RequirePassword.php(84): Illuminate\Pipeline\Pipeline->{closure:Illuminate\Pipeline\Pipeline::prepareDestination():178}(Object(Illuminate\Http\Request))
#48 C:\xampp\htdocs\site_iuhm\vendor\laravel\framework\src\Illuminate\Pipeline\Pipeline.php(219): Illuminate\Auth\Middleware\RequirePassword->handle(Object(Illuminate\Http\Request), Object(Closure))
#49 C:\xampp\htdocs\site_iuhm\vendor\laravel\framework\src\Illuminate\Auth\Middleware\EnsureEmailIsVerified.php(41): Illuminate\Pipeline\Pipeline->{closure:{closure:Illuminate\Pipeline\Pipeline::carry():194}:195}(Object(Illuminate\Http\Request))
#50 C:\xampp\htdocs\site_iuhm\vendor\laravel\framework\src\Illuminate\Pipeline\Pipeline.php(219): Illuminate\Auth\Middleware\EnsureEmailIsVerified->handle(Object(Illuminate\Http\Request), Object(Closure))
#51 C:\xampp\htdocs\site_iuhm\app\Http\Middleware\SetTeamUrlDefaults.php(26): Illuminate\Pipeline\Pipeline->{closure:{closure:Illuminate\Pipeline\Pipeline::carry():194}:195}(Object(Illuminate\Http\Request))
#52 C:\xampp\htdocs\site_iuhm\vendor\laravel\framework\src\Illuminate\Pipeline\Pipeline.php(219): App\Http\Middleware\SetTeamUrlDefaults->handle(Object(Illuminate\Http\Request), Object(Closure))
#53 C:\xampp\htdocs\site_iuhm\app\Http\Middleware\SetLocale.php(28): Illuminate\Pipeline\Pipeline->{closure:{closure:Illuminate\Pipeline\Pipeline::carry():194}:195}(Object(Illuminate\Http\Request))
#54 C:\xampp\htdocs\site_iuhm\vendor\laravel\framework\src\Illuminate\Pipeline\Pipeline.php(219): App\Http\Middleware\SetLocale->handle(Object(Illuminate\Http\Request), Object(Closure))
#55 C:\xampp\htdocs\site_iuhm\vendor\laravel\framework\src\Illuminate\Routing\Middleware\SubstituteBindings.php(52): Illuminate\Pipeline\Pipeline->{closure:{closure:Illuminate\Pipeline\Pipeline::carry():194}:195}(Object(Illuminate\Http\Request))
#56 C:\xampp\htdocs\site_iuhm\vendor\laravel\framework\src\Illuminate\Pipeline\Pipeline.php(219): Illuminate\Routing\Middleware\SubstituteBindings->handle(Object(Illuminate\Http\Request), Object(Closure))
#57 C:\xampp\htdocs\site_iuhm\vendor\laravel\framework\src\Illuminate\Auth\Middleware\Authenticate.php(63): Illuminate\Pipeline\Pipeline->{closure:{closure:Illuminate\Pipeline\Pipeline::carry():194}:195}(Object(Illuminate\Http\Request))
#58 C:\xampp\htdocs\site_iuhm\vendor\laravel\framework\src\Illuminate\Pipeline\Pipeline.php(219): Illuminate\Auth\Middleware\Authenticate->handle(Object(Illuminate\Http\Request), Object(Closure))
#59 C:\xampp\htdocs\site_iuhm\vendor\laravel\framework\src\Illuminate\Foundation\Http\Middleware\PreventRequestForgery.php(104): Illuminate\Pipeline\Pipeline->{closure:{closure:Illuminate\Pipeline\Pipeline::carry():194}:195}(Object(Illuminate\Http\Request))
#60 C:\xampp\htdocs\site_iuhm\vendor\laravel\framework\src\Illuminate\Pipeline\Pipeline.php(219): Illuminate\Foundation\Http\Middleware\PreventRequestForgery->handle(Object(Illuminate\Http\Request), Object(Closure))
#61 C:\xampp\htdocs\site_iuhm\vendor\laravel\framework\src\Illuminate\View\Middleware\ShareErrorsFromSession.php(48): Illuminate\Pipeline\Pipeline->{closure:{closure:Illuminate\Pipeline\Pipeline::carry():194}:195}(Object(Illuminate\Http\Request))
#62 C:\xampp\htdocs\site_iuhm\vendor\laravel\framework\src\Illuminate\Pipeline\Pipeline.php(219): Illuminate\View\Middleware\ShareErrorsFromSession->handle(Object(Illuminate\Http\Request), Object(Closure))
#63 C:\xampp\htdocs\site_iuhm\vendor\laravel\framework\src\Illuminate\Session\Middleware\StartSession.php(120): Illuminate\Pipeline\Pipeline->{closure:{closure:Illuminate\Pipeline\Pipeline::carry():194}:195}(Object(Illuminate\Http\Request))
#64 C:\xampp\htdocs\site_iuhm\vendor\laravel\framework\src\Illuminate\Session\Middleware\StartSession.php(63): Illuminate\Session\Middleware\StartSession->handleStatefulRequest(Object(Illuminate\Http\Request), Object(Illuminate\Session\Store), Object(Closure))
#65 C:\xampp\htdocs\site_iuhm\vendor\laravel\framework\src\Illuminate\Pipeline\Pipeline.php(219): Illuminate\Session\Middleware\StartSession->handle(Object(Illuminate\Http\Request), Object(Closure))
#66 C:\xampp\htdocs\site_iuhm\vendor\laravel\framework\src\Illuminate\Cookie\Middleware\AddQueuedCookiesToResponse.php(36): Illuminate\Pipeline\Pipeline->{closure:{closure:Illuminate\Pipeline\Pipeline::carry():194}:195}(Object(Illuminate\Http\Request))
#67 C:\xampp\htdocs\site_iuhm\vendor\laravel\framework\src\Illuminate\Pipeline\Pipeline.php(219): Illuminate\Cookie\Middleware\AddQueuedCookiesToResponse->handle(Object(Illuminate\Http\Request), Object(Closure))
#68 C:\xampp\htdocs\site_iuhm\vendor\laravel\framework\src\Illuminate\Cookie\Middleware\EncryptCookies.php(74): Illuminate\Pipeline\Pipeline->{closure:{closure:Illuminate\Pipeline\Pipeline::carry():194}:195}(Object(Illuminate\Http\Request))
#69 C:\xampp\htdocs\site_iuhm\vendor\laravel\framework\src\Illuminate\Pipeline\Pipeline.php(219): Illuminate\Cookie\Middleware\EncryptCookies->handle(Object(Illuminate\Http\Request), Object(Closure))
#70 C:\xampp\htdocs\site_iuhm\vendor\laravel\framework\src\Illuminate\Pipeline\Pipeline.php(137): Illuminate\Pipeline\Pipeline->{closure:{closure:Illuminate\Pipeline\Pipeline::carry():194}:195}(Object(Illuminate\Http\Request))
#71 C:\xampp\htdocs\site_iuhm\vendor\laravel\framework\src\Illuminate\Routing\Router.php(821): Illuminate\Pipeline\Pipeline->then(Object(Closure))
#72 C:\xampp\htdocs\site_iuhm\vendor\laravel\framework\src\Illuminate\Routing\Router.php(800): Illuminate\Routing\Router->runRouteWithinStack(Object(Illuminate\Routing\Route), Object(Illuminate\Http\Request))
#73 C:\xampp\htdocs\site_iuhm\vendor\laravel\framework\src\Illuminate\Routing\Router.php(764): Illuminate\Routing\Router->runRoute(Object(Illuminate\Http\Request), Object(Illuminate\Routing\Route))
#74 C:\xampp\htdocs\site_iuhm\vendor\laravel\framework\src\Illuminate\Routing\Router.php(753): Illuminate\Routing\Router->dispatchToRoute(Object(Illuminate\Http\Request))
#75 C:\xampp\htdocs\site_iuhm\vendor\laravel\framework\src\Illuminate\Foundation\Http\Kernel.php(200): Illuminate\Routing\Router->dispatch(Object(Illuminate\Http\Request))
#76 C:\xampp\htdocs\site_iuhm\vendor\laravel\framework\src\Illuminate\Pipeline\Pipeline.php(180): Illuminate\Foundation\Http\Kernel->{closure:Illuminate\Foundation\Http\Kernel::dispatchToRouter():197}(Object(Illuminate\Http\Request))
#77 C:\xampp\htdocs\site_iuhm\vendor\livewire\livewire\src\Features\SupportDisablingBackButtonCache\DisableBackButtonCacheMiddleware.php(19): Illuminate\Pipeline\Pipeline->{closure:Illuminate\Pipeline\Pipeline::prepareDestination():178}(Object(Illuminate\Http\Request))
#78 C:\xampp\htdocs\site_iuhm\vendor\laravel\framework\src\Illuminate\Pipeline\Pipeline.php(219): Livewire\Features\SupportDisablingBackButtonCache\DisableBackButtonCacheMiddleware->handle(Object(Illuminate\Http\Request), Object(Closure))
#79 C:\xampp\htdocs\site_iuhm\vendor\laravel\framework\src\Illuminate\Foundation\Http\Middleware\TransformsRequest.php(21): Illuminate\Pipeline\Pipeline->{closure:{closure:Illuminate\Pipeline\Pipeline::carry():194}:195}(Object(Illuminate\Http\Request))
#80 C:\xampp\htdocs\site_iuhm\vendor\laravel\framework\src\Illuminate\Foundation\Http\Middleware\ConvertEmptyStringsToNull.php(31): Illuminate\Foundation\Http\Middleware\TransformsRequest->handle(Object(Illuminate\Http\Request), Object(Closure))
#81 C:\xampp\htdocs\site_iuhm\vendor\laravel\framework\src\Illuminate\Pipeline\Pipeline.php(219): Illuminate\Foundation\Http\Middleware\ConvertEmptyStringsToNull->handle(Object(Illuminate\Http\Request), Object(Closure))
#82 C:\xampp\htdocs\site_iuhm\vendor\laravel\framework\src\Illuminate\Foundation\Http\Middleware\TransformsRequest.php(21): Illuminate\Pipeline\Pipeline->{closure:{closure:Illuminate\Pipeline\Pipeline::carry():194}:195}(Object(Illuminate\Http\Request))
#83 C:\xampp\htdocs\site_iuhm\vendor\laravel\framework\src\Illuminate\Foundation\Http\Middleware\TrimStrings.php(51): Illuminate\Foundation\Http\Middleware\TransformsRequest->handle(Object(Illuminate\Http\Request), Object(Closure))
#84 C:\xampp\htdocs\site_iuhm\vendor\laravel\framework\src\Illuminate\Pipeline\Pipeline.php(219): Illuminate\Foundation\Http\Middleware\TrimStrings->handle(Object(Illuminate\Http\Request), Object(Closure))
#85 C:\xampp\htdocs\site_iuhm\vendor\laravel\framework\src\Illuminate\Http\Middleware\ValidatePostSize.php(27): Illuminate\Pipeline\Pipeline->{closure:{closure:Illuminate\Pipeline\Pipeline::carry():194}:195}(Object(Illuminate\Http\Request))
#86 C:\xampp\htdocs\site_iuhm\vendor\laravel\framework\src\Illuminate\Pipeline\Pipeline.php(219): Illuminate\Http\Middleware\ValidatePostSize->handle(Object(Illuminate\Http\Request), Object(Closure))
#87 C:\xampp\htdocs\site_iuhm\vendor\laravel\framework\src\Illuminate\Foundation\Http\Middleware\PreventRequestsDuringMaintenance.php(109): Illuminate\Pipeline\Pipeline->{closure:{closure:Illuminate\Pipeline\Pipeline::carry():194}:195}(Object(Illuminate\Http\Request))
#88 C:\xampp\htdocs\site_iuhm\vendor\laravel\framework\src\Illuminate\Pipeline\Pipeline.php(219): Illuminate\Foundation\Http\Middleware\PreventRequestsDuringMaintenance->handle(Object(Illuminate\Http\Request), Object(Closure))
#89 C:\xampp\htdocs\site_iuhm\vendor\laravel\framework\src\Illuminate\Http\Middleware\HandleCors.php(61): Illuminate\Pipeline\Pipeline->{closure:{closure:Illuminate\Pipeline\Pipeline::carry():194}:195}(Object(Illuminate\Http\Request))
#90 C:\xampp\htdocs\site_iuhm\vendor\laravel\framework\src\Illuminate\Pipeline\Pipeline.php(219): Illuminate\Http\Middleware\HandleCors->handle(Object(Illuminate\Http\Request), Object(Closure))
#91 C:\xampp\htdocs\site_iuhm\vendor\laravel\framework\src\Illuminate\Http\Middleware\TrustProxies.php(58): Illuminate\Pipeline\Pipeline->{closure:{closure:Illuminate\Pipeline\Pipeline::carry():194}:195}(Object(Illuminate\Http\Request))
#92 C:\xampp\htdocs\site_iuhm\vendor\laravel\framework\src\Illuminate\Pipeline\Pipeline.php(219): Illuminate\Http\Middleware\TrustProxies->handle(Object(Illuminate\Http\Request), Object(Closure))
#93 C:\xampp\htdocs\site_iuhm\vendor\laravel\framework\src\Illuminate\Foundation\Http\Middleware\InvokeDeferredCallbacks.php(22): Illuminate\Pipeline\Pipeline->{closure:{closure:Illuminate\Pipeline\Pipeline::carry():194}:195}(Object(Illuminate\Http\Request))
#94 C:\xampp\htdocs\site_iuhm\vendor\laravel\framework\src\Illuminate\Pipeline\Pipeline.php(219): Illuminate\Foundation\Http\Middleware\InvokeDeferredCallbacks->handle(Object(Illuminate\Http\Request), Object(Closure))
#95 C:\xampp\htdocs\site_iuhm\vendor\laravel\framework\src\Illuminate\Http\Middleware\ValidatePathEncoding.php(28): Illuminate\Pipeline\Pipeline->{closure:{closure:Illuminate\Pipeline\Pipeline::carry():194}:195}(Object(Illuminate\Http\Request))
#96 C:\xampp\htdocs\site_iuhm\vendor\laravel\framework\src\Illuminate\Pipeline\Pipeline.php(219): Illuminate\Http\Middleware\ValidatePathEncoding->handle(Object(Illuminate\Http\Request), Object(Closure))
#97 C:\xampp\htdocs\site_iuhm\vendor\laravel\framework\src\Illuminate\Pipeline\Pipeline.php(137): Illuminate\Pipeline\Pipeline->{closure:{closure:Illuminate\Pipeline\Pipeline::carry():194}:195}(Object(Illuminate\Http\Request))
#98 C:\xampp\htdocs\site_iuhm\vendor\laravel\framework\src\Illuminate\Foundation\Http\Kernel.php(175): Illuminate\Pipeline\Pipeline->then(Object(Closure))
#99 C:\xampp\htdocs\site_iuhm\vendor\laravel\framework\src\Illuminate\Foundation\Http\Kernel.php(144): Illuminate\Foundation\Http\Kernel->sendRequestThroughRouter(Object(Illuminate\Http\Request))
#100 C:\xampp\htdocs\site_iuhm\vendor\laravel\framework\src\Illuminate\Foundation\Testing\Concerns\MakesHttpRequests.php(607): Illuminate\Foundation\Http\Kernel->handle(Object(Illuminate\Http\Request))
#101 C:\xampp\htdocs\site_iuhm\vendor\laravel\framework\src\Illuminate\Foundation\Testing\Concerns\MakesHttpRequests.php(368): Illuminate\Foundation\Testing\TestCase->call('GET', 'http://localhos...', Array, Array, Array, Array)
#102 C:\xampp\htdocs\site_iuhm\tests\Feature\Settings\SecurityTest.php(58): Illuminate\Foundation\Testing\TestCase->get('http://localhos...')
#103 C:\xampp\htdocs\site_iuhm\vendor\phpunit\phpunit\src\Framework\TestCase.php(1335): Tests\Feature\Settings\SecurityTest->test_security_settings_page_renders_without_two_factor_when_feature_is_disabled()
#104 C:\xampp\htdocs\site_iuhm\vendor\phpunit\phpunit\src\Framework\TestCase.php(519): PHPUnit\Framework\TestCase->runTest()
#105 C:\xampp\htdocs\site_iuhm\vendor\phpunit\phpunit\src\Framework\TestRunner\TestRunner.php(99): PHPUnit\Framework\TestCase->runBare()
#106 C:\xampp\htdocs\site_iuhm\vendor\phpunit\phpunit\src\Framework\TestCase.php(359): PHPUnit\Framework\TestRunner->run(Object(Tests\Feature\Settings\SecurityTest))
#107 C:\xampp\htdocs\site_iuhm\vendor\phpunit\phpunit\src\Framework\TestSuite.php(374): PHPUnit\Framework\TestCase->run()
#108 C:\xampp\htdocs\site_iuhm\vendor\phpunit\phpunit\src\Framework\TestSuite.php(374): PHPUnit\Framework\TestSuite->run()
#109 C:\xampp\htdocs\site_iuhm\vendor\phpunit\phpunit\src\Framework\TestSuite.php(374): PHPUnit\Framework\TestSuite->run()
#110 C:\xampp\htdocs\site_iuhm\vendor\phpunit\phpunit\src\TextUI\TestRunner.php(64): PHPUnit\Framework\TestSuite->run()
#111 C:\xampp\htdocs\site_iuhm\vendor\phpunit\phpunit\src\TextUI\Application.php(229): PHPUnit\TextUI\TestRunner->run(Object(PHPUnit\TextUI\Configuration\Configuration), Object(PHPUnit\Runner\ResultCache\DefaultResultCache), Object(PHPUnit\Framework\TestSuite))
#112 C:\xampp\htdocs\site_iuhm\vendor\phpunit\phpunit\phpunit(104): PHPUnit\TextUI\Application->run(Array)
#113 {main}

Next Illuminate\View\ViewException: Undefined variable $navigationPages (View: C:\xampp\htdocs\site_iuhm\resources\views\partials\header.blade.php) in C:\xampp\htdocs\site_iuhm\storage\framework\views\7051f6576562b2dc7a02a46a651d2c4e.php:19
Stack trace:
#0 C:\xampp\htdocs\site_iuhm\vendor\livewire\livewire\src\Mechanisms\ExtendBlade\ExtendedCompilerEngine.php(58): Illuminate\View\Engines\CompilerEngine->handleViewException(Object(ErrorException), 3)
#1 C:\xampp\htdocs\site_iuhm\vendor\laravel\framework\src\Illuminate\View\Engines\PhpEngine.php(59): Livewire\Mechanisms\ExtendBlade\ExtendedCompilerEngine->handleViewException(Object(ErrorException), 3)
#2 C:\xampp\htdocs\site_iuhm\vendor\livewire\livewire\src\Mechanisms\ExtendBlade\ExtendedCompilerEngine.php(22): Illuminate\View\Engines\PhpEngine->evaluatePath('C:\\xampp\\htdocs...', Array)
#3 C:\xampp\htdocs\site_iuhm\vendor\laravel\framework\src\Illuminate\View\Engines\CompilerEngine.php(76): Livewire\Mechanisms\ExtendBlade\ExtendedCompilerEngine->evaluatePath('C:\\xampp\\htdocs...', Array)
#4 C:\xampp\htdocs\site_iuhm\vendor\livewire\livewire\src\Mechanisms\ExtendBlade\ExtendedCompilerEngine.php(10): Illuminate\View\Engines\CompilerEngine->get('C:\\xampp\\htdocs...', Array)
#5 C:\xampp\htdocs\site_iuhm\vendor\laravel\framework\src\Illuminate\View\View.php(208): Livewire\Mechanisms\ExtendBlade\ExtendedCompilerEngine->get('C:\\xampp\\htdocs...', Array)
#6 C:\xampp\htdocs\site_iuhm\vendor\laravel\framework\src\Illuminate\View\View.php(191): Illuminate\View\View->getContents()
#7 C:\xampp\htdocs\site_iuhm\vendor\laravel\framework\src\Illuminate\View\View.php(160): Illuminate\View\View->renderContents()
#8 C:\xampp\htdocs\site_iuhm\storage\framework\views\4371cdfbde3995413764711384cce958.php(19): Illuminate\View\View->render()
#9 C:\xampp\htdocs\site_iuhm\vendor\laravel\framework\src\Illuminate\Filesystem\Filesystem.php(123): require('C:\\xampp\\htdocs...')
#10 C:\xampp\htdocs\site_iuhm\vendor\laravel\framework\src\Illuminate\Filesystem\Filesystem.php(124): Illuminate\Filesystem\Filesystem::{closure:Illuminate\Filesystem\Filesystem::getRequire():120}()
#11 C:\xampp\htdocs\site_iuhm\vendor\laravel\framework\src\Illuminate\View\Engines\PhpEngine.php(57): Illuminate\Filesystem\Filesystem->getRequire('C:\\xampp\\htdocs...', Array)
#12 C:\xampp\htdocs\site_iuhm\vendor\livewire\livewire\src\Mechanisms\ExtendBlade\ExtendedCompilerEngine.php(22): Illuminate\View\Engines\PhpEngine->evaluatePath('C:\\xampp\\htdocs...', Array)
#13 C:\xampp\htdocs\site_iuhm\vendor\laravel\framework\src\Illuminate\View\Engines\CompilerEngine.php(76): Livewire\Mechanisms\ExtendBlade\ExtendedCompilerEngine->evaluatePath('C:\\xampp\\htdocs...', Array)
#14 C:\xampp\htdocs\site_iuhm\vendor\livewire\livewire\src\Mechanisms\ExtendBlade\ExtendedCompilerEngine.php(10): Illuminate\View\Engines\CompilerEngine->get('C:\\xampp\\htdocs...', Array)
#15 C:\xampp\htdocs\site_iuhm\vendor\laravel\framework\src\Illuminate\View\View.php(208): Livewire\Mechanisms\ExtendBlade\ExtendedCompilerEngine->get('C:\\xampp\\htdocs...', Array)
#16 C:\xampp\htdocs\site_iuhm\vendor\laravel\framework\src\Illuminate\View\View.php(191): Illuminate\View\View->getContents()
#17 C:\xampp\htdocs\site_iuhm\vendor\laravel\framework\src\Illuminate\View\View.php(160): Illuminate\View\View->renderContents()
#18 C:\xampp\htdocs\site_iuhm\vendor\laravel\framework\src\Illuminate\View\Concerns\ManagesComponents.php(103): Illuminate\View\View->render()
#19 C:\xampp\htdocs\site_iuhm\storage\framework\views\7deb94de6e2eb6551b8bc95535a64c72.php(17): Illuminate\View\Factory->renderComponent()
#20 C:\xampp\htdocs\site_iuhm\vendor\laravel\framework\src\Illuminate\Filesystem\Filesystem.php(123): require('C:\\xampp\\htdocs...')
#21 C:\xampp\htdocs\site_iuhm\vendor\laravel\framework\src\Illuminate\Filesystem\Filesystem.php(124): Illuminate\Filesystem\Filesystem::{closure:Illuminate\Filesystem\Filesystem::getRequire():120}()
#22 C:\xampp\htdocs\site_iuhm\vendor\laravel\framework\src\Illuminate\View\Engines\PhpEngine.php(57): Illuminate\Filesystem\Filesystem->getRequire('C:\\xampp\\htdocs...', Array)
#23 C:\xampp\htdocs\site_iuhm\vendor\livewire\livewire\src\Mechanisms\ExtendBlade\ExtendedCompilerEngine.php(22): Illuminate\View\Engines\PhpEngine->evaluatePath('C:\\xampp\\htdocs...', Array)
#24 C:\xampp\htdocs\site_iuhm\vendor\laravel\framework\src\Illuminate\View\Engines\CompilerEngine.php(76): Livewire\Mechanisms\ExtendBlade\ExtendedCompilerEngine->evaluatePath('C:\\xampp\\htdocs...', Array)
#25 C:\xampp\htdocs\site_iuhm\vendor\livewire\livewire\src\Mechanisms\ExtendBlade\ExtendedCompilerEngine.php(10): Illuminate\View\Engines\CompilerEngine->get('C:\\xampp\\htdocs...', Array)
#26 C:\xampp\htdocs\site_iuhm\vendor\laravel\framework\src\Illuminate\View\View.php(208): Livewire\Mechanisms\ExtendBlade\ExtendedCompilerEngine->get('C:\\xampp\\htdocs...', Array)
#27 C:\xampp\htdocs\site_iuhm\vendor\laravel\framework\src\Illuminate\View\View.php(191): Illuminate\View\View->getContents()
#28 C:\xampp\htdocs\site_iuhm\vendor\laravel\framework\src\Illuminate\View\View.php(160): Illuminate\View\View->renderContents()
#29 C:\xampp\htdocs\site_iuhm\vendor\laravel\framework\src\Illuminate\View\Compilers\BladeCompiler.php(353): Illuminate\View\View->render()
#30 C:\xampp\htdocs\site_iuhm\vendor\laravel\framework\src\Illuminate\Support\Facades\Facade.php(363): Illuminate\View\Compilers\BladeCompiler::render('    <?php $layo...', Array)
#31 C:\xampp\htdocs\site_iuhm\vendor\livewire\livewire\src\Features\SupportPageComponents\SupportPageComponents.php(162): Illuminate\Support\Facades\Facade::__callStatic('render', Array)
#32 C:\xampp\htdocs\site_iuhm\vendor\livewire\livewire\src\Features\SupportPageComponents\HandlesPageComponents.php(26): Livewire\Features\SupportPageComponents\SupportPageComponents::renderContentsIntoLayout('[39;22m[39;1m<section wire:s...', Object(Livewire\Features\SupportPageComponents\PageComponentConfig))
#33 C:\xampp\htdocs\site_iuhm\vendor\laravel\framework\src\Illuminate\Container\BoundMethod.php(36): Livewire\Component->[39;22m[39;1m__invoke()
#34 C:\xampp\htdocs\site_iuhm\vendor\laravel\framework\src\Illuminate\Container\Util.php(43): Illuminate\Container\BoundMethod::{closure:Illuminate\Container\BoundMethod::call():35}()
#35 C:\xampp\htdocs\site_iuhm\vendor\laravel\framework\src\Illuminate\Container\BoundMethod.php(96): Illuminate\Container\Util::unwrapIfClosure(Object(Closure))
#36 C:\xampp\htdocs\site_iuhm\vendor\laravel\framework\src\Illuminate\Container\BoundMethod.php(35): Illuminate\Container\BoundMethod::callBoundMethod(Object(Illuminate\Foundation\Application), Array, Object(Closure))
#37 C:\xampp\htdocs\site_iuhm\vendor\laravel\framework\src\Illuminate\Container\Container.php(799): Illuminate\Container\BoundMethod::call(Object(Illuminate\Foundation\Application), Array, Array, NULL)
#38 C:\xampp\htdocs\site_iuhm\vendor\livewire\livewire\src\Mechanisms\HandleRouting\LivewirePageController.php(15): Illuminate\Container\Container->call(Array)
#39 C:\xampp\htdocs\site_iuhm\vendor\laravel\framework\src\Illuminate\Routing\ControllerDispatcher.php(46): Livewire\Mechanisms\HandleRouting\LivewirePageController->__invoke()
#40 C:\xampp\htdocs\site_iuhm\vendor\laravel\framework\src\Illuminate\Routing\Route.php(269): Illuminate\Routing\ControllerDispatcher->dispatch(Object(Illuminate\Routing\Route), Object(Livewire\Mechanisms\HandleRouting\LivewirePageController), '__invoke')
#41 C:\xampp\htdocs\site_iuhm\vendor\laravel\framework\src\Illuminate\Routing\Route.php(215): Illuminate\Routing\Route->runController()
#42 C:\xampp\htdocs\site_iuhm\vendor\laravel\framework\src\Illuminate\Routing\Router.php(822): Illuminate\Routing\Route->run()
#43 C:\xampp\htdocs\site_iuhm\vendor\laravel\framework\src\Illuminate\Pipeline\Pipeline.php(180): Illuminate\Routing\Router->{closure:Illuminate\Routing\Router::runRouteWithinStack():821}(Object(Illuminate\Http\Request))
#44 C:\xampp\htdocs\site_iuhm\vendor\laravel\framework\src\Illuminate\Auth\Middleware\RequirePassword.php(84): Illuminate\Pipeline\Pipeline->{closure:Illuminate\Pipeline\Pipeline::prepareDestination():178}(Object(Illuminate\Http\Request))
#45 C:\xampp\htdocs\site_iuhm\vendor\laravel\framework\src\Illuminate\Pipeline\Pipeline.php(219): Illuminate\Auth\Middleware\RequirePassword->handle(Object(Illuminate\Http\Request), Object(Closure))
#46 C:\xampp\htdocs\site_iuhm\vendor\laravel\framework\src\Illuminate\Auth\Middleware\EnsureEmailIsVerified.php(41): Illuminate\Pipeline\Pipeline->{closure:{closure:Illuminate\Pipeline\Pipeline::carry():194}:195}(Object(Illuminate\Http\Request))
#47 C:\xampp\htdocs\site_iuhm\vendor\laravel\framework\src\Illuminate\Pipeline\Pipeline.php(219): Illuminate\Auth\Middleware\EnsureEmailIsVerified->handle(Object(Illuminate\Http\Request), Object(Closure))
#48 C:\xampp\htdocs\site_iuhm\app\Http\Middleware\SetTeamUrlDefaults.php(26): Illuminate\Pipeline\Pipeline->{closure:{closure:Illuminate\Pipeline\Pipeline::carry():194}:195}(Object(Illuminate\Http\Request))
#49 C:\xampp\htdocs\site_iuhm\vendor\laravel\framework\src\Illuminate\Pipeline\Pipeline.php(219): App\Http\Middleware\SetTeamUrlDefaults->handle(Object(Illuminate\Http\Request), Object(Closure))
#50 C:\xampp\htdocs\site_iuhm\app\Http\Middleware\SetLocale.php(28): Illuminate\Pipeline\Pipeline->{closure:{closure:Illuminate\Pipeline\Pipeline::carry():194}:195}(Object(Illuminate\Http\Request))
#51 C:\xampp\htdocs\site_iuhm\vendor\laravel\framework\src\Illuminate\Pipeline\Pipeline.php(219): App\Http\Middleware\SetLocale->handle(Object(Illuminate\Http\Request), Object(Closure))
#52 C:\xampp\htdocs\site_iuhm\vendor\laravel\framework\src\Illuminate\Routing\Middleware\SubstituteBindings.php(52): Illuminate\Pipeline\Pipeline->{closure:{closure:Illuminate\Pipeline\Pipeline::carry():194}:195}(Object(Illuminate\Http\Request))
#53 C:\xampp\htdocs\site_iuhm\vendor\laravel\framework\src\Illuminate\Pipeline\Pipeline.php(219): Illuminate\Routing\Middleware\SubstituteBindings->handle(Object(Illuminate\Http\Request), Object(Closure))
#54 C:\xampp\htdocs\site_iuhm\vendor\laravel\framework\src\Illuminate\Auth\Middleware\Authenticate.php(63): Illuminate\Pipeline\Pipeline->{closure:{closure:Illuminate\Pipeline\Pipeline::carry():194}:195}(Object(Illuminate\Http\Request))
#55 C:\xampp\htdocs\site_iuhm\vendor\laravel\framework\src\Illuminate\Pipeline\Pipeline.php(219): Illuminate\Auth\Middleware\Authenticate->handle(Object(Illuminate\Http\Request), Object(Closure))
#56 C:\xampp\htdocs\site_iuhm\vendor\laravel\framework\src\Illuminate\Foundation\Http\Middleware\PreventRequestForgery.php(104): Illuminate\Pipeline\Pipeline->{closure:{closure:Illuminate\Pipeline\Pipeline::carry():194}:195}(Object(Illuminate\Http\Request))
#57 C:\xampp\htdocs\site_iuhm\vendor\laravel\framework\src\Illuminate\Pipeline\Pipeline.php(219): Illuminate\Foundation\Http\Middleware\PreventRequestForgery->handle(Object(Illuminate\Http\Request), Object(Closure))
#58 C:\xampp\htdocs\site_iuhm\vendor\laravel\framework\src\Illuminate\View\Middleware\ShareErrorsFromSession.php(48): Illuminate\Pipeline\Pipeline->{closure:{closure:Illuminate\Pipeline\Pipeline::carry():194}:195}(Object(Illuminate\Http\Request))
#59 C:\xampp\htdocs\site_iuhm\vendor\laravel\framework\src\Illuminate\Pipeline\Pipeline.php(219): Illuminate\View\Middleware\ShareErrorsFromSession->handle(Object(Illuminate\Http\Request), Object(Closure))
#60 C:\xampp\htdocs\site_iuhm\vendor\laravel\framework\src\Illuminate\Session\Middleware\StartSession.php(120): Illuminate\Pipeline\Pipeline->{closure:{closure:Illuminate\Pipeline\Pipeline::carry():194}:195}(Object(Illuminate\Http\Request))
#61 C:\xampp\htdocs\site_iuhm\vendor\laravel\framework\src\Illuminate\Session\Middleware\StartSession.php(63): Illuminate\Session\Middleware\StartSession->handleStatefulRequest(Object(Illuminate\Http\Request), Object(Illuminate\Session\Store), Object(Closure))
#62 C:\xampp\htdocs\site_iuhm\vendor\laravel\framework\src\Illuminate\Pipeline\Pipeline.php(219): Illuminate\Session\Middleware\StartSession->handle(Object(Illuminate\Http\Request), Object(Closure))
#63 C:\xampp\htdocs\site_iuhm\vendor\laravel\framework\src\Illuminate\Cookie\Middleware\AddQueuedCookiesToResponse.php(36): Illuminate\Pipeline\Pipeline->{closure:{closure:Illuminate\Pipeline\Pipeline::carry():194}:195}(Object(Illuminate\Http\Request))
#64 C:\xampp\htdocs\site_iuhm\vendor\laravel\framework\src\Illuminate\Pipeline\Pipeline.php(219): Illuminate\Cookie\Middleware\AddQueuedCookiesToResponse->handle(Object(Illuminate\Http\Request), Object(Closure))
#65 C:\xampp\htdocs\site_iuhm\vendor\laravel\framework\src\Illuminate\Cookie\Middleware\EncryptCookies.php(74): Illuminate\Pipeline\Pipeline->{closure:{closure:Illuminate\Pipeline\Pipeline::carry():194}:195}(Object(Illuminate\Http\Request))
#66 C:\xampp\htdocs\site_iuhm\vendor\laravel\framework\src\Illuminate\Pipeline\Pipeline.php(219): Illuminate\Cookie\Middleware\EncryptCookies->handle(Object(Illuminate\Http\Request), Object(Closure))
#67 C:\xampp\htdocs\site_iuhm\vendor\laravel\framework\src\Illuminate\Pipeline\Pipeline.php(137): Illuminate\Pipeline\Pipeline->{closure:{closure:Illuminate\Pipeline\Pipeline::carry():194}:195}(Object(Illuminate\Http\Request))
#68 C:\xampp\htdocs\site_iuhm\vendor\laravel\framework\src\Illuminate\Routing\Router.php(821): Illuminate\Pipeline\Pipeline->then(Object(Closure))
#69 C:\xampp\htdocs\site_iuhm\vendor\laravel\framework\src\Illuminate\Routing\Router.php(800): Illuminate\Routing\Router->runRouteWithinStack(Object(Illuminate\Routing\Route), Object(Illuminate\Http\Request))
#70 C:\xampp\htdocs\site_iuhm\vendor\laravel\framework\src\Illuminate\Routing\Router.php(764): Illuminate\Routing\Router->runRoute(Object(Illuminate\Http\Request), Object(Illuminate\Routing\Route))
#71 C:\xampp\htdocs\site_iuhm\vendor\laravel\framework\src\Illuminate\Routing\Router.php(753): Illuminate\Routing\Router->dispatchToRoute(Object(Illuminate\Http\Request))
#72 C:\xampp\htdocs\site_iuhm\vendor\laravel\framework\src\Illuminate\Foundation\Http\Kernel.php(200): Illuminate\Routing\Router->dispatch(Object(Illuminate\Http\Request))
#73 C:\xampp\htdocs\site_iuhm\vendor\laravel\framework\src\Illuminate\Pipeline\Pipeline.php(180): Illuminate\Foundation\Http\Kernel->{closure:Illuminate\Foundation\Http\Kernel::dispatchToRouter():197}(Object(Illuminate\Http\Request))
#74 C:\xampp\htdocs\site_iuhm\vendor\livewire\livewire\src\Features\SupportDisablingBackButtonCache\DisableBackButtonCacheMiddleware.php(19): Illuminate\Pipeline\Pipeline->{closure:Illuminate\Pipeline\Pipeline::prepareDestination():178}(Object(Illuminate\Http\Request))
#75 C:\xampp\htdocs\site_iuhm\vendor\laravel\framework\src\Illuminate\Pipeline\Pipeline.php(219): Livewire\Features\SupportDisablingBackButtonCache\DisableBackButtonCacheMiddleware->handle(Object(Illuminate\Http\Request), Object(Closure))
#76 C:\xampp\htdocs\site_iuhm\vendor\laravel\framework\src\Illuminate\Foundation\Http\Middleware\TransformsRequest.php(21): Illuminate\Pipeline\Pipeline->{closure:{closure:Illuminate\Pipeline\Pipeline::carry():194}:195}(Object(Illuminate\Http\Request))
#77 C:\xampp\htdocs\site_iuhm\vendor\laravel\framework\src\Illuminate\Foundation\Http\Middleware\ConvertEmptyStringsToNull.php(31): Illuminate\Foundation\Http\Middleware\TransformsRequest->handle(Object(Illuminate\Http\Request), Object(Closure))
#78 C:\xampp\htdocs\site_iuhm\vendor\laravel\framework\src\Illuminate\Pipeline\Pipeline.php(219): Illuminate\Foundation\Http\Middleware\ConvertEmptyStringsToNull->handle(Object(Illuminate\Http\Request), Object(Closure))
#79 C:\xampp\htdocs\site_iuhm\vendor\laravel\framework\src\Illuminate\Foundation\Http\Middleware\TransformsRequest.php(21): Illuminate\Pipeline\Pipeline->{closure:{closure:Illuminate\Pipeline\Pipeline::carry():194}:195}(Object(Illuminate\Http\Request))
#80 C:\xampp\htdocs\site_iuhm\vendor\laravel\framework\src\Illuminate\Foundation\Http\Middleware\TrimStrings.php(51): Illuminate\Foundation\Http\Middleware\TransformsRequest->handle(Object(Illuminate\Http\Request), Object(Closure))
#81 C:\xampp\htdocs\site_iuhm\vendor\laravel\framework\src\Illuminate\Pipeline\Pipeline.php(219): Illuminate\Foundation\Http\Middleware\TrimStrings->handle(Object(Illuminate\Http\Request), Object(Closure))
#82 C:\xampp\htdocs\site_iuhm\vendor\laravel\framework\src\Illuminate\Http\Middleware\ValidatePostSize.php(27): Illuminate\Pipeline\Pipeline->{closure:{closure:Illuminate\Pipeline\Pipeline::carry():194}:195}(Object(Illuminate\Http\Request))
#83 C:\xampp\htdocs\site_iuhm\vendor\laravel\framework\src\Illuminate\Pipeline\Pipeline.php(219): Illuminate\Http\Middleware\ValidatePostSize->handle(Object(Illuminate\Http\Request), Object(Closure))
#84 C:\xampp\htdocs\site_iuhm\vendor\laravel\framework\src\Illuminate\Foundation\Http\Middleware\PreventRequestsDuringMaintenance.php(109): Illuminate\Pipeline\Pipeline->{closure:{closure:Illuminate\Pipeline\Pipeline::carry():194}:195}(Object(Illuminate\Http\Request))
#85 C:\xampp\htdocs\site_iuhm\vendor\laravel\framework\src\Illuminate\Pipeline\Pipeline.php(219): Illuminate\Foundation\Http\Middleware\PreventRequestsDuringMaintenance->handle(Object(Illuminate\Http\Request), Object(Closure))
#86 C:\xampp\htdocs\site_iuhm\vendor\laravel\framework\src\Illuminate\Http\Middleware\HandleCors.php(61): Illuminate\Pipeline\Pipeline->{closure:{closure:Illuminate\Pipeline\Pipeline::carry():194}:195}(Object(Illuminate\Http\Request))
#87 C:\xampp\htdocs\site_iuhm\vendor\laravel\framework\src\Illuminate\Pipeline\Pipeline.php(219): Illuminate\Http\Middleware\HandleCors->handle(Object(Illuminate\Http\Request), Object(Closure))
#88 C:\xampp\htdocs\site_iuhm\vendor\laravel\framework\src\Illuminate\Http\Middleware\TrustProxies.php(58): Illuminate\Pipeline\Pipeline->{closure:{closure:Illuminate\Pipeline\Pipeline::carry():194}:195}(Object(Illuminate\Http\Request))
#89 C:\xampp\htdocs\site_iuhm\vendor\laravel\framework\src\Illuminate\Pipeline\Pipeline.php(219): Illuminate\Http\Middleware\TrustProxies->handle(Object(Illuminate\Http\Request), Object(Closure))
#90 C:\xampp\htdocs\site_iuhm\vendor\laravel\framework\src\Illuminate\Foundation\Http\Middleware\InvokeDeferredCallbacks.php(22): Illuminate\Pipeline\Pipeline->{closure:{closure:Illuminate\Pipeline\Pipeline::carry():194}:195}(Object(Illuminate\Http\Request))
#91 C:\xampp\htdocs\site_iuhm\vendor\laravel\framework\src\Illuminate\Pipeline\Pipeline.php(219): Illuminate\Foundation\Http\Middleware\InvokeDeferredCallbacks->handle(Object(Illuminate\Http\Request), Object(Closure))
#92 C:\xampp\htdocs\site_iuhm\vendor\laravel\framework\src\Illuminate\Http\Middleware\ValidatePathEncoding.php(28): Illuminate\Pipeline\Pipeline->{closure:{closure:Illuminate\Pipeline\Pipeline::carry():194}:195}(Object(Illuminate\Http\Request))
#93 C:\xampp\htdocs\site_iuhm\vendor\laravel\framework\src\Illuminate\Pipeline\Pipeline.php(219): Illuminate\Http\Middleware\ValidatePathEncoding->handle(Object(Illuminate\Http\Request), Object(Closure))
#94 C:\xampp\htdocs\site_iuhm\vendor\laravel\framework\src\Illuminate\Pipeline\Pipeline.php(137): Illuminate\Pipeline\Pipeline->{closure:{closure:Illuminate\Pipeline\Pipeline::carry():194}:195}(Object(Illuminate\Http\Request))
#95 C:\xampp\htdocs\site_iuhm\vendor\laravel\framework\src\Illuminate\Foundation\Http\Kernel.php(175): Illuminate\Pipeline\Pipeline->then(Object(Closure))
#96 C:\xampp\htdocs\site_iuhm\vendor\laravel\framework\src\Illuminate\Foundation\Http\Kernel.php(144): Illuminate\Foundation\Http\Kernel->sendRequestThroughRouter(Object(Illuminate\Http\Request))
#97 C:\xampp\htdocs\site_iuhm\vendor\laravel\framework\src\Illuminate\Foundation\Testing\Concerns\MakesHttpRequests.php(607): Illuminate\Foundation\Http\Kernel->handle(Object(Illuminate\Http\Request))
#98 C:\xampp\htdocs\site_iuhm\vendor\laravel\framework\src\Illuminate\Foundation\Testing\Concerns\MakesHttpRequests.php(368): Illuminate\Foundation\Testing\TestCase->call('GET', 'http://localhos...', Array, Array, Array, Array)
#99 C:\xampp\htdocs\site_iuhm\tests\Feature\Settings\SecurityTest.php(58): Illuminate\Foundation\Testing\TestCase->get('http://localhos...')
#100 C:\xampp\htdocs\site_iuhm\vendor\phpunit\phpunit\src\Framework\TestCase.php(1335): Tests\Feature\Settings\SecurityTest->test_security_settings_page_renders_without_two_factor_when_feature_is_disabled()
#101 C:\xampp\htdocs\site_iuhm\vendor\phpunit\phpunit\src\Framework\TestCase.php(519): PHPUnit\Framework\TestCase->runTest()
#102 C:\xampp\htdocs\site_iuhm\vendor\phpunit\phpunit\src\Framework\TestRunner\TestRunner.php(99): PHPUnit\Framework\TestCase->runBare()
#103 C:\xampp\htdocs\site_iuhm\vendor\phpunit\phpunit\src\Framework\TestCase.php(359): PHPUnit\Framework\TestRunner->run(Object(Tests\Feature\Settings\SecurityTest))
#104 C:\xampp\htdocs\site_iuhm\vendor\phpunit\phpunit\src\Framework\TestSuite.php(374): PHPUnit\Framework\TestCase->run()
#105 C:\xampp\htdocs\site_iuhm\vendor\phpunit\phpunit\src\Framework\TestSuite.php(374): PHPUnit\Framework\TestSuite->run()
#106 C:\xampp\htdocs\site_iuhm\vendor\phpunit\phpunit\src\Framework\TestSuite.php(374): PHPUnit\Framework\TestSuite->run()
#107 C:\xampp\htdocs\site_iuhm\vendor\phpunit\phpunit\src\TextUI\TestRunner.php(64): PHPUnit\Framework\TestSuite->run()
#108 C:\xampp\htdocs\site_iuhm\vendor\phpunit\phpunit\src\TextUI\Application.php(229): PHPUnit\TextUI\TestRunner->run(Object(PHPUnit\TextUI\Configuration\Configuration), Object(PHPUnit\Runner\ResultCache\DefaultResultCache), Object(PHPUnit\Framework\TestSuite))
#109 C:\xampp\htdocs\site_iuhm\vendor\phpunit\phpunit\phpunit(104): PHPUnit\TextUI\Application->run(Array)
#110 {main}

Next Illuminate\View\ViewException: Undefined variable $navigationPages (View: C:\xampp\htdocs\site_iuhm\resources\views\partials\header.blade.php) (View: C:\xampp\htdocs\site_iuhm\resources\views\partials\header.blade.php) in C:\xampp\htdocs\site_iuhm\storage\framework\views\7051f6576562b2dc7a02a46a651d2c4e.php:19
Stack trace:
#0 C:\xampp\htdocs\site_iuhm\vendor\livewire\livewire\src\Mechanisms\ExtendBlade\ExtendedCompilerEngine.php(58): Illuminate\View\Engines\CompilerEngine->handleViewException(Object(Illuminate\View\ViewException), 2)
#1 C:\xampp\htdocs\site_iuhm\vendor\laravel\framework\src\Illuminate\View\Engines\PhpEngine.php(59): Livewire\Mechanisms\ExtendBlade\ExtendedCompilerEngine->handleViewException(Object(Illuminate\View\ViewException), 2)
#2 C:\xampp\htdocs\site_iuhm\vendor\livewire\livewire\src\Mechanisms\ExtendBlade\ExtendedCompilerEngine.php(22): Illuminate\View\Engines\PhpEngine->evaluatePath('C:\\xampp\\htdocs...', Array)
#3 C:\xampp\htdocs\site_iuhm\vendor\laravel\framework\src\Illuminate\View\Engines\CompilerEngine.php(76): Livewire\Mechanisms\ExtendBlade\ExtendedCompilerEngine->evaluatePath('C:\\xampp\\htdocs...', Array)
#4 C:\xampp\htdocs\site_iuhm\vendor\livewire\livewire\src\Mechanisms\ExtendBlade\ExtendedCompilerEngine.php(10): Illuminate\View\Engines\CompilerEngine->get('C:\\xampp\\htdocs...', Array)
#5 C:\xampp\htdocs\site_iuhm\vendor\laravel\framework\src\Illuminate\View\View.php(208): Livewire\Mechanisms\ExtendBlade\ExtendedCompilerEngine->get('C:\\xampp\\htdocs...', Array)
#6 C:\xampp\htdocs\site_iuhm\vendor\laravel\framework\src\Illuminate\View\View.php(191): Illuminate\View\View->getContents()
#7 C:\xampp\htdocs\site_iuhm\vendor\laravel\framework\src\Illuminate\View\View.php(160): Illuminate\View\View->renderContents()
#8 C:\xampp\htdocs\site_iuhm\vendor\laravel\framework\src\Illuminate\View\Concerns\ManagesComponents.php(103): Illuminate\View\View->render()
#9 C:\xampp\htdocs\site_iuhm\storage\framework\views\7deb94de6e2eb6551b8bc95535a64c72.php(17): Illuminate\View\Factory->renderComponent()
#10 C:\xampp\htdocs\site_iuhm\vendor\laravel\framework\src\Illuminate\Filesystem\Filesystem.php(123): require('C:\\xampp\\htdocs...')
#11 C:\xampp\htdocs\site_iuhm\vendor\laravel\framework\src\Illuminate\Filesystem\Filesystem.php(124): Illuminate\Filesystem\Filesystem::{closure:Illuminate\Filesystem\Filesystem::getRequire():120}()
#12 C:\xampp\htdocs\site_iuhm\vendor\laravel\framework\src\Illuminate\View\Engines\PhpEngine.php(57): Illuminate\Filesystem\Filesystem->getRequire('C:\\xampp\\htdocs...', Array)
#13 C:\xampp\htdocs\site_iuhm\vendor\livewire\livewire\src\Mechanisms\ExtendBlade\ExtendedCompilerEngine.php(22): Illuminate\View\Engines\PhpEngine->evaluatePath('C:\\xampp\\htdocs...', Array)
#14 C:\xampp\htdocs\site_iuhm\vendor\laravel\framework\src\Illuminate\View\Engines\CompilerEngine.php(76): Livewire\Mechanisms\ExtendBlade\ExtendedCompilerEngine->evaluatePath('C:\\xampp\\htdocs...', Array)
#15 C:\xampp\htdocs\site_iuhm\vendor\livewire\livewire\src\Mechanisms\ExtendBlade\ExtendedCompilerEngine.php(10): Illuminate\View\Engines\CompilerEngine->get('C:\\xampp\\htdocs...', Array)
#16 C:\xampp\htdocs\site_iuhm\vendor\laravel\framework\src\Illuminate\View\View.php(208): Livewire\Mechanisms\ExtendBlade\ExtendedCompilerEngine->get('C:\\xampp\\htdocs...', Array)
#17 C:\xampp\htdocs\site_iuhm\vendor\laravel\framework\src\Illuminate\View\View.php(191): Illuminate\View\View->getContents()
#18 C:\xampp\htdocs\site_iuhm\vendor\laravel\framework\src\Illuminate\View\View.php(160): Illuminate\View\View->renderContents()
#19 C:\xampp\htdocs\site_iuhm\vendor\laravel\framework\src\Illuminate\View\Compilers\BladeCompiler.php(353): Illuminate\View\View->render()
#20 C:\xampp\htdocs\site_iuhm\vendor\laravel\framework\src\Illuminate\Support\Facades\Facade.php(363): Illuminate\View\Compilers\BladeCompiler::render('    <?php $layo...', Array)
#21 C:\xampp\htdocs\site_iuhm\vendor\livewire\livewire\src\Features\SupportPageComponents\SupportPageComponents.php(162): Illuminate\Support\Facades\Facade::__callStatic('render', Array)
#22 C:\xampp\htdocs\site_iuhm\vendor\livewire\livewire\src\Features\SupportPageComponents\HandlesPageComponents.php(26): Livewire\Features\SupportPageComponents\SupportPageComponents::renderContentsIntoLayout('[39;22m[39;1m<section wire:s...', Object(Livewire\Features\SupportPageComponents\PageComponentConfig))
#23 C:\xampp\htdocs\site_iuhm\vendor\laravel\framework\src\Illuminate\Container\BoundMethod.php(36): Livewire\Component->[39;22m[39;1m__invoke()
#24 C:\xampp\htdocs\site_iuhm\vendor\laravel\framework\src\Illuminate\Container\Util.php(43): Illuminate\Container\BoundMethod::{closure:Illuminate\Container\BoundMethod::call():35}()
#25 C:\xampp\htdocs\site_iuhm\vendor\laravel\framework\src\Illuminate\Container\BoundMethod.php(96): Illuminate\Container\Util::unwrapIfClosure(Object(Closure))
#26 C:\xampp\htdocs\site_iuhm\vendor\laravel\framework\src\Illuminate\Container\BoundMethod.php(35): Illuminate\Container\BoundMethod::callBoundMethod(Object(Illuminate\Foundation\Application), Array, Object(Closure))
#27 C:\xampp\htdocs\site_iuhm\vendor\laravel\framework\src\Illuminate\Container\Container.php(799): Illuminate\Container\BoundMethod::call(Object(Illuminate\Foundation\Application), Array, Array, NULL)
#28 C:\xampp\htdocs\site_iuhm\vendor\livewire\livewire\src\Mechanisms\HandleRouting\LivewirePageController.php(15): Illuminate\Container\Container->call(Array)
#29 C:\xampp\htdocs\site_iuhm\vendor\laravel\framework\src\Illuminate\Routing\ControllerDispatcher.php(46): Livewire\Mechanisms\HandleRouting\LivewirePageController->__invoke()
#30 C:\xampp\htdocs\site_iuhm\vendor\laravel\framework\src\Illuminate\Routing\Route.php(269): Illuminate\Routing\ControllerDispatcher->dispatch(Object(Illuminate\Routing\Route), Object(Livewire\Mechanisms\HandleRouting\LivewirePageController), '__invoke')
#31 C:\xampp\htdocs\site_iuhm\vendor\laravel\framework\src\Illuminate\Routing\Route.php(215): Illuminate\Routing\Route->runController()
#32 C:\xampp\htdocs\site_iuhm\vendor\laravel\framework\src\Illuminate\Routing\Router.php(822): Illuminate\Routing\Route->run()
#33 C:\xampp\htdocs\site_iuhm\vendor\laravel\framework\src\Illuminate\Pipeline\Pipeline.php(180): Illuminate\Routing\Router->{closure:Illuminate\Routing\Router::runRouteWithinStack():821}(Object(Illuminate\Http\Request))
#34 C:\xampp\htdocs\site_iuhm\vendor\laravel\framework\src\Illuminate\Auth\Middleware\RequirePassword.php(84): Illuminate\Pipeline\Pipeline->{closure:Illuminate\Pipeline\Pipeline::prepareDestination():178}(Object(Illuminate\Http\Request))
#35 C:\xampp\htdocs\site_iuhm\vendor\laravel\framework\src\Illuminate\Pipeline\Pipeline.php(219): Illuminate\Auth\Middleware\RequirePassword->handle(Object(Illuminate\Http\Request), Object(Closure))
#36 C:\xampp\htdocs\site_iuhm\vendor\laravel\framework\src\Illuminate\Auth\Middleware\EnsureEmailIsVerified.php(41): Illuminate\Pipeline\Pipeline->{closure:{closure:Illuminate\Pipeline\Pipeline::carry():194}:195}(Object(Illuminate\Http\Request))
#37 C:\xampp\htdocs\site_iuhm\vendor\laravel\framework\src\Illuminate\Pipeline\Pipeline.php(219): Illuminate\Auth\Middleware\EnsureEmailIsVerified->handle(Object(Illuminate\Http\Request), Object(Closure))
#38 C:\xampp\htdocs\site_iuhm\app\Http\Middleware\SetTeamUrlDefaults.php(26): Illuminate\Pipeline\Pipeline->{closure:{closure:Illuminate\Pipeline\Pipeline::carry():194}:195}(Object(Illuminate\Http\Request))
#39 C:\xampp\htdocs\site_iuhm\vendor\laravel\framework\src\Illuminate\Pipeline\Pipeline.php(219): App\Http\Middleware\SetTeamUrlDefaults->handle(Object(Illuminate\Http\Request), Object(Closure))
#40 C:\xampp\htdocs\site_iuhm\app\Http\Middleware\SetLocale.php(28): Illuminate\Pipeline\Pipeline->{closure:{closure:Illuminate\Pipeline\Pipeline::carry():194}:195}(Object(Illuminate\Http\Request))
#41 C:\xampp\htdocs\site_iuhm\vendor\laravel\framework\src\Illuminate\Pipeline\Pipeline.php(219): App\Http\Middleware\SetLocale->handle(Object(Illuminate\Http\Request), Object(Closure))
#42 C:\xampp\htdocs\site_iuhm\vendor\laravel\framework\src\Illuminate\Routing\Middleware\SubstituteBindings.php(52): Illuminate\Pipeline\Pipeline->{closure:{closure:Illuminate\Pipeline\Pipeline::carry():194}:195}(Object(Illuminate\Http\Request))
#43 C:\xampp\htdocs\site_iuhm\vendor\laravel\framework\src\Illuminate\Pipeline\Pipeline.php(219): Illuminate\Routing\Middleware\SubstituteBindings->handle(Object(Illuminate\Http\Request), Object(Closure))
#44 C:\xampp\htdocs\site_iuhm\vendor\laravel\framework\src\Illuminate\Auth\Middleware\Authenticate.php(63): Illuminate\Pipeline\Pipeline->{closure:{closure:Illuminate\Pipeline\Pipeline::carry():194}:195}(Object(Illuminate\Http\Request))
#45 C:\xampp\htdocs\site_iuhm\vendor\laravel\framework\src\Illuminate\Pipeline\Pipeline.php(219): Illuminate\Auth\Middleware\Authenticate->handle(Object(Illuminate\Http\Request), Object(Closure))
#46 C:\xampp\htdocs\site_iuhm\vendor\laravel\framework\src\Illuminate\Foundation\Http\Middleware\PreventRequestForgery.php(104): Illuminate\Pipeline\Pipeline->{closure:{closure:Illuminate\Pipeline\Pipeline::carry():194}:195}(Object(Illuminate\Http\Request))
#47 C:\xampp\htdocs\site_iuhm\vendor\laravel\framework\src\Illuminate\Pipeline\Pipeline.php(219): Illuminate\Foundation\Http\Middleware\PreventRequestForgery->handle(Object(Illuminate\Http\Request), Object(Closure))
#48 C:\xampp\htdocs\site_iuhm\vendor\laravel\framework\src\Illuminate\View\Middleware\ShareErrorsFromSession.php(48): Illuminate\Pipeline\Pipeline->{closure:{closure:Illuminate\Pipeline\Pipeline::carry():194}:195}(Object(Illuminate\Http\Request))
#49 C:\xampp\htdocs\site_iuhm\vendor\laravel\framework\src\Illuminate\Pipeline\Pipeline.php(219): Illuminate\View\Middleware\ShareErrorsFromSession->handle(Object(Illuminate\Http\Request), Object(Closure))
#50 C:\xampp\htdocs\site_iuhm\vendor\laravel\framework\src\Illuminate\Session\Middleware\StartSession.php(120): Illuminate\Pipeline\Pipeline->{closure:{closure:Illuminate\Pipeline\Pipeline::carry():194}:195}(Object(Illuminate\Http\Request))
#51 C:\xampp\htdocs\site_iuhm\vendor\laravel\framework\src\Illuminate\Session\Middleware\StartSession.php(63): Illuminate\Session\Middleware\StartSession->handleStatefulRequest(Object(Illuminate\Http\Request), Object(Illuminate\Session\Store), Object(Closure))
#52 C:\xampp\htdocs\site_iuhm\vendor\laravel\framework\src\Illuminate\Pipeline\Pipeline.php(219): Illuminate\Session\Middleware\StartSession->handle(Object(Illuminate\Http\Request), Object(Closure))
#53 C:\xampp\htdocs\site_iuhm\vendor\laravel\framework\src\Illuminate\Cookie\Middleware\AddQueuedCookiesToResponse.php(36): Illuminate\Pipeline\Pipeline->{closure:{closure:Illuminate\Pipeline\Pipeline::carry():194}:195}(Object(Illuminate\Http\Request))
#54 C:\xampp\htdocs\site_iuhm\vendor\laravel\framework\src\Illuminate\Pipeline\Pipeline.php(219): Illuminate\Cookie\Middleware\AddQueuedCookiesToResponse->handle(Object(Illuminate\Http\Request), Object(Closure))
#55 C:\xampp\htdocs\site_iuhm\vendor\laravel\framework\src\Illuminate\Cookie\Middleware\EncryptCookies.php(74): Illuminate\Pipeline\Pipeline->{closure:{closure:Illuminate\Pipeline\Pipeline::carry():194}:195}(Object(Illuminate\Http\Request))
#56 C:\xampp\htdocs\site_iuhm\vendor\laravel\framework\src\Illuminate\Pipeline\Pipeline.php(219): Illuminate\Cookie\Middleware\EncryptCookies->handle(Object(Illuminate\Http\Request), Object(Closure))
#57 C:\xampp\htdocs\site_iuhm\vendor\laravel\framework\src\Illuminate\Pipeline\Pipeline.php(137): Illuminate\Pipeline\Pipeline->{closure:{closure:Illuminate\Pipeline\Pipeline::carry():194}:195}(Object(Illuminate\Http\Request))
#58 C:\xampp\htdocs\site_iuhm\vendor\laravel\framework\src\Illuminate\Routing\Router.php(821): Illuminate\Pipeline\Pipeline->then(Object(Closure))
#59 C:\xampp\htdocs\site_iuhm\vendor\laravel\framework\src\Illuminate\Routing\Router.php(800): Illuminate\Routing\Router->runRouteWithinStack(Object(Illuminate\Routing\Route), Object(Illuminate\Http\Request))
#60 C:\xampp\htdocs\site_iuhm\vendor\laravel\framework\src\Illuminate\Routing\Router.php(764): Illuminate\Routing\Router->runRoute(Object(Illuminate\Http\Request), Object(Illuminate\Routing\Route))
#61 C:\xampp\htdocs\site_iuhm\vendor\laravel\framework\src\Illuminate\Routing\Router.php(753): Illuminate\Routing\Router->dispatchToRoute(Object(Illuminate\Http\Request))
#62 C:\xampp\htdocs\site_iuhm\vendor\laravel\framework\src\Illuminate\Foundation\Http\Kernel.php(200): Illuminate\Routing\Router->dispatch(Object(Illuminate\Http\Request))
#63 C:\xampp\htdocs\site_iuhm\vendor\laravel\framework\src\Illuminate\Pipeline\Pipeline.php(180): Illuminate\Foundation\Http\Kernel->{closure:Illuminate\Foundation\Http\Kernel::dispatchToRouter():197}(Object(Illuminate\Http\Request))
#64 C:\xampp\htdocs\site_iuhm\vendor\livewire\livewire\src\Features\SupportDisablingBackButtonCache\DisableBackButtonCacheMiddleware.php(19): Illuminate\Pipeline\Pipeline->{closure:Illuminate\Pipeline\Pipeline::prepareDestination():178}(Object(Illuminate\Http\Request))
#65 C:\xampp\htdocs\site_iuhm\vendor\laravel\framework\src\Illuminate\Pipeline\Pipeline.php(219): Livewire\Features\SupportDisablingBackButtonCache\DisableBackButtonCacheMiddleware->handle(Object(Illuminate\Http\Request), Object(Closure))
#66 C:\xampp\htdocs\site_iuhm\vendor\laravel\framework\src\Illuminate\Foundation\Http\Middleware\TransformsRequest.php(21): Illuminate\Pipeline\Pipeline->{closure:{closure:Illuminate\Pipeline\Pipeline::carry():194}:195}(Object(Illuminate\Http\Request))
#67 C:\xampp\htdocs\site_iuhm\vendor\laravel\framework\src\Illuminate\Foundation\Http\Middleware\ConvertEmptyStringsToNull.php(31): Illuminate\Foundation\Http\Middleware\TransformsRequest->handle(Object(Illuminate\Http\Request), Object(Closure))
#68 C:\xampp\htdocs\site_iuhm\vendor\laravel\framework\src\Illuminate\Pipeline\Pipeline.php(219): Illuminate\Foundation\Http\Middleware\ConvertEmptyStringsToNull->handle(Object(Illuminate\Http\Request), Object(Closure))
#69 C:\xampp\htdocs\site_iuhm\vendor\laravel\framework\src\Illuminate\Foundation\Http\Middleware\TransformsRequest.php(21): Illuminate\Pipeline\Pipeline->{closure:{closure:Illuminate\Pipeline\Pipeline::carry():194}:195}(Object(Illuminate\Http\Request))
#70 C:\xampp\htdocs\site_iuhm\vendor\laravel\framework\src\Illuminate\Foundation\Http\Middleware\TrimStrings.php(51): Illuminate\Foundation\Http\Middleware\TransformsRequest->handle(Object(Illuminate\Http\Request), Object(Closure))
#71 C:\xampp\htdocs\site_iuhm\vendor\laravel\framework\src\Illuminate\Pipeline\Pipeline.php(219): Illuminate\Foundation\Http\Middleware\TrimStrings->handle(Object(Illuminate\Http\Request), Object(Closure))
#72 C:\xampp\htdocs\site_iuhm\vendor\laravel\framework\src\Illuminate\Http\Middleware\ValidatePostSize.php(27): Illuminate\Pipeline\Pipeline->{closure:{closure:Illuminate\Pipeline\Pipeline::carry():194}:195}(Object(Illuminate\Http\Request))
#73 C:\xampp\htdocs\site_iuhm\vendor\laravel\framework\src\Illuminate\Pipeline\Pipeline.php(219): Illuminate\Http\Middleware\ValidatePostSize->handle(Object(Illuminate\Http\Request), Object(Closure))
#74 C:\xampp\htdocs\site_iuhm\vendor\laravel\framework\src\Illuminate\Foundation\Http\Middleware\PreventRequestsDuringMaintenance.php(109): Illuminate\Pipeline\Pipeline->{closure:{closure:Illuminate\Pipeline\Pipeline::carry():194}:195}(Object(Illuminate\Http\Request))
#75 C:\xampp\htdocs\site_iuhm\vendor\laravel\framework\src\Illuminate\Pipeline\Pipeline.php(219): Illuminate\Foundation\Http\Middleware\PreventRequestsDuringMaintenance->handle(Object(Illuminate\Http\Request), Object(Closure))
#76 C:\xampp\htdocs\site_iuhm\vendor\laravel\framework\src\Illuminate\Http\Middleware\HandleCors.php(61): Illuminate\Pipeline\Pipeline->{closure:{closure:Illuminate\Pipeline\Pipeline::carry():194}:195}(Object(Illuminate\Http\Request))
#77 C:\xampp\htdocs\site_iuhm\vendor\laravel\framework\src\Illuminate\Pipeline\Pipeline.php(219): Illuminate\Http\Middleware\HandleCors->handle(Object(Illuminate\Http\Request), Object(Closure))
#78 C:\xampp\htdocs\site_iuhm\vendor\laravel\framework\src\Illuminate\Http\Middleware\TrustProxies.php(58): Illuminate\Pipeline\Pipeline->{closure:{closure:Illuminate\Pipeline\Pipeline::carry():194}:195}(Object(Illuminate\Http\Request))
#79 C:\xampp\htdocs\site_iuhm\vendor\laravel\framework\src\Illuminate\Pipeline\Pipeline.php(219): Illuminate\Http\Middleware\TrustProxies->handle(Object(Illuminate\Http\Request), Object(Closure))
#80 C:\xampp\htdocs\site_iuhm\vendor\laravel\framework\src\Illuminate\Foundation\Http\Middleware\InvokeDeferredCallbacks.php(22): Illuminate\Pipeline\Pipeline->{closure:{closure:Illuminate\Pipeline\Pipeline::carry():194}:195}(Object(Illuminate\Http\Request))
#81 C:\xampp\htdocs\site_iuhm\vendor\laravel\framework\src\Illuminate\Pipeline\Pipeline.php(219): Illuminate\Foundation\Http\Middleware\InvokeDeferredCallbacks->handle(Object(Illuminate\Http\Request), Object(Closure))
#82 C:\xampp\htdocs\site_iuhm\vendor\laravel\framework\src\Illuminate\Http\Middleware\ValidatePathEncoding.php(28): Illuminate\Pipeline\Pipeline->{closure:{closure:Illuminate\Pipeline\Pipeline::carry():194}:195}(Object(Illuminate\Http\Request))
#83 C:\xampp\htdocs\site_iuhm\vendor\laravel\framework\src\Illuminate\Pipeline\Pipeline.php(219): Illuminate\Http\Middleware\ValidatePathEncoding->handle(Object(Illuminate\Http\Request), Object(Closure))
#84 C:\xampp\htdocs\site_iuhm\vendor\laravel\framework\src\Illuminate\Pipeline\Pipeline.php(137): Illuminate\Pipeline\Pipeline->{closure:{closure:Illuminate\Pipeline\Pipeline::carry():194}:195}(Object(Illuminate\Http\Request))
#85 C:\xampp\htdocs\site_iuhm\vendor\laravel\framework\src\Illuminate\Foundation\Http\Kernel.php(175): Illuminate\Pipeline\Pipeline->then(Object(Closure))
#86 C:\xampp\htdocs\site_iuhm\vendor\laravel\framework\src\Illuminate\Foundation\Http\Kernel.php(144): Illuminate\Foundation\Http\Kernel->sendRequestThroughRouter(Object(Illuminate\Http\Request))
#87 C:\xampp\htdocs\site_iuhm\vendor\laravel\framework\src\Illuminate\Foundation\Testing\Concerns\MakesHttpRequests.php(607): Illuminate\Foundation\Http\Kernel->handle(Object(Illuminate\Http\Request))
#88 C:\xampp\htdocs\site_iuhm\vendor\laravel\framework\src\Illuminate\Foundation\Testing\Concerns\MakesHttpRequests.php(368): Illuminate\Foundation\Testing\TestCase->call('GET', 'http://localhos...', Array, Array, Array, Array)
#89 C:\xampp\htdocs\site_iuhm\tests\Feature\Settings\SecurityTest.php(58): Illuminate\Foundation\Testing\TestCase->get('http://localhos...')
#90 C:\xampp\htdocs\site_iuhm\vendor\phpunit\phpunit\src\Framework\TestCase.php(1335): Tests\Feature\Settings\SecurityTest->test_security_settings_page_renders_without_two_factor_when_feature_is_disabled()
#91 C:\xampp\htdocs\site_iuhm\vendor\phpunit\phpunit\src\Framework\TestCase.php(519): PHPUnit\Framework\TestCase->runTest()
#92 C:\xampp\htdocs\site_iuhm\vendor\phpunit\phpunit\src\Framework\TestRunner\TestRunner.php(99): PHPUnit\Framework\TestCase->runBare()
#93 C:\xampp\htdocs\site_iuhm\vendor\phpunit\phpunit\src\Framework\TestCase.php(359): PHPUnit\Framework\TestRunner->run(Object(Tests\Feature\Settings\SecurityTest))
#94 C:\xampp\htdocs\site_iuhm\vendor\phpunit\phpunit\src\Framework\TestSuite.php(374): PHPUnit\Framework\TestCase->run()
#95 C:\xampp\htdocs\site_iuhm\vendor\phpunit\phpunit\src\Framework\TestSuite.php(374): PHPUnit\Framework\TestSuite->run()
#96 C:\xampp\htdocs\site_iuhm\vendor\phpunit\phpunit\src\Framework\TestSuite.php(374): PHPUnit\Framework\TestSuite->run()
#97 C:\xampp\htdocs\site_iuhm\vendor\phpunit\phpunit\src\TextUI\TestRunner.php(64): PHPUnit\Framework\TestSuite->run()
#98 C:\xampp\htdocs\site_iuhm\vendor\phpunit\phpunit\src\TextUI\Application.php(229): PHPUnit\TextUI\TestRunner->run(Object(PHPUnit\TextUI\Configuration\Configuration), Object(PHPUnit\Runner\ResultCache\DefaultResultCache), Object(PHPUnit\Framework\TestSuite))
#99 C:\xampp\htdocs\site_iuhm\vendor\phpunit\phpunit\phpunit(104): PHPUnit\TextUI\Application->run(Array)
#100 {main}

Next Illuminate\View\ViewException: Undefined variable $navigationPages (View: C:\xampp\htdocs\site_iuhm\resources\views\partials\header.blade.php) (View: C:\xampp\htdocs\site_iuhm\resources\views\partials\header.blade.php) (View: C:\xampp\htdocs\site_iuhm\resources\views\partials\header.blade.php) in C:\xampp\htdocs\site_iuhm\storage\framework\views\7051f6576562b2dc7a02a46a651d2c4e.php:19
Stack trace:
#0 C:\xampp\htdocs\site_iuhm\vendor\livewire\livewire\src\Mechanisms\ExtendBlade\ExtendedCompilerEngine.php(58): Illuminate\View\Engines\CompilerEngine->handleViewException(Object(Illuminate\View\ViewException), 1)
#1 C:\xampp\htdocs\site_iuhm\vendor\laravel\framework\src\Illuminate\View\Engines\PhpEngine.php(59): Livewire\Mechanisms\ExtendBlade\ExtendedCompilerEngine->handleViewException(Object(Illuminate\View\ViewException), 1)
#2 C:\xampp\htdocs\site_iuhm\vendor\livewire\livewire\src\Mechanisms\ExtendBlade\ExtendedCompilerEngine.php(22): Illuminate\View\Engines\PhpEngine->evaluatePath('C:\\xampp\\htdocs...', Array)
#3 C:\xampp\htdocs\site_iuhm\vendor\laravel\framework\src\Illuminate\View\Engines\CompilerEngine.php(76): Livewire\Mechanisms\ExtendBlade\ExtendedCompilerEngine->evaluatePath('C:\\xampp\\htdocs...', Array)
#4 C:\xampp\htdocs\site_iuhm\vendor\livewire\livewire\src\Mechanisms\ExtendBlade\ExtendedCompilerEngine.php(10): Illuminate\View\Engines\CompilerEngine->get('C:\\xampp\\htdocs...', Array)
#5 C:\xampp\htdocs\site_iuhm\vendor\laravel\framework\src\Illuminate\View\View.php(208): Livewire\Mechanisms\ExtendBlade\ExtendedCompilerEngine->get('C:\\xampp\\htdocs...', Array)
#6 C:\xampp\htdocs\site_iuhm\vendor\laravel\framework\src\Illuminate\View\View.php(191): Illuminate\View\View->getContents()
#7 C:\xampp\htdocs\site_iuhm\vendor\laravel\framework\src\Illuminate\View\View.php(160): Illuminate\View\View->renderContents()
#8 C:\xampp\htdocs\site_iuhm\vendor\laravel\framework\src\Illuminate\View\Compilers\BladeCompiler.php(353): Illuminate\View\View->render()
#9 C:\xampp\htdocs\site_iuhm\vendor\laravel\framework\src\Illuminate\Support\Facades\Facade.php(363): Illuminate\View\Compilers\BladeCompiler::render('    <?php $layo...', Array)
#10 C:\xampp\htdocs\site_iuhm\vendor\livewire\livewire\src\Features\SupportPageComponents\SupportPageComponents.php(162): Illuminate\Support\Facades\Facade::__callStatic('render', Array)
#11 C:\xampp\htdocs\site_iuhm\vendor\livewire\livewire\src\Features\SupportPageComponents\HandlesPageComponents.php(26): Livewire\Features\SupportPageComponents\SupportPageComponents::renderContentsIntoLayout('[39;22m[39;1m<section wire:s...', Object(Livewire\Features\SupportPageComponents\PageComponentConfig))
#12 C:\xampp\htdocs\site_iuhm\vendor\laravel\framework\src\Illuminate\Container\BoundMethod.php(36): Livewire\Component->[39;22m[39;1m__invoke()
#13 C:\xampp\htdocs\site_iuhm\vendor\laravel\framework\src\Illuminate\Container\Util.php(43): Illuminate\Container\BoundMethod::{closure:Illuminate\Container\BoundMethod::call():35}()
#14 C:\xampp\htdocs\site_iuhm\vendor\laravel\framework\src\Illuminate\Container\BoundMethod.php(96): Illuminate\Container\Util::unwrapIfClosure(Object(Closure))
#15 C:\xampp\htdocs\site_iuhm\vendor\laravel\framework\src\Illuminate\Container\BoundMethod.php(35): Illuminate\Container\BoundMethod::callBoundMethod(Object(Illuminate\Foundation\Application), Array, Object(Closure))
#16 C:\xampp\htdocs\site_iuhm\vendor\laravel\framework\src\Illuminate\Container\Container.php(799): Illuminate\Container\BoundMethod::call(Object(Illuminate\Foundation\Application), Array, Array, NULL)
#17 C:\xampp\htdocs\site_iuhm\vendor\livewire\livewire\src\Mechanisms\HandleRouting\LivewirePageController.php(15): Illuminate\Container\Container->call(Array)
#18 C:\xampp\htdocs\site_iuhm\vendor\laravel\framework\src\Illuminate\Routing\ControllerDispatcher.php(46): Livewire\Mechanisms\HandleRouting\LivewirePageController->__invoke()
#19 C:\xampp\htdocs\site_iuhm\vendor\laravel\framework\src\Illuminate\Routing\Route.php(269): Illuminate\Routing\ControllerDispatcher->dispatch(Object(Illuminate\Routing\Route), Object(Livewire\Mechanisms\HandleRouting\LivewirePageController), '__invoke')
#20 C:\xampp\htdocs\site_iuhm\vendor\laravel\framework\src\Illuminate\Routing\Route.php(215): Illuminate\Routing\Route->runController()
#21 C:\xampp\htdocs\site_iuhm\vendor\laravel\framework\src\Illuminate\Routing\Router.php(822): Illuminate\Routing\Route->run()
#22 C:\xampp\htdocs\site_iuhm\vendor\laravel\framework\src\Illuminate\Pipeline\Pipeline.php(180): Illuminate\Routing\Router->{closure:Illuminate\Routing\Router::runRouteWithinStack():821}(Object(Illuminate\Http\Request))
#23 C:\xampp\htdocs\site_iuhm\vendor\laravel\framework\src\Illuminate\Auth\Middleware\RequirePassword.php(84): Illuminate\Pipeline\Pipeline->{closure:Illuminate\Pipeline\Pipeline::prepareDestination():178}(Object(Illuminate\Http\Request))
#24 C:\xampp\htdocs\site_iuhm\vendor\laravel\framework\src\Illuminate\Pipeline\Pipeline.php(219): Illuminate\Auth\Middleware\RequirePassword->handle(Object(Illuminate\Http\Request), Object(Closure))
#25 C:\xampp\htdocs\site_iuhm\vendor\laravel\framework\src\Illuminate\Auth\Middleware\EnsureEmailIsVerified.php(41): Illuminate\Pipeline\Pipeline->{closure:{closure:Illuminate\Pipeline\Pipeline::carry():194}:195}(Object(Illuminate\Http\Request))
#26 C:\xampp\htdocs\site_iuhm\vendor\laravel\framework\src\Illuminate\Pipeline\Pipeline.php(219): Illuminate\Auth\Middleware\EnsureEmailIsVerified->handle(Object(Illuminate\Http\Request), Object(Closure))
#27 C:\xampp\htdocs\site_iuhm\app\Http\Middleware\SetTeamUrlDefaults.php(26): Illuminate\Pipeline\Pipeline->{closure:{closure:Illuminate\Pipeline\Pipeline::carry():194}:195}(Object(Illuminate\Http\Request))
#28 C:\xampp\htdocs\site_iuhm\vendor\laravel\framework\src\Illuminate\Pipeline\Pipeline.php(219): App\Http\Middleware\SetTeamUrlDefaults->handle(Object(Illuminate\Http\Request), Object(Closure))
#29 C:\xampp\htdocs\site_iuhm\app\Http\Middleware\SetLocale.php(28): Illuminate\Pipeline\Pipeline->{closure:{closure:Illuminate\Pipeline\Pipeline::carry():194}:195}(Object(Illuminate\Http\Request))
#30 C:\xampp\htdocs\site_iuhm\vendor\laravel\framework\src\Illuminate\Pipeline\Pipeline.php(219): App\Http\Middleware\SetLocale->handle(Object(Illuminate\Http\Request), Object(Closure))
#31 C:\xampp\htdocs\site_iuhm\vendor\laravel\framework\src\Illuminate\Routing\Middleware\SubstituteBindings.php(52): Illuminate\Pipeline\Pipeline->{closure:{closure:Illuminate\Pipeline\Pipeline::carry():194}:195}(Object(Illuminate\Http\Request))
#32 C:\xampp\htdocs\site_iuhm\vendor\laravel\framework\src\Illuminate\Pipeline\Pipeline.php(219): Illuminate\Routing\Middleware\SubstituteBindings->handle(Object(Illuminate\Http\Request), Object(Closure))
#33 C:\xampp\htdocs\site_iuhm\vendor\laravel\framework\src\Illuminate\Auth\Middleware\Authenticate.php(63): Illuminate\Pipeline\Pipeline->{closure:{closure:Illuminate\Pipeline\Pipeline::carry():194}:195}(Object(Illuminate\Http\Request))
#34 C:\xampp\htdocs\site_iuhm\vendor\laravel\framework\src\Illuminate\Pipeline\Pipeline.php(219): Illuminate\Auth\Middleware\Authenticate->handle(Object(Illuminate\Http\Request), Object(Closure))
#35 C:\xampp\htdocs\site_iuhm\vendor\laravel\framework\src\Illuminate\Foundation\Http\Middleware\PreventRequestForgery.php(104): Illuminate\Pipeline\Pipeline->{closure:{closure:Illuminate\Pipeline\Pipeline::carry():194}:195}(Object(Illuminate\Http\Request))
#36 C:\xampp\htdocs\site_iuhm\vendor\laravel\framework\src\Illuminate\Pipeline\Pipeline.php(219): Illuminate\Foundation\Http\Middleware\PreventRequestForgery->handle(Object(Illuminate\Http\Request), Object(Closure))
#37 C:\xampp\htdocs\site_iuhm\vendor\laravel\framework\src\Illuminate\View\Middleware\ShareErrorsFromSession.php(48): Illuminate\Pipeline\Pipeline->{closure:{closure:Illuminate\Pipeline\Pipeline::carry():194}:195}(Object(Illuminate\Http\Request))
#38 C:\xampp\htdocs\site_iuhm\vendor\laravel\framework\src\Illuminate\Pipeline\Pipeline.php(219): Illuminate\View\Middleware\ShareErrorsFromSession->handle(Object(Illuminate\Http\Request), Object(Closure))
#39 C:\xampp\htdocs\site_iuhm\vendor\laravel\framework\src\Illuminate\Session\Middleware\StartSession.php(120): Illuminate\Pipeline\Pipeline->{closure:{closure:Illuminate\Pipeline\Pipeline::carry():194}:195}(Object(Illuminate\Http\Request))
#40 C:\xampp\htdocs\site_iuhm\vendor\laravel\framework\src\Illuminate\Session\Middleware\StartSession.php(63): Illuminate\Session\Middleware\StartSession->handleStatefulRequest(Object(Illuminate\Http\Request), Object(Illuminate\Session\Store), Object(Closure))
#41 C:\xampp\htdocs\site_iuhm\vendor\laravel\framework\src\Illuminate\Pipeline\Pipeline.php(219): Illuminate\Session\Middleware\StartSession->handle(Object(Illuminate\Http\Request), Object(Closure))
#42 C:\xampp\htdocs\site_iuhm\vendor\laravel\framework\src\Illuminate\Cookie\Middleware\AddQueuedCookiesToResponse.php(36): Illuminate\Pipeline\Pipeline->{closure:{closure:Illuminate\Pipeline\Pipeline::carry():194}:195}(Object(Illuminate\Http\Request))
#43 C:\xampp\htdocs\site_iuhm\vendor\laravel\framework\src\Illuminate\Pipeline\Pipeline.php(219): Illuminate\Cookie\Middleware\AddQueuedCookiesToResponse->handle(Object(Illuminate\Http\Request), Object(Closure))
#44 C:\xampp\htdocs\site_iuhm\vendor\laravel\framework\src\Illuminate\Cookie\Middleware\EncryptCookies.php(74): Illuminate\Pipeline\Pipeline->{closure:{closure:Illuminate\Pipeline\Pipeline::carry():194}:195}(Object(Illuminate\Http\Request))
#45 C:\xampp\htdocs\site_iuhm\vendor\laravel\framework\src\Illuminate\Pipeline\Pipeline.php(219): Illuminate\Cookie\Middleware\EncryptCookies->handle(Object(Illuminate\Http\Request), Object(Closure))
#46 C:\xampp\htdocs\site_iuhm\vendor\laravel\framework\src\Illuminate\Pipeline\Pipeline.php(137): Illuminate\Pipeline\Pipeline->{closure:{closure:Illuminate\Pipeline\Pipeline::carry():194}:195}(Object(Illuminate\Http\Request))
#47 C:\xampp\htdocs\site_iuhm\vendor\laravel\framework\src\Illuminate\Routing\Router.php(821): Illuminate\Pipeline\Pipeline->then(Object(Closure))
#48 C:\xampp\htdocs\site_iuhm\vendor\laravel\framework\src\Illuminate\Routing\Router.php(800): Illuminate\Routing\Router->runRouteWithinStack(Object(Illuminate\Routing\Route), Object(Illuminate\Http\Request))
#49 C:\xampp\htdocs\site_iuhm\vendor\laravel\framework\src\Illuminate\Routing\Router.php(764): Illuminate\Routing\Router->runRoute(Object(Illuminate\Http\Request), Object(Illuminate\Routing\Route))
#50 C:\xampp\htdocs\site_iuhm\vendor\laravel\framework\src\Illuminate\Routing\Router.php(753): Illuminate\Routing\Router->dispatchToRoute(Object(Illuminate\Http\Request))
#51 C:\xampp\htdocs\site_iuhm\vendor\laravel\framework\src\Illuminate\Foundation\Http\Kernel.php(200): Illuminate\Routing\Router->dispatch(Object(Illuminate\Http\Request))
#52 C:\xampp\htdocs\site_iuhm\vendor\laravel\framework\src\Illuminate\Pipeline\Pipeline.php(180): Illuminate\Foundation\Http\Kernel->{closure:Illuminate\Foundation\Http\Kernel::dispatchToRouter():197}(Object(Illuminate\Http\Request))
#53 C:\xampp\htdocs\site_iuhm\vendor\livewire\livewire\src\Features\SupportDisablingBackButtonCache\DisableBackButtonCacheMiddleware.php(19): Illuminate\Pipeline\Pipeline->{closure:Illuminate\Pipeline\Pipeline::prepareDestination():178}(Object(Illuminate\Http\Request))
#54 C:\xampp\htdocs\site_iuhm\vendor\laravel\framework\src\Illuminate\Pipeline\Pipeline.php(219): Livewire\Features\SupportDisablingBackButtonCache\DisableBackButtonCacheMiddleware->handle(Object(Illuminate\Http\Request), Object(Closure))
#55 C:\xampp\htdocs\site_iuhm\vendor\laravel\framework\src\Illuminate\Foundation\Http\Middleware\TransformsRequest.php(21): Illuminate\Pipeline\Pipeline->{closure:{closure:Illuminate\Pipeline\Pipeline::carry():194}:195}(Object(Illuminate\Http\Request))
#56 C:\xampp\htdocs\site_iuhm\vendor\laravel\framework\src\Illuminate\Foundation\Http\Middleware\ConvertEmptyStringsToNull.php(31): Illuminate\Foundation\Http\Middleware\TransformsRequest->handle(Object(Illuminate\Http\Request), Object(Closure))
#57 C:\xampp\htdocs\site_iuhm\vendor\laravel\framework\src\Illuminate\Pipeline\Pipeline.php(219): Illuminate\Foundation\Http\Middleware\ConvertEmptyStringsToNull->handle(Object(Illuminate\Http\Request), Object(Closure))
#58 C:\xampp\htdocs\site_iuhm\vendor\laravel\framework\src\Illuminate\Foundation\Http\Middleware\TransformsRequest.php(21): Illuminate\Pipeline\Pipeline->{closure:{closure:Illuminate\Pipeline\Pipeline::carry():194}:195}(Object(Illuminate\Http\Request))
#59 C:\xampp\htdocs\site_iuhm\vendor\laravel\framework\src\Illuminate\Foundation\Http\Middleware\TrimStrings.php(51): Illuminate\Foundation\Http\Middleware\TransformsRequest->handle(Object(Illuminate\Http\Request), Object(Closure))
#60 C:\xampp\htdocs\site_iuhm\vendor\laravel\framework\src\Illuminate\Pipeline\Pipeline.php(219): Illuminate\Foundation\Http\Middleware\TrimStrings->handle(Object(Illuminate\Http\Request), Object(Closure))
#61 C:\xampp\htdocs\site_iuhm\vendor\laravel\framework\src\Illuminate\Http\Middleware\ValidatePostSize.php(27): Illuminate\Pipeline\Pipeline->{closure:{closure:Illuminate\Pipeline\Pipeline::carry():194}:195}(Object(Illuminate\Http\Request))
#62 C:\xampp\htdocs\site_iuhm\vendor\laravel\framework\src\Illuminate\Pipeline\Pipeline.php(219): Illuminate\Http\Middleware\ValidatePostSize->handle(Object(Illuminate\Http\Request), Object(Closure))
#63 C:\xampp\htdocs\site_iuhm\vendor\laravel\framework\src\Illuminate\Foundation\Http\Middleware\PreventRequestsDuringMaintenance.php(109): Illuminate\Pipeline\Pipeline->{closure:{closure:Illuminate\Pipeline\Pipeline::carry():194}:195}(Object(Illuminate\Http\Request))
#64 C:\xampp\htdocs\site_iuhm\vendor\laravel\framework\src\Illuminate\Pipeline\Pipeline.php(219): Illuminate\Foundation\Http\Middleware\PreventRequestsDuringMaintenance->handle(Object(Illuminate\Http\Request), Object(Closure))
#65 C:\xampp\htdocs\site_iuhm\vendor\laravel\framework\src\Illuminate\Http\Middleware\HandleCors.php(61): Illuminate\Pipeline\Pipeline->{closure:{closure:Illuminate\Pipeline\Pipeline::carry():194}:195}(Object(Illuminate\Http\Request))
#66 C:\xampp\htdocs\site_iuhm\vendor\laravel\framework\src\Illuminate\Pipeline\Pipeline.php(219): Illuminate\Http\Middleware\HandleCors->handle(Object(Illuminate\Http\Request), Object(Closure))
#67 C:\xampp\htdocs\site_iuhm\vendor\laravel\framework\src\Illuminate\Http\Middleware\TrustProxies.php(58): Illuminate\Pipeline\Pipeline->{closure:{closure:Illuminate\Pipeline\Pipeline::carry():194}:195}(Object(Illuminate\Http\Request))
#68 C:\xampp\htdocs\site_iuhm\vendor\laravel\framework\src\Illuminate\Pipeline\Pipeline.php(219): Illuminate\Http\Middleware\TrustProxies->handle(Object(Illuminate\Http\Request), Object(Closure))
#69 C:\xampp\htdocs\site_iuhm\vendor\laravel\framework\src\Illuminate\Foundation\Http\Middleware\InvokeDeferredCallbacks.php(22): Illuminate\Pipeline\Pipeline->{closure:{closure:Illuminate\Pipeline\Pipeline::carry():194}:195}(Object(Illuminate\Http\Request))
#70 C:\xampp\htdocs\site_iuhm\vendor\laravel\framework\src\Illuminate\Pipeline\Pipeline.php(219): Illuminate\Foundation\Http\Middleware\InvokeDeferredCallbacks->handle(Object(Illuminate\Http\Request), Object(Closure))
#71 C:\xampp\htdocs\site_iuhm\vendor\laravel\framework\src\Illuminate\Http\Middleware\ValidatePathEncoding.php(28): Illuminate\Pipeline\Pipeline->{closure:{closure:Illuminate\Pipeline\Pipeline::carry():194}:195}(Object(Illuminate\Http\Request))
#72 C:\xampp\htdocs\site_iuhm\vendor\laravel\framework\src\Illuminate\Pipeline\Pipeline.php(219): Illuminate\Http\Middleware\ValidatePathEncoding->handle(Object(Illuminate\Http\Request), Object(Closure))
#73 C:\xampp\htdocs\site_iuhm\vendor\laravel\framework\src\Illuminate\Pipeline\Pipeline.php(137): Illuminate\Pipeline\Pipeline->{closure:{closure:Illuminate\Pipeline\Pipeline::carry():194}:195}(Object(Illuminate\Http\Request))
#74 C:\xampp\htdocs\site_iuhm\vendor\laravel\framework\src\Illuminate\Foundation\Http\Kernel.php(175): Illuminate\Pipeline\Pipeline->then(Object(Closure))
#75 C:\xampp\htdocs\site_iuhm\vendor\laravel\framework\src\Illuminate\Foundation\Http\Kernel.php(144): Illuminate\Foundation\Http\Kernel->sendRequestThroughRouter(Object(Illuminate\Http\Request))
#76 C:\xampp\htdocs\site_iuhm\vendor\laravel\framework\src\Illuminate\Foundation\Testing\Concerns\MakesHttpRequests.php(607): Illuminate\Foundation\Http\Kernel->handle(Object(Illuminate\Http\Request))
#77 C:\xampp\htdocs\site_iuhm\vendor\laravel\framework\src\Illuminate\Foundation\Testing\Concerns\MakesHttpRequests.php(368): Illuminate\Foundation\Testing\TestCase->call('GET', 'http://localhos...', Array, Array, Array, Array)
#78 C:\xampp\htdocs\site_iuhm\tests\Feature\Settings\SecurityTest.php(58): Illuminate\Foundation\Testing\TestCase->get('http://localhos...')
#79 C:\xampp\htdocs\site_iuhm\vendor\phpunit\phpunit\src\Framework\TestCase.php(1335): Tests\Feature\Settings\SecurityTest->test_security_settings_page_renders_without_two_factor_when_feature_is_disabled()
#80 C:\xampp\htdocs\site_iuhm\vendor\phpunit\phpunit\src\Framework\TestCase.php(519): PHPUnit\Framework\TestCase->runTest()
#81 C:\xampp\htdocs\site_iuhm\vendor\phpunit\phpunit\src\Framework\TestRunner\TestRunner.php(99): PHPUnit\Framework\TestCase->runBare()
#82 C:\xampp\htdocs\site_iuhm\vendor\phpunit\phpunit\src\Framework\TestCase.php(359): PHPUnit\Framework\TestRunner->run(Object(Tests\Feature\Settings\SecurityTest))
#83 C:\xampp\htdocs\site_iuhm\vendor\phpunit\phpunit\src\Framework\TestSuite.php(374): PHPUnit\Framework\TestCase->run()
#84 C:\xampp\htdocs\site_iuhm\vendor\phpunit\phpunit\src\Framework\TestSuite.php(374): PHPUnit\Framework\TestSuite->run()
#85 C:\xampp\htdocs\site_iuhm\vendor\phpunit\phpunit\src\Framework\TestSuite.php(374): PHPUnit\Framework\TestSuite->run()
#86 C:\xampp\htdocs\site_iuhm\vendor\phpunit\phpunit\src\TextUI\TestRunner.php(64): PHPUnit\Framework\TestSuite->run()
#87 C:\xampp\htdocs\site_iuhm\vendor\phpunit\phpunit\src\TextUI\Application.php(229): PHPUnit\TextUI\TestRunner->run(Object(PHPUnit\TextUI\Configuration\Configuration), Object(PHPUnit\Runner\ResultCache\DefaultResultCache), Object(PHPUnit\Framework\TestSuite))
#88 C:\xampp\htdocs\site_iuhm\vendor\phpunit\phpunit\phpunit(104): PHPUnit\TextUI\Application->run(Array)
#89 {main}

----------------------------------------------------------------------------------

Undefined variable $navigationPages (View: C:\xampp\htdocs\site_iuhm\resources\views\partials\header.blade.php) (View: C:\xampp\htdocs\site_iuhm\resources\views\partials\header.blade.php) (View: C:\xampp\htdocs\site_iuhm\resources\views\partials\header.blade.php)[39;22m

  at [32mtests\Feature\Settings\SecurityTest.php[39m:[32m59[39m
     55Ôûò 
     56Ôûò         $this->actingAs($user)
     57Ôûò             ->withSession(['auth.password_confirmed_at' => time()])
     58Ôûò             ->get(route('security.edit'))
  Ô×£  59Ôûò             ->assertOk()
     60Ôûò             ->assertSee('Update password')
     61Ôûò             ->assertDontSee('Two-factor authentication');
     62Ôûò     }
     63Ôûò

  [31mÔöÇÔöÇÔöÇÔöÇÔöÇÔöÇÔöÇÔöÇÔöÇÔöÇÔöÇÔöÇÔöÇÔöÇÔöÇÔöÇÔöÇÔöÇÔöÇÔöÇÔöÇÔöÇÔöÇÔöÇÔöÇÔöÇÔöÇÔöÇÔöÇÔöÇÔöÇÔöÇÔöÇÔöÇÔöÇÔöÇÔöÇÔöÇÔöÇÔöÇÔöÇÔöÇÔöÇÔöÇÔöÇÔöÇÔöÇÔöÇÔöÇÔöÇÔöÇÔöÇÔöÇÔöÇÔöÇÔöÇÔöÇÔöÇÔöÇÔöÇÔöÇÔöÇÔöÇÔöÇÔöÇÔöÇÔöÇÔöÇÔöÇÔöÇÔöÇÔöÇÔöÇÔöÇÔöÇÔöÇ[39m  
  [41;1m FAILED [49;22m [1mTests\Feature\Teams\TeamTest[22m [90m>[39m teams index page can be rendered      
[39;1m  Expected response status code [200] but received 500.
Failed asserting that 500 is identical to 200.

The following exception occurred during the last request:

ErrorException: Undefined variable $navigationPages in C:\xampp\htdocs\site_iuhm\storage\framework\views\7051f6576562b2dc7a02a46a651d2c4e.php:19
Stack trace:
#0 C:\xampp\htdocs\site_iuhm\vendor\laravel\framework\src\Illuminate\Foundation\Bootstrap\HandleExceptions.php(258): Illuminate\Foundation\Bootstrap\HandleExceptions->handleError(2, 'Undefined varia...', 'C:\\xampp\\htdocs...', 19)
#1 C:\xampp\htdocs\site_iuhm\storage\framework\views\7051f6576562b2dc7a02a46a651d2c4e.php(19): Illuminate\Foundation\Bootstrap\HandleExceptions->{closure:Illuminate\Foundation\Bootstrap\HandleExceptions::forwardsTo():257}(2, 'Undefined varia...', 'C:\\xampp\\htdocs...', 19)
#2 C:\xampp\htdocs\site_iuhm\vendor\laravel\framework\src\Illuminate\Filesystem\Filesystem.php(123): require('C:\\xampp\\htdocs...')
#3 C:\xampp\htdocs\site_iuhm\vendor\laravel\framework\src\Illuminate\Filesystem\Filesystem.php(124): Illuminate\Filesystem\Filesystem::{closure:Illuminate\Filesystem\Filesystem::getRequire():120}()
#4 C:\xampp\htdocs\site_iuhm\vendor\laravel\framework\src\Illuminate\View\Engines\PhpEngine.php(57): Illuminate\Filesystem\Filesystem->getRequire('C:\\xampp\\htdocs...', Array)
#5 C:\xampp\htdocs\site_iuhm\vendor\livewire\livewire\src\Mechanisms\ExtendBlade\ExtendedCompilerEngine.php(22): Illuminate\View\Engines\PhpEngine->evaluatePath('C:\\xampp\\htdocs...', Array)
#6 C:\xampp\htdocs\site_iuhm\vendor\laravel\framework\src\Illuminate\View\Engines\CompilerEngine.php(76): Livewire\Mechanisms\ExtendBlade\ExtendedCompilerEngine->evaluatePath('C:\\xampp\\htdocs...', Array)
#7 C:\xampp\htdocs\site_iuhm\vendor\livewire\livewire\src\Mechanisms\ExtendBlade\ExtendedCompilerEngine.php(10): Illuminate\View\Engines\CompilerEngine->get('C:\\xampp\\htdocs...', Array)
#8 C:\xampp\htdocs\site_iuhm\vendor\laravel\framework\src\Illuminate\View\View.php(208): Livewire\Mechanisms\ExtendBlade\ExtendedCompilerEngine->get('C:\\xampp\\htdocs...', Array)
#9 C:\xampp\htdocs\site_iuhm\vendor\laravel\framework\src\Illuminate\View\View.php(191): Illuminate\View\View->getContents()
#10 C:\xampp\htdocs\site_iuhm\vendor\laravel\framework\src\Illuminate\View\View.php(160): Illuminate\View\View->renderContents()
#11 C:\xampp\htdocs\site_iuhm\storage\framework\views\4371cdfbde3995413764711384cce958.php(19): Illuminate\View\View->render()
#12 C:\xampp\htdocs\site_iuhm\vendor\laravel\framework\src\Illuminate\Filesystem\Filesystem.php(123): require('C:\\xampp\\htdocs...')
#13 C:\xampp\htdocs\site_iuhm\vendor\laravel\framework\src\Illuminate\Filesystem\Filesystem.php(124): Illuminate\Filesystem\Filesystem::{closure:Illuminate\Filesystem\Filesystem::getRequire():120}()
#14 C:\xampp\htdocs\site_iuhm\vendor\laravel\framework\src\Illuminate\View\Engines\PhpEngine.php(57): Illuminate\Filesystem\Filesystem->getRequire('C:\\xampp\\htdocs...', Array)
#15 C:\xampp\htdocs\site_iuhm\vendor\livewire\livewire\src\Mechanisms\ExtendBlade\ExtendedCompilerEngine.php(22): Illuminate\View\Engines\PhpEngine->evaluatePath('C:\\xampp\\htdocs...', Array)
#16 C:\xampp\htdocs\site_iuhm\vendor\laravel\framework\src\Illuminate\View\Engines\CompilerEngine.php(76): Livewire\Mechanisms\ExtendBlade\ExtendedCompilerEngine->evaluatePath('C:\\xampp\\htdocs...', Array)
#17 C:\xampp\htdocs\site_iuhm\vendor\livewire\livewire\src\Mechanisms\ExtendBlade\ExtendedCompilerEngine.php(10): Illuminate\View\Engines\CompilerEngine->get('C:\\xampp\\htdocs...', Array)
#18 C:\xampp\htdocs\site_iuhm\vendor\laravel\framework\src\Illuminate\View\View.php(208): Livewire\Mechanisms\ExtendBlade\ExtendedCompilerEngine->get('C:\\xampp\\htdocs...', Array)
#19 C:\xampp\htdocs\site_iuhm\vendor\laravel\framework\src\Illuminate\View\View.php(191): Illuminate\View\View->getContents()
#20 C:\xampp\htdocs\site_iuhm\vendor\laravel\framework\src\Illuminate\View\View.php(160): Illuminate\View\View->renderContents()
#21 C:\xampp\htdocs\site_iuhm\vendor\laravel\framework\src\Illuminate\View\Concerns\ManagesComponents.php(103): Illuminate\View\View->render()
#22 C:\xampp\htdocs\site_iuhm\storage\framework\views\7deb94de6e2eb6551b8bc95535a64c72.php(17): Illuminate\View\Factory->renderComponent()
#23 C:\xampp\htdocs\site_iuhm\vendor\laravel\framework\src\Illuminate\Filesystem\Filesystem.php(123): require('C:\\xampp\\htdocs...')
#24 C:\xampp\htdocs\site_iuhm\vendor\laravel\framework\src\Illuminate\Filesystem\Filesystem.php(124): Illuminate\Filesystem\Filesystem::{closure:Illuminate\Filesystem\Filesystem::getRequire():120}()
#25 C:\xampp\htdocs\site_iuhm\vendor\laravel\framework\src\Illuminate\View\Engines\PhpEngine.php(57): Illuminate\Filesystem\Filesystem->getRequire('C:\\xampp\\htdocs...', Array)
#26 C:\xampp\htdocs\site_iuhm\vendor\livewire\livewire\src\Mechanisms\ExtendBlade\ExtendedCompilerEngine.php(22): Illuminate\View\Engines\PhpEngine->evaluatePath('C:\\xampp\\htdocs...', Array)
#27 C:\xampp\htdocs\site_iuhm\vendor\laravel\framework\src\Illuminate\View\Engines\CompilerEngine.php(76): Livewire\Mechanisms\ExtendBlade\ExtendedCompilerEngine->evaluatePath('C:\\xampp\\htdocs...', Array)
#28 C:\xampp\htdocs\site_iuhm\vendor\livewire\livewire\src\Mechanisms\ExtendBlade\ExtendedCompilerEngine.php(10): Illuminate\View\Engines\CompilerEngine->get('C:\\xampp\\htdocs...', Array)
#29 C:\xampp\htdocs\site_iuhm\vendor\laravel\framework\src\Illuminate\View\View.php(208): Livewire\Mechanisms\ExtendBlade\ExtendedCompilerEngine->get('C:\\xampp\\htdocs...', Array)
#30 C:\xampp\htdocs\site_iuhm\vendor\laravel\framework\src\Illuminate\View\View.php(191): Illuminate\View\View->getContents()
#31 C:\xampp\htdocs\site_iuhm\vendor\laravel\framework\src\Illuminate\View\View.php(160): Illuminate\View\View->renderContents()
#32 C:\xampp\htdocs\site_iuhm\vendor\laravel\framework\src\Illuminate\View\Compilers\BladeCompiler.php(353): Illuminate\View\View->render()
#33 C:\xampp\htdocs\site_iuhm\vendor\laravel\framework\src\Illuminate\Support\Facades\Facade.php(363): Illuminate\View\Compilers\BladeCompiler::render('    <?php $layo...', Array)
#34 C:\xampp\htdocs\site_iuhm\vendor\livewire\livewire\src\Features\SupportPageComponents\SupportPageComponents.php(162): Illuminate\Support\Facades\Facade::__callStatic('render', Array)
#35 C:\xampp\htdocs\site_iuhm\vendor\livewire\livewire\src\Features\SupportPageComponents\HandlesPageComponents.php(26): Livewire\Features\SupportPageComponents\SupportPageComponents::renderContentsIntoLayout('[39;22m[39;1m<section wire:s...', Object(Livewire\Features\SupportPageComponents\PageComponentConfig))
#36 C:\xampp\htdocs\site_iuhm\vendor\laravel\framework\src\Illuminate\Container\BoundMethod.php(36): Livewire\Component->[39;22m[39;1m__invoke()
#37 C:\xampp\htdocs\site_iuhm\vendor\laravel\framework\src\Illuminate\Container\Util.php(43): Illuminate\Container\BoundMethod::{closure:Illuminate\Container\BoundMethod::call():35}()
#38 C:\xampp\htdocs\site_iuhm\vendor\laravel\framework\src\Illuminate\Container\BoundMethod.php(96): Illuminate\Container\Util::unwrapIfClosure(Object(Closure))
#39 C:\xampp\htdocs\site_iuhm\vendor\laravel\framework\src\Illuminate\Container\BoundMethod.php(35): Illuminate\Container\BoundMethod::callBoundMethod(Object(Illuminate\Foundation\Application), Array, Object(Closure))
#40 C:\xampp\htdocs\site_iuhm\vendor\laravel\framework\src\Illuminate\Container\Container.php(799): Illuminate\Container\BoundMethod::call(Object(Illuminate\Foundation\Application), Array, Array, NULL)
#41 C:\xampp\htdocs\site_iuhm\vendor\livewire\livewire\src\Mechanisms\HandleRouting\LivewirePageController.php(15): Illuminate\Container\Container->call(Array)
#42 C:\xampp\htdocs\site_iuhm\vendor\laravel\framework\src\Illuminate\Routing\ControllerDispatcher.php(46): Livewire\Mechanisms\HandleRouting\LivewirePageController->__invoke()
#43 C:\xampp\htdocs\site_iuhm\vendor\laravel\framework\src\Illuminate\Routing\Route.php(269): Illuminate\Routing\ControllerDispatcher->dispatch(Object(Illuminate\Routing\Route), Object(Livewire\Mechanisms\HandleRouting\LivewirePageController), '__invoke')
#44 C:\xampp\htdocs\site_iuhm\vendor\laravel\framework\src\Illuminate\Routing\Route.php(215): Illuminate\Routing\Route->runController()
#45 C:\xampp\htdocs\site_iuhm\vendor\laravel\framework\src\Illuminate\Routing\Router.php(822): Illuminate\Routing\Route->run()
#46 C:\xampp\htdocs\site_iuhm\vendor\laravel\framework\src\Illuminate\Pipeline\Pipeline.php(180): Illuminate\Routing\Router->{closure:Illuminate\Routing\Router::runRouteWithinStack():821}(Object(Illuminate\Http\Request))
#47 C:\xampp\htdocs\site_iuhm\vendor\laravel\framework\src\Illuminate\Auth\Middleware\EnsureEmailIsVerified.php(41): Illuminate\Pipeline\Pipeline->{closure:Illuminate\Pipeline\Pipeline::prepareDestination():178}(Object(Illuminate\Http\Request))
#48 C:\xampp\htdocs\site_iuhm\vendor\laravel\framework\src\Illuminate\Pipeline\Pipeline.php(219): Illuminate\Auth\Middleware\EnsureEmailIsVerified->handle(Object(Illuminate\Http\Request), Object(Closure))
#49 C:\xampp\htdocs\site_iuhm\app\Http\Middleware\SetTeamUrlDefaults.php(26): Illuminate\Pipeline\Pipeline->{closure:{closure:Illuminate\Pipeline\Pipeline::carry():194}:195}(Object(Illuminate\Http\Request))
#50 C:\xampp\htdocs\site_iuhm\vendor\laravel\framework\src\Illuminate\Pipeline\Pipeline.php(219): App\Http\Middleware\SetTeamUrlDefaults->handle(Object(Illuminate\Http\Request), Object(Closure))
#51 C:\xampp\htdocs\site_iuhm\app\Http\Middleware\SetLocale.php(28): Illuminate\Pipeline\Pipeline->{closure:{closure:Illuminate\Pipeline\Pipeline::carry():194}:195}(Object(Illuminate\Http\Request))
#52 C:\xampp\htdocs\site_iuhm\vendor\laravel\framework\src\Illuminate\Pipeline\Pipeline.php(219): App\Http\Middleware\SetLocale->handle(Object(Illuminate\Http\Request), Object(Closure))
#53 C:\xampp\htdocs\site_iuhm\vendor\laravel\framework\src\Illuminate\Routing\Middleware\SubstituteBindings.php(52): Illuminate\Pipeline\Pipeline->{closure:{closure:Illuminate\Pipeline\Pipeline::carry():194}:195}(Object(Illuminate\Http\Request))
#54 C:\xampp\htdocs\site_iuhm\vendor\laravel\framework\src\Illuminate\Pipeline\Pipeline.php(219): Illuminate\Routing\Middleware\SubstituteBindings->handle(Object(Illuminate\Http\Request), Object(Closure))
#55 C:\xampp\htdocs\site_iuhm\vendor\laravel\framework\src\Illuminate\Auth\Middleware\Authenticate.php(63): Illuminate\Pipeline\Pipeline->{closure:{closure:Illuminate\Pipeline\Pipeline::carry():194}:195}(Object(Illuminate\Http\Request))
#56 C:\xampp\htdocs\site_iuhm\vendor\laravel\framework\src\Illuminate\Pipeline\Pipeline.php(219): Illuminate\Auth\Middleware\Authenticate->handle(Object(Illuminate\Http\Request), Object(Closure))
#57 C:\xampp\htdocs\site_iuhm\vendor\laravel\framework\src\Illuminate\Foundation\Http\Middleware\PreventRequestForgery.php(104): Illuminate\Pipeline\Pipeline->{closure:{closure:Illuminate\Pipeline\Pipeline::carry():194}:195}(Object(Illuminate\Http\Request))
#58 C:\xampp\htdocs\site_iuhm\vendor\laravel\framework\src\Illuminate\Pipeline\Pipeline.php(219): Illuminate\Foundation\Http\Middleware\PreventRequestForgery->handle(Object(Illuminate\Http\Request), Object(Closure))
#59 C:\xampp\htdocs\site_iuhm\vendor\laravel\framework\src\Illuminate\View\Middleware\ShareErrorsFromSession.php(48): Illuminate\Pipeline\Pipeline->{closure:{closure:Illuminate\Pipeline\Pipeline::carry():194}:195}(Object(Illuminate\Http\Request))
#60 C:\xampp\htdocs\site_iuhm\vendor\laravel\framework\src\Illuminate\Pipeline\Pipeline.php(219): Illuminate\View\Middleware\ShareErrorsFromSession->handle(Object(Illuminate\Http\Request), Object(Closure))
#61 C:\xampp\htdocs\site_iuhm\vendor\laravel\framework\src\Illuminate\Session\Middleware\StartSession.php(120): Illuminate\Pipeline\Pipeline->{closure:{closure:Illuminate\Pipeline\Pipeline::carry():194}:195}(Object(Illuminate\Http\Request))
#62 C:\xampp\htdocs\site_iuhm\vendor\laravel\framework\src\Illuminate\Session\Middleware\StartSession.php(63): Illuminate\Session\Middleware\StartSession->handleStatefulRequest(Object(Illuminate\Http\Request), Object(Illuminate\Session\Store), Object(Closure))
#63 C:\xampp\htdocs\site_iuhm\vendor\laravel\framework\src\Illuminate\Pipeline\Pipeline.php(219): Illuminate\Session\Middleware\StartSession->handle(Object(Illuminate\Http\Request), Object(Closure))
#64 C:\xampp\htdocs\site_iuhm\vendor\laravel\framework\src\Illuminate\Cookie\Middleware\AddQueuedCookiesToResponse.php(36): Illuminate\Pipeline\Pipeline->{closure:{closure:Illuminate\Pipeline\Pipeline::carry():194}:195}(Object(Illuminate\Http\Request))
#65 C:\xampp\htdocs\site_iuhm\vendor\laravel\framework\src\Illuminate\Pipeline\Pipeline.php(219): Illuminate\Cookie\Middleware\AddQueuedCookiesToResponse->handle(Object(Illuminate\Http\Request), Object(Closure))
#66 C:\xampp\htdocs\site_iuhm\vendor\laravel\framework\src\Illuminate\Cookie\Middleware\EncryptCookies.php(74): Illuminate\Pipeline\Pipeline->{closure:{closure:Illuminate\Pipeline\Pipeline::carry():194}:195}(Object(Illuminate\Http\Request))
#67 C:\xampp\htdocs\site_iuhm\vendor\laravel\framework\src\Illuminate\Pipeline\Pipeline.php(219): Illuminate\Cookie\Middleware\EncryptCookies->handle(Object(Illuminate\Http\Request), Object(Closure))
#68 C:\xampp\htdocs\site_iuhm\vendor\laravel\framework\src\Illuminate\Pipeline\Pipeline.php(137): Illuminate\Pipeline\Pipeline->{closure:{closure:Illuminate\Pipeline\Pipeline::carry():194}:195}(Object(Illuminate\Http\Request))
#69 C:\xampp\htdocs\site_iuhm\vendor\laravel\framework\src\Illuminate\Routing\Router.php(821): Illuminate\Pipeline\Pipeline->then(Object(Closure))
#70 C:\xampp\htdocs\site_iuhm\vendor\laravel\framework\src\Illuminate\Routing\Router.php(800): Illuminate\Routing\Router->runRouteWithinStack(Object(Illuminate\Routing\Route), Object(Illuminate\Http\Request))
#71 C:\xampp\htdocs\site_iuhm\vendor\laravel\framework\src\Illuminate\Routing\Router.php(764): Illuminate\Routing\Router->runRoute(Object(Illuminate\Http\Request), Object(Illuminate\Routing\Route))
#72 C:\xampp\htdocs\site_iuhm\vendor\laravel\framework\src\Illuminate\Routing\Router.php(753): Illuminate\Routing\Router->dispatchToRoute(Object(Illuminate\Http\Request))
#73 C:\xampp\htdocs\site_iuhm\vendor\laravel\framework\src\Illuminate\Foundation\Http\Kernel.php(200): Illuminate\Routing\Router->dispatch(Object(Illuminate\Http\Request))
#74 C:\xampp\htdocs\site_iuhm\vendor\laravel\framework\src\Illuminate\Pipeline\Pipeline.php(180): Illuminate\Foundation\Http\Kernel->{closure:Illuminate\Foundation\Http\Kernel::dispatchToRouter():197}(Object(Illuminate\Http\Request))
#75 C:\xampp\htdocs\site_iuhm\vendor\livewire\livewire\src\Features\SupportDisablingBackButtonCache\DisableBackButtonCacheMiddleware.php(19): Illuminate\Pipeline\Pipeline->{closure:Illuminate\Pipeline\Pipeline::prepareDestination():178}(Object(Illuminate\Http\Request))
#76 C:\xampp\htdocs\site_iuhm\vendor\laravel\framework\src\Illuminate\Pipeline\Pipeline.php(219): Livewire\Features\SupportDisablingBackButtonCache\DisableBackButtonCacheMiddleware->handle(Object(Illuminate\Http\Request), Object(Closure))
#77 C:\xampp\htdocs\site_iuhm\vendor\laravel\framework\src\Illuminate\Foundation\Http\Middleware\TransformsRequest.php(21): Illuminate\Pipeline\Pipeline->{closure:{closure:Illuminate\Pipeline\Pipeline::carry():194}:195}(Object(Illuminate\Http\Request))
#78 C:\xampp\htdocs\site_iuhm\vendor\laravel\framework\src\Illuminate\Foundation\Http\Middleware\ConvertEmptyStringsToNull.php(31): Illuminate\Foundation\Http\Middleware\TransformsRequest->handle(Object(Illuminate\Http\Request), Object(Closure))
#79 C:\xampp\htdocs\site_iuhm\vendor\laravel\framework\src\Illuminate\Pipeline\Pipeline.php(219): Illuminate\Foundation\Http\Middleware\ConvertEmptyStringsToNull->handle(Object(Illuminate\Http\Request), Object(Closure))
#80 C:\xampp\htdocs\site_iuhm\vendor\laravel\framework\src\Illuminate\Foundation\Http\Middleware\TransformsRequest.php(21): Illuminate\Pipeline\Pipeline->{closure:{closure:Illuminate\Pipeline\Pipeline::carry():194}:195}(Object(Illuminate\Http\Request))
#81 C:\xampp\htdocs\site_iuhm\vendor\laravel\framework\src\Illuminate\Foundation\Http\Middleware\TrimStrings.php(51): Illuminate\Foundation\Http\Middleware\TransformsRequest->handle(Object(Illuminate\Http\Request), Object(Closure))
#82 C:\xampp\htdocs\site_iuhm\vendor\laravel\framework\src\Illuminate\Pipeline\Pipeline.php(219): Illuminate\Foundation\Http\Middleware\TrimStrings->handle(Object(Illuminate\Http\Request), Object(Closure))
#83 C:\xampp\htdocs\site_iuhm\vendor\laravel\framework\src\Illuminate\Http\Middleware\ValidatePostSize.php(27): Illuminate\Pipeline\Pipeline->{closure:{closure:Illuminate\Pipeline\Pipeline::carry():194}:195}(Object(Illuminate\Http\Request))
#84 C:\xampp\htdocs\site_iuhm\vendor\laravel\framework\src\Illuminate\Pipeline\Pipeline.php(219): Illuminate\Http\Middleware\ValidatePostSize->handle(Object(Illuminate\Http\Request), Object(Closure))
#85 C:\xampp\htdocs\site_iuhm\vendor\laravel\framework\src\Illuminate\Foundation\Http\Middleware\PreventRequestsDuringMaintenance.php(109): Illuminate\Pipeline\Pipeline->{closure:{closure:Illuminate\Pipeline\Pipeline::carry():194}:195}(Object(Illuminate\Http\Request))
#86 C:\xampp\htdocs\site_iuhm\vendor\laravel\framework\src\Illuminate\Pipeline\Pipeline.php(219): Illuminate\Foundation\Http\Middleware\PreventRequestsDuringMaintenance->handle(Object(Illuminate\Http\Request), Object(Closure))
#87 C:\xampp\htdocs\site_iuhm\vendor\laravel\framework\src\Illuminate\Http\Middleware\HandleCors.php(61): Illuminate\Pipeline\Pipeline->{closure:{closure:Illuminate\Pipeline\Pipeline::carry():194}:195}(Object(Illuminate\Http\Request))
#88 C:\xampp\htdocs\site_iuhm\vendor\laravel\framework\src\Illuminate\Pipeline\Pipeline.php(219): Illuminate\Http\Middleware\HandleCors->handle(Object(Illuminate\Http\Request), Object(Closure))
#89 C:\xampp\htdocs\site_iuhm\vendor\laravel\framework\src\Illuminate\Http\Middleware\TrustProxies.php(58): Illuminate\Pipeline\Pipeline->{closure:{closure:Illuminate\Pipeline\Pipeline::carry():194}:195}(Object(Illuminate\Http\Request))
#90 C:\xampp\htdocs\site_iuhm\vendor\laravel\framework\src\Illuminate\Pipeline\Pipeline.php(219): Illuminate\Http\Middleware\TrustProxies->handle(Object(Illuminate\Http\Request), Object(Closure))
#91 C:\xampp\htdocs\site_iuhm\vendor\laravel\framework\src\Illuminate\Foundation\Http\Middleware\InvokeDeferredCallbacks.php(22): Illuminate\Pipeline\Pipeline->{closure:{closure:Illuminate\Pipeline\Pipeline::carry():194}:195}(Object(Illuminate\Http\Request))
#92 C:\xampp\htdocs\site_iuhm\vendor\laravel\framework\src\Illuminate\Pipeline\Pipeline.php(219): Illuminate\Foundation\Http\Middleware\InvokeDeferredCallbacks->handle(Object(Illuminate\Http\Request), Object(Closure))
#93 C:\xampp\htdocs\site_iuhm\vendor\laravel\framework\src\Illuminate\Http\Middleware\ValidatePathEncoding.php(28): Illuminate\Pipeline\Pipeline->{closure:{closure:Illuminate\Pipeline\Pipeline::carry():194}:195}(Object(Illuminate\Http\Request))
#94 C:\xampp\htdocs\site_iuhm\vendor\laravel\framework\src\Illuminate\Pipeline\Pipeline.php(219): Illuminate\Http\Middleware\ValidatePathEncoding->handle(Object(Illuminate\Http\Request), Object(Closure))
#95 C:\xampp\htdocs\site_iuhm\vendor\laravel\framework\src\Illuminate\Pipeline\Pipeline.php(137): Illuminate\Pipeline\Pipeline->{closure:{closure:Illuminate\Pipeline\Pipeline::carry():194}:195}(Object(Illuminate\Http\Request))
#96 C:\xampp\htdocs\site_iuhm\vendor\laravel\framework\src\Illuminate\Foundation\Http\Kernel.php(175): Illuminate\Pipeline\Pipeline->then(Object(Closure))
#97 C:\xampp\htdocs\site_iuhm\vendor\laravel\framework\src\Illuminate\Foundation\Http\Kernel.php(144): Illuminate\Foundation\Http\Kernel->sendRequestThroughRouter(Object(Illuminate\Http\Request))
#98 C:\xampp\htdocs\site_iuhm\vendor\laravel\framework\src\Illuminate\Foundation\Testing\Concerns\MakesHttpRequests.php(607): Illuminate\Foundation\Http\Kernel->handle(Object(Illuminate\Http\Request))
#99 C:\xampp\htdocs\site_iuhm\vendor\laravel\framework\src\Illuminate\Foundation\Testing\Concerns\MakesHttpRequests.php(368): Illuminate\Foundation\Testing\TestCase->call('GET', 'http://localhos...', Array, Array, Array, Array)
#100 C:\xampp\htdocs\site_iuhm\tests\Feature\Teams\TeamTest.php(22): Illuminate\Foundation\Testing\TestCase->get('http://localhos...')
#101 C:\xampp\htdocs\site_iuhm\vendor\phpunit\phpunit\src\Framework\TestCase.php(1335): Tests\Feature\Teams\TeamTest->test_teams_index_page_can_be_rendered()
#102 C:\xampp\htdocs\site_iuhm\vendor\phpunit\phpunit\src\Framework\TestCase.php(519): PHPUnit\Framework\TestCase->runTest()
#103 C:\xampp\htdocs\site_iuhm\vendor\phpunit\phpunit\src\Framework\TestRunner\TestRunner.php(99): PHPUnit\Framework\TestCase->runBare()
#104 C:\xampp\htdocs\site_iuhm\vendor\phpunit\phpunit\src\Framework\TestCase.php(359): PHPUnit\Framework\TestRunner->run(Object(Tests\Feature\Teams\TeamTest))
#105 C:\xampp\htdocs\site_iuhm\vendor\phpunit\phpunit\src\Framework\TestSuite.php(374): PHPUnit\Framework\TestCase->run()
#106 C:\xampp\htdocs\site_iuhm\vendor\phpunit\phpunit\src\Framework\TestSuite.php(374): PHPUnit\Framework\TestSuite->run()
#107 C:\xampp\htdocs\site_iuhm\vendor\phpunit\phpunit\src\Framework\TestSuite.php(374): PHPUnit\Framework\TestSuite->run()
#108 C:\xampp\htdocs\site_iuhm\vendor\phpunit\phpunit\src\TextUI\TestRunner.php(64): PHPUnit\Framework\TestSuite->run()
#109 C:\xampp\htdocs\site_iuhm\vendor\phpunit\phpunit\src\TextUI\Application.php(229): PHPUnit\TextUI\TestRunner->run(Object(PHPUnit\TextUI\Configuration\Configuration), Object(PHPUnit\Runner\ResultCache\DefaultResultCache), Object(PHPUnit\Framework\TestSuite))
#110 C:\xampp\htdocs\site_iuhm\vendor\phpunit\phpunit\phpunit(104): PHPUnit\TextUI\Application->run(Array)
#111 {main}

Next Illuminate\View\ViewException: Undefined variable $navigationPages (View: C:\xampp\htdocs\site_iuhm\resources\views\partials\header.blade.php) in C:\xampp\htdocs\site_iuhm\storage\framework\views\7051f6576562b2dc7a02a46a651d2c4e.php:19
Stack trace:
#0 C:\xampp\htdocs\site_iuhm\vendor\livewire\livewire\src\Mechanisms\ExtendBlade\ExtendedCompilerEngine.php(58): Illuminate\View\Engines\CompilerEngine->handleViewException(Object(ErrorException), 3)
#1 C:\xampp\htdocs\site_iuhm\vendor\laravel\framework\src\Illuminate\View\Engines\PhpEngine.php(59): Livewire\Mechanisms\ExtendBlade\ExtendedCompilerEngine->handleViewException(Object(ErrorException), 3)
#2 C:\xampp\htdocs\site_iuhm\vendor\livewire\livewire\src\Mechanisms\ExtendBlade\ExtendedCompilerEngine.php(22): Illuminate\View\Engines\PhpEngine->evaluatePath('C:\\xampp\\htdocs...', Array)
#3 C:\xampp\htdocs\site_iuhm\vendor\laravel\framework\src\Illuminate\View\Engines\CompilerEngine.php(76): Livewire\Mechanisms\ExtendBlade\ExtendedCompilerEngine->evaluatePath('C:\\xampp\\htdocs...', Array)
#4 C:\xampp\htdocs\site_iuhm\vendor\livewire\livewire\src\Mechanisms\ExtendBlade\ExtendedCompilerEngine.php(10): Illuminate\View\Engines\CompilerEngine->get('C:\\xampp\\htdocs...', Array)
#5 C:\xampp\htdocs\site_iuhm\vendor\laravel\framework\src\Illuminate\View\View.php(208): Livewire\Mechanisms\ExtendBlade\ExtendedCompilerEngine->get('C:\\xampp\\htdocs...', Array)
#6 C:\xampp\htdocs\site_iuhm\vendor\laravel\framework\src\Illuminate\View\View.php(191): Illuminate\View\View->getContents()
#7 C:\xampp\htdocs\site_iuhm\vendor\laravel\framework\src\Illuminate\View\View.php(160): Illuminate\View\View->renderContents()
#8 C:\xampp\htdocs\site_iuhm\storage\framework\views\4371cdfbde3995413764711384cce958.php(19): Illuminate\View\View->render()
#9 C:\xampp\htdocs\site_iuhm\vendor\laravel\framework\src\Illuminate\Filesystem\Filesystem.php(123): require('C:\\xampp\\htdocs...')
#10 C:\xampp\htdocs\site_iuhm\vendor\laravel\framework\src\Illuminate\Filesystem\Filesystem.php(124): Illuminate\Filesystem\Filesystem::{closure:Illuminate\Filesystem\Filesystem::getRequire():120}()
#11 C:\xampp\htdocs\site_iuhm\vendor\laravel\framework\src\Illuminate\View\Engines\PhpEngine.php(57): Illuminate\Filesystem\Filesystem->getRequire('C:\\xampp\\htdocs...', Array)
#12 C:\xampp\htdocs\site_iuhm\vendor\livewire\livewire\src\Mechanisms\ExtendBlade\ExtendedCompilerEngine.php(22): Illuminate\View\Engines\PhpEngine->evaluatePath('C:\\xampp\\htdocs...', Array)
#13 C:\xampp\htdocs\site_iuhm\vendor\laravel\framework\src\Illuminate\View\Engines\CompilerEngine.php(76): Livewire\Mechanisms\ExtendBlade\ExtendedCompilerEngine->evaluatePath('C:\\xampp\\htdocs...', Array)
#14 C:\xampp\htdocs\site_iuhm\vendor\livewire\livewire\src\Mechanisms\ExtendBlade\ExtendedCompilerEngine.php(10): Illuminate\View\Engines\CompilerEngine->get('C:\\xampp\\htdocs...', Array)
#15 C:\xampp\htdocs\site_iuhm\vendor\laravel\framework\src\Illuminate\View\View.php(208): Livewire\Mechanisms\ExtendBlade\ExtendedCompilerEngine->get('C:\\xampp\\htdocs...', Array)
#16 C:\xampp\htdocs\site_iuhm\vendor\laravel\framework\src\Illuminate\View\View.php(191): Illuminate\View\View->getContents()
#17 C:\xampp\htdocs\site_iuhm\vendor\laravel\framework\src\Illuminate\View\View.php(160): Illuminate\View\View->renderContents()
#18 C:\xampp\htdocs\site_iuhm\vendor\laravel\framework\src\Illuminate\View\Concerns\ManagesComponents.php(103): Illuminate\View\View->render()
#19 C:\xampp\htdocs\site_iuhm\storage\framework\views\7deb94de6e2eb6551b8bc95535a64c72.php(17): Illuminate\View\Factory->renderComponent()
#20 C:\xampp\htdocs\site_iuhm\vendor\laravel\framework\src\Illuminate\Filesystem\Filesystem.php(123): require('C:\\xampp\\htdocs...')
#21 C:\xampp\htdocs\site_iuhm\vendor\laravel\framework\src\Illuminate\Filesystem\Filesystem.php(124): Illuminate\Filesystem\Filesystem::{closure:Illuminate\Filesystem\Filesystem::getRequire():120}()
#22 C:\xampp\htdocs\site_iuhm\vendor\laravel\framework\src\Illuminate\View\Engines\PhpEngine.php(57): Illuminate\Filesystem\Filesystem->getRequire('C:\\xampp\\htdocs...', Array)
#23 C:\xampp\htdocs\site_iuhm\vendor\livewire\livewire\src\Mechanisms\ExtendBlade\ExtendedCompilerEngine.php(22): Illuminate\View\Engines\PhpEngine->evaluatePath('C:\\xampp\\htdocs...', Array)
#24 C:\xampp\htdocs\site_iuhm\vendor\laravel\framework\src\Illuminate\View\Engines\CompilerEngine.php(76): Livewire\Mechanisms\ExtendBlade\ExtendedCompilerEngine->evaluatePath('C:\\xampp\\htdocs...', Array)
#25 C:\xampp\htdocs\site_iuhm\vendor\livewire\livewire\src\Mechanisms\ExtendBlade\ExtendedCompilerEngine.php(10): Illuminate\View\Engines\CompilerEngine->get('C:\\xampp\\htdocs...', Array)
#26 C:\xampp\htdocs\site_iuhm\vendor\laravel\framework\src\Illuminate\View\View.php(208): Livewire\Mechanisms\ExtendBlade\ExtendedCompilerEngine->get('C:\\xampp\\htdocs...', Array)
#27 C:\xampp\htdocs\site_iuhm\vendor\laravel\framework\src\Illuminate\View\View.php(191): Illuminate\View\View->getContents()
#28 C:\xampp\htdocs\site_iuhm\vendor\laravel\framework\src\Illuminate\View\View.php(160): Illuminate\View\View->renderContents()
#29 C:\xampp\htdocs\site_iuhm\vendor\laravel\framework\src\Illuminate\View\Compilers\BladeCompiler.php(353): Illuminate\View\View->render()
#30 C:\xampp\htdocs\site_iuhm\vendor\laravel\framework\src\Illuminate\Support\Facades\Facade.php(363): Illuminate\View\Compilers\BladeCompiler::render('    <?php $layo...', Array)
#31 C:\xampp\htdocs\site_iuhm\vendor\livewire\livewire\src\Features\SupportPageComponents\SupportPageComponents.php(162): Illuminate\Support\Facades\Facade::__callStatic('render', Array)
#32 C:\xampp\htdocs\site_iuhm\vendor\livewire\livewire\src\Features\SupportPageComponents\HandlesPageComponents.php(26): Livewire\Features\SupportPageComponents\SupportPageComponents::renderContentsIntoLayout('[39;22m[39;1m<section wire:s...', Object(Livewire\Features\SupportPageComponents\PageComponentConfig))
#33 C:\xampp\htdocs\site_iuhm\vendor\laravel\framework\src\Illuminate\Container\BoundMethod.php(36): Livewire\Component->[39;22m[39;1m__invoke()
#34 C:\xampp\htdocs\site_iuhm\vendor\laravel\framework\src\Illuminate\Container\Util.php(43): Illuminate\Container\BoundMethod::{closure:Illuminate\Container\BoundMethod::call():35}()
#35 C:\xampp\htdocs\site_iuhm\vendor\laravel\framework\src\Illuminate\Container\BoundMethod.php(96): Illuminate\Container\Util::unwrapIfClosure(Object(Closure))
#36 C:\xampp\htdocs\site_iuhm\vendor\laravel\framework\src\Illuminate\Container\BoundMethod.php(35): Illuminate\Container\BoundMethod::callBoundMethod(Object(Illuminate\Foundation\Application), Array, Object(Closure))
#37 C:\xampp\htdocs\site_iuhm\vendor\laravel\framework\src\Illuminate\Container\Container.php(799): Illuminate\Container\BoundMethod::call(Object(Illuminate\Foundation\Application), Array, Array, NULL)
#38 C:\xampp\htdocs\site_iuhm\vendor\livewire\livewire\src\Mechanisms\HandleRouting\LivewirePageController.php(15): Illuminate\Container\Container->call(Array)
#39 C:\xampp\htdocs\site_iuhm\vendor\laravel\framework\src\Illuminate\Routing\ControllerDispatcher.php(46): Livewire\Mechanisms\HandleRouting\LivewirePageController->__invoke()
#40 C:\xampp\htdocs\site_iuhm\vendor\laravel\framework\src\Illuminate\Routing\Route.php(269): Illuminate\Routing\ControllerDispatcher->dispatch(Object(Illuminate\Routing\Route), Object(Livewire\Mechanisms\HandleRouting\LivewirePageController), '__invoke')
#41 C:\xampp\htdocs\site_iuhm\vendor\laravel\framework\src\Illuminate\Routing\Route.php(215): Illuminate\Routing\Route->runController()
#42 C:\xampp\htdocs\site_iuhm\vendor\laravel\framework\src\Illuminate\Routing\Router.php(822): Illuminate\Routing\Route->run()
#43 C:\xampp\htdocs\site_iuhm\vendor\laravel\framework\src\Illuminate\Pipeline\Pipeline.php(180): Illuminate\Routing\Router->{closure:Illuminate\Routing\Router::runRouteWithinStack():821}(Object(Illuminate\Http\Request))
#44 C:\xampp\htdocs\site_iuhm\vendor\laravel\framework\src\Illuminate\Auth\Middleware\EnsureEmailIsVerified.php(41): Illuminate\Pipeline\Pipeline->{closure:Illuminate\Pipeline\Pipeline::prepareDestination():178}(Object(Illuminate\Http\Request))
#45 C:\xampp\htdocs\site_iuhm\vendor\laravel\framework\src\Illuminate\Pipeline\Pipeline.php(219): Illuminate\Auth\Middleware\EnsureEmailIsVerified->handle(Object(Illuminate\Http\Request), Object(Closure))
#46 C:\xampp\htdocs\site_iuhm\app\Http\Middleware\SetTeamUrlDefaults.php(26): Illuminate\Pipeline\Pipeline->{closure:{closure:Illuminate\Pipeline\Pipeline::carry():194}:195}(Object(Illuminate\Http\Request))
#47 C:\xampp\htdocs\site_iuhm\vendor\laravel\framework\src\Illuminate\Pipeline\Pipeline.php(219): App\Http\Middleware\SetTeamUrlDefaults->handle(Object(Illuminate\Http\Request), Object(Closure))
#48 C:\xampp\htdocs\site_iuhm\app\Http\Middleware\SetLocale.php(28): Illuminate\Pipeline\Pipeline->{closure:{closure:Illuminate\Pipeline\Pipeline::carry():194}:195}(Object(Illuminate\Http\Request))
#49 C:\xampp\htdocs\site_iuhm\vendor\laravel\framework\src\Illuminate\Pipeline\Pipeline.php(219): App\Http\Middleware\SetLocale->handle(Object(Illuminate\Http\Request), Object(Closure))
#50 C:\xampp\htdocs\site_iuhm\vendor\laravel\framework\src\Illuminate\Routing\Middleware\SubstituteBindings.php(52): Illuminate\Pipeline\Pipeline->{closure:{closure:Illuminate\Pipeline\Pipeline::carry():194}:195}(Object(Illuminate\Http\Request))
#51 C:\xampp\htdocs\site_iuhm\vendor\laravel\framework\src\Illuminate\Pipeline\Pipeline.php(219): Illuminate\Routing\Middleware\SubstituteBindings->handle(Object(Illuminate\Http\Request), Object(Closure))
#52 C:\xampp\htdocs\site_iuhm\vendor\laravel\framework\src\Illuminate\Auth\Middleware\Authenticate.php(63): Illuminate\Pipeline\Pipeline->{closure:{closure:Illuminate\Pipeline\Pipeline::carry():194}:195}(Object(Illuminate\Http\Request))
#53 C:\xampp\htdocs\site_iuhm\vendor\laravel\framework\src\Illuminate\Pipeline\Pipeline.php(219): Illuminate\Auth\Middleware\Authenticate->handle(Object(Illuminate\Http\Request), Object(Closure))
#54 C:\xampp\htdocs\site_iuhm\vendor\laravel\framework\src\Illuminate\Foundation\Http\Middleware\PreventRequestForgery.php(104): Illuminate\Pipeline\Pipeline->{closure:{closure:Illuminate\Pipeline\Pipeline::carry():194}:195}(Object(Illuminate\Http\Request))
#55 C:\xampp\htdocs\site_iuhm\vendor\laravel\framework\src\Illuminate\Pipeline\Pipeline.php(219): Illuminate\Foundation\Http\Middleware\PreventRequestForgery->handle(Object(Illuminate\Http\Request), Object(Closure))
#56 C:\xampp\htdocs\site_iuhm\vendor\laravel\framework\src\Illuminate\View\Middleware\ShareErrorsFromSession.php(48): Illuminate\Pipeline\Pipeline->{closure:{closure:Illuminate\Pipeline\Pipeline::carry():194}:195}(Object(Illuminate\Http\Request))
#57 C:\xampp\htdocs\site_iuhm\vendor\laravel\framework\src\Illuminate\Pipeline\Pipeline.php(219): Illuminate\View\Middleware\ShareErrorsFromSession->handle(Object(Illuminate\Http\Request), Object(Closure))
#58 C:\xampp\htdocs\site_iuhm\vendor\laravel\framework\src\Illuminate\Session\Middleware\StartSession.php(120): Illuminate\Pipeline\Pipeline->{closure:{closure:Illuminate\Pipeline\Pipeline::carry():194}:195}(Object(Illuminate\Http\Request))
#59 C:\xampp\htdocs\site_iuhm\vendor\laravel\framework\src\Illuminate\Session\Middleware\StartSession.php(63): Illuminate\Session\Middleware\StartSession->handleStatefulRequest(Object(Illuminate\Http\Request), Object(Illuminate\Session\Store), Object(Closure))
#60 C:\xampp\htdocs\site_iuhm\vendor\laravel\framework\src\Illuminate\Pipeline\Pipeline.php(219): Illuminate\Session\Middleware\StartSession->handle(Object(Illuminate\Http\Request), Object(Closure))
#61 C:\xampp\htdocs\site_iuhm\vendor\laravel\framework\src\Illuminate\Cookie\Middleware\AddQueuedCookiesToResponse.php(36): Illuminate\Pipeline\Pipeline->{closure:{closure:Illuminate\Pipeline\Pipeline::carry():194}:195}(Object(Illuminate\Http\Request))
#62 C:\xampp\htdocs\site_iuhm\vendor\laravel\framework\src\Illuminate\Pipeline\Pipeline.php(219): Illuminate\Cookie\Middleware\AddQueuedCookiesToResponse->handle(Object(Illuminate\Http\Request), Object(Closure))
#63 C:\xampp\htdocs\site_iuhm\vendor\laravel\framework\src\Illuminate\Cookie\Middleware\EncryptCookies.php(74): Illuminate\Pipeline\Pipeline->{closure:{closure:Illuminate\Pipeline\Pipeline::carry():194}:195}(Object(Illuminate\Http\Request))
#64 C:\xampp\htdocs\site_iuhm\vendor\laravel\framework\src\Illuminate\Pipeline\Pipeline.php(219): Illuminate\Cookie\Middleware\EncryptCookies->handle(Object(Illuminate\Http\Request), Object(Closure))
#65 C:\xampp\htdocs\site_iuhm\vendor\laravel\framework\src\Illuminate\Pipeline\Pipeline.php(137): Illuminate\Pipeline\Pipeline->{closure:{closure:Illuminate\Pipeline\Pipeline::carry():194}:195}(Object(Illuminate\Http\Request))
#66 C:\xampp\htdocs\site_iuhm\vendor\laravel\framework\src\Illuminate\Routing\Router.php(821): Illuminate\Pipeline\Pipeline->then(Object(Closure))
#67 C:\xampp\htdocs\site_iuhm\vendor\laravel\framework\src\Illuminate\Routing\Router.php(800): Illuminate\Routing\Router->runRouteWithinStack(Object(Illuminate\Routing\Route), Object(Illuminate\Http\Request))
#68 C:\xampp\htdocs\site_iuhm\vendor\laravel\framework\src\Illuminate\Routing\Router.php(764): Illuminate\Routing\Router->runRoute(Object(Illuminate\Http\Request), Object(Illuminate\Routing\Route))
#69 C:\xampp\htdocs\site_iuhm\vendor\laravel\framework\src\Illuminate\Routing\Router.php(753): Illuminate\Routing\Router->dispatchToRoute(Object(Illuminate\Http\Request))
#70 C:\xampp\htdocs\site_iuhm\vendor\laravel\framework\src\Illuminate\Foundation\Http\Kernel.php(200): Illuminate\Routing\Router->dispatch(Object(Illuminate\Http\Request))
#71 C:\xampp\htdocs\site_iuhm\vendor\laravel\framework\src\Illuminate\Pipeline\Pipeline.php(180): Illuminate\Foundation\Http\Kernel->{closure:Illuminate\Foundation\Http\Kernel::dispatchToRouter():197}(Object(Illuminate\Http\Request))
#72 C:\xampp\htdocs\site_iuhm\vendor\livewire\livewire\src\Features\SupportDisablingBackButtonCache\DisableBackButtonCacheMiddleware.php(19): Illuminate\Pipeline\Pipeline->{closure:Illuminate\Pipeline\Pipeline::prepareDestination():178}(Object(Illuminate\Http\Request))
#73 C:\xampp\htdocs\site_iuhm\vendor\laravel\framework\src\Illuminate\Pipeline\Pipeline.php(219): Livewire\Features\SupportDisablingBackButtonCache\DisableBackButtonCacheMiddleware->handle(Object(Illuminate\Http\Request), Object(Closure))
#74 C:\xampp\htdocs\site_iuhm\vendor\laravel\framework\src\Illuminate\Foundation\Http\Middleware\TransformsRequest.php(21): Illuminate\Pipeline\Pipeline->{closure:{closure:Illuminate\Pipeline\Pipeline::carry():194}:195}(Object(Illuminate\Http\Request))
#75 C:\xampp\htdocs\site_iuhm\vendor\laravel\framework\src\Illuminate\Foundation\Http\Middleware\ConvertEmptyStringsToNull.php(31): Illuminate\Foundation\Http\Middleware\TransformsRequest->handle(Object(Illuminate\Http\Request), Object(Closure))
#76 C:\xampp\htdocs\site_iuhm\vendor\laravel\framework\src\Illuminate\Pipeline\Pipeline.php(219): Illuminate\Foundation\Http\Middleware\ConvertEmptyStringsToNull->handle(Object(Illuminate\Http\Request), Object(Closure))
#77 C:\xampp\htdocs\site_iuhm\vendor\laravel\framework\src\Illuminate\Foundation\Http\Middleware\TransformsRequest.php(21): Illuminate\Pipeline\Pipeline->{closure:{closure:Illuminate\Pipeline\Pipeline::carry():194}:195}(Object(Illuminate\Http\Request))
#78 C:\xampp\htdocs\site_iuhm\vendor\laravel\framework\src\Illuminate\Foundation\Http\Middleware\TrimStrings.php(51): Illuminate\Foundation\Http\Middleware\TransformsRequest->handle(Object(Illuminate\Http\Request), Object(Closure))
#79 C:\xampp\htdocs\site_iuhm\vendor\laravel\framework\src\Illuminate\Pipeline\Pipeline.php(219): Illuminate\Foundation\Http\Middleware\TrimStrings->handle(Object(Illuminate\Http\Request), Object(Closure))
#80 C:\xampp\htdocs\site_iuhm\vendor\laravel\framework\src\Illuminate\Http\Middleware\ValidatePostSize.php(27): Illuminate\Pipeline\Pipeline->{closure:{closure:Illuminate\Pipeline\Pipeline::carry():194}:195}(Object(Illuminate\Http\Request))
#81 C:\xampp\htdocs\site_iuhm\vendor\laravel\framework\src\Illuminate\Pipeline\Pipeline.php(219): Illuminate\Http\Middleware\ValidatePostSize->handle(Object(Illuminate\Http\Request), Object(Closure))
#82 C:\xampp\htdocs\site_iuhm\vendor\laravel\framework\src\Illuminate\Foundation\Http\Middleware\PreventRequestsDuringMaintenance.php(109): Illuminate\Pipeline\Pipeline->{closure:{closure:Illuminate\Pipeline\Pipeline::carry():194}:195}(Object(Illuminate\Http\Request))
#83 C:\xampp\htdocs\site_iuhm\vendor\laravel\framework\src\Illuminate\Pipeline\Pipeline.php(219): Illuminate\Foundation\Http\Middleware\PreventRequestsDuringMaintenance->handle(Object(Illuminate\Http\Request), Object(Closure))
#84 C:\xampp\htdocs\site_iuhm\vendor\laravel\framework\src\Illuminate\Http\Middleware\HandleCors.php(61): Illuminate\Pipeline\Pipeline->{closure:{closure:Illuminate\Pipeline\Pipeline::carry():194}:195}(Object(Illuminate\Http\Request))
#85 C:\xampp\htdocs\site_iuhm\vendor\laravel\framework\src\Illuminate\Pipeline\Pipeline.php(219): Illuminate\Http\Middleware\HandleCors->handle(Object(Illuminate\Http\Request), Object(Closure))
#86 C:\xampp\htdocs\site_iuhm\vendor\laravel\framework\src\Illuminate\Http\Middleware\TrustProxies.php(58): Illuminate\Pipeline\Pipeline->{closure:{closure:Illuminate\Pipeline\Pipeline::carry():194}:195}(Object(Illuminate\Http\Request))
#87 C:\xampp\htdocs\site_iuhm\vendor\laravel\framework\src\Illuminate\Pipeline\Pipeline.php(219): Illuminate\Http\Middleware\TrustProxies->handle(Object(Illuminate\Http\Request), Object(Closure))
#88 C:\xampp\htdocs\site_iuhm\vendor\laravel\framework\src\Illuminate\Foundation\Http\Middleware\InvokeDeferredCallbacks.php(22): Illuminate\Pipeline\Pipeline->{closure:{closure:Illuminate\Pipeline\Pipeline::carry():194}:195}(Object(Illuminate\Http\Request))
#89 C:\xampp\htdocs\site_iuhm\vendor\laravel\framework\src\Illuminate\Pipeline\Pipeline.php(219): Illuminate\Foundation\Http\Middleware\InvokeDeferredCallbacks->handle(Object(Illuminate\Http\Request), Object(Closure))
#90 C:\xampp\htdocs\site_iuhm\vendor\laravel\framework\src\Illuminate\Http\Middleware\ValidatePathEncoding.php(28): Illuminate\Pipeline\Pipeline->{closure:{closure:Illuminate\Pipeline\Pipeline::carry():194}:195}(Object(Illuminate\Http\Request))
#91 C:\xampp\htdocs\site_iuhm\vendor\laravel\framework\src\Illuminate\Pipeline\Pipeline.php(219): Illuminate\Http\Middleware\ValidatePathEncoding->handle(Object(Illuminate\Http\Request), Object(Closure))
#92 C:\xampp\htdocs\site_iuhm\vendor\laravel\framework\src\Illuminate\Pipeline\Pipeline.php(137): Illuminate\Pipeline\Pipeline->{closure:{closure:Illuminate\Pipeline\Pipeline::carry():194}:195}(Object(Illuminate\Http\Request))
#93 C:\xampp\htdocs\site_iuhm\vendor\laravel\framework\src\Illuminate\Foundation\Http\Kernel.php(175): Illuminate\Pipeline\Pipeline->then(Object(Closure))
#94 C:\xampp\htdocs\site_iuhm\vendor\laravel\framework\src\Illuminate\Foundation\Http\Kernel.php(144): Illuminate\Foundation\Http\Kernel->sendRequestThroughRouter(Object(Illuminate\Http\Request))
#95 C:\xampp\htdocs\site_iuhm\vendor\laravel\framework\src\Illuminate\Foundation\Testing\Concerns\MakesHttpRequests.php(607): Illuminate\Foundation\Http\Kernel->handle(Object(Illuminate\Http\Request))
#96 C:\xampp\htdocs\site_iuhm\vendor\laravel\framework\src\Illuminate\Foundation\Testing\Concerns\MakesHttpRequests.php(368): Illuminate\Foundation\Testing\TestCase->call('GET', 'http://localhos...', Array, Array, Array, Array)
#97 C:\xampp\htdocs\site_iuhm\tests\Feature\Teams\TeamTest.php(22): Illuminate\Foundation\Testing\TestCase->get('http://localhos...')
#98 C:\xampp\htdocs\site_iuhm\vendor\phpunit\phpunit\src\Framework\TestCase.php(1335): Tests\Feature\Teams\TeamTest->test_teams_index_page_can_be_rendered()
#99 C:\xampp\htdocs\site_iuhm\vendor\phpunit\phpunit\src\Framework\TestCase.php(519): PHPUnit\Framework\TestCase->runTest()
#100 C:\xampp\htdocs\site_iuhm\vendor\phpunit\phpunit\src\Framework\TestRunner\TestRunner.php(99): PHPUnit\Framework\TestCase->runBare()
#101 C:\xampp\htdocs\site_iuhm\vendor\phpunit\phpunit\src\Framework\TestCase.php(359): PHPUnit\Framework\TestRunner->run(Object(Tests\Feature\Teams\TeamTest))
#102 C:\xampp\htdocs\site_iuhm\vendor\phpunit\phpunit\src\Framework\TestSuite.php(374): PHPUnit\Framework\TestCase->run()
#103 C:\xampp\htdocs\site_iuhm\vendor\phpunit\phpunit\src\Framework\TestSuite.php(374): PHPUnit\Framework\TestSuite->run()
#104 C:\xampp\htdocs\site_iuhm\vendor\phpunit\phpunit\src\Framework\TestSuite.php(374): PHPUnit\Framework\TestSuite->run()
#105 C:\xampp\htdocs\site_iuhm\vendor\phpunit\phpunit\src\TextUI\TestRunner.php(64): PHPUnit\Framework\TestSuite->run()
#106 C:\xampp\htdocs\site_iuhm\vendor\phpunit\phpunit\src\TextUI\Application.php(229): PHPUnit\TextUI\TestRunner->run(Object(PHPUnit\TextUI\Configuration\Configuration), Object(PHPUnit\Runner\ResultCache\DefaultResultCache), Object(PHPUnit\Framework\TestSuite))
#107 C:\xampp\htdocs\site_iuhm\vendor\phpunit\phpunit\phpunit(104): PHPUnit\TextUI\Application->run(Array)
#108 {main}

Next Illuminate\View\ViewException: Undefined variable $navigationPages (View: C:\xampp\htdocs\site_iuhm\resources\views\partials\header.blade.php) (View: C:\xampp\htdocs\site_iuhm\resources\views\partials\header.blade.php) in C:\xampp\htdocs\site_iuhm\storage\framework\views\7051f6576562b2dc7a02a46a651d2c4e.php:19
Stack trace:
#0 C:\xampp\htdocs\site_iuhm\vendor\livewire\livewire\src\Mechanisms\ExtendBlade\ExtendedCompilerEngine.php(58): Illuminate\View\Engines\CompilerEngine->handleViewException(Object(Illuminate\View\ViewException), 2)
#1 C:\xampp\htdocs\site_iuhm\vendor\laravel\framework\src\Illuminate\View\Engines\PhpEngine.php(59): Livewire\Mechanisms\ExtendBlade\ExtendedCompilerEngine->handleViewException(Object(Illuminate\View\ViewException), 2)
#2 C:\xampp\htdocs\site_iuhm\vendor\livewire\livewire\src\Mechanisms\ExtendBlade\ExtendedCompilerEngine.php(22): Illuminate\View\Engines\PhpEngine->evaluatePath('C:\\xampp\\htdocs...', Array)
#3 C:\xampp\htdocs\site_iuhm\vendor\laravel\framework\src\Illuminate\View\Engines\CompilerEngine.php(76): Livewire\Mechanisms\ExtendBlade\ExtendedCompilerEngine->evaluatePath('C:\\xampp\\htdocs...', Array)
#4 C:\xampp\htdocs\site_iuhm\vendor\livewire\livewire\src\Mechanisms\ExtendBlade\ExtendedCompilerEngine.php(10): Illuminate\View\Engines\CompilerEngine->get('C:\\xampp\\htdocs...', Array)
#5 C:\xampp\htdocs\site_iuhm\vendor\laravel\framework\src\Illuminate\View\View.php(208): Livewire\Mechanisms\ExtendBlade\ExtendedCompilerEngine->get('C:\\xampp\\htdocs...', Array)
#6 C:\xampp\htdocs\site_iuhm\vendor\laravel\framework\src\Illuminate\View\View.php(191): Illuminate\View\View->getContents()
#7 C:\xampp\htdocs\site_iuhm\vendor\laravel\framework\src\Illuminate\View\View.php(160): Illuminate\View\View->renderContents()
#8 C:\xampp\htdocs\site_iuhm\vendor\laravel\framework\src\Illuminate\View\Concerns\ManagesComponents.php(103): Illuminate\View\View->render()
#9 C:\xampp\htdocs\site_iuhm\storage\framework\views\7deb94de6e2eb6551b8bc95535a64c72.php(17): Illuminate\View\Factory->renderComponent()
#10 C:\xampp\htdocs\site_iuhm\vendor\laravel\framework\src\Illuminate\Filesystem\Filesystem.php(123): require('C:\\xampp\\htdocs...')
#11 C:\xampp\htdocs\site_iuhm\vendor\laravel\framework\src\Illuminate\Filesystem\Filesystem.php(124): Illuminate\Filesystem\Filesystem::{closure:Illuminate\Filesystem\Filesystem::getRequire():120}()
#12 C:\xampp\htdocs\site_iuhm\vendor\laravel\framework\src\Illuminate\View\Engines\PhpEngine.php(57): Illuminate\Filesystem\Filesystem->getRequire('C:\\xampp\\htdocs...', Array)
#13 C:\xampp\htdocs\site_iuhm\vendor\livewire\livewire\src\Mechanisms\ExtendBlade\ExtendedCompilerEngine.php(22): Illuminate\View\Engines\PhpEngine->evaluatePath('C:\\xampp\\htdocs...', Array)
#14 C:\xampp\htdocs\site_iuhm\vendor\laravel\framework\src\Illuminate\View\Engines\CompilerEngine.php(76): Livewire\Mechanisms\ExtendBlade\ExtendedCompilerEngine->evaluatePath('C:\\xampp\\htdocs...', Array)
#15 C:\xampp\htdocs\site_iuhm\vendor\livewire\livewire\src\Mechanisms\ExtendBlade\ExtendedCompilerEngine.php(10): Illuminate\View\Engines\CompilerEngine->get('C:\\xampp\\htdocs...', Array)
#16 C:\xampp\htdocs\site_iuhm\vendor\laravel\framework\src\Illuminate\View\View.php(208): Livewire\Mechanisms\ExtendBlade\ExtendedCompilerEngine->get('C:\\xampp\\htdocs...', Array)
#17 C:\xampp\htdocs\site_iuhm\vendor\laravel\framework\src\Illuminate\View\View.php(191): Illuminate\View\View->getContents()
#18 C:\xampp\htdocs\site_iuhm\vendor\laravel\framework\src\Illuminate\View\View.php(160): Illuminate\View\View->renderContents()
#19 C:\xampp\htdocs\site_iuhm\vendor\laravel\framework\src\Illuminate\View\Compilers\BladeCompiler.php(353): Illuminate\View\View->render()
#20 C:\xampp\htdocs\site_iuhm\vendor\laravel\framework\src\Illuminate\Support\Facades\Facade.php(363): Illuminate\View\Compilers\BladeCompiler::render('    <?php $layo...', Array)
#21 C:\xampp\htdocs\site_iuhm\vendor\livewire\livewire\src\Features\SupportPageComponents\SupportPageComponents.php(162): Illuminate\Support\Facades\Facade::__callStatic('render', Array)
#22 C:\xampp\htdocs\site_iuhm\vendor\livewire\livewire\src\Features\SupportPageComponents\HandlesPageComponents.php(26): Livewire\Features\SupportPageComponents\SupportPageComponents::renderContentsIntoLayout('[39;22m[39;1m<section wire:s...', Object(Livewire\Features\SupportPageComponents\PageComponentConfig))
#23 C:\xampp\htdocs\site_iuhm\vendor\laravel\framework\src\Illuminate\Container\BoundMethod.php(36): Livewire\Component->[39;22m[39;1m__invoke()
#24 C:\xampp\htdocs\site_iuhm\vendor\laravel\framework\src\Illuminate\Container\Util.php(43): Illuminate\Container\BoundMethod::{closure:Illuminate\Container\BoundMethod::call():35}()
#25 C:\xampp\htdocs\site_iuhm\vendor\laravel\framework\src\Illuminate\Container\BoundMethod.php(96): Illuminate\Container\Util::unwrapIfClosure(Object(Closure))
#26 C:\xampp\htdocs\site_iuhm\vendor\laravel\framework\src\Illuminate\Container\BoundMethod.php(35): Illuminate\Container\BoundMethod::callBoundMethod(Object(Illuminate\Foundation\Application), Array, Object(Closure))
#27 C:\xampp\htdocs\site_iuhm\vendor\laravel\framework\src\Illuminate\Container\Container.php(799): Illuminate\Container\BoundMethod::call(Object(Illuminate\Foundation\Application), Array, Array, NULL)
#28 C:\xampp\htdocs\site_iuhm\vendor\livewire\livewire\src\Mechanisms\HandleRouting\LivewirePageController.php(15): Illuminate\Container\Container->call(Array)
#29 C:\xampp\htdocs\site_iuhm\vendor\laravel\framework\src\Illuminate\Routing\ControllerDispatcher.php(46): Livewire\Mechanisms\HandleRouting\LivewirePageController->__invoke()
#30 C:\xampp\htdocs\site_iuhm\vendor\laravel\framework\src\Illuminate\Routing\Route.php(269): Illuminate\Routing\ControllerDispatcher->dispatch(Object(Illuminate\Routing\Route), Object(Livewire\Mechanisms\HandleRouting\LivewirePageController), '__invoke')
#31 C:\xampp\htdocs\site_iuhm\vendor\laravel\framework\src\Illuminate\Routing\Route.php(215): Illuminate\Routing\Route->runController()
#32 C:\xampp\htdocs\site_iuhm\vendor\laravel\framework\src\Illuminate\Routing\Router.php(822): Illuminate\Routing\Route->run()
#33 C:\xampp\htdocs\site_iuhm\vendor\laravel\framework\src\Illuminate\Pipeline\Pipeline.php(180): Illuminate\Routing\Router->{closure:Illuminate\Routing\Router::runRouteWithinStack():821}(Object(Illuminate\Http\Request))
#34 C:\xampp\htdocs\site_iuhm\vendor\laravel\framework\src\Illuminate\Auth\Middleware\EnsureEmailIsVerified.php(41): Illuminate\Pipeline\Pipeline->{closure:Illuminate\Pipeline\Pipeline::prepareDestination():178}(Object(Illuminate\Http\Request))
#35 C:\xampp\htdocs\site_iuhm\vendor\laravel\framework\src\Illuminate\Pipeline\Pipeline.php(219): Illuminate\Auth\Middleware\EnsureEmailIsVerified->handle(Object(Illuminate\Http\Request), Object(Closure))
#36 C:\xampp\htdocs\site_iuhm\app\Http\Middleware\SetTeamUrlDefaults.php(26): Illuminate\Pipeline\Pipeline->{closure:{closure:Illuminate\Pipeline\Pipeline::carry():194}:195}(Object(Illuminate\Http\Request))
#37 C:\xampp\htdocs\site_iuhm\vendor\laravel\framework\src\Illuminate\Pipeline\Pipeline.php(219): App\Http\Middleware\SetTeamUrlDefaults->handle(Object(Illuminate\Http\Request), Object(Closure))
#38 C:\xampp\htdocs\site_iuhm\app\Http\Middleware\SetLocale.php(28): Illuminate\Pipeline\Pipeline->{closure:{closure:Illuminate\Pipeline\Pipeline::carry():194}:195}(Object(Illuminate\Http\Request))
#39 C:\xampp\htdocs\site_iuhm\vendor\laravel\framework\src\Illuminate\Pipeline\Pipeline.php(219): App\Http\Middleware\SetLocale->handle(Object(Illuminate\Http\Request), Object(Closure))
#40 C:\xampp\htdocs\site_iuhm\vendor\laravel\framework\src\Illuminate\Routing\Middleware\SubstituteBindings.php(52): Illuminate\Pipeline\Pipeline->{closure:{closure:Illuminate\Pipeline\Pipeline::carry():194}:195}(Object(Illuminate\Http\Request))
#41 C:\xampp\htdocs\site_iuhm\vendor\laravel\framework\src\Illuminate\Pipeline\Pipeline.php(219): Illuminate\Routing\Middleware\SubstituteBindings->handle(Object(Illuminate\Http\Request), Object(Closure))
#42 C:\xampp\htdocs\site_iuhm\vendor\laravel\framework\src\Illuminate\Auth\Middleware\Authenticate.php(63): Illuminate\Pipeline\Pipeline->{closure:{closure:Illuminate\Pipeline\Pipeline::carry():194}:195}(Object(Illuminate\Http\Request))
#43 C:\xampp\htdocs\site_iuhm\vendor\laravel\framework\src\Illuminate\Pipeline\Pipeline.php(219): Illuminate\Auth\Middleware\Authenticate->handle(Object(Illuminate\Http\Request), Object(Closure))
#44 C:\xampp\htdocs\site_iuhm\vendor\laravel\framework\src\Illuminate\Foundation\Http\Middleware\PreventRequestForgery.php(104): Illuminate\Pipeline\Pipeline->{closure:{closure:Illuminate\Pipeline\Pipeline::carry():194}:195}(Object(Illuminate\Http\Request))
#45 C:\xampp\htdocs\site_iuhm\vendor\laravel\framework\src\Illuminate\Pipeline\Pipeline.php(219): Illuminate\Foundation\Http\Middleware\PreventRequestForgery->handle(Object(Illuminate\Http\Request), Object(Closure))
#46 C:\xampp\htdocs\site_iuhm\vendor\laravel\framework\src\Illuminate\View\Middleware\ShareErrorsFromSession.php(48): Illuminate\Pipeline\Pipeline->{closure:{closure:Illuminate\Pipeline\Pipeline::carry():194}:195}(Object(Illuminate\Http\Request))
#47 C:\xampp\htdocs\site_iuhm\vendor\laravel\framework\src\Illuminate\Pipeline\Pipeline.php(219): Illuminate\View\Middleware\ShareErrorsFromSession->handle(Object(Illuminate\Http\Request), Object(Closure))
#48 C:\xampp\htdocs\site_iuhm\vendor\laravel\framework\src\Illuminate\Session\Middleware\StartSession.php(120): Illuminate\Pipeline\Pipeline->{closure:{closure:Illuminate\Pipeline\Pipeline::carry():194}:195}(Object(Illuminate\Http\Request))
#49 C:\xampp\htdocs\site_iuhm\vendor\laravel\framework\src\Illuminate\Session\Middleware\StartSession.php(63): Illuminate\Session\Middleware\StartSession->handleStatefulRequest(Object(Illuminate\Http\Request), Object(Illuminate\Session\Store), Object(Closure))
#50 C:\xampp\htdocs\site_iuhm\vendor\laravel\framework\src\Illuminate\Pipeline\Pipeline.php(219): Illuminate\Session\Middleware\StartSession->handle(Object(Illuminate\Http\Request), Object(Closure))
#51 C:\xampp\htdocs\site_iuhm\vendor\laravel\framework\src\Illuminate\Cookie\Middleware\AddQueuedCookiesToResponse.php(36): Illuminate\Pipeline\Pipeline->{closure:{closure:Illuminate\Pipeline\Pipeline::carry():194}:195}(Object(Illuminate\Http\Request))
#52 C:\xampp\htdocs\site_iuhm\vendor\laravel\framework\src\Illuminate\Pipeline\Pipeline.php(219): Illuminate\Cookie\Middleware\AddQueuedCookiesToResponse->handle(Object(Illuminate\Http\Request), Object(Closure))
#53 C:\xampp\htdocs\site_iuhm\vendor\laravel\framework\src\Illuminate\Cookie\Middleware\EncryptCookies.php(74): Illuminate\Pipeline\Pipeline->{closure:{closure:Illuminate\Pipeline\Pipeline::carry():194}:195}(Object(Illuminate\Http\Request))
#54 C:\xampp\htdocs\site_iuhm\vendor\laravel\framework\src\Illuminate\Pipeline\Pipeline.php(219): Illuminate\Cookie\Middleware\EncryptCookies->handle(Object(Illuminate\Http\Request), Object(Closure))
#55 C:\xampp\htdocs\site_iuhm\vendor\laravel\framework\src\Illuminate\Pipeline\Pipeline.php(137): Illuminate\Pipeline\Pipeline->{closure:{closure:Illuminate\Pipeline\Pipeline::carry():194}:195}(Object(Illuminate\Http\Request))
#56 C:\xampp\htdocs\site_iuhm\vendor\laravel\framework\src\Illuminate\Routing\Router.php(821): Illuminate\Pipeline\Pipeline->then(Object(Closure))
#57 C:\xampp\htdocs\site_iuhm\vendor\laravel\framework\src\Illuminate\Routing\Router.php(800): Illuminate\Routing\Router->runRouteWithinStack(Object(Illuminate\Routing\Route), Object(Illuminate\Http\Request))
#58 C:\xampp\htdocs\site_iuhm\vendor\laravel\framework\src\Illuminate\Routing\Router.php(764): Illuminate\Routing\Router->runRoute(Object(Illuminate\Http\Request), Object(Illuminate\Routing\Route))
#59 C:\xampp\htdocs\site_iuhm\vendor\laravel\framework\src\Illuminate\Routing\Router.php(753): Illuminate\Routing\Router->dispatchToRoute(Object(Illuminate\Http\Request))
#60 C:\xampp\htdocs\site_iuhm\vendor\laravel\framework\src\Illuminate\Foundation\Http\Kernel.php(200): Illuminate\Routing\Router->dispatch(Object(Illuminate\Http\Request))
#61 C:\xampp\htdocs\site_iuhm\vendor\laravel\framework\src\Illuminate\Pipeline\Pipeline.php(180): Illuminate\Foundation\Http\Kernel->{closure:Illuminate\Foundation\Http\Kernel::dispatchToRouter():197}(Object(Illuminate\Http\Request))
#62 C:\xampp\htdocs\site_iuhm\vendor\livewire\livewire\src\Features\SupportDisablingBackButtonCache\DisableBackButtonCacheMiddleware.php(19): Illuminate\Pipeline\Pipeline->{closure:Illuminate\Pipeline\Pipeline::prepareDestination():178}(Object(Illuminate\Http\Request))
#63 C:\xampp\htdocs\site_iuhm\vendor\laravel\framework\src\Illuminate\Pipeline\Pipeline.php(219): Livewire\Features\SupportDisablingBackButtonCache\DisableBackButtonCacheMiddleware->handle(Object(Illuminate\Http\Request), Object(Closure))
#64 C:\xampp\htdocs\site_iuhm\vendor\laravel\framework\src\Illuminate\Foundation\Http\Middleware\TransformsRequest.php(21): Illuminate\Pipeline\Pipeline->{closure:{closure:Illuminate\Pipeline\Pipeline::carry():194}:195}(Object(Illuminate\Http\Request))
#65 C:\xampp\htdocs\site_iuhm\vendor\laravel\framework\src\Illuminate\Foundation\Http\Middleware\ConvertEmptyStringsToNull.php(31): Illuminate\Foundation\Http\Middleware\TransformsRequest->handle(Object(Illuminate\Http\Request), Object(Closure))
#66 C:\xampp\htdocs\site_iuhm\vendor\laravel\framework\src\Illuminate\Pipeline\Pipeline.php(219): Illuminate\Foundation\Http\Middleware\ConvertEmptyStringsToNull->handle(Object(Illuminate\Http\Request), Object(Closure))
#67 C:\xampp\htdocs\site_iuhm\vendor\laravel\framework\src\Illuminate\Foundation\Http\Middleware\TransformsRequest.php(21): Illuminate\Pipeline\Pipeline->{closure:{closure:Illuminate\Pipeline\Pipeline::carry():194}:195}(Object(Illuminate\Http\Request))
#68 C:\xampp\htdocs\site_iuhm\vendor\laravel\framework\src\Illuminate\Foundation\Http\Middleware\TrimStrings.php(51): Illuminate\Foundation\Http\Middleware\TransformsRequest->handle(Object(Illuminate\Http\Request), Object(Closure))
#69 C:\xampp\htdocs\site_iuhm\vendor\laravel\framework\src\Illuminate\Pipeline\Pipeline.php(219): Illuminate\Foundation\Http\Middleware\TrimStrings->handle(Object(Illuminate\Http\Request), Object(Closure))
#70 C:\xampp\htdocs\site_iuhm\vendor\laravel\framework\src\Illuminate\Http\Middleware\ValidatePostSize.php(27): Illuminate\Pipeline\Pipeline->{closure:{closure:Illuminate\Pipeline\Pipeline::carry():194}:195}(Object(Illuminate\Http\Request))
#71 C:\xampp\htdocs\site_iuhm\vendor\laravel\framework\src\Illuminate\Pipeline\Pipeline.php(219): Illuminate\Http\Middleware\ValidatePostSize->handle(Object(Illuminate\Http\Request), Object(Closure))
#72 C:\xampp\htdocs\site_iuhm\vendor\laravel\framework\src\Illuminate\Foundation\Http\Middleware\PreventRequestsDuringMaintenance.php(109): Illuminate\Pipeline\Pipeline->{closure:{closure:Illuminate\Pipeline\Pipeline::carry():194}:195}(Object(Illuminate\Http\Request))
#73 C:\xampp\htdocs\site_iuhm\vendor\laravel\framework\src\Illuminate\Pipeline\Pipeline.php(219): Illuminate\Foundation\Http\Middleware\PreventRequestsDuringMaintenance->handle(Object(Illuminate\Http\Request), Object(Closure))
#74 C:\xampp\htdocs\site_iuhm\vendor\laravel\framework\src\Illuminate\Http\Middleware\HandleCors.php(61): Illuminate\Pipeline\Pipeline->{closure:{closure:Illuminate\Pipeline\Pipeline::carry():194}:195}(Object(Illuminate\Http\Request))
#75 C:\xampp\htdocs\site_iuhm\vendor\laravel\framework\src\Illuminate\Pipeline\Pipeline.php(219): Illuminate\Http\Middleware\HandleCors->handle(Object(Illuminate\Http\Request), Object(Closure))
#76 C:\xampp\htdocs\site_iuhm\vendor\laravel\framework\src\Illuminate\Http\Middleware\TrustProxies.php(58): Illuminate\Pipeline\Pipeline->{closure:{closure:Illuminate\Pipeline\Pipeline::carry():194}:195}(Object(Illuminate\Http\Request))
#77 C:\xampp\htdocs\site_iuhm\vendor\laravel\framework\src\Illuminate\Pipeline\Pipeline.php(219): Illuminate\Http\Middleware\TrustProxies->handle(Object(Illuminate\Http\Request), Object(Closure))
#78 C:\xampp\htdocs\site_iuhm\vendor\laravel\framework\src\Illuminate\Foundation\Http\Middleware\InvokeDeferredCallbacks.php(22): Illuminate\Pipeline\Pipeline->{closure:{closure:Illuminate\Pipeline\Pipeline::carry():194}:195}(Object(Illuminate\Http\Request))
#79 C:\xampp\htdocs\site_iuhm\vendor\laravel\framework\src\Illuminate\Pipeline\Pipeline.php(219): Illuminate\Foundation\Http\Middleware\InvokeDeferredCallbacks->handle(Object(Illuminate\Http\Request), Object(Closure))
#80 C:\xampp\htdocs\site_iuhm\vendor\laravel\framework\src\Illuminate\Http\Middleware\ValidatePathEncoding.php(28): Illuminate\Pipeline\Pipeline->{closure:{closure:Illuminate\Pipeline\Pipeline::carry():194}:195}(Object(Illuminate\Http\Request))
#81 C:\xampp\htdocs\site_iuhm\vendor\laravel\framework\src\Illuminate\Pipeline\Pipeline.php(219): Illuminate\Http\Middleware\ValidatePathEncoding->handle(Object(Illuminate\Http\Request), Object(Closure))
#82 C:\xampp\htdocs\site_iuhm\vendor\laravel\framework\src\Illuminate\Pipeline\Pipeline.php(137): Illuminate\Pipeline\Pipeline->{closure:{closure:Illuminate\Pipeline\Pipeline::carry():194}:195}(Object(Illuminate\Http\Request))
#83 C:\xampp\htdocs\site_iuhm\vendor\laravel\framework\src\Illuminate\Foundation\Http\Kernel.php(175): Illuminate\Pipeline\Pipeline->then(Object(Closure))
#84 C:\xampp\htdocs\site_iuhm\vendor\laravel\framework\src\Illuminate\Foundation\Http\Kernel.php(144): Illuminate\Foundation\Http\Kernel->sendRequestThroughRouter(Object(Illuminate\Http\Request))
#85 C:\xampp\htdocs\site_iuhm\vendor\laravel\framework\src\Illuminate\Foundation\Testing\Concerns\MakesHttpRequests.php(607): Illuminate\Foundation\Http\Kernel->handle(Object(Illuminate\Http\Request))
#86 C:\xampp\htdocs\site_iuhm\vendor\laravel\framework\src\Illuminate\Foundation\Testing\Concerns\MakesHttpRequests.php(368): Illuminate\Foundation\Testing\TestCase->call('GET', 'http://localhos...', Array, Array, Array, Array)
#87 C:\xampp\htdocs\site_iuhm\tests\Feature\Teams\TeamTest.php(22): Illuminate\Foundation\Testing\TestCase->get('http://localhos...')
#88 C:\xampp\htdocs\site_iuhm\vendor\phpunit\phpunit\src\Framework\TestCase.php(1335): Tests\Feature\Teams\TeamTest->test_teams_index_page_can_be_rendered()
#89 C:\xampp\htdocs\site_iuhm\vendor\phpunit\phpunit\src\Framework\TestCase.php(519): PHPUnit\Framework\TestCase->runTest()
#90 C:\xampp\htdocs\site_iuhm\vendor\phpunit\phpunit\src\Framework\TestRunner\TestRunner.php(99): PHPUnit\Framework\TestCase->runBare()
#91 C:\xampp\htdocs\site_iuhm\vendor\phpunit\phpunit\src\Framework\TestCase.php(359): PHPUnit\Framework\TestRunner->run(Object(Tests\Feature\Teams\TeamTest))
#92 C:\xampp\htdocs\site_iuhm\vendor\phpunit\phpunit\src\Framework\TestSuite.php(374): PHPUnit\Framework\TestCase->run()
#93 C:\xampp\htdocs\site_iuhm\vendor\phpunit\phpunit\src\Framework\TestSuite.php(374): PHPUnit\Framework\TestSuite->run()
#94 C:\xampp\htdocs\site_iuhm\vendor\phpunit\phpunit\src\Framework\TestSuite.php(374): PHPUnit\Framework\TestSuite->run()
#95 C:\xampp\htdocs\site_iuhm\vendor\phpunit\phpunit\src\TextUI\TestRunner.php(64): PHPUnit\Framework\TestSuite->run()
#96 C:\xampp\htdocs\site_iuhm\vendor\phpunit\phpunit\src\TextUI\Application.php(229): PHPUnit\TextUI\TestRunner->run(Object(PHPUnit\TextUI\Configuration\Configuration), Object(PHPUnit\Runner\ResultCache\DefaultResultCache), Object(PHPUnit\Framework\TestSuite))
#97 C:\xampp\htdocs\site_iuhm\vendor\phpunit\phpunit\phpunit(104): PHPUnit\TextUI\Application->run(Array)
#98 {main}

Next Illuminate\View\ViewException: Undefined variable $navigationPages (View: C:\xampp\htdocs\site_iuhm\resources\views\partials\header.blade.php) (View: C:\xampp\htdocs\site_iuhm\resources\views\partials\header.blade.php) (View: C:\xampp\htdocs\site_iuhm\resources\views\partials\header.blade.php) in C:\xampp\htdocs\site_iuhm\storage\framework\views\7051f6576562b2dc7a02a46a651d2c4e.php:19
Stack trace:
#0 C:\xampp\htdocs\site_iuhm\vendor\livewire\livewire\src\Mechanisms\ExtendBlade\ExtendedCompilerEngine.php(58): Illuminate\View\Engines\CompilerEngine->handleViewException(Object(Illuminate\View\ViewException), 1)
#1 C:\xampp\htdocs\site_iuhm\vendor\laravel\framework\src\Illuminate\View\Engines\PhpEngine.php(59): Livewire\Mechanisms\ExtendBlade\ExtendedCompilerEngine->handleViewException(Object(Illuminate\View\ViewException), 1)
#2 C:\xampp\htdocs\site_iuhm\vendor\livewire\livewire\src\Mechanisms\ExtendBlade\ExtendedCompilerEngine.php(22): Illuminate\View\Engines\PhpEngine->evaluatePath('C:\\xampp\\htdocs...', Array)
#3 C:\xampp\htdocs\site_iuhm\vendor\laravel\framework\src\Illuminate\View\Engines\CompilerEngine.php(76): Livewire\Mechanisms\ExtendBlade\ExtendedCompilerEngine->evaluatePath('C:\\xampp\\htdocs...', Array)
#4 C:\xampp\htdocs\site_iuhm\vendor\livewire\livewire\src\Mechanisms\ExtendBlade\ExtendedCompilerEngine.php(10): Illuminate\View\Engines\CompilerEngine->get('C:\\xampp\\htdocs...', Array)
#5 C:\xampp\htdocs\site_iuhm\vendor\laravel\framework\src\Illuminate\View\View.php(208): Livewire\Mechanisms\ExtendBlade\ExtendedCompilerEngine->get('C:\\xampp\\htdocs...', Array)
#6 C:\xampp\htdocs\site_iuhm\vendor\laravel\framework\src\Illuminate\View\View.php(191): Illuminate\View\View->getContents()
#7 C:\xampp\htdocs\site_iuhm\vendor\laravel\framework\src\Illuminate\View\View.php(160): Illuminate\View\View->renderContents()
#8 C:\xampp\htdocs\site_iuhm\vendor\laravel\framework\src\Illuminate\View\Compilers\BladeCompiler.php(353): Illuminate\View\View->render()
#9 C:\xampp\htdocs\site_iuhm\vendor\laravel\framework\src\Illuminate\Support\Facades\Facade.php(363): Illuminate\View\Compilers\BladeCompiler::render('    <?php $layo...', Array)
#10 C:\xampp\htdocs\site_iuhm\vendor\livewire\livewire\src\Features\SupportPageComponents\SupportPageComponents.php(162): Illuminate\Support\Facades\Facade::__callStatic('render', Array)
#11 C:\xampp\htdocs\site_iuhm\vendor\livewire\livewire\src\Features\SupportPageComponents\HandlesPageComponents.php(26): Livewire\Features\SupportPageComponents\SupportPageComponents::renderContentsIntoLayout('[39;22m[39;1m<section wire:s...', Object(Livewire\Features\SupportPageComponents\PageComponentConfig))
#12 C:\xampp\htdocs\site_iuhm\vendor\laravel\framework\src\Illuminate\Container\BoundMethod.php(36): Livewire\Component->[39;22m[39;1m__invoke()
#13 C:\xampp\htdocs\site_iuhm\vendor\laravel\framework\src\Illuminate\Container\Util.php(43): Illuminate\Container\BoundMethod::{closure:Illuminate\Container\BoundMethod::call():35}()
#14 C:\xampp\htdocs\site_iuhm\vendor\laravel\framework\src\Illuminate\Container\BoundMethod.php(96): Illuminate\Container\Util::unwrapIfClosure(Object(Closure))
#15 C:\xampp\htdocs\site_iuhm\vendor\laravel\framework\src\Illuminate\Container\BoundMethod.php(35): Illuminate\Container\BoundMethod::callBoundMethod(Object(Illuminate\Foundation\Application), Array, Object(Closure))
#16 C:\xampp\htdocs\site_iuhm\vendor\laravel\framework\src\Illuminate\Container\Container.php(799): Illuminate\Container\BoundMethod::call(Object(Illuminate\Foundation\Application), Array, Array, NULL)
#17 C:\xampp\htdocs\site_iuhm\vendor\livewire\livewire\src\Mechanisms\HandleRouting\LivewirePageController.php(15): Illuminate\Container\Container->call(Array)
#18 C:\xampp\htdocs\site_iuhm\vendor\laravel\framework\src\Illuminate\Routing\ControllerDispatcher.php(46): Livewire\Mechanisms\HandleRouting\LivewirePageController->__invoke()
#19 C:\xampp\htdocs\site_iuhm\vendor\laravel\framework\src\Illuminate\Routing\Route.php(269): Illuminate\Routing\ControllerDispatcher->dispatch(Object(Illuminate\Routing\Route), Object(Livewire\Mechanisms\HandleRouting\LivewirePageController), '__invoke')
#20 C:\xampp\htdocs\site_iuhm\vendor\laravel\framework\src\Illuminate\Routing\Route.php(215): Illuminate\Routing\Route->runController()
#21 C:\xampp\htdocs\site_iuhm\vendor\laravel\framework\src\Illuminate\Routing\Router.php(822): Illuminate\Routing\Route->run()
#22 C:\xampp\htdocs\site_iuhm\vendor\laravel\framework\src\Illuminate\Pipeline\Pipeline.php(180): Illuminate\Routing\Router->{closure:Illuminate\Routing\Router::runRouteWithinStack():821}(Object(Illuminate\Http\Request))
#23 C:\xampp\htdocs\site_iuhm\vendor\laravel\framework\src\Illuminate\Auth\Middleware\EnsureEmailIsVerified.php(41): Illuminate\Pipeline\Pipeline->{closure:Illuminate\Pipeline\Pipeline::prepareDestination():178}(Object(Illuminate\Http\Request))
#24 C:\xampp\htdocs\site_iuhm\vendor\laravel\framework\src\Illuminate\Pipeline\Pipeline.php(219): Illuminate\Auth\Middleware\EnsureEmailIsVerified->handle(Object(Illuminate\Http\Request), Object(Closure))
#25 C:\xampp\htdocs\site_iuhm\app\Http\Middleware\SetTeamUrlDefaults.php(26): Illuminate\Pipeline\Pipeline->{closure:{closure:Illuminate\Pipeline\Pipeline::carry():194}:195}(Object(Illuminate\Http\Request))
#26 C:\xampp\htdocs\site_iuhm\vendor\laravel\framework\src\Illuminate\Pipeline\Pipeline.php(219): App\Http\Middleware\SetTeamUrlDefaults->handle(Object(Illuminate\Http\Request), Object(Closure))
#27 C:\xampp\htdocs\site_iuhm\app\Http\Middleware\SetLocale.php(28): Illuminate\Pipeline\Pipeline->{closure:{closure:Illuminate\Pipeline\Pipeline::carry():194}:195}(Object(Illuminate\Http\Request))
#28 C:\xampp\htdocs\site_iuhm\vendor\laravel\framework\src\Illuminate\Pipeline\Pipeline.php(219): App\Http\Middleware\SetLocale->handle(Object(Illuminate\Http\Request), Object(Closure))
#29 C:\xampp\htdocs\site_iuhm\vendor\laravel\framework\src\Illuminate\Routing\Middleware\SubstituteBindings.php(52): Illuminate\Pipeline\Pipeline->{closure:{closure:Illuminate\Pipeline\Pipeline::carry():194}:195}(Object(Illuminate\Http\Request))
#30 C:\xampp\htdocs\site_iuhm\vendor\laravel\framework\src\Illuminate\Pipeline\Pipeline.php(219): Illuminate\Routing\Middleware\SubstituteBindings->handle(Object(Illuminate\Http\Request), Object(Closure))
#31 C:\xampp\htdocs\site_iuhm\vendor\laravel\framework\src\Illuminate\Auth\Middleware\Authenticate.php(63): Illuminate\Pipeline\Pipeline->{closure:{closure:Illuminate\Pipeline\Pipeline::carry():194}:195}(Object(Illuminate\Http\Request))
#32 C:\xampp\htdocs\site_iuhm\vendor\laravel\framework\src\Illuminate\Pipeline\Pipeline.php(219): Illuminate\Auth\Middleware\Authenticate->handle(Object(Illuminate\Http\Request), Object(Closure))
#33 C:\xampp\htdocs\site_iuhm\vendor\laravel\framework\src\Illuminate\Foundation\Http\Middleware\PreventRequestForgery.php(104): Illuminate\Pipeline\Pipeline->{closure:{closure:Illuminate\Pipeline\Pipeline::carry():194}:195}(Object(Illuminate\Http\Request))
#34 C:\xampp\htdocs\site_iuhm\vendor\laravel\framework\src\Illuminate\Pipeline\Pipeline.php(219): Illuminate\Foundation\Http\Middleware\PreventRequestForgery->handle(Object(Illuminate\Http\Request), Object(Closure))
#35 C:\xampp\htdocs\site_iuhm\vendor\laravel\framework\src\Illuminate\View\Middleware\ShareErrorsFromSession.php(48): Illuminate\Pipeline\Pipeline->{closure:{closure:Illuminate\Pipeline\Pipeline::carry():194}:195}(Object(Illuminate\Http\Request))
#36 C:\xampp\htdocs\site_iuhm\vendor\laravel\framework\src\Illuminate\Pipeline\Pipeline.php(219): Illuminate\View\Middleware\ShareErrorsFromSession->handle(Object(Illuminate\Http\Request), Object(Closure))
#37 C:\xampp\htdocs\site_iuhm\vendor\laravel\framework\src\Illuminate\Session\Middleware\StartSession.php(120): Illuminate\Pipeline\Pipeline->{closure:{closure:Illuminate\Pipeline\Pipeline::carry():194}:195}(Object(Illuminate\Http\Request))
#38 C:\xampp\htdocs\site_iuhm\vendor\laravel\framework\src\Illuminate\Session\Middleware\StartSession.php(63): Illuminate\Session\Middleware\StartSession->handleStatefulRequest(Object(Illuminate\Http\Request), Object(Illuminate\Session\Store), Object(Closure))
#39 C:\xampp\htdocs\site_iuhm\vendor\laravel\framework\src\Illuminate\Pipeline\Pipeline.php(219): Illuminate\Session\Middleware\StartSession->handle(Object(Illuminate\Http\Request), Object(Closure))
#40 C:\xampp\htdocs\site_iuhm\vendor\laravel\framework\src\Illuminate\Cookie\Middleware\AddQueuedCookiesToResponse.php(36): Illuminate\Pipeline\Pipeline->{closure:{closure:Illuminate\Pipeline\Pipeline::carry():194}:195}(Object(Illuminate\Http\Request))
#41 C:\xampp\htdocs\site_iuhm\vendor\laravel\framework\src\Illuminate\Pipeline\Pipeline.php(219): Illuminate\Cookie\Middleware\AddQueuedCookiesToResponse->handle(Object(Illuminate\Http\Request), Object(Closure))
#42 C:\xampp\htdocs\site_iuhm\vendor\laravel\framework\src\Illuminate\Cookie\Middleware\EncryptCookies.php(74): Illuminate\Pipeline\Pipeline->{closure:{closure:Illuminate\Pipeline\Pipeline::carry():194}:195}(Object(Illuminate\Http\Request))
#43 C:\xampp\htdocs\site_iuhm\vendor\laravel\framework\src\Illuminate\Pipeline\Pipeline.php(219): Illuminate\Cookie\Middleware\EncryptCookies->handle(Object(Illuminate\Http\Request), Object(Closure))
#44 C:\xampp\htdocs\site_iuhm\vendor\laravel\framework\src\Illuminate\Pipeline\Pipeline.php(137): Illuminate\Pipeline\Pipeline->{closure:{closure:Illuminate\Pipeline\Pipeline::carry():194}:195}(Object(Illuminate\Http\Request))
#45 C:\xampp\htdocs\site_iuhm\vendor\laravel\framework\src\Illuminate\Routing\Router.php(821): Illuminate\Pipeline\Pipeline->then(Object(Closure))
#46 C:\xampp\htdocs\site_iuhm\vendor\laravel\framework\src\Illuminate\Routing\Router.php(800): Illuminate\Routing\Router->runRouteWithinStack(Object(Illuminate\Routing\Route), Object(Illuminate\Http\Request))
#47 C:\xampp\htdocs\site_iuhm\vendor\laravel\framework\src\Illuminate\Routing\Router.php(764): Illuminate\Routing\Router->runRoute(Object(Illuminate\Http\Request), Object(Illuminate\Routing\Route))
#48 C:\xampp\htdocs\site_iuhm\vendor\laravel\framework\src\Illuminate\Routing\Router.php(753): Illuminate\Routing\Router->dispatchToRoute(Object(Illuminate\Http\Request))
#49 C:\xampp\htdocs\site_iuhm\vendor\laravel\framework\src\Illuminate\Foundation\Http\Kernel.php(200): Illuminate\Routing\Router->dispatch(Object(Illuminate\Http\Request))
#50 C:\xampp\htdocs\site_iuhm\vendor\laravel\framework\src\Illuminate\Pipeline\Pipeline.php(180): Illuminate\Foundation\Http\Kernel->{closure:Illuminate\Foundation\Http\Kernel::dispatchToRouter():197}(Object(Illuminate\Http\Request))
#51 C:\xampp\htdocs\site_iuhm\vendor\livewire\livewire\src\Features\SupportDisablingBackButtonCache\DisableBackButtonCacheMiddleware.php(19): Illuminate\Pipeline\Pipeline->{closure:Illuminate\Pipeline\Pipeline::prepareDestination():178}(Object(Illuminate\Http\Request))
#52 C:\xampp\htdocs\site_iuhm\vendor\laravel\framework\src\Illuminate\Pipeline\Pipeline.php(219): Livewire\Features\SupportDisablingBackButtonCache\DisableBackButtonCacheMiddleware->handle(Object(Illuminate\Http\Request), Object(Closure))
#53 C:\xampp\htdocs\site_iuhm\vendor\laravel\framework\src\Illuminate\Foundation\Http\Middleware\TransformsRequest.php(21): Illuminate\Pipeline\Pipeline->{closure:{closure:Illuminate\Pipeline\Pipeline::carry():194}:195}(Object(Illuminate\Http\Request))
#54 C:\xampp\htdocs\site_iuhm\vendor\laravel\framework\src\Illuminate\Foundation\Http\Middleware\ConvertEmptyStringsToNull.php(31): Illuminate\Foundation\Http\Middleware\TransformsRequest->handle(Object(Illuminate\Http\Request), Object(Closure))
#55 C:\xampp\htdocs\site_iuhm\vendor\laravel\framework\src\Illuminate\Pipeline\Pipeline.php(219): Illuminate\Foundation\Http\Middleware\ConvertEmptyStringsToNull->handle(Object(Illuminate\Http\Request), Object(Closure))
#56 C:\xampp\htdocs\site_iuhm\vendor\laravel\framework\src\Illuminate\Foundation\Http\Middleware\TransformsRequest.php(21): Illuminate\Pipeline\Pipeline->{closure:{closure:Illuminate\Pipeline\Pipeline::carry():194}:195}(Object(Illuminate\Http\Request))
#57 C:\xampp\htdocs\site_iuhm\vendor\laravel\framework\src\Illuminate\Foundation\Http\Middleware\TrimStrings.php(51): Illuminate\Foundation\Http\Middleware\TransformsRequest->handle(Object(Illuminate\Http\Request), Object(Closure))
#58 C:\xampp\htdocs\site_iuhm\vendor\laravel\framework\src\Illuminate\Pipeline\Pipeline.php(219): Illuminate\Foundation\Http\Middleware\TrimStrings->handle(Object(Illuminate\Http\Request), Object(Closure))
#59 C:\xampp\htdocs\site_iuhm\vendor\laravel\framework\src\Illuminate\Http\Middleware\ValidatePostSize.php(27): Illuminate\Pipeline\Pipeline->{closure:{closure:Illuminate\Pipeline\Pipeline::carry():194}:195}(Object(Illuminate\Http\Request))
#60 C:\xampp\htdocs\site_iuhm\vendor\laravel\framework\src\Illuminate\Pipeline\Pipeline.php(219): Illuminate\Http\Middleware\ValidatePostSize->handle(Object(Illuminate\Http\Request), Object(Closure))
#61 C:\xampp\htdocs\site_iuhm\vendor\laravel\framework\src\Illuminate\Foundation\Http\Middleware\PreventRequestsDuringMaintenance.php(109): Illuminate\Pipeline\Pipeline->{closure:{closure:Illuminate\Pipeline\Pipeline::carry():194}:195}(Object(Illuminate\Http\Request))
#62 C:\xampp\htdocs\site_iuhm\vendor\laravel\framework\src\Illuminate\Pipeline\Pipeline.php(219): Illuminate\Foundation\Http\Middleware\PreventRequestsDuringMaintenance->handle(Object(Illuminate\Http\Request), Object(Closure))
#63 C:\xampp\htdocs\site_iuhm\vendor\laravel\framework\src\Illuminate\Http\Middleware\HandleCors.php(61): Illuminate\Pipeline\Pipeline->{closure:{closure:Illuminate\Pipeline\Pipeline::carry():194}:195}(Object(Illuminate\Http\Request))
#64 C:\xampp\htdocs\site_iuhm\vendor\laravel\framework\src\Illuminate\Pipeline\Pipeline.php(219): Illuminate\Http\Middleware\HandleCors->handle(Object(Illuminate\Http\Request), Object(Closure))
#65 C:\xampp\htdocs\site_iuhm\vendor\laravel\framework\src\Illuminate\Http\Middleware\TrustProxies.php(58): Illuminate\Pipeline\Pipeline->{closure:{closure:Illuminate\Pipeline\Pipeline::carry():194}:195}(Object(Illuminate\Http\Request))
#66 C:\xampp\htdocs\site_iuhm\vendor\laravel\framework\src\Illuminate\Pipeline\Pipeline.php(219): Illuminate\Http\Middleware\TrustProxies->handle(Object(Illuminate\Http\Request), Object(Closure))
#67 C:\xampp\htdocs\site_iuhm\vendor\laravel\framework\src\Illuminate\Foundation\Http\Middleware\InvokeDeferredCallbacks.php(22): Illuminate\Pipeline\Pipeline->{closure:{closure:Illuminate\Pipeline\Pipeline::carry():194}:195}(Object(Illuminate\Http\Request))
#68 C:\xampp\htdocs\site_iuhm\vendor\laravel\framework\src\Illuminate\Pipeline\Pipeline.php(219): Illuminate\Foundation\Http\Middleware\InvokeDeferredCallbacks->handle(Object(Illuminate\Http\Request), Object(Closure))
#69 C:\xampp\htdocs\site_iuhm\vendor\laravel\framework\src\Illuminate\Http\Middleware\ValidatePathEncoding.php(28): Illuminate\Pipeline\Pipeline->{closure:{closure:Illuminate\Pipeline\Pipeline::carry():194}:195}(Object(Illuminate\Http\Request))
#70 C:\xampp\htdocs\site_iuhm\vendor\laravel\framework\src\Illuminate\Pipeline\Pipeline.php(219): Illuminate\Http\Middleware\ValidatePathEncoding->handle(Object(Illuminate\Http\Request), Object(Closure))
#71 C:\xampp\htdocs\site_iuhm\vendor\laravel\framework\src\Illuminate\Pipeline\Pipeline.php(137): Illuminate\Pipeline\Pipeline->{closure:{closure:Illuminate\Pipeline\Pipeline::carry():194}:195}(Object(Illuminate\Http\Request))
#72 C:\xampp\htdocs\site_iuhm\vendor\laravel\framework\src\Illuminate\Foundation\Http\Kernel.php(175): Illuminate\Pipeline\Pipeline->then(Object(Closure))
#73 C:\xampp\htdocs\site_iuhm\vendor\laravel\framework\src\Illuminate\Foundation\Http\Kernel.php(144): Illuminate\Foundation\Http\Kernel->sendRequestThroughRouter(Object(Illuminate\Http\Request))
#74 C:\xampp\htdocs\site_iuhm\vendor\laravel\framework\src\Illuminate\Foundation\Testing\Concerns\MakesHttpRequests.php(607): Illuminate\Foundation\Http\Kernel->handle(Object(Illuminate\Http\Request))
#75 C:\xampp\htdocs\site_iuhm\vendor\laravel\framework\src\Illuminate\Foundation\Testing\Concerns\MakesHttpRequests.php(368): Illuminate\Foundation\Testing\TestCase->call('GET', 'http://localhos...', Array, Array, Array, Array)
#76 C:\xampp\htdocs\site_iuhm\tests\Feature\Teams\TeamTest.php(22): Illuminate\Foundation\Testing\TestCase->get('http://localhos...')
#77 C:\xampp\htdocs\site_iuhm\vendor\phpunit\phpunit\src\Framework\TestCase.php(1335): Tests\Feature\Teams\TeamTest->test_teams_index_page_can_be_rendered()
#78 C:\xampp\htdocs\site_iuhm\vendor\phpunit\phpunit\src\Framework\TestCase.php(519): PHPUnit\Framework\TestCase->runTest()
#79 C:\xampp\htdocs\site_iuhm\vendor\phpunit\phpunit\src\Framework\TestRunner\TestRunner.php(99): PHPUnit\Framework\TestCase->runBare()
#80 C:\xampp\htdocs\site_iuhm\vendor\phpunit\phpunit\src\Framework\TestCase.php(359): PHPUnit\Framework\TestRunner->run(Object(Tests\Feature\Teams\TeamTest))
#81 C:\xampp\htdocs\site_iuhm\vendor\phpunit\phpunit\src\Framework\TestSuite.php(374): PHPUnit\Framework\TestCase->run()
#82 C:\xampp\htdocs\site_iuhm\vendor\phpunit\phpunit\src\Framework\TestSuite.php(374): PHPUnit\Framework\TestSuite->run()
#83 C:\xampp\htdocs\site_iuhm\vendor\phpunit\phpunit\src\Framework\TestSuite.php(374): PHPUnit\Framework\TestSuite->run()
#84 C:\xampp\htdocs\site_iuhm\vendor\phpunit\phpunit\src\TextUI\TestRunner.php(64): PHPUnit\Framework\TestSuite->run()
#85 C:\xampp\htdocs\site_iuhm\vendor\phpunit\phpunit\src\TextUI\Application.php(229): PHPUnit\TextUI\TestRunner->run(Object(PHPUnit\TextUI\Configuration\Configuration), Object(PHPUnit\Runner\ResultCache\DefaultResultCache), Object(PHPUnit\Framework\TestSuite))
#86 C:\xampp\htdocs\site_iuhm\vendor\phpunit\phpunit\phpunit(104): PHPUnit\TextUI\Application->run(Array)
#87 {main}

----------------------------------------------------------------------------------

Undefined variable $navigationPages (View: C:\xampp\htdocs\site_iuhm\resources\views\partials\header.blade.php) (View: C:\xampp\htdocs\site_iuhm\resources\views\partials\header.blade.php) (View: C:\xampp\htdocs\site_iuhm\resources\views\partials\header.blade.php)[39;22m

  at [32mtests\Feature\Teams\TeamTest.php[39m:[32m24[39m
     20Ôûò         $response = $this
     21Ôûò             ->actingAs($user)
     22Ôûò             ->get(route('teams.index'));
     23Ôûò 
  Ô×£  24Ôûò         $response->assertOk();
     25Ôûò     }
     26Ôûò 
     27Ôûò     public function test_teams_can_be_created(): void
     28Ôûò     {

  [31mÔöÇÔöÇÔöÇÔöÇÔöÇÔöÇÔöÇÔöÇÔöÇÔöÇÔöÇÔöÇÔöÇÔöÇÔöÇÔöÇÔöÇÔöÇÔöÇÔöÇÔöÇÔöÇÔöÇÔöÇÔöÇÔöÇÔöÇÔöÇÔöÇÔöÇÔöÇÔöÇÔöÇÔöÇÔöÇÔöÇÔöÇÔöÇÔöÇÔöÇÔöÇÔöÇÔöÇÔöÇÔöÇÔöÇÔöÇÔöÇÔöÇÔöÇÔöÇÔöÇÔöÇÔöÇÔöÇÔöÇÔöÇÔöÇÔöÇÔöÇÔöÇÔöÇÔöÇÔöÇÔöÇÔöÇÔöÇÔöÇÔöÇÔöÇÔöÇÔöÇÔöÇÔöÇÔöÇÔöÇ[39m  
  [41;1m FAILED [49;22m [1mTests\Feature\Teams\TeamTest[22m [90m>[39m team edit page can be rendered        
[39;1m  Expected response status code [200] but received 500.
Failed asserting that 500 is identical to 200.

The following exception occurred during the last request:

ErrorException: Undefined variable $navigationPages in C:\xampp\htdocs\site_iuhm\storage\framework\views\7051f6576562b2dc7a02a46a651d2c4e.php:19
Stack trace:
#0 C:\xampp\htdocs\site_iuhm\vendor\laravel\framework\src\Illuminate\Foundation\Bootstrap\HandleExceptions.php(258): Illuminate\Foundation\Bootstrap\HandleExceptions->handleError(2, 'Undefined varia...', 'C:\\xampp\\htdocs...', 19)
#1 C:\xampp\htdocs\site_iuhm\storage\framework\views\7051f6576562b2dc7a02a46a651d2c4e.php(19): Illuminate\Foundation\Bootstrap\HandleExceptions->{closure:Illuminate\Foundation\Bootstrap\HandleExceptions::forwardsTo():257}(2, 'Undefined varia...', 'C:\\xampp\\htdocs...', 19)
#2 C:\xampp\htdocs\site_iuhm\vendor\laravel\framework\src\Illuminate\Filesystem\Filesystem.php(123): require('C:\\xampp\\htdocs...')
#3 C:\xampp\htdocs\site_iuhm\vendor\laravel\framework\src\Illuminate\Filesystem\Filesystem.php(124): Illuminate\Filesystem\Filesystem::{closure:Illuminate\Filesystem\Filesystem::getRequire():120}()
#4 C:\xampp\htdocs\site_iuhm\vendor\laravel\framework\src\Illuminate\View\Engines\PhpEngine.php(57): Illuminate\Filesystem\Filesystem->getRequire('C:\\xampp\\htdocs...', Array)
#5 C:\xampp\htdocs\site_iuhm\vendor\livewire\livewire\src\Mechanisms\ExtendBlade\ExtendedCompilerEngine.php(22): Illuminate\View\Engines\PhpEngine->evaluatePath('C:\\xampp\\htdocs...', Array)
#6 C:\xampp\htdocs\site_iuhm\vendor\laravel\framework\src\Illuminate\View\Engines\CompilerEngine.php(76): Livewire\Mechanisms\ExtendBlade\ExtendedCompilerEngine->evaluatePath('C:\\xampp\\htdocs...', Array)
#7 C:\xampp\htdocs\site_iuhm\vendor\livewire\livewire\src\Mechanisms\ExtendBlade\ExtendedCompilerEngine.php(10): Illuminate\View\Engines\CompilerEngine->get('C:\\xampp\\htdocs...', Array)
#8 C:\xampp\htdocs\site_iuhm\vendor\laravel\framework\src\Illuminate\View\View.php(208): Livewire\Mechanisms\ExtendBlade\ExtendedCompilerEngine->get('C:\\xampp\\htdocs...', Array)
#9 C:\xampp\htdocs\site_iuhm\vendor\laravel\framework\src\Illuminate\View\View.php(191): Illuminate\View\View->getContents()
#10 C:\xampp\htdocs\site_iuhm\vendor\laravel\framework\src\Illuminate\View\View.php(160): Illuminate\View\View->renderContents()
#11 C:\xampp\htdocs\site_iuhm\storage\framework\views\4371cdfbde3995413764711384cce958.php(19): Illuminate\View\View->render()
#12 C:\xampp\htdocs\site_iuhm\vendor\laravel\framework\src\Illuminate\Filesystem\Filesystem.php(123): require('C:\\xampp\\htdocs...')
#13 C:\xampp\htdocs\site_iuhm\vendor\laravel\framework\src\Illuminate\Filesystem\Filesystem.php(124): Illuminate\Filesystem\Filesystem::{closure:Illuminate\Filesystem\Filesystem::getRequire():120}()
#14 C:\xampp\htdocs\site_iuhm\vendor\laravel\framework\src\Illuminate\View\Engines\PhpEngine.php(57): Illuminate\Filesystem\Filesystem->getRequire('C:\\xampp\\htdocs...', Array)
#15 C:\xampp\htdocs\site_iuhm\vendor\livewire\livewire\src\Mechanisms\ExtendBlade\ExtendedCompilerEngine.php(22): Illuminate\View\Engines\PhpEngine->evaluatePath('C:\\xampp\\htdocs...', Array)
#16 C:\xampp\htdocs\site_iuhm\vendor\laravel\framework\src\Illuminate\View\Engines\CompilerEngine.php(76): Livewire\Mechanisms\ExtendBlade\ExtendedCompilerEngine->evaluatePath('C:\\xampp\\htdocs...', Array)
#17 C:\xampp\htdocs\site_iuhm\vendor\livewire\livewire\src\Mechanisms\ExtendBlade\ExtendedCompilerEngine.php(10): Illuminate\View\Engines\CompilerEngine->get('C:\\xampp\\htdocs...', Array)
#18 C:\xampp\htdocs\site_iuhm\vendor\laravel\framework\src\Illuminate\View\View.php(208): Livewire\Mechanisms\ExtendBlade\ExtendedCompilerEngine->get('C:\\xampp\\htdocs...', Array)
#19 C:\xampp\htdocs\site_iuhm\vendor\laravel\framework\src\Illuminate\View\View.php(191): Illuminate\View\View->getContents()
#20 C:\xampp\htdocs\site_iuhm\vendor\laravel\framework\src\Illuminate\View\View.php(160): Illuminate\View\View->renderContents()
#21 C:\xampp\htdocs\site_iuhm\vendor\laravel\framework\src\Illuminate\View\Concerns\ManagesComponents.php(103): Illuminate\View\View->render()
#22 C:\xampp\htdocs\site_iuhm\storage\framework\views\7deb94de6e2eb6551b8bc95535a64c72.php(17): Illuminate\View\Factory->renderComponent()
#23 C:\xampp\htdocs\site_iuhm\vendor\laravel\framework\src\Illuminate\Filesystem\Filesystem.php(123): require('C:\\xampp\\htdocs...')
#24 C:\xampp\htdocs\site_iuhm\vendor\laravel\framework\src\Illuminate\Filesystem\Filesystem.php(124): Illuminate\Filesystem\Filesystem::{closure:Illuminate\Filesystem\Filesystem::getRequire():120}()
#25 C:\xampp\htdocs\site_iuhm\vendor\laravel\framework\src\Illuminate\View\Engines\PhpEngine.php(57): Illuminate\Filesystem\Filesystem->getRequire('C:\\xampp\\htdocs...', Array)
#26 C:\xampp\htdocs\site_iuhm\vendor\livewire\livewire\src\Mechanisms\ExtendBlade\ExtendedCompilerEngine.php(22): Illuminate\View\Engines\PhpEngine->evaluatePath('C:\\xampp\\htdocs...', Array)
#27 C:\xampp\htdocs\site_iuhm\vendor\laravel\framework\src\Illuminate\View\Engines\CompilerEngine.php(76): Livewire\Mechanisms\ExtendBlade\ExtendedCompilerEngine->evaluatePath('C:\\xampp\\htdocs...', Array)
#28 C:\xampp\htdocs\site_iuhm\vendor\livewire\livewire\src\Mechanisms\ExtendBlade\ExtendedCompilerEngine.php(10): Illuminate\View\Engines\CompilerEngine->get('C:\\xampp\\htdocs...', Array)
#29 C:\xampp\htdocs\site_iuhm\vendor\laravel\framework\src\Illuminate\View\View.php(208): Livewire\Mechanisms\ExtendBlade\ExtendedCompilerEngine->get('C:\\xampp\\htdocs...', Array)
#30 C:\xampp\htdocs\site_iuhm\vendor\laravel\framework\src\Illuminate\View\View.php(191): Illuminate\View\View->getContents()
#31 C:\xampp\htdocs\site_iuhm\vendor\laravel\framework\src\Illuminate\View\View.php(160): Illuminate\View\View->renderContents()
#32 C:\xampp\htdocs\site_iuhm\vendor\laravel\framework\src\Illuminate\View\Compilers\BladeCompiler.php(353): Illuminate\View\View->render()
#33 C:\xampp\htdocs\site_iuhm\vendor\laravel\framework\src\Illuminate\Support\Facades\Facade.php(363): Illuminate\View\Compilers\BladeCompiler::render('    <?php $layo...', Array)
#34 C:\xampp\htdocs\site_iuhm\vendor\livewire\livewire\src\Features\SupportPageComponents\SupportPageComponents.php(162): Illuminate\Support\Facades\Facade::__callStatic('render', Array)
#35 C:\xampp\htdocs\site_iuhm\vendor\livewire\livewire\src\Features\SupportPageComponents\HandlesPageComponents.php(26): Livewire\Features\SupportPageComponents\SupportPageComponents::renderContentsIntoLayout('[39;22m[39;1m<section wire:s...', Object(Livewire\Features\SupportPageComponents\PageComponentConfig))
#36 C:\xampp\htdocs\site_iuhm\vendor\laravel\framework\src\Illuminate\Container\BoundMethod.php(36): Livewire\Component->[39;22m[39;1m__invoke()
#37 C:\xampp\htdocs\site_iuhm\vendor\laravel\framework\src\Illuminate\Container\Util.php(43): Illuminate\Container\BoundMethod::{closure:Illuminate\Container\BoundMethod::call():35}()
#38 C:\xampp\htdocs\site_iuhm\vendor\laravel\framework\src\Illuminate\Container\BoundMethod.php(96): Illuminate\Container\Util::unwrapIfClosure(Object(Closure))
#39 C:\xampp\htdocs\site_iuhm\vendor\laravel\framework\src\Illuminate\Container\BoundMethod.php(35): Illuminate\Container\BoundMethod::callBoundMethod(Object(Illuminate\Foundation\Application), Array, Object(Closure))
#40 C:\xampp\htdocs\site_iuhm\vendor\laravel\framework\src\Illuminate\Container\Container.php(799): Illuminate\Container\BoundMethod::call(Object(Illuminate\Foundation\Application), Array, Array, NULL)
#41 C:\xampp\htdocs\site_iuhm\vendor\livewire\livewire\src\Mechanisms\HandleRouting\LivewirePageController.php(15): Illuminate\Container\Container->call(Array)
#42 C:\xampp\htdocs\site_iuhm\vendor\laravel\framework\src\Illuminate\Routing\ControllerDispatcher.php(46): Livewire\Mechanisms\HandleRouting\LivewirePageController->__invoke(Object(App\Models\Team))
#43 C:\xampp\htdocs\site_iuhm\vendor\laravel\framework\src\Illuminate\Routing\Route.php(269): Illuminate\Routing\ControllerDispatcher->dispatch(Object(Illuminate\Routing\Route), Object(Livewire\Mechanisms\HandleRouting\LivewirePageController), '__invoke')
#44 C:\xampp\htdocs\site_iuhm\vendor\laravel\framework\src\Illuminate\Routing\Route.php(215): Illuminate\Routing\Route->runController()
#45 C:\xampp\htdocs\site_iuhm\vendor\laravel\framework\src\Illuminate\Routing\Router.php(822): Illuminate\Routing\Route->run()
#46 C:\xampp\htdocs\site_iuhm\vendor\laravel\framework\src\Illuminate\Pipeline\Pipeline.php(180): Illuminate\Routing\Router->{closure:Illuminate\Routing\Router::runRouteWithinStack():821}(Object(Illuminate\Http\Request))
#47 C:\xampp\htdocs\site_iuhm\app\Http\Middleware\EnsureTeamMembership.php(31): Illuminate\Pipeline\Pipeline->{closure:Illuminate\Pipeline\Pipeline::prepareDestination():178}(Object(Illuminate\Http\Request))
#48 C:\xampp\htdocs\site_iuhm\vendor\laravel\framework\src\Illuminate\Pipeline\Pipeline.php(219): App\Http\Middleware\EnsureTeamMembership->handle(Object(Illuminate\Http\Request), Object(Closure))
#49 C:\xampp\htdocs\site_iuhm\vendor\laravel\framework\src\Illuminate\Auth\Middleware\EnsureEmailIsVerified.php(41): Illuminate\Pipeline\Pipeline->{closure:{closure:Illuminate\Pipeline\Pipeline::carry():194}:195}(Object(Illuminate\Http\Request))
#50 C:\xampp\htdocs\site_iuhm\vendor\laravel\framework\src\Illuminate\Pipeline\Pipeline.php(219): Illuminate\Auth\Middleware\EnsureEmailIsVerified->handle(Object(Illuminate\Http\Request), Object(Closure))
#51 C:\xampp\htdocs\site_iuhm\app\Http\Middleware\SetTeamUrlDefaults.php(26): Illuminate\Pipeline\Pipeline->{closure:{closure:Illuminate\Pipeline\Pipeline::carry():194}:195}(Object(Illuminate\Http\Request))
#52 C:\xampp\htdocs\site_iuhm\vendor\laravel\framework\src\Illuminate\Pipeline\Pipeline.php(219): App\Http\Middleware\SetTeamUrlDefaults->handle(Object(Illuminate\Http\Request), Object(Closure))
#53 C:\xampp\htdocs\site_iuhm\app\Http\Middleware\SetLocale.php(28): Illuminate\Pipeline\Pipeline->{closure:{closure:Illuminate\Pipeline\Pipeline::carry():194}:195}(Object(Illuminate\Http\Request))
#54 C:\xampp\htdocs\site_iuhm\vendor\laravel\framework\src\Illuminate\Pipeline\Pipeline.php(219): App\Http\Middleware\SetLocale->handle(Object(Illuminate\Http\Request), Object(Closure))
#55 C:\xampp\htdocs\site_iuhm\vendor\laravel\framework\src\Illuminate\Routing\Middleware\SubstituteBindings.php(52): Illuminate\Pipeline\Pipeline->{closure:{closure:Illuminate\Pipeline\Pipeline::carry():194}:195}(Object(Illuminate\Http\Request))
#56 C:\xampp\htdocs\site_iuhm\vendor\laravel\framework\src\Illuminate\Pipeline\Pipeline.php(219): Illuminate\Routing\Middleware\SubstituteBindings->handle(Object(Illuminate\Http\Request), Object(Closure))
#57 C:\xampp\htdocs\site_iuhm\vendor\laravel\framework\src\Illuminate\Auth\Middleware\Authenticate.php(63): Illuminate\Pipeline\Pipeline->{closure:{closure:Illuminate\Pipeline\Pipeline::carry():194}:195}(Object(Illuminate\Http\Request))
#58 C:\xampp\htdocs\site_iuhm\vendor\laravel\framework\src\Illuminate\Pipeline\Pipeline.php(219): Illuminate\Auth\Middleware\Authenticate->handle(Object(Illuminate\Http\Request), Object(Closure))
#59 C:\xampp\htdocs\site_iuhm\vendor\laravel\framework\src\Illuminate\Foundation\Http\Middleware\PreventRequestForgery.php(104): Illuminate\Pipeline\Pipeline->{closure:{closure:Illuminate\Pipeline\Pipeline::carry():194}:195}(Object(Illuminate\Http\Request))
#60 C:\xampp\htdocs\site_iuhm\vendor\laravel\framework\src\Illuminate\Pipeline\Pipeline.php(219): Illuminate\Foundation\Http\Middleware\PreventRequestForgery->handle(Object(Illuminate\Http\Request), Object(Closure))
#61 C:\xampp\htdocs\site_iuhm\vendor\laravel\framework\src\Illuminate\View\Middleware\ShareErrorsFromSession.php(48): Illuminate\Pipeline\Pipeline->{closure:{closure:Illuminate\Pipeline\Pipeline::carry():194}:195}(Object(Illuminate\Http\Request))
#62 C:\xampp\htdocs\site_iuhm\vendor\laravel\framework\src\Illuminate\Pipeline\Pipeline.php(219): Illuminate\View\Middleware\ShareErrorsFromSession->handle(Object(Illuminate\Http\Request), Object(Closure))
#63 C:\xampp\htdocs\site_iuhm\vendor\laravel\framework\src\Illuminate\Session\Middleware\StartSession.php(120): Illuminate\Pipeline\Pipeline->{closure:{closure:Illuminate\Pipeline\Pipeline::carry():194}:195}(Object(Illuminate\Http\Request))
#64 C:\xampp\htdocs\site_iuhm\vendor\laravel\framework\src\Illuminate\Session\Middleware\StartSession.php(63): Illuminate\Session\Middleware\StartSession->handleStatefulRequest(Object(Illuminate\Http\Request), Object(Illuminate\Session\Store), Object(Closure))
#65 C:\xampp\htdocs\site_iuhm\vendor\laravel\framework\src\Illuminate\Pipeline\Pipeline.php(219): Illuminate\Session\Middleware\StartSession->handle(Object(Illuminate\Http\Request), Object(Closure))
#66 C:\xampp\htdocs\site_iuhm\vendor\laravel\framework\src\Illuminate\Cookie\Middleware\AddQueuedCookiesToResponse.php(36): Illuminate\Pipeline\Pipeline->{closure:{closure:Illuminate\Pipeline\Pipeline::carry():194}:195}(Object(Illuminate\Http\Request))
#67 C:\xampp\htdocs\site_iuhm\vendor\laravel\framework\src\Illuminate\Pipeline\Pipeline.php(219): Illuminate\Cookie\Middleware\AddQueuedCookiesToResponse->handle(Object(Illuminate\Http\Request), Object(Closure))
#68 C:\xampp\htdocs\site_iuhm\vendor\laravel\framework\src\Illuminate\Cookie\Middleware\EncryptCookies.php(74): Illuminate\Pipeline\Pipeline->{closure:{closure:Illuminate\Pipeline\Pipeline::carry():194}:195}(Object(Illuminate\Http\Request))
#69 C:\xampp\htdocs\site_iuhm\vendor\laravel\framework\src\Illuminate\Pipeline\Pipeline.php(219): Illuminate\Cookie\Middleware\EncryptCookies->handle(Object(Illuminate\Http\Request), Object(Closure))
#70 C:\xampp\htdocs\site_iuhm\vendor\laravel\framework\src\Illuminate\Pipeline\Pipeline.php(137): Illuminate\Pipeline\Pipeline->{closure:{closure:Illuminate\Pipeline\Pipeline::carry():194}:195}(Object(Illuminate\Http\Request))
#71 C:\xampp\htdocs\site_iuhm\vendor\laravel\framework\src\Illuminate\Routing\Router.php(821): Illuminate\Pipeline\Pipeline->then(Object(Closure))
#72 C:\xampp\htdocs\site_iuhm\vendor\laravel\framework\src\Illuminate\Routing\Router.php(800): Illuminate\Routing\Router->runRouteWithinStack(Object(Illuminate\Routing\Route), Object(Illuminate\Http\Request))
#73 C:\xampp\htdocs\site_iuhm\vendor\laravel\framework\src\Illuminate\Routing\Router.php(764): Illuminate\Routing\Router->runRoute(Object(Illuminate\Http\Request), Object(Illuminate\Routing\Route))
#74 C:\xampp\htdocs\site_iuhm\vendor\laravel\framework\src\Illuminate\Routing\Router.php(753): Illuminate\Routing\Router->dispatchToRoute(Object(Illuminate\Http\Request))
#75 C:\xampp\htdocs\site_iuhm\vendor\laravel\framework\src\Illuminate\Foundation\Http\Kernel.php(200): Illuminate\Routing\Router->dispatch(Object(Illuminate\Http\Request))
#76 C:\xampp\htdocs\site_iuhm\vendor\laravel\framework\src\Illuminate\Pipeline\Pipeline.php(180): Illuminate\Foundation\Http\Kernel->{closure:Illuminate\Foundation\Http\Kernel::dispatchToRouter():197}(Object(Illuminate\Http\Request))
#77 C:\xampp\htdocs\site_iuhm\vendor\livewire\livewire\src\Features\SupportDisablingBackButtonCache\DisableBackButtonCacheMiddleware.php(19): Illuminate\Pipeline\Pipeline->{closure:Illuminate\Pipeline\Pipeline::prepareDestination():178}(Object(Illuminate\Http\Request))
#78 C:\xampp\htdocs\site_iuhm\vendor\laravel\framework\src\Illuminate\Pipeline\Pipeline.php(219): Livewire\Features\SupportDisablingBackButtonCache\DisableBackButtonCacheMiddleware->handle(Object(Illuminate\Http\Request), Object(Closure))
#79 C:\xampp\htdocs\site_iuhm\vendor\laravel\framework\src\Illuminate\Foundation\Http\Middleware\TransformsRequest.php(21): Illuminate\Pipeline\Pipeline->{closure:{closure:Illuminate\Pipeline\Pipeline::carry():194}:195}(Object(Illuminate\Http\Request))
#80 C:\xampp\htdocs\site_iuhm\vendor\laravel\framework\src\Illuminate\Foundation\Http\Middleware\ConvertEmptyStringsToNull.php(31): Illuminate\Foundation\Http\Middleware\TransformsRequest->handle(Object(Illuminate\Http\Request), Object(Closure))
#81 C:\xampp\htdocs\site_iuhm\vendor\laravel\framework\src\Illuminate\Pipeline\Pipeline.php(219): Illuminate\Foundation\Http\Middleware\ConvertEmptyStringsToNull->handle(Object(Illuminate\Http\Request), Object(Closure))
#82 C:\xampp\htdocs\site_iuhm\vendor\laravel\framework\src\Illuminate\Foundation\Http\Middleware\TransformsRequest.php(21): Illuminate\Pipeline\Pipeline->{closure:{closure:Illuminate\Pipeline\Pipeline::carry():194}:195}(Object(Illuminate\Http\Request))
#83 C:\xampp\htdocs\site_iuhm\vendor\laravel\framework\src\Illuminate\Foundation\Http\Middleware\TrimStrings.php(51): Illuminate\Foundation\Http\Middleware\TransformsRequest->handle(Object(Illuminate\Http\Request), Object(Closure))
#84 C:\xampp\htdocs\site_iuhm\vendor\laravel\framework\src\Illuminate\Pipeline\Pipeline.php(219): Illuminate\Foundation\Http\Middleware\TrimStrings->handle(Object(Illuminate\Http\Request), Object(Closure))
#85 C:\xampp\htdocs\site_iuhm\vendor\laravel\framework\src\Illuminate\Http\Middleware\ValidatePostSize.php(27): Illuminate\Pipeline\Pipeline->{closure:{closure:Illuminate\Pipeline\Pipeline::carry():194}:195}(Object(Illuminate\Http\Request))
#86 C:\xampp\htdocs\site_iuhm\vendor\laravel\framework\src\Illuminate\Pipeline\Pipeline.php(219): Illuminate\Http\Middleware\ValidatePostSize->handle(Object(Illuminate\Http\Request), Object(Closure))
#87 C:\xampp\htdocs\site_iuhm\vendor\laravel\framework\src\Illuminate\Foundation\Http\Middleware\PreventRequestsDuringMaintenance.php(109): Illuminate\Pipeline\Pipeline->{closure:{closure:Illuminate\Pipeline\Pipeline::carry():194}:195}(Object(Illuminate\Http\Request))
#88 C:\xampp\htdocs\site_iuhm\vendor\laravel\framework\src\Illuminate\Pipeline\Pipeline.php(219): Illuminate\Foundation\Http\Middleware\PreventRequestsDuringMaintenance->handle(Object(Illuminate\Http\Request), Object(Closure))
#89 C:\xampp\htdocs\site_iuhm\vendor\laravel\framework\src\Illuminate\Http\Middleware\HandleCors.php(61): Illuminate\Pipeline\Pipeline->{closure:{closure:Illuminate\Pipeline\Pipeline::carry():194}:195}(Object(Illuminate\Http\Request))
#90 C:\xampp\htdocs\site_iuhm\vendor\laravel\framework\src\Illuminate\Pipeline\Pipeline.php(219): Illuminate\Http\Middleware\HandleCors->handle(Object(Illuminate\Http\Request), Object(Closure))
#91 C:\xampp\htdocs\site_iuhm\vendor\laravel\framework\src\Illuminate\Http\Middleware\TrustProxies.php(58): Illuminate\Pipeline\Pipeline->{closure:{closure:Illuminate\Pipeline\Pipeline::carry():194}:195}(Object(Illuminate\Http\Request))
#92 C:\xampp\htdocs\site_iuhm\vendor\laravel\framework\src\Illuminate\Pipeline\Pipeline.php(219): Illuminate\Http\Middleware\TrustProxies->handle(Object(Illuminate\Http\Request), Object(Closure))
#93 C:\xampp\htdocs\site_iuhm\vendor\laravel\framework\src\Illuminate\Foundation\Http\Middleware\InvokeDeferredCallbacks.php(22): Illuminate\Pipeline\Pipeline->{closure:{closure:Illuminate\Pipeline\Pipeline::carry():194}:195}(Object(Illuminate\Http\Request))
#94 C:\xampp\htdocs\site_iuhm\vendor\laravel\framework\src\Illuminate\Pipeline\Pipeline.php(219): Illuminate\Foundation\Http\Middleware\InvokeDeferredCallbacks->handle(Object(Illuminate\Http\Request), Object(Closure))
#95 C:\xampp\htdocs\site_iuhm\vendor\laravel\framework\src\Illuminate\Http\Middleware\ValidatePathEncoding.php(28): Illuminate\Pipeline\Pipeline->{closure:{closure:Illuminate\Pipeline\Pipeline::carry():194}:195}(Object(Illuminate\Http\Request))
#96 C:\xampp\htdocs\site_iuhm\vendor\laravel\framework\src\Illuminate\Pipeline\Pipeline.php(219): Illuminate\Http\Middleware\ValidatePathEncoding->handle(Object(Illuminate\Http\Request), Object(Closure))
#97 C:\xampp\htdocs\site_iuhm\vendor\laravel\framework\src\Illuminate\Pipeline\Pipeline.php(137): Illuminate\Pipeline\Pipeline->{closure:{closure:Illuminate\Pipeline\Pipeline::carry():194}:195}(Object(Illuminate\Http\Request))
#98 C:\xampp\htdocs\site_iuhm\vendor\laravel\framework\src\Illuminate\Foundation\Http\Kernel.php(175): Illuminate\Pipeline\Pipeline->then(Object(Closure))
#99 C:\xampp\htdocs\site_iuhm\vendor\laravel\framework\src\Illuminate\Foundation\Http\Kernel.php(144): Illuminate\Foundation\Http\Kernel->sendRequestThroughRouter(Object(Illuminate\Http\Request))
#100 C:\xampp\htdocs\site_iuhm\vendor\laravel\framework\src\Illuminate\Foundation\Testing\Concerns\MakesHttpRequests.php(607): Illuminate\Foundation\Http\Kernel->handle(Object(Illuminate\Http\Request))
#101 C:\xampp\htdocs\site_iuhm\vendor\laravel\framework\src\Illuminate\Foundation\Testing\Concerns\MakesHttpRequests.php(368): Illuminate\Foundation\Testing\TestCase->call('GET', 'http://localhos...', Array, Array, Array, Array)
#102 C:\xampp\htdocs\site_iuhm\tests\Feature\Teams\TeamTest.php(73): Illuminate\Foundation\Testing\TestCase->get('http://localhos...')
#103 C:\xampp\htdocs\site_iuhm\vendor\phpunit\phpunit\src\Framework\TestCase.php(1335): Tests\Feature\Teams\TeamTest->test_team_edit_page_can_be_rendered()
#104 C:\xampp\htdocs\site_iuhm\vendor\phpunit\phpunit\src\Framework\TestCase.php(519): PHPUnit\Framework\TestCase->runTest()
#105 C:\xampp\htdocs\site_iuhm\vendor\phpunit\phpunit\src\Framework\TestRunner\TestRunner.php(99): PHPUnit\Framework\TestCase->runBare()
#106 C:\xampp\htdocs\site_iuhm\vendor\phpunit\phpunit\src\Framework\TestCase.php(359): PHPUnit\Framework\TestRunner->run(Object(Tests\Feature\Teams\TeamTest))
#107 C:\xampp\htdocs\site_iuhm\vendor\phpunit\phpunit\src\Framework\TestSuite.php(374): PHPUnit\Framework\TestCase->run()
#108 C:\xampp\htdocs\site_iuhm\vendor\phpunit\phpunit\src\Framework\TestSuite.php(374): PHPUnit\Framework\TestSuite->run()
#109 C:\xampp\htdocs\site_iuhm\vendor\phpunit\phpunit\src\Framework\TestSuite.php(374): PHPUnit\Framework\TestSuite->run()
#110 C:\xampp\htdocs\site_iuhm\vendor\phpunit\phpunit\src\TextUI\TestRunner.php(64): PHPUnit\Framework\TestSuite->run()
#111 C:\xampp\htdocs\site_iuhm\vendor\phpunit\phpunit\src\TextUI\Application.php(229): PHPUnit\TextUI\TestRunner->run(Object(PHPUnit\TextUI\Configuration\Configuration), Object(PHPUnit\Runner\ResultCache\DefaultResultCache), Object(PHPUnit\Framework\TestSuite))
#112 C:\xampp\htdocs\site_iuhm\vendor\phpunit\phpunit\phpunit(104): PHPUnit\TextUI\Application->run(Array)
#113 {main}

Next Illuminate\View\ViewException: Undefined variable $navigationPages (View: C:\xampp\htdocs\site_iuhm\resources\views\partials\header.blade.php) in C:\xampp\htdocs\site_iuhm\storage\framework\views\7051f6576562b2dc7a02a46a651d2c4e.php:19
Stack trace:
#0 C:\xampp\htdocs\site_iuhm\vendor\livewire\livewire\src\Mechanisms\ExtendBlade\ExtendedCompilerEngine.php(58): Illuminate\View\Engines\CompilerEngine->handleViewException(Object(ErrorException), 3)
#1 C:\xampp\htdocs\site_iuhm\vendor\laravel\framework\src\Illuminate\View\Engines\PhpEngine.php(59): Livewire\Mechanisms\ExtendBlade\ExtendedCompilerEngine->handleViewException(Object(ErrorException), 3)
#2 C:\xampp\htdocs\site_iuhm\vendor\livewire\livewire\src\Mechanisms\ExtendBlade\ExtendedCompilerEngine.php(22): Illuminate\View\Engines\PhpEngine->evaluatePath('C:\\xampp\\htdocs...', Array)
#3 C:\xampp\htdocs\site_iuhm\vendor\laravel\framework\src\Illuminate\View\Engines\CompilerEngine.php(76): Livewire\Mechanisms\ExtendBlade\ExtendedCompilerEngine->evaluatePath('C:\\xampp\\htdocs...', Array)
#4 C:\xampp\htdocs\site_iuhm\vendor\livewire\livewire\src\Mechanisms\ExtendBlade\ExtendedCompilerEngine.php(10): Illuminate\View\Engines\CompilerEngine->get('C:\\xampp\\htdocs...', Array)
#5 C:\xampp\htdocs\site_iuhm\vendor\laravel\framework\src\Illuminate\View\View.php(208): Livewire\Mechanisms\ExtendBlade\ExtendedCompilerEngine->get('C:\\xampp\\htdocs...', Array)
#6 C:\xampp\htdocs\site_iuhm\vendor\laravel\framework\src\Illuminate\View\View.php(191): Illuminate\View\View->getContents()
#7 C:\xampp\htdocs\site_iuhm\vendor\laravel\framework\src\Illuminate\View\View.php(160): Illuminate\View\View->renderContents()
#8 C:\xampp\htdocs\site_iuhm\storage\framework\views\4371cdfbde3995413764711384cce958.php(19): Illuminate\View\View->render()
#9 C:\xampp\htdocs\site_iuhm\vendor\laravel\framework\src\Illuminate\Filesystem\Filesystem.php(123): require('C:\\xampp\\htdocs...')
#10 C:\xampp\htdocs\site_iuhm\vendor\laravel\framework\src\Illuminate\Filesystem\Filesystem.php(124): Illuminate\Filesystem\Filesystem::{closure:Illuminate\Filesystem\Filesystem::getRequire():120}()
#11 C:\xampp\htdocs\site_iuhm\vendor\laravel\framework\src\Illuminate\View\Engines\PhpEngine.php(57): Illuminate\Filesystem\Filesystem->getRequire('C:\\xampp\\htdocs...', Array)
#12 C:\xampp\htdocs\site_iuhm\vendor\livewire\livewire\src\Mechanisms\ExtendBlade\ExtendedCompilerEngine.php(22): Illuminate\View\Engines\PhpEngine->evaluatePath('C:\\xampp\\htdocs...', Array)
#13 C:\xampp\htdocs\site_iuhm\vendor\laravel\framework\src\Illuminate\View\Engines\CompilerEngine.php(76): Livewire\Mechanisms\ExtendBlade\ExtendedCompilerEngine->evaluatePath('C:\\xampp\\htdocs...', Array)
#14 C:\xampp\htdocs\site_iuhm\vendor\livewire\livewire\src\Mechanisms\ExtendBlade\ExtendedCompilerEngine.php(10): Illuminate\View\Engines\CompilerEngine->get('C:\\xampp\\htdocs...', Array)
#15 C:\xampp\htdocs\site_iuhm\vendor\laravel\framework\src\Illuminate\View\View.php(208): Livewire\Mechanisms\ExtendBlade\ExtendedCompilerEngine->get('C:\\xampp\\htdocs...', Array)
#16 C:\xampp\htdocs\site_iuhm\vendor\laravel\framework\src\Illuminate\View\View.php(191): Illuminate\View\View->getContents()
#17 C:\xampp\htdocs\site_iuhm\vendor\laravel\framework\src\Illuminate\View\View.php(160): Illuminate\View\View->renderContents()
#18 C:\xampp\htdocs\site_iuhm\vendor\laravel\framework\src\Illuminate\View\Concerns\ManagesComponents.php(103): Illuminate\View\View->render()
#19 C:\xampp\htdocs\site_iuhm\storage\framework\views\7deb94de6e2eb6551b8bc95535a64c72.php(17): Illuminate\View\Factory->renderComponent()
#20 C:\xampp\htdocs\site_iuhm\vendor\laravel\framework\src\Illuminate\Filesystem\Filesystem.php(123): require('C:\\xampp\\htdocs...')
#21 C:\xampp\htdocs\site_iuhm\vendor\laravel\framework\src\Illuminate\Filesystem\Filesystem.php(124): Illuminate\Filesystem\Filesystem::{closure:Illuminate\Filesystem\Filesystem::getRequire():120}()
#22 C:\xampp\htdocs\site_iuhm\vendor\laravel\framework\src\Illuminate\View\Engines\PhpEngine.php(57): Illuminate\Filesystem\Filesystem->getRequire('C:\\xampp\\htdocs...', Array)
#23 C:\xampp\htdocs\site_iuhm\vendor\livewire\livewire\src\Mechanisms\ExtendBlade\ExtendedCompilerEngine.php(22): Illuminate\View\Engines\PhpEngine->evaluatePath('C:\\xampp\\htdocs...', Array)
#24 C:\xampp\htdocs\site_iuhm\vendor\laravel\framework\src\Illuminate\View\Engines\CompilerEngine.php(76): Livewire\Mechanisms\ExtendBlade\ExtendedCompilerEngine->evaluatePath('C:\\xampp\\htdocs...', Array)
#25 C:\xampp\htdocs\site_iuhm\vendor\livewire\livewire\src\Mechanisms\ExtendBlade\ExtendedCompilerEngine.php(10): Illuminate\View\Engines\CompilerEngine->get('C:\\xampp\\htdocs...', Array)
#26 C:\xampp\htdocs\site_iuhm\vendor\laravel\framework\src\Illuminate\View\View.php(208): Livewire\Mechanisms\ExtendBlade\ExtendedCompilerEngine->get('C:\\xampp\\htdocs...', Array)
#27 C:\xampp\htdocs\site_iuhm\vendor\laravel\framework\src\Illuminate\View\View.php(191): Illuminate\View\View->getContents()
#28 C:\xampp\htdocs\site_iuhm\vendor\laravel\framework\src\Illuminate\View\View.php(160): Illuminate\View\View->renderContents()
#29 C:\xampp\htdocs\site_iuhm\vendor\laravel\framework\src\Illuminate\View\Compilers\BladeCompiler.php(353): Illuminate\View\View->render()
#30 C:\xampp\htdocs\site_iuhm\vendor\laravel\framework\src\Illuminate\Support\Facades\Facade.php(363): Illuminate\View\Compilers\BladeCompiler::render('    <?php $layo...', Array)
#31 C:\xampp\htdocs\site_iuhm\vendor\livewire\livewire\src\Features\SupportPageComponents\SupportPageComponents.php(162): Illuminate\Support\Facades\Facade::__callStatic('render', Array)
#32 C:\xampp\htdocs\site_iuhm\vendor\livewire\livewire\src\Features\SupportPageComponents\HandlesPageComponents.php(26): Livewire\Features\SupportPageComponents\SupportPageComponents::renderContentsIntoLayout('[39;22m[39;1m<section wire:s...', Object(Livewire\Features\SupportPageComponents\PageComponentConfig))
#33 C:\xampp\htdocs\site_iuhm\vendor\laravel\framework\src\Illuminate\Container\BoundMethod.php(36): Livewire\Component->[39;22m[39;1m__invoke()
#34 C:\xampp\htdocs\site_iuhm\vendor\laravel\framework\src\Illuminate\Container\Util.php(43): Illuminate\Container\BoundMethod::{closure:Illuminate\Container\BoundMethod::call():35}()
#35 C:\xampp\htdocs\site_iuhm\vendor\laravel\framework\src\Illuminate\Container\BoundMethod.php(96): Illuminate\Container\Util::unwrapIfClosure(Object(Closure))
#36 C:\xampp\htdocs\site_iuhm\vendor\laravel\framework\src\Illuminate\Container\BoundMethod.php(35): Illuminate\Container\BoundMethod::callBoundMethod(Object(Illuminate\Foundation\Application), Array, Object(Closure))
#37 C:\xampp\htdocs\site_iuhm\vendor\laravel\framework\src\Illuminate\Container\Container.php(799): Illuminate\Container\BoundMethod::call(Object(Illuminate\Foundation\Application), Array, Array, NULL)
#38 C:\xampp\htdocs\site_iuhm\vendor\livewire\livewire\src\Mechanisms\HandleRouting\LivewirePageController.php(15): Illuminate\Container\Container->call(Array)
#39 C:\xampp\htdocs\site_iuhm\vendor\laravel\framework\src\Illuminate\Routing\ControllerDispatcher.php(46): Livewire\Mechanisms\HandleRouting\LivewirePageController->__invoke(Object(App\Models\Team))
#40 C:\xampp\htdocs\site_iuhm\vendor\laravel\framework\src\Illuminate\Routing\Route.php(269): Illuminate\Routing\ControllerDispatcher->dispatch(Object(Illuminate\Routing\Route), Object(Livewire\Mechanisms\HandleRouting\LivewirePageController), '__invoke')
#41 C:\xampp\htdocs\site_iuhm\vendor\laravel\framework\src\Illuminate\Routing\Route.php(215): Illuminate\Routing\Route->runController()
#42 C:\xampp\htdocs\site_iuhm\vendor\laravel\framework\src\Illuminate\Routing\Router.php(822): Illuminate\Routing\Route->run()
#43 C:\xampp\htdocs\site_iuhm\vendor\laravel\framework\src\Illuminate\Pipeline\Pipeline.php(180): Illuminate\Routing\Router->{closure:Illuminate\Routing\Router::runRouteWithinStack():821}(Object(Illuminate\Http\Request))
#44 C:\xampp\htdocs\site_iuhm\app\Http\Middleware\EnsureTeamMembership.php(31): Illuminate\Pipeline\Pipeline->{closure:Illuminate\Pipeline\Pipeline::prepareDestination():178}(Object(Illuminate\Http\Request))
#45 C:\xampp\htdocs\site_iuhm\vendor\laravel\framework\src\Illuminate\Pipeline\Pipeline.php(219): App\Http\Middleware\EnsureTeamMembership->handle(Object(Illuminate\Http\Request), Object(Closure))
#46 C:\xampp\htdocs\site_iuhm\vendor\laravel\framework\src\Illuminate\Auth\Middleware\EnsureEmailIsVerified.php(41): Illuminate\Pipeline\Pipeline->{closure:{closure:Illuminate\Pipeline\Pipeline::carry():194}:195}(Object(Illuminate\Http\Request))
#47 C:\xampp\htdocs\site_iuhm\vendor\laravel\framework\src\Illuminate\Pipeline\Pipeline.php(219): Illuminate\Auth\Middleware\EnsureEmailIsVerified->handle(Object(Illuminate\Http\Request), Object(Closure))
#48 C:\xampp\htdocs\site_iuhm\app\Http\Middleware\SetTeamUrlDefaults.php(26): Illuminate\Pipeline\Pipeline->{closure:{closure:Illuminate\Pipeline\Pipeline::carry():194}:195}(Object(Illuminate\Http\Request))
#49 C:\xampp\htdocs\site_iuhm\vendor\laravel\framework\src\Illuminate\Pipeline\Pipeline.php(219): App\Http\Middleware\SetTeamUrlDefaults->handle(Object(Illuminate\Http\Request), Object(Closure))
#50 C:\xampp\htdocs\site_iuhm\app\Http\Middleware\SetLocale.php(28): Illuminate\Pipeline\Pipeline->{closure:{closure:Illuminate\Pipeline\Pipeline::carry():194}:195}(Object(Illuminate\Http\Request))
#51 C:\xampp\htdocs\site_iuhm\vendor\laravel\framework\src\Illuminate\Pipeline\Pipeline.php(219): App\Http\Middleware\SetLocale->handle(Object(Illuminate\Http\Request), Object(Closure))
#52 C:\xampp\htdocs\site_iuhm\vendor\laravel\framework\src\Illuminate\Routing\Middleware\SubstituteBindings.php(52): Illuminate\Pipeline\Pipeline->{closure:{closure:Illuminate\Pipeline\Pipeline::carry():194}:195}(Object(Illuminate\Http\Request))
#53 C:\xampp\htdocs\site_iuhm\vendor\laravel\framework\src\Illuminate\Pipeline\Pipeline.php(219): Illuminate\Routing\Middleware\SubstituteBindings->handle(Object(Illuminate\Http\Request), Object(Closure))
#54 C:\xampp\htdocs\site_iuhm\vendor\laravel\framework\src\Illuminate\Auth\Middleware\Authenticate.php(63): Illuminate\Pipeline\Pipeline->{closure:{closure:Illuminate\Pipeline\Pipeline::carry():194}:195}(Object(Illuminate\Http\Request))
#55 C:\xampp\htdocs\site_iuhm\vendor\laravel\framework\src\Illuminate\Pipeline\Pipeline.php(219): Illuminate\Auth\Middleware\Authenticate->handle(Object(Illuminate\Http\Request), Object(Closure))
#56 C:\xampp\htdocs\site_iuhm\vendor\laravel\framework\src\Illuminate\Foundation\Http\Middleware\PreventRequestForgery.php(104): Illuminate\Pipeline\Pipeline->{closure:{closure:Illuminate\Pipeline\Pipeline::carry():194}:195}(Object(Illuminate\Http\Request))
#57 C:\xampp\htdocs\site_iuhm\vendor\laravel\framework\src\Illuminate\Pipeline\Pipeline.php(219): Illuminate\Foundation\Http\Middleware\PreventRequestForgery->handle(Object(Illuminate\Http\Request), Object(Closure))
#58 C:\xampp\htdocs\site_iuhm\vendor\laravel\framework\src\Illuminate\View\Middleware\ShareErrorsFromSession.php(48): Illuminate\Pipeline\Pipeline->{closure:{closure:Illuminate\Pipeline\Pipeline::carry():194}:195}(Object(Illuminate\Http\Request))
#59 C:\xampp\htdocs\site_iuhm\vendor\laravel\framework\src\Illuminate\Pipeline\Pipeline.php(219): Illuminate\View\Middleware\ShareErrorsFromSession->handle(Object(Illuminate\Http\Request), Object(Closure))
#60 C:\xampp\htdocs\site_iuhm\vendor\laravel\framework\src\Illuminate\Session\Middleware\StartSession.php(120): Illuminate\Pipeline\Pipeline->{closure:{closure:Illuminate\Pipeline\Pipeline::carry():194}:195}(Object(Illuminate\Http\Request))
#61 C:\xampp\htdocs\site_iuhm\vendor\laravel\framework\src\Illuminate\Session\Middleware\StartSession.php(63): Illuminate\Session\Middleware\StartSession->handleStatefulRequest(Object(Illuminate\Http\Request), Object(Illuminate\Session\Store), Object(Closure))
#62 C:\xampp\htdocs\site_iuhm\vendor\laravel\framework\src\Illuminate\Pipeline\Pipeline.php(219): Illuminate\Session\Middleware\StartSession->handle(Object(Illuminate\Http\Request), Object(Closure))
#63 C:\xampp\htdocs\site_iuhm\vendor\laravel\framework\src\Illuminate\Cookie\Middleware\AddQueuedCookiesToResponse.php(36): Illuminate\Pipeline\Pipeline->{closure:{closure:Illuminate\Pipeline\Pipeline::carry():194}:195}(Object(Illuminate\Http\Request))
#64 C:\xampp\htdocs\site_iuhm\vendor\laravel\framework\src\Illuminate\Pipeline\Pipeline.php(219): Illuminate\Cookie\Middleware\AddQueuedCookiesToResponse->handle(Object(Illuminate\Http\Request), Object(Closure))
#65 C:\xampp\htdocs\site_iuhm\vendor\laravel\framework\src\Illuminate\Cookie\Middleware\EncryptCookies.php(74): Illuminate\Pipeline\Pipeline->{closure:{closure:Illuminate\Pipeline\Pipeline::carry():194}:195}(Object(Illuminate\Http\Request))
#66 C:\xampp\htdocs\site_iuhm\vendor\laravel\framework\src\Illuminate\Pipeline\Pipeline.php(219): Illuminate\Cookie\Middleware\EncryptCookies->handle(Object(Illuminate\Http\Request), Object(Closure))
#67 C:\xampp\htdocs\site_iuhm\vendor\laravel\framework\src\Illuminate\Pipeline\Pipeline.php(137): Illuminate\Pipeline\Pipeline->{closure:{closure:Illuminate\Pipeline\Pipeline::carry():194}:195}(Object(Illuminate\Http\Request))
#68 C:\xampp\htdocs\site_iuhm\vendor\laravel\framework\src\Illuminate\Routing\Router.php(821): Illuminate\Pipeline\Pipeline->then(Object(Closure))
#69 C:\xampp\htdocs\site_iuhm\vendor\laravel\framework\src\Illuminate\Routing\Router.php(800): Illuminate\Routing\Router->runRouteWithinStack(Object(Illuminate\Routing\Route), Object(Illuminate\Http\Request))
#70 C:\xampp\htdocs\site_iuhm\vendor\laravel\framework\src\Illuminate\Routing\Router.php(764): Illuminate\Routing\Router->runRoute(Object(Illuminate\Http\Request), Object(Illuminate\Routing\Route))
#71 C:\xampp\htdocs\site_iuhm\vendor\laravel\framework\src\Illuminate\Routing\Router.php(753): Illuminate\Routing\Router->dispatchToRoute(Object(Illuminate\Http\Request))
#72 C:\xampp\htdocs\site_iuhm\vendor\laravel\framework\src\Illuminate\Foundation\Http\Kernel.php(200): Illuminate\Routing\Router->dispatch(Object(Illuminate\Http\Request))
#73 C:\xampp\htdocs\site_iuhm\vendor\laravel\framework\src\Illuminate\Pipeline\Pipeline.php(180): Illuminate\Foundation\Http\Kernel->{closure:Illuminate\Foundation\Http\Kernel::dispatchToRouter():197}(Object(Illuminate\Http\Request))
#74 C:\xampp\htdocs\site_iuhm\vendor\livewire\livewire\src\Features\SupportDisablingBackButtonCache\DisableBackButtonCacheMiddleware.php(19): Illuminate\Pipeline\Pipeline->{closure:Illuminate\Pipeline\Pipeline::prepareDestination():178}(Object(Illuminate\Http\Request))
#75 C:\xampp\htdocs\site_iuhm\vendor\laravel\framework\src\Illuminate\Pipeline\Pipeline.php(219): Livewire\Features\SupportDisablingBackButtonCache\DisableBackButtonCacheMiddleware->handle(Object(Illuminate\Http\Request), Object(Closure))
#76 C:\xampp\htdocs\site_iuhm\vendor\laravel\framework\src\Illuminate\Foundation\Http\Middleware\TransformsRequest.php(21): Illuminate\Pipeline\Pipeline->{closure:{closure:Illuminate\Pipeline\Pipeline::carry():194}:195}(Object(Illuminate\Http\Request))
#77 C:\xampp\htdocs\site_iuhm\vendor\laravel\framework\src\Illuminate\Foundation\Http\Middleware\ConvertEmptyStringsToNull.php(31): Illuminate\Foundation\Http\Middleware\TransformsRequest->handle(Object(Illuminate\Http\Request), Object(Closure))
#78 C:\xampp\htdocs\site_iuhm\vendor\laravel\framework\src\Illuminate\Pipeline\Pipeline.php(219): Illuminate\Foundation\Http\Middleware\ConvertEmptyStringsToNull->handle(Object(Illuminate\Http\Request), Object(Closure))
#79 C:\xampp\htdocs\site_iuhm\vendor\laravel\framework\src\Illuminate\Foundation\Http\Middleware\TransformsRequest.php(21): Illuminate\Pipeline\Pipeline->{closure:{closure:Illuminate\Pipeline\Pipeline::carry():194}:195}(Object(Illuminate\Http\Request))
#80 C:\xampp\htdocs\site_iuhm\vendor\laravel\framework\src\Illuminate\Foundation\Http\Middleware\TrimStrings.php(51): Illuminate\Foundation\Http\Middleware\TransformsRequest->handle(Object(Illuminate\Http\Request), Object(Closure))
#81 C:\xampp\htdocs\site_iuhm\vendor\laravel\framework\src\Illuminate\Pipeline\Pipeline.php(219): Illuminate\Foundation\Http\Middleware\TrimStrings->handle(Object(Illuminate\Http\Request), Object(Closure))
#82 C:\xampp\htdocs\site_iuhm\vendor\laravel\framework\src\Illuminate\Http\Middleware\ValidatePostSize.php(27): Illuminate\Pipeline\Pipeline->{closure:{closure:Illuminate\Pipeline\Pipeline::carry():194}:195}(Object(Illuminate\Http\Request))
#83 C:\xampp\htdocs\site_iuhm\vendor\laravel\framework\src\Illuminate\Pipeline\Pipeline.php(219): Illuminate\Http\Middleware\ValidatePostSize->handle(Object(Illuminate\Http\Request), Object(Closure))
#84 C:\xampp\htdocs\site_iuhm\vendor\laravel\framework\src\Illuminate\Foundation\Http\Middleware\PreventRequestsDuringMaintenance.php(109): Illuminate\Pipeline\Pipeline->{closure:{closure:Illuminate\Pipeline\Pipeline::carry():194}:195}(Object(Illuminate\Http\Request))
#85 C:\xampp\htdocs\site_iuhm\vendor\laravel\framework\src\Illuminate\Pipeline\Pipeline.php(219): Illuminate\Foundation\Http\Middleware\PreventRequestsDuringMaintenance->handle(Object(Illuminate\Http\Request), Object(Closure))
#86 C:\xampp\htdocs\site_iuhm\vendor\laravel\framework\src\Illuminate\Http\Middleware\HandleCors.php(61): Illuminate\Pipeline\Pipeline->{closure:{closure:Illuminate\Pipeline\Pipeline::carry():194}:195}(Object(Illuminate\Http\Request))
#87 C:\xampp\htdocs\site_iuhm\vendor\laravel\framework\src\Illuminate\Pipeline\Pipeline.php(219): Illuminate\Http\Middleware\HandleCors->handle(Object(Illuminate\Http\Request), Object(Closure))
#88 C:\xampp\htdocs\site_iuhm\vendor\laravel\framework\src\Illuminate\Http\Middleware\TrustProxies.php(58): Illuminate\Pipeline\Pipeline->{closure:{closure:Illuminate\Pipeline\Pipeline::carry():194}:195}(Object(Illuminate\Http\Request))
#89 C:\xampp\htdocs\site_iuhm\vendor\laravel\framework\src\Illuminate\Pipeline\Pipeline.php(219): Illuminate\Http\Middleware\TrustProxies->handle(Object(Illuminate\Http\Request), Object(Closure))
#90 C:\xampp\htdocs\site_iuhm\vendor\laravel\framework\src\Illuminate\Foundation\Http\Middleware\InvokeDeferredCallbacks.php(22): Illuminate\Pipeline\Pipeline->{closure:{closure:Illuminate\Pipeline\Pipeline::carry():194}:195}(Object(Illuminate\Http\Request))
#91 C:\xampp\htdocs\site_iuhm\vendor\laravel\framework\src\Illuminate\Pipeline\Pipeline.php(219): Illuminate\Foundation\Http\Middleware\InvokeDeferredCallbacks->handle(Object(Illuminate\Http\Request), Object(Closure))
#92 C:\xampp\htdocs\site_iuhm\vendor\laravel\framework\src\Illuminate\Http\Middleware\ValidatePathEncoding.php(28): Illuminate\Pipeline\Pipeline->{closure:{closure:Illuminate\Pipeline\Pipeline::carry():194}:195}(Object(Illuminate\Http\Request))
#93 C:\xampp\htdocs\site_iuhm\vendor\laravel\framework\src\Illuminate\Pipeline\Pipeline.php(219): Illuminate\Http\Middleware\ValidatePathEncoding->handle(Object(Illuminate\Http\Request), Object(Closure))
#94 C:\xampp\htdocs\site_iuhm\vendor\laravel\framework\src\Illuminate\Pipeline\Pipeline.php(137): Illuminate\Pipeline\Pipeline->{closure:{closure:Illuminate\Pipeline\Pipeline::carry():194}:195}(Object(Illuminate\Http\Request))
#95 C:\xampp\htdocs\site_iuhm\vendor\laravel\framework\src\Illuminate\Foundation\Http\Kernel.php(175): Illuminate\Pipeline\Pipeline->then(Object(Closure))
#96 C:\xampp\htdocs\site_iuhm\vendor\laravel\framework\src\Illuminate\Foundation\Http\Kernel.php(144): Illuminate\Foundation\Http\Kernel->sendRequestThroughRouter(Object(Illuminate\Http\Request))
#97 C:\xampp\htdocs\site_iuhm\vendor\laravel\framework\src\Illuminate\Foundation\Testing\Concerns\MakesHttpRequests.php(607): Illuminate\Foundation\Http\Kernel->handle(Object(Illuminate\Http\Request))
#98 C:\xampp\htdocs\site_iuhm\vendor\laravel\framework\src\Illuminate\Foundation\Testing\Concerns\MakesHttpRequests.php(368): Illuminate\Foundation\Testing\TestCase->call('GET', 'http://localhos...', Array, Array, Array, Array)
#99 C:\xampp\htdocs\site_iuhm\tests\Feature\Teams\TeamTest.php(73): Illuminate\Foundation\Testing\TestCase->get('http://localhos...')
#100 C:\xampp\htdocs\site_iuhm\vendor\phpunit\phpunit\src\Framework\TestCase.php(1335): Tests\Feature\Teams\TeamTest->test_team_edit_page_can_be_rendered()
#101 C:\xampp\htdocs\site_iuhm\vendor\phpunit\phpunit\src\Framework\TestCase.php(519): PHPUnit\Framework\TestCase->runTest()
#102 C:\xampp\htdocs\site_iuhm\vendor\phpunit\phpunit\src\Framework\TestRunner\TestRunner.php(99): PHPUnit\Framework\TestCase->runBare()
#103 C:\xampp\htdocs\site_iuhm\vendor\phpunit\phpunit\src\Framework\TestCase.php(359): PHPUnit\Framework\TestRunner->run(Object(Tests\Feature\Teams\TeamTest))
#104 C:\xampp\htdocs\site_iuhm\vendor\phpunit\phpunit\src\Framework\TestSuite.php(374): PHPUnit\Framework\TestCase->run()
#105 C:\xampp\htdocs\site_iuhm\vendor\phpunit\phpunit\src\Framework\TestSuite.php(374): PHPUnit\Framework\TestSuite->run()
#106 C:\xampp\htdocs\site_iuhm\vendor\phpunit\phpunit\src\Framework\TestSuite.php(374): PHPUnit\Framework\TestSuite->run()
#107 C:\xampp\htdocs\site_iuhm\vendor\phpunit\phpunit\src\TextUI\TestRunner.php(64): PHPUnit\Framework\TestSuite->run()
#108 C:\xampp\htdocs\site_iuhm\vendor\phpunit\phpunit\src\TextUI\Application.php(229): PHPUnit\TextUI\TestRunner->run(Object(PHPUnit\TextUI\Configuration\Configuration), Object(PHPUnit\Runner\ResultCache\DefaultResultCache), Object(PHPUnit\Framework\TestSuite))
#109 C:\xampp\htdocs\site_iuhm\vendor\phpunit\phpunit\phpunit(104): PHPUnit\TextUI\Application->run(Array)
#110 {main}

Next Illuminate\View\ViewException: Undefined variable $navigationPages (View: C:\xampp\htdocs\site_iuhm\resources\views\partials\header.blade.php) (View: C:\xampp\htdocs\site_iuhm\resources\views\partials\header.blade.php) in C:\xampp\htdocs\site_iuhm\storage\framework\views\7051f6576562b2dc7a02a46a651d2c4e.php:19
Stack trace:
#0 C:\xampp\htdocs\site_iuhm\vendor\livewire\livewire\src\Mechanisms\ExtendBlade\ExtendedCompilerEngine.php(58): Illuminate\View\Engines\CompilerEngine->handleViewException(Object(Illuminate\View\ViewException), 2)
#1 C:\xampp\htdocs\site_iuhm\vendor\laravel\framework\src\Illuminate\View\Engines\PhpEngine.php(59): Livewire\Mechanisms\ExtendBlade\ExtendedCompilerEngine->handleViewException(Object(Illuminate\View\ViewException), 2)
#2 C:\xampp\htdocs\site_iuhm\vendor\livewire\livewire\src\Mechanisms\ExtendBlade\ExtendedCompilerEngine.php(22): Illuminate\View\Engines\PhpEngine->evaluatePath('C:\\xampp\\htdocs...', Array)
#3 C:\xampp\htdocs\site_iuhm\vendor\laravel\framework\src\Illuminate\View\Engines\CompilerEngine.php(76): Livewire\Mechanisms\ExtendBlade\ExtendedCompilerEngine->evaluatePath('C:\\xampp\\htdocs...', Array)
#4 C:\xampp\htdocs\site_iuhm\vendor\livewire\livewire\src\Mechanisms\ExtendBlade\ExtendedCompilerEngine.php(10): Illuminate\View\Engines\CompilerEngine->get('C:\\xampp\\htdocs...', Array)
#5 C:\xampp\htdocs\site_iuhm\vendor\laravel\framework\src\Illuminate\View\View.php(208): Livewire\Mechanisms\ExtendBlade\ExtendedCompilerEngine->get('C:\\xampp\\htdocs...', Array)
#6 C:\xampp\htdocs\site_iuhm\vendor\laravel\framework\src\Illuminate\View\View.php(191): Illuminate\View\View->getContents()
#7 C:\xampp\htdocs\site_iuhm\vendor\laravel\framework\src\Illuminate\View\View.php(160): Illuminate\View\View->renderContents()
#8 C:\xampp\htdocs\site_iuhm\vendor\laravel\framework\src\Illuminate\View\Concerns\ManagesComponents.php(103): Illuminate\View\View->render()
#9 C:\xampp\htdocs\site_iuhm\storage\framework\views\7deb94de6e2eb6551b8bc95535a64c72.php(17): Illuminate\View\Factory->renderComponent()
#10 C:\xampp\htdocs\site_iuhm\vendor\laravel\framework\src\Illuminate\Filesystem\Filesystem.php(123): require('C:\\xampp\\htdocs...')
#11 C:\xampp\htdocs\site_iuhm\vendor\laravel\framework\src\Illuminate\Filesystem\Filesystem.php(124): Illuminate\Filesystem\Filesystem::{closure:Illuminate\Filesystem\Filesystem::getRequire():120}()
#12 C:\xampp\htdocs\site_iuhm\vendor\laravel\framework\src\Illuminate\View\Engines\PhpEngine.php(57): Illuminate\Filesystem\Filesystem->getRequire('C:\\xampp\\htdocs...', Array)
#13 C:\xampp\htdocs\site_iuhm\vendor\livewire\livewire\src\Mechanisms\ExtendBlade\ExtendedCompilerEngine.php(22): Illuminate\View\Engines\PhpEngine->evaluatePath('C:\\xampp\\htdocs...', Array)
#14 C:\xampp\htdocs\site_iuhm\vendor\laravel\framework\src\Illuminate\View\Engines\CompilerEngine.php(76): Livewire\Mechanisms\ExtendBlade\ExtendedCompilerEngine->evaluatePath('C:\\xampp\\htdocs...', Array)
#15 C:\xampp\htdocs\site_iuhm\vendor\livewire\livewire\src\Mechanisms\ExtendBlade\ExtendedCompilerEngine.php(10): Illuminate\View\Engines\CompilerEngine->get('C:\\xampp\\htdocs...', Array)
#16 C:\xampp\htdocs\site_iuhm\vendor\laravel\framework\src\Illuminate\View\View.php(208): Livewire\Mechanisms\ExtendBlade\ExtendedCompilerEngine->get('C:\\xampp\\htdocs...', Array)
#17 C:\xampp\htdocs\site_iuhm\vendor\laravel\framework\src\Illuminate\View\View.php(191): Illuminate\View\View->getContents()
#18 C:\xampp\htdocs\site_iuhm\vendor\laravel\framework\src\Illuminate\View\View.php(160): Illuminate\View\View->renderContents()
#19 C:\xampp\htdocs\site_iuhm\vendor\laravel\framework\src\Illuminate\View\Compilers\BladeCompiler.php(353): Illuminate\View\View->render()
#20 C:\xampp\htdocs\site_iuhm\vendor\laravel\framework\src\Illuminate\Support\Facades\Facade.php(363): Illuminate\View\Compilers\BladeCompiler::render('    <?php $layo...', Array)
#21 C:\xampp\htdocs\site_iuhm\vendor\livewire\livewire\src\Features\SupportPageComponents\SupportPageComponents.php(162): Illuminate\Support\Facades\Facade::__callStatic('render', Array)
#22 C:\xampp\htdocs\site_iuhm\vendor\livewire\livewire\src\Features\SupportPageComponents\HandlesPageComponents.php(26): Livewire\Features\SupportPageComponents\SupportPageComponents::renderContentsIntoLayout('[39;22m[39;1m<section wire:s...', Object(Livewire\Features\SupportPageComponents\PageComponentConfig))
#23 C:\xampp\htdocs\site_iuhm\vendor\laravel\framework\src\Illuminate\Container\BoundMethod.php(36): Livewire\Component->[39;22m[39;1m__invoke()
#24 C:\xampp\htdocs\site_iuhm\vendor\laravel\framework\src\Illuminate\Container\Util.php(43): Illuminate\Container\BoundMethod::{closure:Illuminate\Container\BoundMethod::call():35}()
#25 C:\xampp\htdocs\site_iuhm\vendor\laravel\framework\src\Illuminate\Container\BoundMethod.php(96): Illuminate\Container\Util::unwrapIfClosure(Object(Closure))
#26 C:\xampp\htdocs\site_iuhm\vendor\laravel\framework\src\Illuminate\Container\BoundMethod.php(35): Illuminate\Container\BoundMethod::callBoundMethod(Object(Illuminate\Foundation\Application), Array, Object(Closure))
#27 C:\xampp\htdocs\site_iuhm\vendor\laravel\framework\src\Illuminate\Container\Container.php(799): Illuminate\Container\BoundMethod::call(Object(Illuminate\Foundation\Application), Array, Array, NULL)
#28 C:\xampp\htdocs\site_iuhm\vendor\livewire\livewire\src\Mechanisms\HandleRouting\LivewirePageController.php(15): Illuminate\Container\Container->call(Array)
#29 C:\xampp\htdocs\site_iuhm\vendor\laravel\framework\src\Illuminate\Routing\ControllerDispatcher.php(46): Livewire\Mechanisms\HandleRouting\LivewirePageController->__invoke(Object(App\Models\Team))
#30 C:\xampp\htdocs\site_iuhm\vendor\laravel\framework\src\Illuminate\Routing\Route.php(269): Illuminate\Routing\ControllerDispatcher->dispatch(Object(Illuminate\Routing\Route), Object(Livewire\Mechanisms\HandleRouting\LivewirePageController), '__invoke')
#31 C:\xampp\htdocs\site_iuhm\vendor\laravel\framework\src\Illuminate\Routing\Route.php(215): Illuminate\Routing\Route->runController()
#32 C:\xampp\htdocs\site_iuhm\vendor\laravel\framework\src\Illuminate\Routing\Router.php(822): Illuminate\Routing\Route->run()
#33 C:\xampp\htdocs\site_iuhm\vendor\laravel\framework\src\Illuminate\Pipeline\Pipeline.php(180): Illuminate\Routing\Router->{closure:Illuminate\Routing\Router::runRouteWithinStack():821}(Object(Illuminate\Http\Request))
#34 C:\xampp\htdocs\site_iuhm\app\Http\Middleware\EnsureTeamMembership.php(31): Illuminate\Pipeline\Pipeline->{closure:Illuminate\Pipeline\Pipeline::prepareDestination():178}(Object(Illuminate\Http\Request))
#35 C:\xampp\htdocs\site_iuhm\vendor\laravel\framework\src\Illuminate\Pipeline\Pipeline.php(219): App\Http\Middleware\EnsureTeamMembership->handle(Object(Illuminate\Http\Request), Object(Closure))
#36 C:\xampp\htdocs\site_iuhm\vendor\laravel\framework\src\Illuminate\Auth\Middleware\EnsureEmailIsVerified.php(41): Illuminate\Pipeline\Pipeline->{closure:{closure:Illuminate\Pipeline\Pipeline::carry():194}:195}(Object(Illuminate\Http\Request))
#37 C:\xampp\htdocs\site_iuhm\vendor\laravel\framework\src\Illuminate\Pipeline\Pipeline.php(219): Illuminate\Auth\Middleware\EnsureEmailIsVerified->handle(Object(Illuminate\Http\Request), Object(Closure))
#38 C:\xampp\htdocs\site_iuhm\app\Http\Middleware\SetTeamUrlDefaults.php(26): Illuminate\Pipeline\Pipeline->{closure:{closure:Illuminate\Pipeline\Pipeline::carry():194}:195}(Object(Illuminate\Http\Request))
#39 C:\xampp\htdocs\site_iuhm\vendor\laravel\framework\src\Illuminate\Pipeline\Pipeline.php(219): App\Http\Middleware\SetTeamUrlDefaults->handle(Object(Illuminate\Http\Request), Object(Closure))
#40 C:\xampp\htdocs\site_iuhm\app\Http\Middleware\SetLocale.php(28): Illuminate\Pipeline\Pipeline->{closure:{closure:Illuminate\Pipeline\Pipeline::carry():194}:195}(Object(Illuminate\Http\Request))
#41 C:\xampp\htdocs\site_iuhm\vendor\laravel\framework\src\Illuminate\Pipeline\Pipeline.php(219): App\Http\Middleware\SetLocale->handle(Object(Illuminate\Http\Request), Object(Closure))
#42 C:\xampp\htdocs\site_iuhm\vendor\laravel\framework\src\Illuminate\Routing\Middleware\SubstituteBindings.php(52): Illuminate\Pipeline\Pipeline->{closure:{closure:Illuminate\Pipeline\Pipeline::carry():194}:195}(Object(Illuminate\Http\Request))
#43 C:\xampp\htdocs\site_iuhm\vendor\laravel\framework\src\Illuminate\Pipeline\Pipeline.php(219): Illuminate\Routing\Middleware\SubstituteBindings->handle(Object(Illuminate\Http\Request), Object(Closure))
#44 C:\xampp\htdocs\site_iuhm\vendor\laravel\framework\src\Illuminate\Auth\Middleware\Authenticate.php(63): Illuminate\Pipeline\Pipeline->{closure:{closure:Illuminate\Pipeline\Pipeline::carry():194}:195}(Object(Illuminate\Http\Request))
#45 C:\xampp\htdocs\site_iuhm\vendor\laravel\framework\src\Illuminate\Pipeline\Pipeline.php(219): Illuminate\Auth\Middleware\Authenticate->handle(Object(Illuminate\Http\Request), Object(Closure))
#46 C:\xampp\htdocs\site_iuhm\vendor\laravel\framework\src\Illuminate\Foundation\Http\Middleware\PreventRequestForgery.php(104): Illuminate\Pipeline\Pipeline->{closure:{closure:Illuminate\Pipeline\Pipeline::carry():194}:195}(Object(Illuminate\Http\Request))
#47 C:\xampp\htdocs\site_iuhm\vendor\laravel\framework\src\Illuminate\Pipeline\Pipeline.php(219): Illuminate\Foundation\Http\Middleware\PreventRequestForgery->handle(Object(Illuminate\Http\Request), Object(Closure))
#48 C:\xampp\htdocs\site_iuhm\vendor\laravel\framework\src\Illuminate\View\Middleware\ShareErrorsFromSession.php(48): Illuminate\Pipeline\Pipeline->{closure:{closure:Illuminate\Pipeline\Pipeline::carry():194}:195}(Object(Illuminate\Http\Request))
#49 C:\xampp\htdocs\site_iuhm\vendor\laravel\framework\src\Illuminate\Pipeline\Pipeline.php(219): Illuminate\View\Middleware\ShareErrorsFromSession->handle(Object(Illuminate\Http\Request), Object(Closure))
#50 C:\xampp\htdocs\site_iuhm\vendor\laravel\framework\src\Illuminate\Session\Middleware\StartSession.php(120): Illuminate\Pipeline\Pipeline->{closure:{closure:Illuminate\Pipeline\Pipeline::carry():194}:195}(Object(Illuminate\Http\Request))
#51 C:\xampp\htdocs\site_iuhm\vendor\laravel\framework\src\Illuminate\Session\Middleware\StartSession.php(63): Illuminate\Session\Middleware\StartSession->handleStatefulRequest(Object(Illuminate\Http\Request), Object(Illuminate\Session\Store), Object(Closure))
#52 C:\xampp\htdocs\site_iuhm\vendor\laravel\framework\src\Illuminate\Pipeline\Pipeline.php(219): Illuminate\Session\Middleware\StartSession->handle(Object(Illuminate\Http\Request), Object(Closure))
#53 C:\xampp\htdocs\site_iuhm\vendor\laravel\framework\src\Illuminate\Cookie\Middleware\AddQueuedCookiesToResponse.php(36): Illuminate\Pipeline\Pipeline->{closure:{closure:Illuminate\Pipeline\Pipeline::carry():194}:195}(Object(Illuminate\Http\Request))
#54 C:\xampp\htdocs\site_iuhm\vendor\laravel\framework\src\Illuminate\Pipeline\Pipeline.php(219): Illuminate\Cookie\Middleware\AddQueuedCookiesToResponse->handle(Object(Illuminate\Http\Request), Object(Closure))
#55 C:\xampp\htdocs\site_iuhm\vendor\laravel\framework\src\Illuminate\Cookie\Middleware\EncryptCookies.php(74): Illuminate\Pipeline\Pipeline->{closure:{closure:Illuminate\Pipeline\Pipeline::carry():194}:195}(Object(Illuminate\Http\Request))
#56 C:\xampp\htdocs\site_iuhm\vendor\laravel\framework\src\Illuminate\Pipeline\Pipeline.php(219): Illuminate\Cookie\Middleware\EncryptCookies->handle(Object(Illuminate\Http\Request), Object(Closure))
#57 C:\xampp\htdocs\site_iuhm\vendor\laravel\framework\src\Illuminate\Pipeline\Pipeline.php(137): Illuminate\Pipeline\Pipeline->{closure:{closure:Illuminate\Pipeline\Pipeline::carry():194}:195}(Object(Illuminate\Http\Request))
#58 C:\xampp\htdocs\site_iuhm\vendor\laravel\framework\src\Illuminate\Routing\Router.php(821): Illuminate\Pipeline\Pipeline->then(Object(Closure))
#59 C:\xampp\htdocs\site_iuhm\vendor\laravel\framework\src\Illuminate\Routing\Router.php(800): Illuminate\Routing\Router->runRouteWithinStack(Object(Illuminate\Routing\Route), Object(Illuminate\Http\Request))
#60 C:\xampp\htdocs\site_iuhm\vendor\laravel\framework\src\Illuminate\Routing\Router.php(764): Illuminate\Routing\Router->runRoute(Object(Illuminate\Http\Request), Object(Illuminate\Routing\Route))
#61 C:\xampp\htdocs\site_iuhm\vendor\laravel\framework\src\Illuminate\Routing\Router.php(753): Illuminate\Routing\Router->dispatchToRoute(Object(Illuminate\Http\Request))
#62 C:\xampp\htdocs\site_iuhm\vendor\laravel\framework\src\Illuminate\Foundation\Http\Kernel.php(200): Illuminate\Routing\Router->dispatch(Object(Illuminate\Http\Request))
#63 C:\xampp\htdocs\site_iuhm\vendor\laravel\framework\src\Illuminate\Pipeline\Pipeline.php(180): Illuminate\Foundation\Http\Kernel->{closure:Illuminate\Foundation\Http\Kernel::dispatchToRouter():197}(Object(Illuminate\Http\Request))
#64 C:\xampp\htdocs\site_iuhm\vendor\livewire\livewire\src\Features\SupportDisablingBackButtonCache\DisableBackButtonCacheMiddleware.php(19): Illuminate\Pipeline\Pipeline->{closure:Illuminate\Pipeline\Pipeline::prepareDestination():178}(Object(Illuminate\Http\Request))
#65 C:\xampp\htdocs\site_iuhm\vendor\laravel\framework\src\Illuminate\Pipeline\Pipeline.php(219): Livewire\Features\SupportDisablingBackButtonCache\DisableBackButtonCacheMiddleware->handle(Object(Illuminate\Http\Request), Object(Closure))
#66 C:\xampp\htdocs\site_iuhm\vendor\laravel\framework\src\Illuminate\Foundation\Http\Middleware\TransformsRequest.php(21): Illuminate\Pipeline\Pipeline->{closure:{closure:Illuminate\Pipeline\Pipeline::carry():194}:195}(Object(Illuminate\Http\Request))
#67 C:\xampp\htdocs\site_iuhm\vendor\laravel\framework\src\Illuminate\Foundation\Http\Middleware\ConvertEmptyStringsToNull.php(31): Illuminate\Foundation\Http\Middleware\TransformsRequest->handle(Object(Illuminate\Http\Request), Object(Closure))
#68 C:\xampp\htdocs\site_iuhm\vendor\laravel\framework\src\Illuminate\Pipeline\Pipeline.php(219): Illuminate\Foundation\Http\Middleware\ConvertEmptyStringsToNull->handle(Object(Illuminate\Http\Request), Object(Closure))
#69 C:\xampp\htdocs\site_iuhm\vendor\laravel\framework\src\Illuminate\Foundation\Http\Middleware\TransformsRequest.php(21): Illuminate\Pipeline\Pipeline->{closure:{closure:Illuminate\Pipeline\Pipeline::carry():194}:195}(Object(Illuminate\Http\Request))
#70 C:\xampp\htdocs\site_iuhm\vendor\laravel\framework\src\Illuminate\Foundation\Http\Middleware\TrimStrings.php(51): Illuminate\Foundation\Http\Middleware\TransformsRequest->handle(Object(Illuminate\Http\Request), Object(Closure))
#71 C:\xampp\htdocs\site_iuhm\vendor\laravel\framework\src\Illuminate\Pipeline\Pipeline.php(219): Illuminate\Foundation\Http\Middleware\TrimStrings->handle(Object(Illuminate\Http\Request), Object(Closure))
#72 C:\xampp\htdocs\site_iuhm\vendor\laravel\framework\src\Illuminate\Http\Middleware\ValidatePostSize.php(27): Illuminate\Pipeline\Pipeline->{closure:{closure:Illuminate\Pipeline\Pipeline::carry():194}:195}(Object(Illuminate\Http\Request))
#73 C:\xampp\htdocs\site_iuhm\vendor\laravel\framework\src\Illuminate\Pipeline\Pipeline.php(219): Illuminate\Http\Middleware\ValidatePostSize->handle(Object(Illuminate\Http\Request), Object(Closure))
#74 C:\xampp\htdocs\site_iuhm\vendor\laravel\framework\src\Illuminate\Foundation\Http\Middleware\PreventRequestsDuringMaintenance.php(109): Illuminate\Pipeline\Pipeline->{closure:{closure:Illuminate\Pipeline\Pipeline::carry():194}:195}(Object(Illuminate\Http\Request))
#75 C:\xampp\htdocs\site_iuhm\vendor\laravel\framework\src\Illuminate\Pipeline\Pipeline.php(219): Illuminate\Foundation\Http\Middleware\PreventRequestsDuringMaintenance->handle(Object(Illuminate\Http\Request), Object(Closure))
#76 C:\xampp\htdocs\site_iuhm\vendor\laravel\framework\src\Illuminate\Http\Middleware\HandleCors.php(61): Illuminate\Pipeline\Pipeline->{closure:{closure:Illuminate\Pipeline\Pipeline::carry():194}:195}(Object(Illuminate\Http\Request))
#77 C:\xampp\htdocs\site_iuhm\vendor\laravel\framework\src\Illuminate\Pipeline\Pipeline.php(219): Illuminate\Http\Middleware\HandleCors->handle(Object(Illuminate\Http\Request), Object(Closure))
#78 C:\xampp\htdocs\site_iuhm\vendor\laravel\framework\src\Illuminate\Http\Middleware\TrustProxies.php(58): Illuminate\Pipeline\Pipeline->{closure:{closure:Illuminate\Pipeline\Pipeline::carry():194}:195}(Object(Illuminate\Http\Request))
#79 C:\xampp\htdocs\site_iuhm\vendor\laravel\framework\src\Illuminate\Pipeline\Pipeline.php(219): Illuminate\Http\Middleware\TrustProxies->handle(Object(Illuminate\Http\Request), Object(Closure))
#80 C:\xampp\htdocs\site_iuhm\vendor\laravel\framework\src\Illuminate\Foundation\Http\Middleware\InvokeDeferredCallbacks.php(22): Illuminate\Pipeline\Pipeline->{closure:{closure:Illuminate\Pipeline\Pipeline::carry():194}:195}(Object(Illuminate\Http\Request))
#81 C:\xampp\htdocs\site_iuhm\vendor\laravel\framework\src\Illuminate\Pipeline\Pipeline.php(219): Illuminate\Foundation\Http\Middleware\InvokeDeferredCallbacks->handle(Object(Illuminate\Http\Request), Object(Closure))
#82 C:\xampp\htdocs\site_iuhm\vendor\laravel\framework\src\Illuminate\Http\Middleware\ValidatePathEncoding.php(28): Illuminate\Pipeline\Pipeline->{closure:{closure:Illuminate\Pipeline\Pipeline::carry():194}:195}(Object(Illuminate\Http\Request))
#83 C:\xampp\htdocs\site_iuhm\vendor\laravel\framework\src\Illuminate\Pipeline\Pipeline.php(219): Illuminate\Http\Middleware\ValidatePathEncoding->handle(Object(Illuminate\Http\Request), Object(Closure))
#84 C:\xampp\htdocs\site_iuhm\vendor\laravel\framework\src\Illuminate\Pipeline\Pipeline.php(137): Illuminate\Pipeline\Pipeline->{closure:{closure:Illuminate\Pipeline\Pipeline::carry():194}:195}(Object(Illuminate\Http\Request))
#85 C:\xampp\htdocs\site_iuhm\vendor\laravel\framework\src\Illuminate\Foundation\Http\Kernel.php(175): Illuminate\Pipeline\Pipeline->then(Object(Closure))
#86 C:\xampp\htdocs\site_iuhm\vendor\laravel\framework\src\Illuminate\Foundation\Http\Kernel.php(144): Illuminate\Foundation\Http\Kernel->sendRequestThroughRouter(Object(Illuminate\Http\Request))
#87 C:\xampp\htdocs\site_iuhm\vendor\laravel\framework\src\Illuminate\Foundation\Testing\Concerns\MakesHttpRequests.php(607): Illuminate\Foundation\Http\Kernel->handle(Object(Illuminate\Http\Request))
#88 C:\xampp\htdocs\site_iuhm\vendor\laravel\framework\src\Illuminate\Foundation\Testing\Concerns\MakesHttpRequests.php(368): Illuminate\Foundation\Testing\TestCase->call('GET', 'http://localhos...', Array, Array, Array, Array)
#89 C:\xampp\htdocs\site_iuhm\tests\Feature\Teams\TeamTest.php(73): Illuminate\Foundation\Testing\TestCase->get('http://localhos...')
#90 C:\xampp\htdocs\site_iuhm\vendor\phpunit\phpunit\src\Framework\TestCase.php(1335): Tests\Feature\Teams\TeamTest->test_team_edit_page_can_be_rendered()
#91 C:\xampp\htdocs\site_iuhm\vendor\phpunit\phpunit\src\Framework\TestCase.php(519): PHPUnit\Framework\TestCase->runTest()
#92 C:\xampp\htdocs\site_iuhm\vendor\phpunit\phpunit\src\Framework\TestRunner\TestRunner.php(99): PHPUnit\Framework\TestCase->runBare()
#93 C:\xampp\htdocs\site_iuhm\vendor\phpunit\phpunit\src\Framework\TestCase.php(359): PHPUnit\Framework\TestRunner->run(Object(Tests\Feature\Teams\TeamTest))
#94 C:\xampp\htdocs\site_iuhm\vendor\phpunit\phpunit\src\Framework\TestSuite.php(374): PHPUnit\Framework\TestCase->run()
#95 C:\xampp\htdocs\site_iuhm\vendor\phpunit\phpunit\src\Framework\TestSuite.php(374): PHPUnit\Framework\TestSuite->run()
#96 C:\xampp\htdocs\site_iuhm\vendor\phpunit\phpunit\src\Framework\TestSuite.php(374): PHPUnit\Framework\TestSuite->run()
#97 C:\xampp\htdocs\site_iuhm\vendor\phpunit\phpunit\src\TextUI\TestRunner.php(64): PHPUnit\Framework\TestSuite->run()
#98 C:\xampp\htdocs\site_iuhm\vendor\phpunit\phpunit\src\TextUI\Application.php(229): PHPUnit\TextUI\TestRunner->run(Object(PHPUnit\TextUI\Configuration\Configuration), Object(PHPUnit\Runner\ResultCache\DefaultResultCache), Object(PHPUnit\Framework\TestSuite))
#99 C:\xampp\htdocs\site_iuhm\vendor\phpunit\phpunit\phpunit(104): PHPUnit\TextUI\Application->run(Array)
#100 {main}

Next Illuminate\View\ViewException: Undefined variable $navigationPages (View: C:\xampp\htdocs\site_iuhm\resources\views\partials\header.blade.php) (View: C:\xampp\htdocs\site_iuhm\resources\views\partials\header.blade.php) (View: C:\xampp\htdocs\site_iuhm\resources\views\partials\header.blade.php) in C:\xampp\htdocs\site_iuhm\storage\framework\views\7051f6576562b2dc7a02a46a651d2c4e.php:19
Stack trace:
#0 C:\xampp\htdocs\site_iuhm\vendor\livewire\livewire\src\Mechanisms\ExtendBlade\ExtendedCompilerEngine.php(58): Illuminate\View\Engines\CompilerEngine->handleViewException(Object(Illuminate\View\ViewException), 1)
#1 C:\xampp\htdocs\site_iuhm\vendor\laravel\framework\src\Illuminate\View\Engines\PhpEngine.php(59): Livewire\Mechanisms\ExtendBlade\ExtendedCompilerEngine->handleViewException(Object(Illuminate\View\ViewException), 1)
#2 C:\xampp\htdocs\site_iuhm\vendor\livewire\livewire\src\Mechanisms\ExtendBlade\ExtendedCompilerEngine.php(22): Illuminate\View\Engines\PhpEngine->evaluatePath('C:\\xampp\\htdocs...', Array)
#3 C:\xampp\htdocs\site_iuhm\vendor\laravel\framework\src\Illuminate\View\Engines\CompilerEngine.php(76): Livewire\Mechanisms\ExtendBlade\ExtendedCompilerEngine->evaluatePath('C:\\xampp\\htdocs...', Array)
#4 C:\xampp\htdocs\site_iuhm\vendor\livewire\livewire\src\Mechanisms\ExtendBlade\ExtendedCompilerEngine.php(10): Illuminate\View\Engines\CompilerEngine->get('C:\\xampp\\htdocs...', Array)
#5 C:\xampp\htdocs\site_iuhm\vendor\laravel\framework\src\Illuminate\View\View.php(208): Livewire\Mechanisms\ExtendBlade\ExtendedCompilerEngine->get('C:\\xampp\\htdocs...', Array)
#6 C:\xampp\htdocs\site_iuhm\vendor\laravel\framework\src\Illuminate\View\View.php(191): Illuminate\View\View->getContents()
#7 C:\xampp\htdocs\site_iuhm\vendor\laravel\framework\src\Illuminate\View\View.php(160): Illuminate\View\View->renderContents()
#8 C:\xampp\htdocs\site_iuhm\vendor\laravel\framework\src\Illuminate\View\Compilers\BladeCompiler.php(353): Illuminate\View\View->render()
#9 C:\xampp\htdocs\site_iuhm\vendor\laravel\framework\src\Illuminate\Support\Facades\Facade.php(363): Illuminate\View\Compilers\BladeCompiler::render('    <?php $layo...', Array)
#10 C:\xampp\htdocs\site_iuhm\vendor\livewire\livewire\src\Features\SupportPageComponents\SupportPageComponents.php(162): Illuminate\Support\Facades\Facade::__callStatic('render', Array)
#11 C:\xampp\htdocs\site_iuhm\vendor\livewire\livewire\src\Features\SupportPageComponents\HandlesPageComponents.php(26): Livewire\Features\SupportPageComponents\SupportPageComponents::renderContentsIntoLayout('[39;22m[39;1m<section wire:s...', Object(Livewire\Features\SupportPageComponents\PageComponentConfig))
#12 C:\xampp\htdocs\site_iuhm\vendor\laravel\framework\src\Illuminate\Container\BoundMethod.php(36): Livewire\Component->[39;22m[39;1m__invoke()
#13 C:\xampp\htdocs\site_iuhm\vendor\laravel\framework\src\Illuminate\Container\Util.php(43): Illuminate\Container\BoundMethod::{closure:Illuminate\Container\BoundMethod::call():35}()
#14 C:\xampp\htdocs\site_iuhm\vendor\laravel\framework\src\Illuminate\Container\BoundMethod.php(96): Illuminate\Container\Util::unwrapIfClosure(Object(Closure))
#15 C:\xampp\htdocs\site_iuhm\vendor\laravel\framework\src\Illuminate\Container\BoundMethod.php(35): Illuminate\Container\BoundMethod::callBoundMethod(Object(Illuminate\Foundation\Application), Array, Object(Closure))
#16 C:\xampp\htdocs\site_iuhm\vendor\laravel\framework\src\Illuminate\Container\Container.php(799): Illuminate\Container\BoundMethod::call(Object(Illuminate\Foundation\Application), Array, Array, NULL)
#17 C:\xampp\htdocs\site_iuhm\vendor\livewire\livewire\src\Mechanisms\HandleRouting\LivewirePageController.php(15): Illuminate\Container\Container->call(Array)
#18 C:\xampp\htdocs\site_iuhm\vendor\laravel\framework\src\Illuminate\Routing\ControllerDispatcher.php(46): Livewire\Mechanisms\HandleRouting\LivewirePageController->__invoke(Object(App\Models\Team))
#19 C:\xampp\htdocs\site_iuhm\vendor\laravel\framework\src\Illuminate\Routing\Route.php(269): Illuminate\Routing\ControllerDispatcher->dispatch(Object(Illuminate\Routing\Route), Object(Livewire\Mechanisms\HandleRouting\LivewirePageController), '__invoke')
#20 C:\xampp\htdocs\site_iuhm\vendor\laravel\framework\src\Illuminate\Routing\Route.php(215): Illuminate\Routing\Route->runController()
#21 C:\xampp\htdocs\site_iuhm\vendor\laravel\framework\src\Illuminate\Routing\Router.php(822): Illuminate\Routing\Route->run()
#22 C:\xampp\htdocs\site_iuhm\vendor\laravel\framework\src\Illuminate\Pipeline\Pipeline.php(180): Illuminate\Routing\Router->{closure:Illuminate\Routing\Router::runRouteWithinStack():821}(Object(Illuminate\Http\Request))
#23 C:\xampp\htdocs\site_iuhm\app\Http\Middleware\EnsureTeamMembership.php(31): Illuminate\Pipeline\Pipeline->{closure:Illuminate\Pipeline\Pipeline::prepareDestination():178}(Object(Illuminate\Http\Request))
#24 C:\xampp\htdocs\site_iuhm\vendor\laravel\framework\src\Illuminate\Pipeline\Pipeline.php(219): App\Http\Middleware\EnsureTeamMembership->handle(Object(Illuminate\Http\Request), Object(Closure))
#25 C:\xampp\htdocs\site_iuhm\vendor\laravel\framework\src\Illuminate\Auth\Middleware\EnsureEmailIsVerified.php(41): Illuminate\Pipeline\Pipeline->{closure:{closure:Illuminate\Pipeline\Pipeline::carry():194}:195}(Object(Illuminate\Http\Request))
#26 C:\xampp\htdocs\site_iuhm\vendor\laravel\framework\src\Illuminate\Pipeline\Pipeline.php(219): Illuminate\Auth\Middleware\EnsureEmailIsVerified->handle(Object(Illuminate\Http\Request), Object(Closure))
#27 C:\xampp\htdocs\site_iuhm\app\Http\Middleware\SetTeamUrlDefaults.php(26): Illuminate\Pipeline\Pipeline->{closure:{closure:Illuminate\Pipeline\Pipeline::carry():194}:195}(Object(Illuminate\Http\Request))
#28 C:\xampp\htdocs\site_iuhm\vendor\laravel\framework\src\Illuminate\Pipeline\Pipeline.php(219): App\Http\Middleware\SetTeamUrlDefaults->handle(Object(Illuminate\Http\Request), Object(Closure))
#29 C:\xampp\htdocs\site_iuhm\app\Http\Middleware\SetLocale.php(28): Illuminate\Pipeline\Pipeline->{closure:{closure:Illuminate\Pipeline\Pipeline::carry():194}:195}(Object(Illuminate\Http\Request))
#30 C:\xampp\htdocs\site_iuhm\vendor\laravel\framework\src\Illuminate\Pipeline\Pipeline.php(219): App\Http\Middleware\SetLocale->handle(Object(Illuminate\Http\Request), Object(Closure))
#31 C:\xampp\htdocs\site_iuhm\vendor\laravel\framework\src\Illuminate\Routing\Middleware\SubstituteBindings.php(52): Illuminate\Pipeline\Pipeline->{closure:{closure:Illuminate\Pipeline\Pipeline::carry():194}:195}(Object(Illuminate\Http\Request))
#32 C:\xampp\htdocs\site_iuhm\vendor\laravel\framework\src\Illuminate\Pipeline\Pipeline.php(219): Illuminate\Routing\Middleware\SubstituteBindings->handle(Object(Illuminate\Http\Request), Object(Closure))
#33 C:\xampp\htdocs\site_iuhm\vendor\laravel\framework\src\Illuminate\Auth\Middleware\Authenticate.php(63): Illuminate\Pipeline\Pipeline->{closure:{closure:Illuminate\Pipeline\Pipeline::carry():194}:195}(Object(Illuminate\Http\Request))
#34 C:\xampp\htdocs\site_iuhm\vendor\laravel\framework\src\Illuminate\Pipeline\Pipeline.php(219): Illuminate\Auth\Middleware\Authenticate->handle(Object(Illuminate\Http\Request), Object(Closure))
#35 C:\xampp\htdocs\site_iuhm\vendor\laravel\framework\src\Illuminate\Foundation\Http\Middleware\PreventRequestForgery.php(104): Illuminate\Pipeline\Pipeline->{closure:{closure:Illuminate\Pipeline\Pipeline::carry():194}:195}(Object(Illuminate\Http\Request))
#36 C:\xampp\htdocs\site_iuhm\vendor\laravel\framework\src\Illuminate\Pipeline\Pipeline.php(219): Illuminate\Foundation\Http\Middleware\PreventRequestForgery->handle(Object(Illuminate\Http\Request), Object(Closure))
#37 C:\xampp\htdocs\site_iuhm\vendor\laravel\framework\src\Illuminate\View\Middleware\ShareErrorsFromSession.php(48): Illuminate\Pipeline\Pipeline->{closure:{closure:Illuminate\Pipeline\Pipeline::carry():194}:195}(Object(Illuminate\Http\Request))
#38 C:\xampp\htdocs\site_iuhm\vendor\laravel\framework\src\Illuminate\Pipeline\Pipeline.php(219): Illuminate\View\Middleware\ShareErrorsFromSession->handle(Object(Illuminate\Http\Request), Object(Closure))
#39 C:\xampp\htdocs\site_iuhm\vendor\laravel\framework\src\Illuminate\Session\Middleware\StartSession.php(120): Illuminate\Pipeline\Pipeline->{closure:{closure:Illuminate\Pipeline\Pipeline::carry():194}:195}(Object(Illuminate\Http\Request))
#40 C:\xampp\htdocs\site_iuhm\vendor\laravel\framework\src\Illuminate\Session\Middleware\StartSession.php(63): Illuminate\Session\Middleware\StartSession->handleStatefulRequest(Object(Illuminate\Http\Request), Object(Illuminate\Session\Store), Object(Closure))
#41 C:\xampp\htdocs\site_iuhm\vendor\laravel\framework\src\Illuminate\Pipeline\Pipeline.php(219): Illuminate\Session\Middleware\StartSession->handle(Object(Illuminate\Http\Request), Object(Closure))
#42 C:\xampp\htdocs\site_iuhm\vendor\laravel\framework\src\Illuminate\Cookie\Middleware\AddQueuedCookiesToResponse.php(36): Illuminate\Pipeline\Pipeline->{closure:{closure:Illuminate\Pipeline\Pipeline::carry():194}:195}(Object(Illuminate\Http\Request))
#43 C:\xampp\htdocs\site_iuhm\vendor\laravel\framework\src\Illuminate\Pipeline\Pipeline.php(219): Illuminate\Cookie\Middleware\AddQueuedCookiesToResponse->handle(Object(Illuminate\Http\Request), Object(Closure))
#44 C:\xampp\htdocs\site_iuhm\vendor\laravel\framework\src\Illuminate\Cookie\Middleware\EncryptCookies.php(74): Illuminate\Pipeline\Pipeline->{closure:{closure:Illuminate\Pipeline\Pipeline::carry():194}:195}(Object(Illuminate\Http\Request))
#45 C:\xampp\htdocs\site_iuhm\vendor\laravel\framework\src\Illuminate\Pipeline\Pipeline.php(219): Illuminate\Cookie\Middleware\EncryptCookies->handle(Object(Illuminate\Http\Request), Object(Closure))
#46 C:\xampp\htdocs\site_iuhm\vendor\laravel\framework\src\Illuminate\Pipeline\Pipeline.php(137): Illuminate\Pipeline\Pipeline->{closure:{closure:Illuminate\Pipeline\Pipeline::carry():194}:195}(Object(Illuminate\Http\Request))
#47 C:\xampp\htdocs\site_iuhm\vendor\laravel\framework\src\Illuminate\Routing\Router.php(821): Illuminate\Pipeline\Pipeline->then(Object(Closure))
#48 C:\xampp\htdocs\site_iuhm\vendor\laravel\framework\src\Illuminate\Routing\Router.php(800): Illuminate\Routing\Router->runRouteWithinStack(Object(Illuminate\Routing\Route), Object(Illuminate\Http\Request))
#49 C:\xampp\htdocs\site_iuhm\vendor\laravel\framework\src\Illuminate\Routing\Router.php(764): Illuminate\Routing\Router->runRoute(Object(Illuminate\Http\Request), Object(Illuminate\Routing\Route))
#50 C:\xampp\htdocs\site_iuhm\vendor\laravel\framework\src\Illuminate\Routing\Router.php(753): Illuminate\Routing\Router->dispatchToRoute(Object(Illuminate\Http\Request))
#51 C:\xampp\htdocs\site_iuhm\vendor\laravel\framework\src\Illuminate\Foundation\Http\Kernel.php(200): Illuminate\Routing\Router->dispatch(Object(Illuminate\Http\Request))
#52 C:\xampp\htdocs\site_iuhm\vendor\laravel\framework\src\Illuminate\Pipeline\Pipeline.php(180): Illuminate\Foundation\Http\Kernel->{closure:Illuminate\Foundation\Http\Kernel::dispatchToRouter():197}(Object(Illuminate\Http\Request))
#53 C:\xampp\htdocs\site_iuhm\vendor\livewire\livewire\src\Features\SupportDisablingBackButtonCache\DisableBackButtonCacheMiddleware.php(19): Illuminate\Pipeline\Pipeline->{closure:Illuminate\Pipeline\Pipeline::prepareDestination():178}(Object(Illuminate\Http\Request))
#54 C:\xampp\htdocs\site_iuhm\vendor\laravel\framework\src\Illuminate\Pipeline\Pipeline.php(219): Livewire\Features\SupportDisablingBackButtonCache\DisableBackButtonCacheMiddleware->handle(Object(Illuminate\Http\Request), Object(Closure))
#55 C:\xampp\htdocs\site_iuhm\vendor\laravel\framework\src\Illuminate\Foundation\Http\Middleware\TransformsRequest.php(21): Illuminate\Pipeline\Pipeline->{closure:{closure:Illuminate\Pipeline\Pipeline::carry():194}:195}(Object(Illuminate\Http\Request))
#56 C:\xampp\htdocs\site_iuhm\vendor\laravel\framework\src\Illuminate\Foundation\Http\Middleware\ConvertEmptyStringsToNull.php(31): Illuminate\Foundation\Http\Middleware\TransformsRequest->handle(Object(Illuminate\Http\Request), Object(Closure))
#57 C:\xampp\htdocs\site_iuhm\vendor\laravel\framework\src\Illuminate\Pipeline\Pipeline.php(219): Illuminate\Foundation\Http\Middleware\ConvertEmptyStringsToNull->handle(Object(Illuminate\Http\Request), Object(Closure))
#58 C:\xampp\htdocs\site_iuhm\vendor\laravel\framework\src\Illuminate\Foundation\Http\Middleware\TransformsRequest.php(21): Illuminate\Pipeline\Pipeline->{closure:{closure:Illuminate\Pipeline\Pipeline::carry():194}:195}(Object(Illuminate\Http\Request))
#59 C:\xampp\htdocs\site_iuhm\vendor\laravel\framework\src\Illuminate\Foundation\Http\Middleware\TrimStrings.php(51): Illuminate\Foundation\Http\Middleware\TransformsRequest->handle(Object(Illuminate\Http\Request), Object(Closure))
#60 C:\xampp\htdocs\site_iuhm\vendor\laravel\framework\src\Illuminate\Pipeline\Pipeline.php(219): Illuminate\Foundation\Http\Middleware\TrimStrings->handle(Object(Illuminate\Http\Request), Object(Closure))
#61 C:\xampp\htdocs\site_iuhm\vendor\laravel\framework\src\Illuminate\Http\Middleware\ValidatePostSize.php(27): Illuminate\Pipeline\Pipeline->{closure:{closure:Illuminate\Pipeline\Pipeline::carry():194}:195}(Object(Illuminate\Http\Request))
#62 C:\xampp\htdocs\site_iuhm\vendor\laravel\framework\src\Illuminate\Pipeline\Pipeline.php(219): Illuminate\Http\Middleware\ValidatePostSize->handle(Object(Illuminate\Http\Request), Object(Closure))
#63 C:\xampp\htdocs\site_iuhm\vendor\laravel\framework\src\Illuminate\Foundation\Http\Middleware\PreventRequestsDuringMaintenance.php(109): Illuminate\Pipeline\Pipeline->{closure:{closure:Illuminate\Pipeline\Pipeline::carry():194}:195}(Object(Illuminate\Http\Request))
#64 C:\xampp\htdocs\site_iuhm\vendor\laravel\framework\src\Illuminate\Pipeline\Pipeline.php(219): Illuminate\Foundation\Http\Middleware\PreventRequestsDuringMaintenance->handle(Object(Illuminate\Http\Request), Object(Closure))
#65 C:\xampp\htdocs\site_iuhm\vendor\laravel\framework\src\Illuminate\Http\Middleware\HandleCors.php(61): Illuminate\Pipeline\Pipeline->{closure:{closure:Illuminate\Pipeline\Pipeline::carry():194}:195}(Object(Illuminate\Http\Request))
#66 C:\xampp\htdocs\site_iuhm\vendor\laravel\framework\src\Illuminate\Pipeline\Pipeline.php(219): Illuminate\Http\Middleware\HandleCors->handle(Object(Illuminate\Http\Request), Object(Closure))
#67 C:\xampp\htdocs\site_iuhm\vendor\laravel\framework\src\Illuminate\Http\Middleware\TrustProxies.php(58): Illuminate\Pipeline\Pipeline->{closure:{closure:Illuminate\Pipeline\Pipeline::carry():194}:195}(Object(Illuminate\Http\Request))
#68 C:\xampp\htdocs\site_iuhm\vendor\laravel\framework\src\Illuminate\Pipeline\Pipeline.php(219): Illuminate\Http\Middleware\TrustProxies->handle(Object(Illuminate\Http\Request), Object(Closure))
#69 C:\xampp\htdocs\site_iuhm\vendor\laravel\framework\src\Illuminate\Foundation\Http\Middleware\InvokeDeferredCallbacks.php(22): Illuminate\Pipeline\Pipeline->{closure:{closure:Illuminate\Pipeline\Pipeline::carry():194}:195}(Object(Illuminate\Http\Request))
#70 C:\xampp\htdocs\site_iuhm\vendor\laravel\framework\src\Illuminate\Pipeline\Pipeline.php(219): Illuminate\Foundation\Http\Middleware\InvokeDeferredCallbacks->handle(Object(Illuminate\Http\Request), Object(Closure))
#71 C:\xampp\htdocs\site_iuhm\vendor\laravel\framework\src\Illuminate\Http\Middleware\ValidatePathEncoding.php(28): Illuminate\Pipeline\Pipeline->{closure:{closure:Illuminate\Pipeline\Pipeline::carry():194}:195}(Object(Illuminate\Http\Request))
#72 C:\xampp\htdocs\site_iuhm\vendor\laravel\framework\src\Illuminate\Pipeline\Pipeline.php(219): Illuminate\Http\Middleware\ValidatePathEncoding->handle(Object(Illuminate\Http\Request), Object(Closure))
#73 C:\xampp\htdocs\site_iuhm\vendor\laravel\framework\src\Illuminate\Pipeline\Pipeline.php(137): Illuminate\Pipeline\Pipeline->{closure:{closure:Illuminate\Pipeline\Pipeline::carry():194}:195}(Object(Illuminate\Http\Request))
#74 C:\xampp\htdocs\site_iuhm\vendor\laravel\framework\src\Illuminate\Foundation\Http\Kernel.php(175): Illuminate\Pipeline\Pipeline->then(Object(Closure))
#75 C:\xampp\htdocs\site_iuhm\vendor\laravel\framework\src\Illuminate\Foundation\Http\Kernel.php(144): Illuminate\Foundation\Http\Kernel->sendRequestThroughRouter(Object(Illuminate\Http\Request))
#76 C:\xampp\htdocs\site_iuhm\vendor\laravel\framework\src\Illuminate\Foundation\Testing\Concerns\MakesHttpRequests.php(607): Illuminate\Foundation\Http\Kernel->handle(Object(Illuminate\Http\Request))
#77 C:\xampp\htdocs\site_iuhm\vendor\laravel\framework\src\Illuminate\Foundation\Testing\Concerns\MakesHttpRequests.php(368): Illuminate\Foundation\Testing\TestCase->call('GET', 'http://localhos...', Array, Array, Array, Array)
#78 C:\xampp\htdocs\site_iuhm\tests\Feature\Teams\TeamTest.php(73): Illuminate\Foundation\Testing\TestCase->get('http://localhos...')
#79 C:\xampp\htdocs\site_iuhm\vendor\phpunit\phpunit\src\Framework\TestCase.php(1335): Tests\Feature\Teams\TeamTest->test_team_edit_page_can_be_rendered()
#80 C:\xampp\htdocs\site_iuhm\vendor\phpunit\phpunit\src\Framework\TestCase.php(519): PHPUnit\Framework\TestCase->runTest()
#81 C:\xampp\htdocs\site_iuhm\vendor\phpunit\phpunit\src\Framework\TestRunner\TestRunner.php(99): PHPUnit\Framework\TestCase->runBare()
#82 C:\xampp\htdocs\site_iuhm\vendor\phpunit\phpunit\src\Framework\TestCase.php(359): PHPUnit\Framework\TestRunner->run(Object(Tests\Feature\Teams\TeamTest))
#83 C:\xampp\htdocs\site_iuhm\vendor\phpunit\phpunit\src\Framework\TestSuite.php(374): PHPUnit\Framework\TestCase->run()
#84 C:\xampp\htdocs\site_iuhm\vendor\phpunit\phpunit\src\Framework\TestSuite.php(374): PHPUnit\Framework\TestSuite->run()
#85 C:\xampp\htdocs\site_iuhm\vendor\phpunit\phpunit\src\Framework\TestSuite.php(374): PHPUnit\Framework\TestSuite->run()
#86 C:\xampp\htdocs\site_iuhm\vendor\phpunit\phpunit\src\TextUI\TestRunner.php(64): PHPUnit\Framework\TestSuite->run()
#87 C:\xampp\htdocs\site_iuhm\vendor\phpunit\phpunit\src\TextUI\Application.php(229): PHPUnit\TextUI\TestRunner->run(Object(PHPUnit\TextUI\Configuration\Configuration), Object(PHPUnit\Runner\ResultCache\DefaultResultCache), Object(PHPUnit\Framework\TestSuite))
#88 C:\xampp\htdocs\site_iuhm\vendor\phpunit\phpunit\phpunit(104): PHPUnit\TextUI\Application->run(Array)
#89 {main}

----------------------------------------------------------------------------------

Undefined variable $navigationPages (View: C:\xampp\htdocs\site_iuhm\resources\views\partials\header.blade.php) (View: C:\xampp\htdocs\site_iuhm\resources\views\partials\header.blade.php) (View: C:\xampp\htdocs\site_iuhm\resources\views\partials\header.blade.php)[39;22m

  at [32mtests\Feature\Teams\TeamTest.php[39m:[32m75[39m
     71Ôûò         $response = $this
     72Ôûò             ->actingAs($user)
     73Ôûò             ->get(route('teams.edit', $team));
     74Ôûò 
  Ô×£  75Ôûò         $response->assertOk();
     76Ôûò     }
     77Ôûò 
     78Ôûò     public function test_teams_can_be_updated_by_owners(): void
     79Ôûò     {


  [90mTests:[39m    [31;1m13 failed[39;22m[90m,[39m[39m [39m[32;1m46 passed[39;22m[90m (128 assertions)[39m
  [90mDuration:[39m [39m75.64s[39m

